package org.fenixsoft.jvm.chapter3;

public class TestBlockingThread {
    static Thread t1 = new Thread(() -> {
        while (true) {
            long start = System.currentTimeMillis();
            try {
                Thread.sleep(1000L);
            } catch (InterruptedException e) {
                e.printStackTrace();
            }
            long cost = System.currentTimeMillis() - start;
            //按照正常情况,t1线程,大致上应是每隔1000毫秒左右,会输出一句话 我们使用 cost 来记录实际等待的时间
            //如果实际时间cost大于1010毫秒 我们就使用System.err输出,也就是红色字样的输出,否则则是正常输出
            (cost > 1010L ? System.err : System.out).printf("thread: %s, costs %d ms\n", Thread.currentThread().getName(), cost);
        }
    });

    static Thread t2 = new Thread(() -> {
        while (true) {

            //下面是一个counted loop,单次循环末尾不会被加入安全点,整个for循环期执行结束之前,都不会进入安全点
            //存在这样一种情况, 如果某次for循环才刚刚开始没多久, 因为内存过多而需要进行垃圾收集
            //而我们知道,垃圾收集刚开始的时候需要先获取所有根节点,而根节点的获取依赖所有线程抵达安全点
            //线程t1很简单,只需要隔1s就会进入安全点,之后,线程t1需要等到其他线程(t2)也进入到安全点
            //而t2此时才刚刚是for循环的刚开始,所以需要消耗大量时间走完剩下的循环次数,这也就是为什么有时候t1实际cost时间多达5s的原因
            //也就是gc发生时,要获取所有根节点,而想要获取根节点,就要所有线程抵达安全点,已经抵达的线程(t1)需要等待未抵达的线程(t2)到达安全点 然后才会继续垃圾收集的剩下内容
            for (int i = 1; i <= 1000000000; i++) {
                boolean b = 1.0 / i == 0;
            }

            try {
                Thread.sleep(10);
            } catch (InterruptedException e) {
                e.printStackTrace();
            }
        }
    });

    private static final int _50KB = 500 * 1024;

    //下面的代码在创建大量的对象, 一定会导致隔一段时间会出现垃圾收集
    static Thread t3 = new Thread(() -> {
        while (true) {
//            try {
//                Thread.sleep(1);
//            } catch (InterruptedException e) {
//                e.printStackTrace();
//            }
            byte[] bytes = new byte[_50KB];
            byte[] bytes2 = new byte[_50KB];
            byte[] bytes3 = new byte[_50KB];
            byte[] bytes4 = new byte[_50KB];
            byte[] bytes5 = new byte[_50KB];
            byte[] bytes6 = new byte[_50KB];
            byte[] bytes7 = new byte[_50KB];
            byte[] bytes8 = new byte[_50KB];
        }
    });

    public static void main(String[] args) throws InterruptedException {
        t1.setName("thread1");
        t2.setName("thread2");
        t3.setName("thread3");
        t1.start();
        //记录睡眠时间
        long start = System.currentTimeMillis();
        Thread.sleep(1500L);
        t2.start();
        t3.start();
        System.out.println("睡醒了, 一共睡了 : " + (System.currentTimeMillis() - start) + " 毫秒");
    }
}

/*
E:\src\jdk\openjdk\build\windows-x86_64-server-fastdebug\jdk\bin\java.exe -agentlib:jdwp=transport=dt_socket,address=127.0.0.1:51343,suspend=y,server=n -Xmx40M "-Xlog:gc*" -XX:+UseShenandoahGC -Xlog:safepoint+stats -XX:+SafepointTimeout -XX:SafepointTimeoutDelay=10 -javaagent:C:\Users\xufeng\AppData\Local\JetBrains\IntelliJIdea2021.3\captureAgent\debugger-agent.jar -Dfile.encoding=UTF-8 -classpath "E:\src\jdk\openjdk\build\windows-x86_64-server-fastdebug\jdk\modules\java.base;E:\src\jdk\openjdk\build\windows-x86_64-server-fastdebug\jdk\modules\java.compiler;E:\src\jdk\openjdk\build\windows-x86_64-server-fastdebug\jdk\modules\java.datatransfer;E:\src\jdk\openjdk\build\windows-x86_64-server-fastdebug\jdk\modules\java.desktop;E:\src\jdk\openjdk\build\windows-x86_64-server-fastdebug\jdk\modules\java.instrument;E:\src\jdk\openjdk\build\windows-x86_64-server-fastdebug\jdk\modules\java.logging;E:\src\jdk\openjdk\build\windows-x86_64-server-fastdebug\jdk\modules\java.management;E:\src\jdk\openjdk\build\windows-x86_64-server-fastdebug\jdk\modules\java.management.rmi;E:\src\jdk\openjdk\build\windows-x86_64-server-fastdebug\jdk\modules\java.naming;E:\src\jdk\openjdk\build\windows-x86_64-server-fastdebug\jdk\modules\java.net.http;E:\src\jdk\openjdk\build\windows-x86_64-server-fastdebug\jdk\modules\java.prefs;E:\src\jdk\openjdk\build\windows-x86_64-server-fastdebug\jdk\modules\java.rmi;E:\src\jdk\openjdk\build\windows-x86_64-server-fastdebug\jdk\modules\java.scripting;E:\src\jdk\openjdk\build\windows-x86_64-server-fastdebug\jdk\modules\java.se;E:\src\jdk\openjdk\build\windows-x86_64-server-fastdebug\jdk\modules\java.security.jgss;E:\src\jdk\openjdk\build\windows-x86_64-server-fastdebug\jdk\modules\java.security.sasl;E:\src\jdk\openjdk\build\windows-x86_64-server-fastdebug\jdk\modules\java.smartcardio;E:\src\jdk\openjdk\build\windows-x86_64-server-fastdebug\jdk\modules\java.sql;E:\src\jdk\openjdk\build\windows-x86_64-server-fastdebug\jdk\modules\java.sql.rowset;E:\src\jdk\openjdk\build\windows-x86_64-server-fastdebug\jdk\modules\java.transaction.xa;E:\src\jdk\openjdk\build\windows-x86_64-server-fastdebug\jdk\modules\java.xml;E:\src\jdk\openjdk\build\windows-x86_64-server-fastdebug\jdk\modules\java.xml.crypto;E:\src\jdk\openjdk\build\windows-x86_64-server-fastdebug\jdk\modules\jdk.accessibility;E:\src\jdk\openjdk\build\windows-x86_64-server-fastdebug\jdk\modules\jdk.attach;E:\src\jdk\openjdk\build\windows-x86_64-server-fastdebug\jdk\modules\jdk.charsets;E:\src\jdk\openjdk\build\windows-x86_64-server-fastdebug\jdk\modules\jdk.compiler;E:\src\jdk\openjdk\build\windows-x86_64-server-fastdebug\jdk\modules\jdk.crypto.cryptoki;E:\src\jdk\openjdk\build\windows-x86_64-server-fastdebug\jdk\modules\jdk.crypto.ec;E:\src\jdk\openjdk\build\windows-x86_64-server-fastdebug\jdk\modules\jdk.crypto.mscapi;E:\src\jdk\openjdk\build\windows-x86_64-server-fastdebug\jdk\modules\jdk.dynalink;E:\src\jdk\openjdk\build\windows-x86_64-server-fastdebug\jdk\modules\jdk.editpad;E:\src\jdk\openjdk\build\windows-x86_64-server-fastdebug\jdk\modules\jdk.hotspot.agent;E:\src\jdk\openjdk\build\windows-x86_64-server-fastdebug\jdk\modules\jdk.httpserver;E:\src\jdk\openjdk\build\windows-x86_64-server-fastdebug\jdk\modules\jdk.incubator.foreign;E:\src\jdk\openjdk\build\windows-x86_64-server-fastdebug\jdk\modules\jdk.incubator.vector;E:\src\jdk\openjdk\build\windows-x86_64-server-fastdebug\jdk\modules\jdk.internal.ed;E:\src\jdk\openjdk\build\windows-x86_64-server-fastdebug\jdk\modules\jdk.internal.jvmstat;E:\src\jdk\openjdk\build\windows-x86_64-server-fastdebug\jdk\modules\jdk.internal.le;E:\src\jdk\openjdk\build\windows-x86_64-server-fastdebug\jdk\modules\jdk.internal.opt;E:\src\jdk\openjdk\build\windows-x86_64-server-fastdebug\jdk\modules\jdk.internal.vm.ci;E:\src\jdk\openjdk\build\windows-x86_64-server-fastdebug\jdk\modules\jdk.internal.vm.compiler;E:\src\jdk\openjdk\build\windows-x86_64-server-fastdebug\jdk\modules\jdk.internal.vm.compiler.management;E:\src\jdk\openjdk\build\windows-x86_64-server-fastdebug\jdk\modules\jdk.jartool;E:\src\jdk\openjdk\build\windows-x86_64-server-fastdebug\jdk\modules\jdk.javadoc;E:\src\jdk\openjdk\build\windows-x86_64-server-fastdebug\jdk\modules\jdk.jcmd;E:\src\jdk\openjdk\build\windows-x86_64-server-fastdebug\jdk\modules\jdk.jconsole;E:\src\jdk\openjdk\build\windows-x86_64-server-fastdebug\jdk\modules\jdk.jdeps;E:\src\jdk\openjdk\build\windows-x86_64-server-fastdebug\jdk\modules\jdk.jdi;E:\src\jdk\openjdk\build\windows-x86_64-server-fastdebug\jdk\modules\jdk.jdwp.agent;E:\src\jdk\openjdk\build\windows-x86_64-server-fastdebug\jdk\modules\jdk.jfr;E:\src\jdk\openjdk\build\windows-x86_64-server-fastdebug\jdk\modules\jdk.jlink;E:\src\jdk\openjdk\build\windows-x86_64-server-fastdebug\jdk\modules\jdk.jpackage;E:\src\jdk\openjdk\build\windows-x86_64-server-fastdebug\jdk\modules\jdk.jshell;E:\src\jdk\openjdk\build\windows-x86_64-server-fastdebug\jdk\modules\jdk.jsobject;E:\src\jdk\openjdk\build\windows-x86_64-server-fastdebug\jdk\modules\jdk.jstatd;E:\src\jdk\openjdk\build\windows-x86_64-server-fastdebug\jdk\modules\jdk.localedata;E:\src\jdk\openjdk\build\windows-x86_64-server-fastdebug\jdk\modules\jdk.management;E:\src\jdk\openjdk\build\windows-x86_64-server-fastdebug\jdk\modules\jdk.management.agent;E:\src\jdk\openjdk\build\windows-x86_64-server-fastdebug\jdk\modules\jdk.management.jfr;E:\src\jdk\openjdk\build\windows-x86_64-server-fastdebug\jdk\modules\jdk.naming.dns;E:\src\jdk\openjdk\build\windows-x86_64-server-fastdebug\jdk\modules\jdk.naming.rmi;E:\src\jdk\openjdk\build\windows-x86_64-server-fastdebug\jdk\modules\jdk.net;E:\src\jdk\openjdk\build\windows-x86_64-server-fastdebug\jdk\modules\jdk.nio.mapmode;E:\src\jdk\openjdk\build\windows-x86_64-server-fastdebug\jdk\modules\jdk.random;E:\src\jdk\openjdk\build\windows-x86_64-server-fastdebug\jdk\modules\jdk.sctp;E:\src\jdk\openjdk\build\windows-x86_64-server-fastdebug\jdk\modules\jdk.security.auth;E:\src\jdk\openjdk\build\windows-x86_64-server-fastdebug\jdk\modules\jdk.security.jgss;E:\src\jdk\openjdk\build\windows-x86_64-server-fastdebug\jdk\modules\jdk.unsupported;E:\src\jdk\openjdk\build\windows-x86_64-server-fastdebug\jdk\modules\jdk.unsupported.desktop;E:\src\jdk\openjdk\build\windows-x86_64-server-fastdebug\jdk\modules\jdk.xml.dom;E:\src\jdk\openjdk\build\windows-x86_64-server-fastdebug\jdk\modules\jdk.zipfs;D:\project\out\production\jvm-book-3rd;E:\src\jvm-book-3rd\lib\asm-3.3.1.jar;E:\src\jvm-book-3rd\lib\cglib-2.2.2.jar;D:\Program Files\JetBrains\IntelliJ IDEA\lib\idea_rt.jar" org.fenixsoft.jvm.chapter3.TestBlockingThread
[0.004s][info][gc] Min heap equals to max heap, disabling ShenandoahUncommit
[0.022s][info][gc] Heuristics ergonomically sets -XX:+ExplicitGCInvokesConcurrent
[0.022s][info][gc] Heuristics ergonomically sets -XX:+ShenandoahImplicitGCInvokesConcurrent
[0.022s][info][gc] Using Shenandoah
[0.040s][info][gc,ergo] Pacer for Idle. Initial: 819K, Alloc Tax Rate: 1.0x
[0.041s][info][gc,init] Version: 17-internal+0-adhoc.xufeng.openjdk (fastdebug)
[0.041s][info][gc,init] CPUs: 6 total, 6 available
[0.041s][info][gc,init] Memory: 15741M
[0.041s][info][gc,init] Large Page Support: Disabled
[0.041s][info][gc,init] NUMA Support: Disabled
[0.041s][info][gc,init] Compressed Oops: Enabled (32-bit)
[0.041s][info][gc,init] Heap Min Capacity: 6656K
[0.041s][info][gc,init] Heap Initial Capacity: 40M
[0.041s][info][gc,init] Heap Max Capacity: 40M
[0.041s][info][gc,init] Pre-touch: Disabled
[0.041s][info][gc,init] Mode: Snapshot-At-The-Beginning (SATB)
[0.041s][info][gc,init] Heuristics: Adaptive
[0.041s][info][gc,init] Heap Region Count: 160
[0.041s][info][gc,init] Heap Region Size: 256K
[0.041s][info][gc,init] TLAB Size Max: 256K
[0.041s][info][gc,init] Humongous Object Threshold: 256K
[0.041s][info][gc,init] Parallel Workers: 3
[0.041s][info][gc,init] Concurrent Workers: 1
[0.041s][info][gc,metaspace] CDS archive(s) not mapped
[0.041s][info][gc,metaspace] Compressed class space mapped at: 0x0000000100000000-0x0000000140000000, reserved size: 1073741824
[0.041s][info][gc,metaspace] Narrow klass base: 0x0000000000000000, Narrow klass shift: 3, Narrow klass range: 0x140000000
[0.887s][info][safepoint,stats] VM Operation                 [ threads: total initial_running ][ time:       sync    cleanup       vmop      total ] page_trap_count
[0.887s][info][safepoint,stats] ChangeBreakpoints            [             15               2 ][          9699800     314600    2991500   13005900 ]               0
Connected to the target VM, address: '127.0.0.1:51343', transport: 'socket'
[0.915s][info][safepoint,stats] ChangeBreakpoints            [             15               0 ][            11500      30700     174600     216800 ]               0
[0.917s][info][safepoint,stats] ChangeBreakpoints            [             15               0 ][            10600      18100     160200     188900 ]               0
[1.922s][info][safepoint,stats] Cleanup                      [             17               0 ][            22600     162100      12300     197000 ]               0
thread: thread1, costs 1004 ms
睡醒了, 一共睡了 : 1505 毫秒
[2.742s][info][gc             ] Trigger: Learning 1 of 5. Free (28621K) is below initial threshold (28671K)
[2.742s][info][gc,ergo        ] Free: 28621K, Max: 256K regular, 28416K humongous, Frag: 0% external, 0% internal; Reserve: 2048K, Max: 256K
[2.742s][info][gc,start       ] GC(0) Concurrent reset
[2.742s][info][gc,task        ] GC(0) Using 1 of 3 workers for concurrent reset
[2.742s][info][gc,ergo        ] GC(0) Pacer for Reset. Non-Taxable: 40960K
[2.743s][info][gc             ] GC(0) Concurrent reset 1.191ms
[2.743s][info][gc,start       ] GC(0) Pause Init Mark (unload classes)
[2.743s][info][gc,task        ] GC(0) Using 3 of 3 workers for init marking
[2.744s][info][gc,ergo        ] GC(0) Pacer for Mark. Expected Live: 4096K, Free: 28621K, Non-Taxable: 2862K, Alloc Tax Rate: 0.2x
[2.744s][info][gc             ] GC(0) Pause Init Mark (unload classes) 0.373ms
[2.744s][info][safepoint,stats] ShenandoahInitMark           [             18               1 ][            44200      93800     438800     576800 ]               1
[2.744s][info][gc,start       ] GC(0) Concurrent marking roots
[2.744s][info][gc,task        ] GC(0) Using 1 of 3 workers for concurrent marking roots
[2.744s][info][gc             ] GC(0) Concurrent marking roots 0.807ms
[2.744s][info][gc,start       ] GC(0) Concurrent marking (unload classes)
[2.744s][info][gc,task        ] GC(0) Using 1 of 3 workers for concurrent marking
[2.758s][info][gc             ] GC(0) Concurrent marking (unload classes) 13.417ms
[2.758s][info][gc,start       ] GC(0) Pause Final Mark (unload classes)
[2.758s][info][gc,task        ] GC(0) Using 3 of 3 workers for final marking
[2.758s][info][gc,ergo        ] GC(0) Adaptive CSet Selection. Target Free: 5802K, Actual Free: 31970K, Max CSet: 1706K, Min Garbage: 0B
[2.758s][info][gc,ergo        ] GC(0) Collectable Garbage: 8732K (99%), Immediate: 1506K (17%), CSet: 7226K (82%)
[2.758s][info][gc,ergo        ] GC(0) Pacer for Evacuation. Used CSet: 8448K, Free: 29952K, Non-Taxable: 2995K, Alloc Tax Rate: 1.1x
[2.758s][info][gc             ] GC(0) Pause Final Mark (unload classes) 0.149ms
[2.758s][info][safepoint,stats] ShenandoahFinalMarkStartEvac [             18               1 ][            14900      43000     177900     235800 ]               1
[2.758s][info][gc,start       ] GC(0) Concurrent thread roots
[2.758s][info][gc,task        ] GC(0) Using 1 of 3 workers for Concurrent thread roots
[2.759s][info][gc             ] GC(0) Concurrent thread roots 0.299ms
[2.759s][info][gc,start       ] GC(0) Concurrent weak references
[2.759s][info][gc,task        ] GC(0) Using 1 of 3 workers for concurrent weak references
[2.759s][info][gc,ref         ] GC(0) Encountered references: Soft: 148, Weak: 414, Final: 0, Phantom: 48
[2.759s][info][gc,ref         ] GC(0) Discovered  references: Soft: 0, Weak: 286, Final: 0, Phantom: 48
[2.759s][info][gc,ref         ] GC(0) Enqueued    references: Soft: 0, Weak: 160, Final: 0, Phantom: 41
[2.759s][info][gc             ] GC(0) Concurrent weak references 0.276ms
[2.759s][info][gc,start       ] GC(0) Concurrent weak roots
[2.759s][info][gc,task        ] GC(0) Using 1 of 3 workers for concurrent weak root
[2.760s][info][gc             ] GC(0) Concurrent weak roots 1.094ms
[2.760s][info][gc,start       ] GC(0) Concurrent cleanup
[2.760s][info][gc             ] GC(0) Concurrent cleanup 10M->9M(40M) 0.118ms
[2.760s][info][gc,ergo        ] GC(0) Free: 29704K, Max: 256K regular, 28160K humongous, Frag: 6% external, 0% internal; Reserve: 1792K, Max: 256K
[2.760s][info][gc,start       ] GC(0) Concurrent class unloading
[2.760s][info][gc,task        ] GC(0) Using 1 of 3 workers for concurrent class unloading
[2.762s][info][gc             ] GC(0) Concurrent class unloading 1.915ms
[2.762s][info][gc,start       ] GC(0) Concurrent strong roots
[2.762s][info][gc,task        ] GC(0) Using 1 of 3 workers for concurrent strong root
[2.762s][info][gc             ] GC(0) Concurrent strong roots 0.295ms
[2.762s][info][gc,start       ] GC(0) Concurrent evacuation
[2.762s][info][gc,task        ] GC(0) Using 1 of 3 workers for concurrent evacuation
[2.762s][info][safepoint,stats] CleanClassLoaderDataMetaspaces [             18               1 ][            19800      56400     244600     320800 ]               1
[2.767s][info][gc             ] GC(0) Concurrent evacuation 4.880ms
[2.767s][info][gc,start       ] GC(0) Pause Init Update Refs
[2.767s][info][gc,ergo        ] GC(0) Pacer for Update Refs. Used: 10487K, Free: 29704K, Non-Taxable: 2970K, Alloc Tax Rate: 1.1x
[2.767s][info][gc             ] GC(0) Pause Init Update Refs 0.047ms
[2.767s][info][safepoint,stats] ShenandoahInitUpdateRefs     [             18               1 ][            50600      58100      87800     196500 ]               1
[2.767s][info][gc,start       ] GC(0) Concurrent update references
[2.768s][info][gc,task        ] GC(0) Using 1 of 3 workers for concurrent reference update
[2.777s][info][gc             ] GC(0) Concurrent update references 9.219ms
[2.777s][info][gc,start       ] GC(0) Concurrent update thread roots
[2.777s][info][gc             ] GC(0) Concurrent update thread roots 0.311ms
[2.777s][info][gc,start       ] GC(0) Pause Final Update Refs
[2.777s][info][gc,task        ] GC(0) Using 3 of 3 workers for final reference update
[2.777s][info][gc             ] GC(0) Pause Final Update Refs 0.062ms
[2.777s][info][safepoint,stats] ShenandoahFinalUpdateRefs    [             18               1 ][            25400      27200      91200     143800 ]               1
[2.777s][info][gc,start       ] GC(0) Concurrent cleanup
[2.778s][info][gc             ] GC(0) Concurrent cleanup 10M->1M(40M) 1.004ms
[2.778s][info][gc,ergo        ] Free: 36872K, Max: 256K regular, 26880K humongous, Frag: 28% external, 0% internal; Reserve: 2048K, Max: 256K
[2.778s][info][gc,stats       ]
[2.778s][info][gc,stats       ] All times are wall-clock times, except per-root-class counters, that are sum over
[2.778s][info][gc,stats       ] all workers. Dividing the <total> over the root stage time estimates parallelism.
[2.778s][info][gc,stats       ]
[2.778s][info][gc,stats       ] Concurrent Reset                   1228 us
[2.778s][info][gc,stats       ] Pause Init Mark (G)                 693 us
[2.778s][info][gc,stats       ] Pause Init Mark (N)                 389 us
[2.778s][info][gc,stats       ]   Update Region States                6 us
[2.778s][info][gc,stats       ] Concurrent Mark Roots               844 us, parallelism: 0.72x
[2.778s][info][gc,stats       ]   CMR: <total>                      609 us
[2.778s][info][gc,stats       ]   CMR: Thread Roots                 314 us, workers (us): 314, ---, ---,
[2.778s][info][gc,stats       ]   CMR: VM Strong Roots               31 us, workers (us):  31, ---, ---,
[2.779s][info][gc,stats       ]   CMR: CLDG Roots                   264 us, workers (us): 264, ---, ---,
[2.779s][info][gc,stats       ] Concurrent Marking                13432 us
[2.779s][info][gc,stats       ] Pause Final Mark (G)                286 us
[2.779s][info][gc,stats       ] Pause Final Mark (N)                155 us
[2.779s][info][gc,stats       ]   Finish Mark                        59 us
[2.779s][info][gc,stats       ]   Update Region States                3 us
[2.779s][info][gc,stats       ]   Choose Collection Set              35 us
[2.779s][info][gc,stats       ]   Rebuild Free Set                    4 us
[2.779s][info][gc,stats       ] Concurrent Thread Roots             312 us, parallelism: 0.74x
[2.779s][info][gc,stats       ]   CTR: <total>                      231 us
[2.779s][info][gc,stats       ]   CTR: Thread Roots                 231 us, workers (us): 231, ---, ---,
[2.779s][info][gc,stats       ] Concurrent Weak References          288 us, parallelism: 0.51x
[2.779s][info][gc,stats       ]   CWRF: <total>                     145 us
[2.779s][info][gc,stats       ]   CWRF: Weak References             145 us, workers (us): 145, ---, ---,
[2.779s][info][gc,stats       ] Concurrent Weak Roots              1107 us
[2.779s][info][gc,stats       ]   Roots                            1000 us, parallelism: 0.94x
[2.779s][info][gc,stats       ]     CWR: <total>                    936 us
[2.779s][info][gc,stats       ]     CWR: Code Cache Roots           119 us, workers (us): 119, ---, ---,
[2.779s][info][gc,stats       ]     CWR: VM Weak Roots              806 us, workers (us): 806, ---, ---,
[2.779s][info][gc,stats       ]     CWR: CLDG Roots                  11 us, workers (us):  11, ---, ---,
[2.779s][info][gc,stats       ]   Rendezvous                         71 us
[2.779s][info][gc,stats       ] Concurrent Cleanup                  126 us
[2.779s][info][gc,stats       ] Concurrent Class Unloading         1927 us
[2.779s][info][gc,stats       ]   Unlink Stale                     1735 us
[2.779s][info][gc,stats       ]     System Dictionary                17 us
[2.779s][info][gc,stats       ]     Weak Class Links                  0 us
[2.779s][info][gc,stats       ]     Code Roots                     1717 us
[2.779s][info][gc,stats       ]   Rendezvous                         98 us
[2.779s][info][gc,stats       ]   Purge Unlinked                     72 us
[2.779s][info][gc,stats       ]     Code Roots                       63 us
[2.779s][info][gc,stats       ]     CLDG                              8 us
[2.779s][info][gc,stats       ]     Exception Caches                  0 us
[2.779s][info][gc,stats       ] Concurrent Strong Roots             324 us, parallelism: 0.74x
[2.779s][info][gc,stats       ]   CSR: <total>                      240 us
[2.779s][info][gc,stats       ]   CSR: VM Strong Roots               23 us, workers (us):  23, ---, ---,
[2.779s][info][gc,stats       ]   CSR: CLDG Roots                   217 us, workers (us): 217, ---, ---,
[2.779s][info][gc,stats       ] Concurrent Evacuation              4929 us
[2.779s][info][gc,stats       ] Pause Init Update Refs (G)          252 us
[2.779s][info][gc,stats       ] Pause Init Update Refs (N)           52 us
[2.779s][info][gc,stats       ]   Manage GCLABs                      18 us
[2.779s][info][gc,stats       ] Concurrent Update Refs             9260 us
[2.779s][info][gc,stats       ] Concurrent Update Thread Roots      339 us
[2.779s][info][gc,stats       ] Pause Final Update Refs (G)         207 us
[2.779s][info][gc,stats       ] Pause Final Update Refs (N)          68 us
[2.779s][info][gc,stats       ]   Update Region States                3 us
[2.779s][info][gc,stats       ]   Trash Collection Set                3 us
[2.779s][info][gc,stats       ]   Rebuild Free Set                    4 us
[2.779s][info][gc,stats       ] Concurrent Cleanup                 1044 us
[2.779s][info][gc,stats       ]
[2.779s][info][gc,stats       ] Allocation pacing accrued:
[2.779s][info][gc,stats       ]       0 of  2738 ms (  0.0%): <total>
[2.779s][info][gc,stats       ]       0 of  2738 ms (  0.0%): <average total>
[2.779s][info][gc,stats       ]
[2.779s][info][gc,metaspace   ] Metaspace: 7960K(8128K)->7960K(8128K) NonClass: 7248K(7360K)->7248K(7360K) Class: 712K(768K)->712K(768K)
[2.779s][info][gc,ergo        ] Pacer for Idle. Initial: 819K, Alloc Tax Rate: 1.0x
thread: thread1, costs 1000 ms
[3.772s][info][gc             ] Trigger: Learning 2 of 5. Free (28630K) is below initial threshold (28671K)
[3.772s][info][gc,ergo        ] Free: 28630K, Max: 256K regular, 26880K humongous, Frag: 6% external, 1% internal; Reserve: 2048K, Max: 256K
[3.772s][info][gc,start       ] GC(1) Concurrent reset
[3.772s][info][gc,task        ] GC(1) Using 1 of 3 workers for concurrent reset
[3.772s][info][gc,ergo        ] GC(1) Pacer for Reset. Non-Taxable: 40960K
[3.772s][info][gc             ] GC(1) Concurrent reset 0.262ms
[3.772s][info][gc,start       ] GC(1) Pause Init Mark (unload classes)
[3.772s][info][gc,task        ] GC(1) Using 3 of 3 workers for init marking
[3.772s][info][gc,ergo        ] GC(1) Pacer for Mark. Expected Live: 1457K, Free: 28630K, Non-Taxable: 2863K, Alloc Tax Rate: 0.1x
[3.772s][info][gc             ] GC(1) Pause Init Mark (unload classes) 0.202ms
[3.772s][info][safepoint,stats] ShenandoahInitMark           [             18               1 ][            58600      39200     243800     341600 ]               1
[3.772s][info][gc,start       ] GC(1) Concurrent marking roots
[3.772s][info][gc,task        ] GC(1) Using 1 of 3 workers for concurrent marking roots
[3.773s][info][gc             ] GC(1) Concurrent marking roots 0.686ms
[3.773s][info][gc,start       ] GC(1) Concurrent marking (unload classes)
[3.773s][info][gc,task        ] GC(1) Using 1 of 3 workers for concurrent marking
[3.787s][info][gc             ] GC(1) Concurrent marking (unload classes) 14.161ms
[3.787s][info][gc,start       ] GC(1) Pause Final Mark (unload classes)
[3.787s][info][gc,task        ] GC(1) Using 3 of 3 workers for final marking
[3.787s][info][gc,ergo        ] GC(1) Collectable Garbage: 8511K (98%), Immediate: 8511K (98%), CSet: 0B (0%)
[3.788s][info][gc             ] GC(1) Pause Final Mark (unload classes) 0.162ms
[3.788s][info][safepoint,stats] ShenandoahFinalMarkStartEvac [             18               1 ][            15000      32200     217500     264700 ]               1
[3.788s][info][gc,start       ] GC(1) Concurrent weak references
[3.788s][info][gc,task        ] GC(1) Using 1 of 3 workers for concurrent weak references
[3.788s][info][gc,ref         ] GC(1) Encountered references: Soft: 148, Weak: 254, Final: 0, Phantom: 7
[3.788s][info][gc,ref         ] GC(1) Discovered  references: Soft: 0, Weak: 126, Final: 0, Phantom: 7
[3.788s][info][gc,ref         ] GC(1) Enqueued    references: Soft: 0, Weak: 0, Final: 0, Phantom: 0
[3.788s][info][gc             ] GC(1) Concurrent weak references 0.177ms
[3.788s][info][gc,start       ] GC(1) Concurrent weak roots
[3.788s][info][gc,task        ] GC(1) Using 1 of 3 workers for concurrent weak root
[3.788s][info][gc             ] GC(1) Concurrent weak roots 0.425ms
[3.788s][info][gc,start       ] GC(1) Concurrent cleanup
[3.789s][info][gc             ] GC(1) Concurrent cleanup 10M->1M(40M) 1.066ms
[3.789s][info][gc,ergo        ] GC(1) Free: 37120K, Max: 256K regular, 28928K humongous, Frag: 23% external, 0% internal; Reserve: 2048K, Max: 256K
[3.789s][info][gc,start       ] GC(1) Concurrent class unloading
[3.789s][info][gc,task        ] GC(1) Using 1 of 3 workers for concurrent class unloading
[3.792s][info][gc             ] GC(1) Concurrent class unloading 2.651ms
[3.792s][info][gc,start       ] GC(1) Pause Final Roots
[3.792s][info][gc             ] GC(1) Pause Final Roots 0.025ms
[3.792s][info][safepoint,stats] ShenandoahFinalRoots         [             18               1 ][            17800      24500      48800      91100 ]               1
[3.792s][info][gc,ergo        ] Free: 37120K, Max: 256K regular, 28928K humongous, Frag: 23% external, 0% internal; Reserve: 2048K, Max: 256K
[3.792s][info][gc,stats       ]
[3.792s][info][gc,stats       ] All times are wall-clock times, except per-root-class counters, that are sum over
[3.792s][info][gc,stats       ] all workers. Dividing the <total> over the root stage time estimates parallelism.
[3.792s][info][gc,stats       ]
[3.792s][info][gc,stats       ] Concurrent Reset                    277 us
[3.792s][info][gc,stats       ] Pause Init Mark (G)                 419 us
[3.792s][info][gc,stats       ] Pause Init Mark (N)                 211 us
[3.792s][info][gc,stats       ]   Update Region States                3 us
[3.792s][info][gc,stats       ] Concurrent Mark Roots               699 us, parallelism: 0.89x
[3.792s][info][gc,stats       ]   CMR: <total>                      619 us
[3.792s][info][gc,stats       ]   CMR: Thread Roots                 244 us, workers (us): 244, ---, ---,
[3.792s][info][gc,stats       ]   CMR: VM Strong Roots               39 us, workers (us):  39, ---, ---,
[3.792s][info][gc,stats       ]   CMR: CLDG Roots                   336 us, workers (us): 336, ---, ---,
[3.792s][info][gc,stats       ] Concurrent Marking                14214 us
[3.792s][info][gc,stats       ] Pause Final Mark (G)                333 us
[3.792s][info][gc,stats       ] Pause Final Mark (N)                169 us
[3.792s][info][gc,stats       ]   Finish Mark                        69 us
[3.792s][info][gc,stats       ]   Update Region States                3 us
[3.792s][info][gc,stats       ]   Choose Collection Set              44 us
[3.792s][info][gc,stats       ]   Rebuild Free Set                    5 us
[3.792s][info][gc,stats       ] Concurrent Weak References          188 us, parallelism: 0.12x
[3.792s][info][gc,stats       ]   CWRF: <total>                      22 us
[3.792s][info][gc,stats       ]   CWRF: Weak References              22 us, workers (us):  22, ---, ---,
[3.792s][info][gc,stats       ] Concurrent Weak Roots               459 us
[3.792s][info][gc,stats       ]   Roots                             338 us, parallelism: 0.76x
[3.792s][info][gc,stats       ]     CWR: <total>                    257 us
[3.792s][info][gc,stats       ]     CWR: Code Cache Roots           113 us, workers (us): 113, ---, ---,
[3.792s][info][gc,stats       ]     CWR: VM Weak Roots              136 us, workers (us): 136, ---, ---,
[3.792s][info][gc,stats       ]     CWR: CLDG Roots                   8 us, workers (us):   8, ---, ---,
[3.792s][info][gc,stats       ]   Rendezvous                         61 us
[3.792s][info][gc,stats       ] Concurrent Cleanup                 1098 us
[3.792s][info][gc,stats       ] Concurrent Class Unloading         2694 us
[3.792s][info][gc,stats       ]   Unlink Stale                     2451 us
[3.792s][info][gc,stats       ]     System Dictionary                15 us
[3.792s][info][gc,stats       ]     Weak Class Links                  0 us
[3.792s][info][gc,stats       ]     Code Roots                     2433 us
[3.792s][info][gc,stats       ]   Rendezvous                         95 us
[3.792s][info][gc,stats       ]   Purge Unlinked                     85 us
[3.792s][info][gc,stats       ]     Code Roots                       77 us
[3.792s][info][gc,stats       ]     CLDG                              7 us
[3.792s][info][gc,stats       ]     Exception Caches                  0 us
[3.792s][info][gc,stats       ] Pause Final Roots (G)               140 us
[3.792s][info][gc,stats       ] Pause Final Roots (N)                31 us
[3.792s][info][gc,stats       ]
[3.792s][info][gc,stats       ] Allocation pacing accrued:
[3.792s][info][gc,stats       ]       0 of  1014 ms (  0.0%): <total>
[3.792s][info][gc,stats       ]       0 of  1014 ms (  0.0%): <average total>
[3.792s][info][gc,stats       ]
[3.792s][info][gc,metaspace   ] Metaspace: 7960K(8128K)->7960K(8128K) NonClass: 7248K(7360K)->7248K(7360K) Class: 712K(768K)->712K(768K)
[3.792s][info][gc,ergo        ] Pacer for Idle. Initial: 819K, Alloc Tax Rate: 1.0x
thread: thread1, costs 1003 ms
[4.849s][info][gc             ] Trigger: Learning 3 of 5. Free (28621K) is below initial threshold (28671K)
[4.849s][info][gc,ergo        ] Free: 28621K, Max: 256K regular, 28416K humongous, Frag: 0% external, 0% internal; Reserve: 2048K, Max: 256K
[4.849s][info][gc,start       ] GC(2) Concurrent reset
[4.849s][info][gc,task        ] GC(2) Using 1 of 3 workers for concurrent reset
[4.849s][info][gc,ergo        ] GC(2) Pacer for Reset. Non-Taxable: 40960K
[4.850s][info][gc             ] GC(2) Concurrent reset 0.308ms
[4.850s][info][gc,start       ] GC(2) Pause Init Mark (unload classes)
[4.850s][info][gc,task        ] GC(2) Using 3 of 3 workers for init marking
[4.850s][info][gc,ergo        ] GC(2) Pacer for Mark. Expected Live: 1455K, Free: 28621K, Non-Taxable: 2862K, Alloc Tax Rate: 0.1x
[4.850s][info][gc             ] GC(2) Pause Init Mark (unload classes) 0.193ms
[4.850s][info][safepoint,stats] ShenandoahInitMark           [             18               1 ][            49700      43000     226200     318900 ]               1
[4.850s][info][gc,start       ] GC(2) Concurrent marking roots
[4.850s][info][gc,task        ] GC(2) Using 1 of 3 workers for concurrent marking roots
[4.851s][info][gc             ] GC(2) Concurrent marking roots 0.938ms
[4.851s][info][gc,start       ] GC(2) Concurrent marking (unload classes)
[4.851s][info][gc,task        ] GC(2) Using 1 of 3 workers for concurrent marking
[4.864s][info][gc             ] GC(2) Concurrent marking (unload classes) 13.338ms
[4.864s][info][gc,start       ] GC(2) Pause Final Mark (unload classes)
[4.864s][info][gc,task        ] GC(2) Using 3 of 3 workers for final marking
[4.865s][info][gc,ergo        ] GC(2) Collectable Garbage: 8532K (98%), Immediate: 8532K (98%), CSet: 0B (0%)
[4.865s][info][gc             ] GC(2) Pause Final Mark (unload classes) 0.130ms
[4.865s][info][safepoint,stats] ShenandoahFinalMarkStartEvac [             18               1 ][            15700      39700     162800     218200 ]               1
[4.865s][info][gc,start       ] GC(2) Concurrent weak references
[4.865s][info][gc,task        ] GC(2) Using 1 of 3 workers for concurrent weak references
[4.865s][info][gc,ref         ] GC(2) Encountered references: Soft: 148, Weak: 254, Final: 0, Phantom: 7
[4.865s][info][gc,ref         ] GC(2) Discovered  references: Soft: 0, Weak: 126, Final: 0, Phantom: 7
[4.865s][info][gc,ref         ] GC(2) Enqueued    references: Soft: 0, Weak: 0, Final: 0, Phantom: 0
[4.865s][info][gc             ] GC(2) Concurrent weak references 0.105ms
[4.865s][info][gc,start       ] GC(2) Concurrent weak roots
[4.865s][info][gc,task        ] GC(2) Using 1 of 3 workers for concurrent weak root
[4.865s][info][gc             ] GC(2) Concurrent weak roots 0.367ms
[4.865s][info][gc,start       ] GC(2) Concurrent cleanup
[4.866s][info][gc             ] GC(2) Concurrent cleanup 10M->1M(40M) 0.937ms
[4.866s][info][gc,ergo        ] GC(2) Free: 37120K, Max: 256K regular, 28416K humongous, Frag: 24% external, 0% internal; Reserve: 2048K, Max: 256K
[4.866s][info][gc,start       ] GC(2) Concurrent class unloading
[4.866s][info][gc,task        ] GC(2) Using 1 of 3 workers for concurrent class unloading
[4.869s][info][gc             ] GC(2) Concurrent class unloading 2.441ms
[4.869s][info][gc,start       ] GC(2) Pause Final Roots
[4.869s][info][gc             ] GC(2) Pause Final Roots 0.021ms
[4.869s][info][safepoint,stats] ShenandoahFinalRoots         [             18               1 ][            20000      42300      43800     106100 ]               1
[4.869s][info][gc,ergo        ] Free: 37120K, Max: 256K regular, 28416K humongous, Frag: 24% external, 0% internal; Reserve: 2048K, Max: 256K
[4.869s][info][gc,stats       ]
[4.869s][info][gc,stats       ] All times are wall-clock times, except per-root-class counters, that are sum over
[4.869s][info][gc,stats       ] all workers. Dividing the <total> over the root stage time estimates parallelism.
[4.869s][info][gc,stats       ]
[4.869s][info][gc,stats       ] Concurrent Reset                    333 us
[4.869s][info][gc,stats       ] Pause Init Mark (G)                 439 us
[4.869s][info][gc,stats       ] Pause Init Mark (N)                 201 us
[4.869s][info][gc,stats       ]   Update Region States                2 us
[4.869s][info][gc,stats       ] Concurrent Mark Roots               952 us, parallelism: 0.85x
[4.869s][info][gc,stats       ]   CMR: <total>                      808 us
[4.869s][info][gc,stats       ]   CMR: Thread Roots                 302 us, workers (us): 302, ---, ---,
[4.869s][info][gc,stats       ]   CMR: VM Strong Roots               43 us, workers (us):  43, ---, ---,
[4.869s][info][gc,stats       ]   CMR: CLDG Roots                   463 us, workers (us): 463, ---, ---,
[4.869s][info][gc,stats       ] Concurrent Marking                13367 us
[4.869s][info][gc,stats       ] Pause Final Mark (G)                265 us
[4.869s][info][gc,stats       ] Pause Final Mark (N)                135 us
[4.869s][info][gc,stats       ]   Finish Mark                        57 us
[4.869s][info][gc,stats       ]   Update Region States                4 us
[4.869s][info][gc,stats       ]   Choose Collection Set              36 us
[4.869s][info][gc,stats       ]   Rebuild Free Set                    4 us
[4.869s][info][gc,stats       ] Concurrent Weak References          110 us, parallelism: 0.21x
[4.869s][info][gc,stats       ]   CWRF: <total>                      23 us
[4.869s][info][gc,stats       ]   CWRF: Weak References              23 us, workers (us):  23, ---, ---,
[4.869s][info][gc,stats       ] Concurrent Weak Roots               379 us
[4.869s][info][gc,stats       ]   Roots                             307 us, parallelism: 0.87x
[4.869s][info][gc,stats       ]     CWR: <total>                    266 us
[4.869s][info][gc,stats       ]     CWR: Code Cache Roots           112 us, workers (us): 112, ---, ---,
[4.869s][info][gc,stats       ]     CWR: VM Weak Roots              142 us, workers (us): 142, ---, ---,
[4.869s][info][gc,stats       ]     CWR: CLDG Roots                  11 us, workers (us):  11, ---, ---,
[4.869s][info][gc,stats       ]   Rendezvous                         51 us
[4.869s][info][gc,stats       ] Concurrent Cleanup                  971 us
[4.869s][info][gc,stats       ] Concurrent Class Unloading         2459 us
[4.869s][info][gc,stats       ]   Unlink Stale                     2315 us
[4.869s][info][gc,stats       ]     System Dictionary                11 us
[4.869s][info][gc,stats       ]     Weak Class Links                  1 us
[4.869s][info][gc,stats       ]     Code Roots                     2301 us
[4.869s][info][gc,stats       ]   Rendezvous                         46 us
[4.869s][info][gc,stats       ]   Purge Unlinked                     62 us
[4.869s][info][gc,stats       ]     Code Roots                       57 us
[4.869s][info][gc,stats       ]     CLDG                              4 us
[4.869s][info][gc,stats       ]     Exception Caches                  0 us
[4.869s][info][gc,stats       ] Pause Final Roots (G)               169 us
[4.869s][info][gc,stats       ] Pause Final Roots (N)                27 us
[4.869s][info][gc,stats       ]
[4.869s][info][gc,stats       ] Allocation pacing accrued:
[4.869s][info][gc,stats       ]       0 of  1076 ms (  0.0%): <total>
[4.869s][info][gc,stats       ]       0 of  1076 ms (  0.0%): <average total>
[4.869s][info][gc,stats       ]
[4.869s][info][gc,metaspace   ] Metaspace: 7960K(8128K)->7960K(8128K) NonClass: 7248K(7360K)->7248K(7360K) Class: 712K(768K)->712K(768K)
[4.869s][info][gc,ergo        ] Pacer for Idle. Initial: 819K, Alloc Tax Rate: 1.0x
thread: thread1, costs 1001 ms
[5.798s][info][safepoint,stats] ChangeBreakpoints            [             18               1 ][            69600      58400      29500     157500 ]               1
[5.798s][info][safepoint,stats] ChangeBreakpoints            [             18               1 ][           140600      26300      29100     196000 ]               1
[5.798s][info][safepoint,stats] ChangeBreakpoints            [             18               1 ][           200300      22500      35100     257900 ]               1
Disconnected from the target VM, address: '127.0.0.1:51343', transport: 'socket'
[5.831s][info][gc             ] Cancelling GC: Stopping VM
[5.839s][info][gc,heap,exit   ] Heap
[5.839s][info][gc,heap,exit   ] Shenandoah Heap
[5.839s][info][gc,heap,exit   ]  40960K max, 40960K soft max, 40960K committed, 10130K used
[5.839s][info][gc,heap,exit   ]  160 x 256K regions
[5.839s][info][gc,heap,exit   ] Status: cancelled
[5.839s][info][gc,heap,exit   ] Reserved region:
[5.839s][info][gc,heap,exit   ]  - [0x00000000fd800000, 0x0000000100000000)
[5.839s][info][gc,heap,exit   ] Collection set:
[5.839s][info][gc,heap,exit   ]  - map (vanilla): 0x0000000000013f60
[5.839s][info][gc,heap,exit   ]  - map (biased):  0x0000000000010000
[5.839s][info][gc,heap,exit   ]
[5.839s][info][gc,heap,exit   ]  Metaspace       used 7962K, committed 8128K, reserved 1056768K
[5.839s][info][gc,heap,exit   ]   class space    used 713K, committed 768K, reserved 1048576K
[5.842s][info][gc,stats       ]
[5.842s][info][gc,stats       ] GC STATISTICS:
[5.842s][info][gc,stats       ]   "(G)" (gross) pauses include VM time: time to notify and block threads, do the pre-
[5.842s][info][gc,stats       ]         and post-safepoint housekeeping. Use -Xlog:safepoint+stats to dissect.
[5.842s][info][gc,stats       ]   "(N)" (net) pauses are the times spent in the actual GC code.
[5.842s][info][gc,stats       ]   "a" is average time for each phase, look at levels to see if average makes sense.
[5.842s][info][gc,stats       ]   "lvls" are quantiles: 0% (minimum), 25%, 50% (median), 75%, 100% (maximum).
[5.842s][info][gc,stats       ]
[5.842s][info][gc,stats       ]   All times are wall-clock times, except per-root-class counters, that are sum over
[5.842s][info][gc,stats       ]   all workers. Dividing the <total> over the root stage time estimates parallelism.
[5.842s][info][gc,stats       ]
[5.842s][info][gc,stats       ]   Pacing delays are measured from entering the pacing code till exiting it. Therefore,
[5.842s][info][gc,stats       ]   observed pacing delays may be higher than the threshold when paced thread spent more
[5.842s][info][gc,stats       ]   time in the pacing code. It usually happens when thread is de-scheduled while paced,
[5.842s][info][gc,stats       ]   OS takes longer to unblock the thread, or JVM experiences an STW pause.
[5.842s][info][gc,stats       ]
[5.842s][info][gc,stats       ]   Higher delay would prevent application outpacing the GC, but it will hide the GC latencies
[5.842s][info][gc,stats       ]   from the STW pause times. Pacing affects the individual threads, and so it would also be
[5.842s][info][gc,stats       ]   invisible to the usual profiling tools, but would add up to end-to-end application latency.
[5.842s][info][gc,stats       ]   Raise max pacing delay with care.
[5.842s][info][gc,stats       ]
[5.842s][info][gc,stats       ] Concurrent Reset               =    0.002 s (a =      612 us) (n =     3) (lvls, us =      275,      275,      275,      332,     1228)
[5.842s][info][gc,stats       ] Pause Init Mark (G)            =    0.002 s (a =      517 us) (n =     3) (lvls, us =      418,      418,      418,      439,      693)
[5.842s][info][gc,stats       ] Pause Init Mark (N)            =    0.001 s (a =      267 us) (n =     3) (lvls, us =      201,      201,      201,      211,      389)
[5.842s][info][gc,stats       ]   Update Region States         =    0.000 s (a =        4 us) (n =     3) (lvls, us =        2,        2,        2,        3,        6)
[5.842s][info][gc,stats       ] Concurrent Mark Roots          =    0.002 s (a =      831 us) (n =     3) (lvls, us =      697,      697,      697,      842,      952)
[5.842s][info][gc,stats       ]   CMR: <total>                 =    0.002 s (a =      678 us) (n =     3) (lvls, us =      607,      607,      607,      617,      808)
[5.842s][info][gc,stats       ]   CMR: Thread Roots            =    0.001 s (a =      287 us) (n =     3) (lvls, us =      242,      242,      242,      301,      314)
[5.842s][info][gc,stats       ]   CMR: VM Strong Roots         =    0.000 s (a =       38 us) (n =     3) (lvls, us =       30,       30,       30,       39,       43)
[5.842s][info][gc,stats       ]   CMR: CLDG Roots              =    0.001 s (a =      354 us) (n =     3) (lvls, us =      264,      264,      264,      334,      463)
[5.842s][info][gc,stats       ] Concurrent Marking             =    0.041 s (a =    13671 us) (n =     3) (lvls, us =    13281,    13281,    13281,    13281,    14214)
[5.842s][info][gc,stats       ] Pause Final Mark (G)           =    0.001 s (a =      294 us) (n =     3) (lvls, us =      264,      264,      264,      285,      333)
[5.842s][info][gc,stats       ] Pause Final Mark (N)           =    0.000 s (a =      153 us) (n =     3) (lvls, us =      135,      135,      135,      154,      169)
[5.842s][info][gc,stats       ]   Finish Mark                  =    0.000 s (a =       62 us) (n =     3) (lvls, us =       57,       57,       57,       59,       69)
[5.842s][info][gc,stats       ]   Update Region States         =    0.000 s (a =        3 us) (n =     3) (lvls, us =        3,        3,        3,        3,        4)
[5.842s][info][gc,stats       ]   Choose Collection Set        =    0.000 s (a =       38 us) (n =     3) (lvls, us =       35,       35,       35,       36,       44)
[5.842s][info][gc,stats       ]   Rebuild Free Set             =    0.000 s (a =        4 us) (n =     3) (lvls, us =        4,        4,        4,        4,        5)
[5.842s][info][gc,stats       ] Concurrent Thread Roots        =    0.000 s (a =      312 us) (n =     1) (lvls, us =      311,      311,      311,      311,      312)
[5.842s][info][gc,stats       ]   CTR: <total>                 =    0.000 s (a =      231 us) (n =     1) (lvls, us =      230,      230,      230,      230,      231)
[5.842s][info][gc,stats       ]   CTR: Thread Roots            =    0.000 s (a =      231 us) (n =     1) (lvls, us =      230,      230,      230,      230,      231)
[5.842s][info][gc,stats       ] Concurrent Weak References     =    0.001 s (a =      195 us) (n =     3) (lvls, us =      109,      109,      109,      188,      288)
[5.842s][info][gc,stats       ]   CWRF: <total>                =    0.000 s (a =       63 us) (n =     3) (lvls, us =       21,       21,       21,       23,      145)
[5.842s][info][gc,stats       ]   CWRF: Weak References        =    0.000 s (a =       63 us) (n =     3) (lvls, us =       21,       21,       21,       23,      145)
[5.842s][info][gc,stats       ] Concurrent Weak Roots          =    0.002 s (a =      648 us) (n =     3) (lvls, us =      377,      377,      377,      459,     1107)
[5.842s][info][gc,stats       ]   Roots                        =    0.002 s (a =      548 us) (n =     3) (lvls, us =      307,      307,      307,      338,     1000)
[5.842s][info][gc,stats       ]     CWR: <total>               =    0.001 s (a =      486 us) (n =     3) (lvls, us =      256,      256,      256,      264,      936)
[5.842s][info][gc,stats       ]     CWR: Code Cache Roots      =    0.000 s (a =      114 us) (n =     3) (lvls, us =      111,      111,      111,      111,      119)
[5.842s][info][gc,stats       ]     CWR: VM Weak Roots         =    0.001 s (a =      362 us) (n =     3) (lvls, us =      135,      135,      135,      141,      806)
[5.842s][info][gc,stats       ]     CWR: CLDG Roots            =    0.000 s (a =       10 us) (n =     3) (lvls, us =        8,        8,        8,       11,       11)
[5.842s][info][gc,stats       ]   Rendezvous                   =    0.000 s (a =       61 us) (n =     3) (lvls, us =       50,       50,       50,       61,       71)
[5.842s][info][gc,stats       ] Concurrent Cleanup             =    0.002 s (a =      731 us) (n =     3) (lvls, us =      125,      125,      125,      969,     1098)
[5.842s][info][gc,stats       ] Concurrent Class Unloading     =    0.007 s (a =     2360 us) (n =     3) (lvls, us =     1914,     1914,     1914,     2441,     2694)
[5.842s][info][gc,stats       ]   Unlink Stale                 =    0.007 s (a =     2167 us) (n =     3) (lvls, us =     1719,     1719,     1719,     2305,     2451)
[5.842s][info][gc,stats       ]     System Dictionary          =    0.000 s (a =       14 us) (n =     3) (lvls, us =       11,       11,       11,       15,       17)
[5.842s][info][gc,stats       ]     Weak Class Links           =    0.000 s (a =        0 us) (n =     3) (lvls, us =        0,        0,        0,        0,        1)
[5.842s][info][gc,stats       ]     Code Roots                 =    0.006 s (a =     2150 us) (n =     3) (lvls, us =     1699,     1699,     1699,     2285,     2433)
[5.842s][info][gc,stats       ]   Rendezvous                   =    0.000 s (a =       80 us) (n =     3) (lvls, us =       46,       46,       46,       95,       98)
[5.842s][info][gc,stats       ]   Purge Unlinked               =    0.000 s (a =       73 us) (n =     3) (lvls, us =       62,       62,       62,       72,       85)
[5.842s][info][gc,stats       ]     Code Roots                 =    0.000 s (a =       66 us) (n =     3) (lvls, us =       57,       57,       57,       63,       77)
[5.842s][info][gc,stats       ]     CLDG                       =    0.000 s (a =        6 us) (n =     3) (lvls, us =        4,        4,        4,        7,        8)
[5.842s][info][gc,stats       ]     Exception Caches           =    0.000 s (a =        0 us) (n =     3) (lvls, us =        0,        0,        0,        0,        0)
[5.842s][info][gc,stats       ] Concurrent Strong Roots        =    0.000 s (a =      324 us) (n =     1) (lvls, us =      322,      322,      322,      322,      324)
[5.842s][info][gc,stats       ]   CSR: <total>                 =    0.000 s (a =      240 us) (n =     1) (lvls, us =      238,      238,      238,      238,      240)
[5.842s][info][gc,stats       ]   CSR: VM Strong Roots         =    0.000 s (a =       23 us) (n =     1) (lvls, us =       22,       22,       22,       22,       23)
[5.842s][info][gc,stats       ]   CSR: CLDG Roots              =    0.000 s (a =      217 us) (n =     1) (lvls, us =      217,      217,      217,      217,      217)
[5.842s][info][gc,stats       ] Concurrent Evacuation          =    0.005 s (a =     4929 us) (n =     1) (lvls, us =     4922,     4922,     4922,     4922,     4929)
[5.842s][info][gc,stats       ] Pause Final Roots (G)          =    0.000 s (a =      154 us) (n =     2) (lvls, us =      139,      139,      139,      139,      169)
[5.842s][info][gc,stats       ] Pause Final Roots (N)          =    0.000 s (a =       29 us) (n =     2) (lvls, us =       27,       27,       27,       27,       31)
[5.842s][info][gc,stats       ] Pause Init Update Refs (G)     =    0.000 s (a =      252 us) (n =     1) (lvls, us =      250,      250,      250,      250,      252)
[5.842s][info][gc,stats       ] Pause Init Update Refs (N)     =    0.000 s (a =       52 us) (n =     1) (lvls, us =       52,       52,       52,       52,       52)
[5.842s][info][gc,stats       ]   Manage GCLABs                =    0.000 s (a =       18 us) (n =     1) (lvls, us =       18,       18,       18,       18,       18)
[5.842s][info][gc,stats       ] Concurrent Update Refs         =    0.009 s (a =     9260 us) (n =     1) (lvls, us =     9258,     9258,     9258,     9258,     9260)
[5.842s][info][gc,stats       ] Concurrent Update Thread Roots =    0.000 s (a =      339 us) (n =     1) (lvls, us =      338,      338,      338,      338,      339)
[5.842s][info][gc,stats       ] Pause Final Update Refs (G)    =    0.000 s (a =      207 us) (n =     1) (lvls, us =      205,      205,      205,      205,      207)
[5.842s][info][gc,stats       ] Pause Final Update Refs (N)    =    0.000 s (a =       68 us) (n =     1) (lvls, us =       68,       68,       68,       68,       68)
[5.842s][info][gc,stats       ]   Update Region States         =    0.000 s (a =        3 us) (n =     1) (lvls, us =        3,        3,        3,        3,        3)
[5.842s][info][gc,stats       ]   Trash Collection Set         =    0.000 s (a =        3 us) (n =     1) (lvls, us =        3,        3,        3,        3,        3)
[5.842s][info][gc,stats       ]   Rebuild Free Set             =    0.000 s (a =        4 us) (n =     1) (lvls, us =        4,        4,        4,        4,        4)
[5.842s][info][gc,stats       ] Concurrent Cleanup             =    0.001 s (a =     1044 us) (n =     1) (lvls, us =     1035,     1035,     1035,     1035,     1044)
[5.842s][info][gc,stats       ]
[5.842s][info][gc,stats       ]
[5.842s][info][gc,stats       ] Under allocation pressure, concurrent cycles may cancel, and either continue cycle
[5.842s][info][gc,stats       ] under stop-the-world pause or result in stop-the-world Full GC. Increase heap size,
[5.842s][info][gc,stats       ] tune GC heuristics, set more aggressive pacing delay, or lower allocation rate
[5.842s][info][gc,stats       ] to avoid Degenerated and Full GC cycles.
[5.842s][info][gc,stats       ]
[5.842s][info][gc,stats       ]     3 successful concurrent GCs
[5.842s][info][gc,stats       ]       0 invoked explicitly
[5.842s][info][gc,stats       ]       0 invoked implicitly
[5.842s][info][gc,stats       ]
[5.842s][info][gc,stats       ]     0 Degenerated GCs
[5.842s][info][gc,stats       ]       0 caused by allocation failure
[5.842s][info][gc,stats       ]       0 upgraded to Full GC
[5.842s][info][gc,stats       ]
[5.842s][info][gc,stats       ]     0 Full GCs
[5.842s][info][gc,stats       ]       0 invoked explicitly
[5.842s][info][gc,stats       ]       0 invoked implicitly
[5.842s][info][gc,stats       ]       0 caused by allocation failure
[5.842s][info][gc,stats       ]       0 upgraded from Degenerated GC
[5.842s][info][gc,stats       ]
[5.842s][info][gc,stats       ]
[5.844s][info][safepoint,stats] Cleanup                              1
[5.844s][info][safepoint,stats] ChangeBreakpoints                    6
[5.844s][info][safepoint,stats] ShenandoahInitMark                   3
[5.844s][info][safepoint,stats] ShenandoahFinalMarkStartEvac         3
[5.844s][info][safepoint,stats] ShenandoahInitUpdateRefs             1
[5.844s][info][safepoint,stats] ShenandoahFinalUpdateRefs            1
[5.844s][info][safepoint,stats] ShenandoahFinalRoots                 2
[5.844s][info][safepoint,stats] Exit                                 1
[5.844s][info][safepoint,stats] CleanClassLoaderDataMetaspaces         1
[5.844s][info][safepoint,stats] Maximum sync time  9699800 ns
[5.844s][info][safepoint,stats] Maximum vm operation time (except for Exit VM operation)  3306100 ns

Process finished with exit code 130

 */












/*
E:\src\jdk\openjdk\build\windows-x86_64-server-fastdebug\jdk\bin\java.exe -agentlib:jdwp=transport=dt_socket,address=127.0.0.1:56449,suspend=y,server=n -Xmx10M -Xlog:gc+stats -XX:+UseShenandoahGC -Xlog:safepoint+stats -XX:+SafepointTimeout -XX:SafepointTimeoutDelay=10 -javaagent:C:\Users\xufeng\AppData\Local\JetBrains\IntelliJIdea2021.3\captureAgent\debugger-agent.jar -Dfile.encoding=UTF-8 -classpath "E:\src\jdk\openjdk\build\windows-x86_64-server-fastdebug\jdk\modules\java.base;E:\src\jdk\openjdk\build\windows-x86_64-server-fastdebug\jdk\modules\java.compiler;E:\src\jdk\openjdk\build\windows-x86_64-server-fastdebug\jdk\modules\java.datatransfer;E:\src\jdk\openjdk\build\windows-x86_64-server-fastdebug\jdk\modules\java.desktop;E:\src\jdk\openjdk\build\windows-x86_64-server-fastdebug\jdk\modules\java.instrument;E:\src\jdk\openjdk\build\windows-x86_64-server-fastdebug\jdk\modules\java.logging;E:\src\jdk\openjdk\build\windows-x86_64-server-fastdebug\jdk\modules\java.management;E:\src\jdk\openjdk\build\windows-x86_64-server-fastdebug\jdk\modules\java.management.rmi;E:\src\jdk\openjdk\build\windows-x86_64-server-fastdebug\jdk\modules\java.naming;E:\src\jdk\openjdk\build\windows-x86_64-server-fastdebug\jdk\modules\java.net.http;E:\src\jdk\openjdk\build\windows-x86_64-server-fastdebug\jdk\modules\java.prefs;E:\src\jdk\openjdk\build\windows-x86_64-server-fastdebug\jdk\modules\java.rmi;E:\src\jdk\openjdk\build\windows-x86_64-server-fastdebug\jdk\modules\java.scripting;E:\src\jdk\openjdk\build\windows-x86_64-server-fastdebug\jdk\modules\java.se;E:\src\jdk\openjdk\build\windows-x86_64-server-fastdebug\jdk\modules\java.security.jgss;E:\src\jdk\openjdk\build\windows-x86_64-server-fastdebug\jdk\modules\java.security.sasl;E:\src\jdk\openjdk\build\windows-x86_64-server-fastdebug\jdk\modules\java.smartcardio;E:\src\jdk\openjdk\build\windows-x86_64-server-fastdebug\jdk\modules\java.sql;E:\src\jdk\openjdk\build\windows-x86_64-server-fastdebug\jdk\modules\java.sql.rowset;E:\src\jdk\openjdk\build\windows-x86_64-server-fastdebug\jdk\modules\java.transaction.xa;E:\src\jdk\openjdk\build\windows-x86_64-server-fastdebug\jdk\modules\java.xml;E:\src\jdk\openjdk\build\windows-x86_64-server-fastdebug\jdk\modules\java.xml.crypto;E:\src\jdk\openjdk\build\windows-x86_64-server-fastdebug\jdk\modules\jdk.accessibility;E:\src\jdk\openjdk\build\windows-x86_64-server-fastdebug\jdk\modules\jdk.attach;E:\src\jdk\openjdk\build\windows-x86_64-server-fastdebug\jdk\modules\jdk.charsets;E:\src\jdk\openjdk\build\windows-x86_64-server-fastdebug\jdk\modules\jdk.compiler;E:\src\jdk\openjdk\build\windows-x86_64-server-fastdebug\jdk\modules\jdk.crypto.cryptoki;E:\src\jdk\openjdk\build\windows-x86_64-server-fastdebug\jdk\modules\jdk.crypto.ec;E:\src\jdk\openjdk\build\windows-x86_64-server-fastdebug\jdk\modules\jdk.crypto.mscapi;E:\src\jdk\openjdk\build\windows-x86_64-server-fastdebug\jdk\modules\jdk.dynalink;E:\src\jdk\openjdk\build\windows-x86_64-server-fastdebug\jdk\modules\jdk.editpad;E:\src\jdk\openjdk\build\windows-x86_64-server-fastdebug\jdk\modules\jdk.hotspot.agent;E:\src\jdk\openjdk\build\windows-x86_64-server-fastdebug\jdk\modules\jdk.httpserver;E:\src\jdk\openjdk\build\windows-x86_64-server-fastdebug\jdk\modules\jdk.incubator.foreign;E:\src\jdk\openjdk\build\windows-x86_64-server-fastdebug\jdk\modules\jdk.incubator.vector;E:\src\jdk\openjdk\build\windows-x86_64-server-fastdebug\jdk\modules\jdk.internal.ed;E:\src\jdk\openjdk\build\windows-x86_64-server-fastdebug\jdk\modules\jdk.internal.jvmstat;E:\src\jdk\openjdk\build\windows-x86_64-server-fastdebug\jdk\modules\jdk.internal.le;E:\src\jdk\openjdk\build\windows-x86_64-server-fastdebug\jdk\modules\jdk.internal.opt;E:\src\jdk\openjdk\build\windows-x86_64-server-fastdebug\jdk\modules\jdk.internal.vm.ci;E:\src\jdk\openjdk\build\windows-x86_64-server-fastdebug\jdk\modules\jdk.internal.vm.compiler;E:\src\jdk\openjdk\build\windows-x86_64-server-fastdebug\jdk\modules\jdk.internal.vm.compiler.management;E:\src\jdk\openjdk\build\windows-x86_64-server-fastdebug\jdk\modules\jdk.jartool;E:\src\jdk\openjdk\build\windows-x86_64-server-fastdebug\jdk\modules\jdk.javadoc;E:\src\jdk\openjdk\build\windows-x86_64-server-fastdebug\jdk\modules\jdk.jcmd;E:\src\jdk\openjdk\build\windows-x86_64-server-fastdebug\jdk\modules\jdk.jconsole;E:\src\jdk\openjdk\build\windows-x86_64-server-fastdebug\jdk\modules\jdk.jdeps;E:\src\jdk\openjdk\build\windows-x86_64-server-fastdebug\jdk\modules\jdk.jdi;E:\src\jdk\openjdk\build\windows-x86_64-server-fastdebug\jdk\modules\jdk.jdwp.agent;E:\src\jdk\openjdk\build\windows-x86_64-server-fastdebug\jdk\modules\jdk.jfr;E:\src\jdk\openjdk\build\windows-x86_64-server-fastdebug\jdk\modules\jdk.jlink;E:\src\jdk\openjdk\build\windows-x86_64-server-fastdebug\jdk\modules\jdk.jpackage;E:\src\jdk\openjdk\build\windows-x86_64-server-fastdebug\jdk\modules\jdk.jshell;E:\src\jdk\openjdk\build\windows-x86_64-server-fastdebug\jdk\modules\jdk.jsobject;E:\src\jdk\openjdk\build\windows-x86_64-server-fastdebug\jdk\modules\jdk.jstatd;E:\src\jdk\openjdk\build\windows-x86_64-server-fastdebug\jdk\modules\jdk.localedata;E:\src\jdk\openjdk\build\windows-x86_64-server-fastdebug\jdk\modules\jdk.management;E:\src\jdk\openjdk\build\windows-x86_64-server-fastdebug\jdk\modules\jdk.management.agent;E:\src\jdk\openjdk\build\windows-x86_64-server-fastdebug\jdk\modules\jdk.management.jfr;E:\src\jdk\openjdk\build\windows-x86_64-server-fastdebug\jdk\modules\jdk.naming.dns;E:\src\jdk\openjdk\build\windows-x86_64-server-fastdebug\jdk\modules\jdk.naming.rmi;E:\src\jdk\openjdk\build\windows-x86_64-server-fastdebug\jdk\modules\jdk.net;E:\src\jdk\openjdk\build\windows-x86_64-server-fastdebug\jdk\modules\jdk.nio.mapmode;E:\src\jdk\openjdk\build\windows-x86_64-server-fastdebug\jdk\modules\jdk.random;E:\src\jdk\openjdk\build\windows-x86_64-server-fastdebug\jdk\modules\jdk.sctp;E:\src\jdk\openjdk\build\windows-x86_64-server-fastdebug\jdk\modules\jdk.security.auth;E:\src\jdk\openjdk\build\windows-x86_64-server-fastdebug\jdk\modules\jdk.security.jgss;E:\src\jdk\openjdk\build\windows-x86_64-server-fastdebug\jdk\modules\jdk.unsupported;E:\src\jdk\openjdk\build\windows-x86_64-server-fastdebug\jdk\modules\jdk.unsupported.desktop;E:\src\jdk\openjdk\build\windows-x86_64-server-fastdebug\jdk\modules\jdk.xml.dom;E:\src\jdk\openjdk\build\windows-x86_64-server-fastdebug\jdk\modules\jdk.zipfs;D:\project\out\production\jvm-book-3rd;E:\src\jvm-book-3rd\lib\asm-3.3.1.jar;E:\src\jvm-book-3rd\lib\cglib-2.2.2.jar;D:\Program Files\JetBrains\IntelliJ IDEA\lib\idea_rt.jar" org.fenixsoft.jvm.chapter3.TestBlockingThread
[0.786s][info][safepoint,stats] VM Operation                 [ threads: total initial_running ][ time:       sync    cleanup       vmop      total ] page_trap_count
[0.786s][info][safepoint,stats] ShenandoahInitMark           [             11               0 ][            10500      66400     301100     378000 ]               0
[0.793s][info][safepoint,stats] ShenandoahFinalMarkStartEvac [             11               0 ][             3500      11200     153900     168600 ]               0
[0.797s][info][safepoint,stats] CleanClassLoaderDataMetaspaces [             11               0 ][             7200      34100     112500     153800 ]               0
[0.799s][info][safepoint,stats] ShenandoahInitUpdateRefs     [             11               0 ][             8200      28300      34200      70700 ]               0
[0.816s][info][safepoint,stats] ShenandoahFinalUpdateRefs    [             11               2 ][           305100      15400    4997300    5317800 ]               0
[0.816s][info][gc,stats       ]
[0.816s][info][gc,stats       ] All times are wall-clock times, except per-root-class counters, that are sum over
[0.816s][info][gc,stats       ] all workers. Dividing the <total> over the root stage time estimates parallelism.
[0.816s][info][gc,stats       ]
[0.816s][info][gc,stats       ] Concurrent Reset                   1444 us
[0.816s][info][gc,stats       ] Pause Init Mark (G)                 592 us
[0.816s][info][gc,stats       ] Pause Init Mark (N)                 185 us
[0.816s][info][gc,stats       ]   Update Region States                3 us
[0.816s][info][gc,stats       ] Concurrent Mark Roots              1245 us, parallelism: 0.94x
[0.816s][info][gc,stats       ]   CMR: <total>                     1176 us
[0.816s][info][gc,stats       ]   CMR: Thread Roots                 925 us, workers (us): 925, ---, ---,
[0.816s][info][gc,stats       ]   CMR: VM Strong Roots               20 us, workers (us):  20, ---, ---,
[0.816s][info][gc,stats       ]   CMR: CLDG Roots                   231 us, workers (us): 231, ---, ---,
[0.816s][info][gc,stats       ] Concurrent Marking                 5329 us
[0.816s][info][gc,stats       ] Pause Final Mark (G)                313 us
[0.816s][info][gc,stats       ] Pause Final Mark (N)                103 us
[0.816s][info][gc,stats       ]   Finish Mark                        69 us
[0.816s][info][gc,stats       ]   Update Region States                2 us
[0.816s][info][gc,stats       ]   Choose Collection Set               6 us
[0.816s][info][gc,stats       ]   Rebuild Free Set                    4 us
[0.816s][info][gc,stats       ] Concurrent Thread Roots            1115 us, parallelism: 0.91x
[0.816s][info][gc,stats       ]   CTR: <total>                     1014 us
[0.816s][info][gc,stats       ]   CTR: Thread Roots                1014 us, workers (us): 1014, ---, ---,
[0.816s][info][gc,stats       ] Concurrent Weak References          144 us, parallelism: 0.79x
[0.816s][info][gc,stats       ]   CWRF: <total>                     115 us
[0.816s][info][gc,stats       ]   CWRF: Weak References             115 us, workers (us): 115, ---, ---,
[0.816s][info][gc,stats       ] Concurrent Weak Roots              1192 us
[0.816s][info][gc,stats       ]   Roots                             517 us, parallelism: 0.72x
[0.816s][info][gc,stats       ]     CWR: <total>                    372 us
[0.816s][info][gc,stats       ]     CWR: Code Cache Roots           189 us, workers (us): 189, ---, ---,
[0.816s][info][gc,stats       ]     CWR: VM Weak Roots              177 us, workers (us): 177, ---, ---,
[0.816s][info][gc,stats       ]     CWR: CLDG Roots                   6 us, workers (us):   6, ---, ---,
[0.816s][info][gc,stats       ]   Rendezvous                        661 us
[0.817s][info][gc,stats       ] Concurrent Cleanup                    8 us
[0.817s][info][gc,stats       ] Concurrent Class Unloading         1292 us
[0.817s][info][gc,stats       ]   Unlink Stale                     1153 us
[0.817s][info][gc,stats       ]     System Dictionary                27 us
[0.817s][info][gc,stats       ]     Weak Class Links                  0 us
[0.817s][info][gc,stats       ]     Code Roots                     1122 us
[0.817s][info][gc,stats       ]   Rendezvous                         82 us
[0.817s][info][gc,stats       ]   Purge Unlinked                     49 us
[0.817s][info][gc,stats       ]     Code Roots                       36 us
[0.817s][info][gc,stats       ]     CLDG                             12 us
[0.817s][info][gc,stats       ]     Exception Caches                  0 us
[0.817s][info][gc,stats       ] Concurrent Strong Roots             230 us, parallelism: 0.80x
[0.817s][info][gc,stats       ]   CSR: <total>                      185 us
[0.817s][info][gc,stats       ]   CSR: VM Strong Roots               27 us, workers (us):  27, ---, ---,
[0.817s][info][gc,stats       ]   CSR: CLDG Roots                   158 us, workers (us): 158, ---, ---,
[0.817s][info][gc,stats       ] Concurrent Evacuation              1580 us
[0.817s][info][gc,stats       ] Pause Init Update Refs (G)          136 us
[0.817s][info][gc,stats       ] Pause Init Update Refs (N)           26 us
[0.817s][info][gc,stats       ]   Manage GCLABs                      20 us
[0.817s][info][gc,stats       ] Concurrent Update Refs            10815 us
[0.817s][info][gc,stats       ] Concurrent Update Thread Roots      961 us
[0.817s][info][gc,stats       ] Pause Final Update Refs (G)        5583 us
[0.817s][info][gc,stats       ] Pause Final Update Refs (N)          42 us
[0.817s][info][gc,stats       ]   Update Region States                3 us
[0.817s][info][gc,stats       ]   Trash Collection Set                2 us
[0.817s][info][gc,stats       ]   Rebuild Free Set                    3 us
[0.817s][info][gc,stats       ] Concurrent Cleanup                  267 us
[0.817s][info][gc,stats       ] Pacing                           254938 us
[0.817s][info][gc,stats       ]
[0.817s][info][gc,stats       ] Allocation pacing accrued:
[0.817s][info][gc,stats       ]     235 of   792 ms ( 29.6%): main
[0.817s][info][gc,stats       ]      20 of   792 ms (  2.6%): Finalizer
[0.817s][info][gc,stats       ]     255 of   792 ms ( 32.2%): <total>
[0.817s][info][gc,stats       ]      23 of   792 ms (  2.9%): <average total>
[0.817s][info][gc,stats       ]     127 of   792 ms ( 16.1%): <average non-zero>
[0.817s][info][gc,stats       ]
[0.975s][info][safepoint,stats] ShenandoahInitMark           [             12               3 ][           246900      46200   19800900   20094000 ]               0
[1.019s][warning][safepoint      ]
[1.019s][warning][safepoint      ] # SafepointSynchronize::begin: Timeout detected:
[1.019s][warning][safepoint      ] # SafepointSynchronize::begin: Timed out while spinning to reach a safepoint.
[1.019s][warning][safepoint      ] # SafepointSynchronize::begin: Threads which did not reach the safepoint:
[1.019s][warning][safepoint      ] # "main" #1 prio=5 os_prio=0 cpu=671.88ms elapsed=1.00s tid=0x0000016b44275d70 nid=0x4c38 runnable  [0x0000004a17cfe000]
[1.019s][warning][safepoint      ]    java.lang.Thread.State: RUNNABLE
[1.019s][warning][safepoint      ] Thread: 0x0000016b44275d70  [0x4c38] State: _running _at_poll_safepoint 0
[1.019s][warning][safepoint      ]    JavaThread state: _thread_blocked
[1.019s][warning][safepoint      ]
[1.019s][warning][safepoint      ] # SafepointSynchronize::begin: (End of list)
[1.019s][warning][safepoint      ] # SafepointSynchronize: Finished after     15 ms
[1.027s][info   ][safepoint,stats] ShenandoahFinalMarkStartEvac [             12               1 ][         15373200     152900    7991700   23517800 ]               0
[1.038s][info   ][safepoint,stats] CleanClassLoaderDataMetaspaces [             12               1 ][            18000      67800     271600     357400 ]               0
[1.040s][info   ][safepoint,stats] ShenandoahInitUpdateRefs     [             12               1 ][           461300      23800      45100     530200 ]               0
[1.045s][info   ][safepoint,stats] ShenandoahFinalUpdateRefs    [             14               0 ][             4300      21700      57700      83700 ]               0
[1.045s][info   ][gc,stats       ]
[1.045s][info   ][gc,stats       ] All times are wall-clock times, except per-root-class counters, that are sum over
[1.045s][info   ][gc,stats       ] all workers. Dividing the <total> over the root stage time estimates parallelism.
[1.045s][info   ][gc,stats       ]
[1.045s][info   ][gc,stats       ] Concurrent Reset                    106 us
[1.045s][info   ][gc,stats       ] Pause Init Mark (G)               20246 us
[1.045s][info   ][gc,stats       ] Pause Init Mark (N)                  54 us
[1.045s][info   ][gc,stats       ]   Update Region States                1 us
[1.045s][info   ][gc,stats       ] Concurrent Mark Roots              4393 us, parallelism: 0.98x
[1.045s][info   ][gc,stats       ]   CMR: <total>                     4293 us
[1.045s][info   ][gc,stats       ]   CMR: Thread Roots                4090 us, workers (us): 4090, ---, ---,
[1.045s][info   ][gc,stats       ]   CMR: VM Strong Roots               18 us, workers (us):  18, ---, ---,
[1.045s][info   ][gc,stats       ]   CMR: CLDG Roots                   185 us, workers (us): 185, ---, ---,
[1.045s][info   ][gc,stats       ] Concurrent Marking                24093 us
[1.045s][info   ][gc,stats       ] Pause Final Mark (G)              23594 us
[1.045s][info   ][gc,stats       ] Pause Final Mark (N)                168 us
[1.045s][info   ][gc,stats       ]   Finish Mark                       139 us
[1.045s][info   ][gc,stats       ]   Update Region States                3 us
[1.045s][info   ][gc,stats       ]   Choose Collection Set               6 us
[1.045s][info   ][gc,stats       ]   Rebuild Free Set                    4 us
[1.045s][info   ][gc,stats       ] Concurrent Thread Roots             628 us, parallelism: 0.95x
[1.045s][info   ][gc,stats       ]   CTR: <total>                      598 us
[1.045s][info   ][gc,stats       ]   CTR: Thread Roots                 598 us, workers (us): 598, ---, ---,
[1.045s][info   ][gc,stats       ] Concurrent Weak References           87 us, parallelism: 0.63x
[1.045s][info   ][gc,stats       ]   CWRF: <total>                      55 us
[1.045s][info   ][gc,stats       ]   CWRF: Weak References              55 us, workers (us):  55, ---, ---,
[1.045s][info   ][gc,stats       ] Concurrent Weak Roots              7139 us
[1.045s][info   ][gc,stats       ]   Roots                             213 us, parallelism: 0.91x
[1.045s][info   ][gc,stats       ]     CWR: <total>                    193 us
[1.045s][info   ][gc,stats       ]     CWR: Code Cache Roots           105 us, workers (us): 105, ---, ---,
[1.045s][info   ][gc,stats       ]     CWR: VM Weak Roots               82 us, workers (us):  82, ---, ---,
[1.045s][info   ][gc,stats       ]     CWR: CLDG Roots                   6 us, workers (us):   6, ---, ---,
[1.045s][info   ][gc,stats       ]   Rendezvous                       6919 us
[1.045s][info   ][gc,stats       ] Concurrent Cleanup                    5 us
[1.045s][info   ][gc,stats       ] Concurrent Class Unloading         2356 us
[1.045s][info   ][gc,stats       ]   Unlink Stale                     2217 us
[1.045s][info   ][gc,stats       ]     System Dictionary                 9 us
[1.045s][info   ][gc,stats       ]     Weak Class Links                  0 us
[1.045s][info   ][gc,stats       ]     Code Roots                     2205 us
[1.045s][info   ][gc,stats       ]   Rendezvous                         81 us
[1.045s][info   ][gc,stats       ]   Purge Unlinked                     47 us
[1.045s][info   ][gc,stats       ]     Code Roots                       43 us
[1.045s][info   ][gc,stats       ]     CLDG                              4 us
[1.045s][info   ][gc,stats       ]     Exception Caches                  0 us
[1.045s][info   ][gc,stats       ] Concurrent Strong Roots             121 us, parallelism: 0.67x
[1.045s][info   ][gc,stats       ]   CSR: <total>                       81 us
[1.045s][info   ][gc,stats       ]   CSR: VM Strong Roots                7 us, workers (us):   7, ---, ---,
[1.045s][info   ][gc,stats       ]   CSR: CLDG Roots                    74 us, workers (us):  74, ---, ---,
[1.046s][info   ][gc,stats       ] Concurrent Evacuation              1711 us
[1.046s][info   ][gc,stats       ] Pause Init Update Refs (G)          598 us
[1.046s][info   ][gc,stats       ] Pause Init Update Refs (N)           25 us
[1.046s][info   ][gc,stats       ]   Manage GCLABs                      19 us
[1.046s][info   ][gc,stats       ] Concurrent Update Refs             4499 us
[1.046s][info   ][gc,stats       ] Concurrent Update Thread Roots      347 us
[1.046s][info   ][gc,stats       ] Pause Final Update Refs (G)         132 us
[1.046s][info   ][gc,stats       ] Pause Final Update Refs (N)          38 us
[1.046s][info   ][gc,stats       ]   Update Region States                3 us
[1.046s][info   ][gc,stats       ]   Trash Collection Set                2 us
[1.046s][info   ][gc,stats       ]   Rebuild Free Set                    3 us
[1.046s][info   ][gc,stats       ] Concurrent Cleanup                  246 us
[1.046s][info   ][gc,stats       ] Pacing                            22194 us
[1.046s][info   ][gc,stats       ]
[1.046s][info   ][gc,stats       ] Allocation pacing accrued:
[1.046s][info   ][gc,stats       ]      22 of   229 ms (  9.7%): main
[1.046s][info   ][gc,stats       ]      22 of   229 ms (  9.7%): <total>
[1.046s][info   ][gc,stats       ]       2 of   229 ms (  0.7%): <average total>
[1.046s][info   ][gc,stats       ]      22 of   229 ms (  9.7%): <average non-zero>
[1.046s][info   ][gc,stats       ]
[1.046s][info   ][safepoint,stats] ChangeBreakpoints            [             15               1 ][           112200      36800     201500     350500 ]               0
Connected to the target VM, address: '127.0.0.1:56449', transport: 'socket'
[1.066s][info   ][safepoint,stats] ChangeBreakpoints            [             15               0 ][            12300      22700     252300     287300 ]               0
[1.069s][info   ][safepoint,stats] ChangeBreakpoints            [             15               0 ][            14200      21800     260300     296300 ]               0
[2.080s][info   ][safepoint,stats] Cleanup                      [             17               0 ][            19500     133000      26400     178900 ]               0
[2.236s][info   ][safepoint,stats] ShenandoahInitMark           [             16               1 ][            58500      62100     155700     276300 ]               0
thread: thread1, costs [2.247s][info   ][safepoint,stats] ShenandoahFinalMarkStartEvac [             16               0 ][             4500      32100     174300     210900 ]               0
[2.251s][info   ][safepoint,stats] CleanClassLoaderDataMetaspaces [             16               1 ][           187400      49100      39600     276100 ]               0
[2.254s][info   ][safepoint,stats] ShenandoahInitUpdateRefs     [             16               1 ][           579300      42700      44200     666200 ]               0
[2.268s][info   ][safepoint,stats] ShenandoahFinalUpdateRefs    [             16               0 ][            10700      25800     118200     154700 ]               0
[2.268s][info   ][gc,stats       ]
[2.268s][info   ][gc,stats       ] All times are wall-clock times, except per-root-class counters, that are sum over
[2.268s][info   ][gc,stats       ] all workers. Dividing the <total> over the root stage time estimates parallelism.
[2.268s][info   ][gc,stats       ]
[2.268s][info   ][gc,stats       ] Concurrent Reset                     67 us
[2.268s][info   ][gc,stats       ] Pause Init Mark (G)                 334 us
[2.268s][info   ][gc,stats       ] Pause Init Mark (N)                 130 us
[2.268s][info   ][gc,stats       ]   Update Region States                1 us
[2.268s][info   ][gc,stats       ] Concurrent Mark Roots               964 us, parallelism: 0.94x
[2.268s][info   ][gc,stats       ]   CMR: <total>                      910 us
[2.268s][info   ][gc,stats       ]   CMR: Thread Roots                 464 us, workers (us): 464, ---, ---,
[2.268s][info   ][gc,stats       ]   CMR: VM Strong Roots               38 us, workers (us):  38, ---, ---,
[2.268s][info   ][gc,stats       ]   CMR: CLDG Roots                   408 us, workers (us): 408, ---, ---,
[2.268s][info   ][gc,stats       ] Concurrent Marking                 9180 us
[2.268s][info   ][gc,stats       ] Pause Final Mark (G)                285 us
[2.268s][info   ][gc,stats       ] Pause Final Mark (N)                149 us
[2.268s][info   ][gc,stats       ]   Finish Mark                       128 us
[2.268s][info   ][gc,stats       ]   Update Region States                2 us
[2.268s][info   ][gc,stats       ]   Choose Collection Set               5 us
[2.268s][info   ][gc,stats       ]   Rebuild Free Set                    3 us
[2.268s][info   ][gc,stats       ] Concurrent Thread Roots             485 us, parallelism: 0.91x
[2.268s][info   ][gc,stats       ]   CTR: <total>                      440 us
[2.268s][info   ][gc,stats       ]   CTR: Thread Roots                 440 us, workers (us): 440, ---, ---,
[2.268s][info   ][gc,stats       ] Concurrent Weak References           70 us, parallelism: 0.56x
[2.268s][info   ][gc,stats       ]   CWRF: <total>                      39 us
[2.268s][info   ][gc,stats       ]   CWRF: Weak References              39 us, workers (us):  39, ---, ---,
[2.268s][info   ][gc,stats       ] Concurrent Weak Roots              1377 us
[2.268s][info   ][gc,stats       ]   Roots                            1230 us, parallelism: 0.59x
[2.268s][info   ][gc,stats       ]     CWR: <total>                    722 us
[2.268s][info   ][gc,stats       ]     CWR: Code Cache Roots            12 us, workers (us):  12, ---, ---,
[2.268s][info   ][gc,stats       ]     CWR: VM Weak Roots              702 us, workers (us): 702, ---, ---,
[2.268s][info   ][gc,stats       ]     CWR: CLDG Roots                   8 us, workers (us):   8, ---, ---,
[2.268s][info   ][gc,stats       ]   Rendezvous                        142 us
[2.268s][info   ][gc,stats       ] Concurrent Cleanup                    3 us
[2.268s][info   ][gc,stats       ] Concurrent Class Unloading         2119 us
[2.268s][info   ][gc,stats       ]   Unlink Stale                     1586 us
[2.268s][info   ][gc,stats       ]     System Dictionary                 8 us
[2.268s][info   ][gc,stats       ]     Weak Class Links                  0 us
[2.268s][info   ][gc,stats       ]     Code Roots                     1577 us
[2.268s][info   ][gc,stats       ]   Rendezvous                        468 us
[2.268s][info   ][gc,stats       ]   Purge Unlinked                     60 us
[2.268s][info   ][gc,stats       ]     Code Roots                       53 us
[2.268s][info   ][gc,stats       ]     CLDG                              5 us
[2.268s][info   ][gc,stats       ]     Exception Caches                  0 us
[2.268s][info   ][gc,stats       ] Concurrent Strong Roots             136 us, parallelism: 0.60x
[2.268s][info   ][gc,stats       ]   CSR: <total>                       82 us
[2.269s][info   ][gc,stats       ]   CSR: VM Strong Roots               12 us, workers (us):  12, ---, ---,
[2.269s][info   ][gc,stats       ]   CSR: CLDG Roots                    71 us, workers (us):  71, ---, ---,
[2.269s][info   ][gc,stats       ] Concurrent Evacuation              1794 us
[2.269s][info   ][gc,stats       ] Pause Init Update Refs (G)          727 us
[2.269s][info   ][gc,stats       ] Pause Init Update Refs (N)           19 us
[2.269s][info   ][gc,stats       ]   Manage GCLABs                      11 us
[2.269s][info   ][gc,stats       ] Concurrent Update Refs             3894 us
[2.269s][info   ][gc,stats       ] Concurrent Update Thread Roots    10281 us
[2.269s][info   ][gc,stats       ] Pause Final Update Refs (G)         225 us
[2.269s][info   ][gc,stats       ] Pause Final Update Refs (N)          68 us
[2.269s][info   ][gc,stats       ]   Update Region States                3 us
[2.269s][info   ][gc,stats       ]   Trash Collection Set                3 us
[2.269s][info   ][gc,stats       ]   Rebuild Free Set                    4 us
[2.269s][info   ][gc,stats       ] Concurrent Cleanup                  182 us
[2.269s][info   ][gc,stats       ]
[2.269s][info   ][gc,stats       ] Allocation pacing accrued:
[2.269s][info   ][gc,stats       ]       0 of  1223 ms (  0.0%): <total>
[2.269s][info   ][gc,stats       ]       0 of  1223 ms (  0.0%): <average total>
[2.269s][info   ][gc,stats       ]
[2.378s][warning][safepoint      ]
[2.378s][warning][safepoint      ] # SafepointSynchronize::begin: Timeout detected:
[2.378s][warning][safepoint      ] # SafepointSynchronize::begin: Timed out while spinning to reach a safepoint.
[2.378s][warning][safepoint      ] # SafepointSynchronize::begin: Threads which did not reach the safepoint:
[2.379s][warning][safepoint      ] # "thread1" #17 prio=5 os_prio=0 cpu=156.25ms elapsed=1.20s tid=0x0000016b548f8d80 nid=0xb60 runnable  [0x0000004a192fd000]
[2.379s][warning][safepoint      ]    java.lang.Thread.State: RUNNABLE
[2.379s][warning][safepoint      ] Thread: 0x0000016b548f8d80  [0xb60] State: _running _at_poll_safepoint 0
[2.379s][warning][safepoint      ]    JavaThread state: _thread_blocked
[2.379s][warning][safepoint      ]
[2.379s][warning][safepoint      ] # SafepointSynchronize::begin: (End of list)
[2.379s][warning][safepoint      ] # SafepointSynchronize: Finished after     15 ms
[2.379s][info   ][safepoint,stats] ShenandoahInitMark           [             16               1 ][         15706000      65500     116400   15887900 ]               0
[2.409s][warning][safepoint      ]
[2.409s][warning][safepoint      ] # SafepointSynchronize::begin: Timeout detected:
[2.409s][warning][safepoint      ] # SafepointSynchronize::begin: Timed out while spinning to reach a safepoint.
[2.409s][warning][safepoint      ] # SafepointSynchronize::begin: Threads which did not reach the safepoint:
[2.409s][warning][safepoint      ] # "thread1" #17 prio=5 os_prio=0 cpu=171.88ms elapsed=1.23s tid=0x0000016b548f8d80 nid=0xb60 runnable  [0x0000004a192fd000]
[2.409s][warning][safepoint      ]    java.lang.Thread.State: RUNNABLE
[2.409s][warning][safepoint      ] Thread: 0x0000016b548f8d80  [0xb60] State: _running _at_poll_safepoint 0
[2.409s][warning][safepoint      ]    JavaThread state: _thread_blocked
[2.409s][warning][safepoint      ]
[2.409s][warning][safepoint      ] # SafepointSynchronize::begin: (End of list)
[2.409s][warning][safepoint      ] # SafepointSynchronize: Finished after     17 ms
[2.409s][info   ][safepoint,stats] ShenandoahFinalMarkStartEvac [             16               1 ][         17152500      36600     131200   17320300 ]               0
[2.416s][info   ][safepoint,stats] ShenandoahInitUpdateRefs     [             16               1 ][            30100      30400      57600     118100 ]               0
[2.422s][info   ][safepoint,stats] ShenandoahFinalUpdateRefs    [             16               1 ][           447900      97100     100100     645100 ]               0
[2.423s][info   ][gc,stats       ]
[2.423s][info   ][gc,stats       ] All times are wall-clock times, except per-root-class counters, that are sum over
[2.423s][info   ][gc,stats       ] all workers. Dividing the <total> over the root stage time estimates parallelism.
[2.423s][info   ][gc,stats       ]
[2.423s][info   ][gc,stats       ] Concurrent Reset                     96 us
[2.423s][info   ][gc,stats       ] Pause Init Mark (G)               15964 us
[2.423s][info   ][gc,stats       ] Pause Init Mark (N)                  68 us
[2.423s][info   ][gc,stats       ]   Update Region States                2 us
[2.423s][info   ][gc,stats       ] Concurrent Mark Roots              1753 us, parallelism: 0.96x
[2.423s][info   ][gc,stats       ]   CMR: <total>                     1674 us
[2.423s][info   ][gc,stats       ]   CMR: Thread Roots                1168 us, workers (us): 1168, ---, ---,
[2.423s][info   ][gc,stats       ]   CMR: VM Strong Roots               38 us, workers (us):  38, ---, ---,
[2.423s][info   ][gc,stats       ]   CMR: CLDG Roots                   468 us, workers (us): 468, ---, ---,
[2.423s][info   ][gc,stats       ] Concurrent Marking                11457 us
[2.423s][info   ][gc,stats       ] Pause Final Mark (G)              17401 us
[2.423s][info   ][gc,stats       ] Pause Final Mark (N)                 78 us
[2.423s][info   ][gc,stats       ]   Finish Mark                        48 us
[2.423s][info   ][gc,stats       ]   Update Region States                2 us
[2.423s][info   ][gc,stats       ]   Choose Collection Set               5 us
[2.423s][info   ][gc,stats       ]   Rebuild Free Set                    3 us
[2.423s][info   ][gc,stats       ] Concurrent Thread Roots            1757 us, parallelism: 0.98x
[2.423s][info   ][gc,stats       ]   CTR: <total>                     1718 us
[2.423s][info   ][gc,stats       ]   CTR: Thread Roots                1718 us, workers (us): 1718, ---, ---,
[2.423s][info   ][gc,stats       ] Concurrent Weak References           91 us, parallelism: 0.40x
[2.423s][info   ][gc,stats       ]   CWRF: <total>                      36 us
[2.423s][info   ][gc,stats       ]   CWRF: Weak References              36 us, workers (us):  36, ---, ---,
[2.423s][info   ][gc,stats       ] Concurrent Weak Roots              1065 us
[2.423s][info   ][gc,stats       ]   Roots                             323 us, parallelism: 0.84x
[2.423s][info   ][gc,stats       ]     CWR: <total>                    272 us
[2.423s][info   ][gc,stats       ]     CWR: Code Cache Roots            17 us, workers (us):  17, ---, ---,
[2.423s][info   ][gc,stats       ]     CWR: VM Weak Roots              247 us, workers (us): 247, ---, ---,
[2.423s][info   ][gc,stats       ]     CWR: CLDG Roots                   8 us, workers (us):   8, ---, ---,
[2.423s][info   ][gc,stats       ]   Rendezvous                        739 us
[2.423s][info   ][gc,stats       ] Concurrent Cleanup                    2 us
[2.423s][info   ][gc,stats       ] Concurrent Class Unloading         1929 us
[2.423s][info   ][gc,stats       ]   Unlink Stale                     1781 us
[2.423s][info   ][gc,stats       ]     System Dictionary                 5 us
[2.423s][info   ][gc,stats       ]     Weak Class Links                  0 us
[2.423s][info   ][gc,stats       ]     Code Roots                     1774 us
[2.423s][info   ][gc,stats       ]   Rendezvous                         61 us
[2.423s][info   ][gc,stats       ]   Purge Unlinked                     83 us
[2.423s][info   ][gc,stats       ]     Code Roots                       78 us
[2.423s][info   ][gc,stats       ]     CLDG                              4 us
[2.423s][info   ][gc,stats       ]     Exception Caches                  0 us
[2.423s][info   ][gc,stats       ] Concurrent Strong Roots             126 us, parallelism: 0.67x
[2.423s][info   ][gc,stats       ]   CSR: <total>                       85 us
[2.423s][info   ][gc,stats       ]   CSR: VM Strong Roots                8 us, workers (us):   8, ---, ---,
[2.423s][info   ][gc,stats       ]   CSR: CLDG Roots                    77 us, workers (us):  77, ---, ---,
[2.423s][info   ][gc,stats       ] Concurrent Evacuation              1151 us
[2.423s][info   ][gc,stats       ] Pause Init Update Refs (G)          267 us
[2.423s][info   ][gc,stats       ] Pause Init Update Refs (N)           29 us
[2.423s][info   ][gc,stats       ]   Manage GCLABs                      21 us
[2.423s][info   ][gc,stats       ] Concurrent Update Refs             4775 us
[2.423s][info   ][gc,stats       ] Concurrent Update Thread Roots     1012 us
[2.423s][info   ][gc,stats       ] Pause Final Update Refs (G)         740 us
[2.423s][info   ][gc,stats       ] Pause Final Update Refs (N)          68 us
[2.423s][info   ][gc,stats       ]   Update Region States                2 us
[2.423s][info   ][gc,stats       ]   Trash Collection Set                3 us
[2.423s][info   ][gc,stats       ]   Rebuild Free Set                    5 us
[2.423s][info   ][gc,stats       ] Concurrent Cleanup                  107 us
[2.423s][info   ][gc,stats       ]
[2.423s][info   ][gc,stats       ] Allocation pacing accrued:
[2.423s][info   ][gc,stats       ]       0 of   154 ms (  0.0%): <total>
[2.423s][info   ][gc,stats       ]       0 of   154 ms (  0.0%): <average total>
[2.423s][info   ][gc,stats       ]
1007 ms
[2.724s][info   ][safepoint,stats] ShenandoahInitMark           [             18               1 ][            51700     120600     118900     291200 ]               1
[2.738s][info   ][safepoint,stats] ShenandoahFinalMarkStartEvac [             18               1 ][            19600      49100     121300     190000 ]               1
[2.742s][info   ][safepoint,stats] CleanClassLoaderDataMetaspaces [             18               1 ][            16300      43700      85100     145100 ]               1
[2.744s][info   ][safepoint,stats] ShenandoahInitUpdateRefs     [             18               2 ][            40400      92500      77300     210200 ]               1
[2.750s][info   ][safepoint,stats] ShenandoahFinalUpdateRefs    [             18               2 ][            26000      40600      68600     135200 ]               2
[2.750s][info   ][gc,stats       ]
[2.750s][info   ][gc,stats       ] All times are wall-clock times, except per-root-class counters, that are sum over
[2.750s][info   ][gc,stats       ] all workers. Dividing the <total> over the root stage time estimates parallelism.
[2.750s][info   ][gc,stats       ]
[2.750s][info   ][gc,stats       ] Concurrent Reset                    296 us
[2.750s][info   ][gc,stats       ] Pause Init Mark (G)                 437 us
[2.750s][info   ][gc,stats       ] Pause Init Mark (N)                  62 us
[2.750s][info   ][gc,stats       ]   Update Region States                2 us
[2.750s][info   ][gc,stats       ] Concurrent Mark Roots              1279 us, parallelism: 0.94x
[2.750s][info   ][gc,stats       ]   CMR: <total>                     1203 us
[2.750s][info   ][gc,stats       ]   CMR: Thread Roots                 843 us, workers (us): 843, ---, ---,
[2.750s][info   ][gc,stats       ]   CMR: VM Strong Roots               41 us, workers (us):  41, ---, ---,
[2.750s][info   ][gc,stats       ]   CMR: CLDG Roots                   319 us, workers (us): 319, ---, ---,
[2.750s][info   ][gc,stats       ] Concurrent Marking                12590 us
[2.750s][info   ][gc,stats       ] Pause Final Mark (G)                278 us
[2.750s][info   ][gc,stats       ] Pause Final Mark (N)                 97 us
[2.750s][info   ][gc,stats       ]   Finish Mark                        55 us
[2.750s][info   ][gc,stats       ]   Update Region States                3 us
[2.750s][info   ][gc,stats       ]   Choose Collection Set              13 us
[2.750s][info   ][gc,stats       ]   Rebuild Free Set                    5 us
[2.750s][info   ][gc,stats       ] Concurrent Thread Roots            1028 us, parallelism: 0.94x
[2.750s][info   ][gc,stats       ]   CTR: <total>                      970 us
[2.750s][info   ][gc,stats       ]   CTR: Thread Roots                 970 us, workers (us): 970, ---, ---,
[2.750s][info   ][gc,stats       ] Concurrent Weak References           78 us, parallelism: 0.51x
[2.750s][info   ][gc,stats       ]   CWRF: <total>                      40 us
[2.750s][info   ][gc,stats       ]   CWRF: Weak References              40 us, workers (us):  40, ---, ---,
[2.750s][info   ][gc,stats       ] Concurrent Weak Roots               690 us
[2.750s][info   ][gc,stats       ]   Roots                             587 us, parallelism: 0.96x
[2.750s][info   ][gc,stats       ]     CWR: <total>                    565 us
[2.750s][info   ][gc,stats       ]     CWR: Code Cache Roots           166 us, workers (us): 166, ---, ---,
[2.750s][info   ][gc,stats       ]     CWR: VM Weak Roots              388 us, workers (us): 388, ---, ---,
[2.750s][info   ][gc,stats       ]     CWR: CLDG Roots                  10 us, workers (us):  10, ---, ---,
[2.750s][info   ][gc,stats       ]   Rendezvous                         98 us
[2.750s][info   ][gc,stats       ] Concurrent Cleanup                   50 us
[2.750s][info   ][gc,stats       ] Concurrent Class Unloading         2047 us
[2.750s][info   ][gc,stats       ]   Unlink Stale                     1903 us
[2.750s][info   ][gc,stats       ]     System Dictionary                 6 us
[2.750s][info   ][gc,stats       ]     Weak Class Links                  0 us
[2.750s][info   ][gc,stats       ]     Code Roots                     1895 us
[2.750s][info   ][gc,stats       ]   Rendezvous                         75 us
[2.750s][info   ][gc,stats       ]   Purge Unlinked                     64 us
[2.750s][info   ][gc,stats       ]     Code Roots                       60 us
[2.750s][info   ][gc,stats       ]     CLDG                              4 us
[2.750s][info   ][gc,stats       ]     Exception Caches                  0 us
[2.750s][info   ][gc,stats       ] Concurrent Strong Roots             147 us, parallelism: 0.65x
[2.750s][info   ][gc,stats       ]   CSR: <total>                       96 us
[2.750s][info   ][gc,stats       ]   CSR: VM Strong Roots               10 us, workers (us):  10, ---, ---,
[2.750s][info   ][gc,stats       ]   CSR: CLDG Roots                    86 us, workers (us):  86, ---, ---,
[2.750s][info   ][gc,stats       ] Concurrent Evacuation              1515 us
[2.750s][info   ][gc,stats       ] Pause Init Update Refs (G)          290 us
[2.750s][info   ][gc,stats       ] Pause Init Update Refs (N)           17 us
[2.750s][info   ][gc,stats       ]   Manage GCLABs                      11 us
[2.750s][info   ][gc,stats       ] Concurrent Update Refs             5320 us
[2.750s][info   ][gc,stats       ] Concurrent Update Thread Roots      591 us
[2.750s][info   ][gc,stats       ] Pause Final Update Refs (G)         209 us
[2.750s][info   ][gc,stats       ] Pause Final Update Refs (N)          39 us
[2.750s][info   ][gc,stats       ]   Update Region States                2 us
[2.750s][info   ][gc,stats       ]   Trash Collection Set                1 us
[2.750s][info   ][gc,stats       ]   Rebuild Free Set                    2 us
[2.750s][info   ][gc,stats       ] Concurrent Cleanup                  110 us
[2.750s][info   ][gc,stats       ] Pacing                            77180 us
[2.750s][info   ][gc,stats       ]
[2.750s][info   ][gc,stats       ] Allocation pacing accrued:
[2.750s][info   ][gc,stats       ]      19 of   328 ms (  5.7%): main
[2.750s][info   ][gc,stats       ]       7 of   328 ms (  2.2%): C1 CompilerThread0
[2.750s][info   ][gc,stats       ]      12 of   328 ms (  3.6%): thread2
[2.750s][info   ][gc,stats       ]      39 of   328 ms ( 12.0%): thread3
[2.750s][info   ][gc,stats       ]      77 of   328 ms ( 23.6%): <total>
[2.750s][info   ][gc,stats       ]       4 of   328 ms (  1.3%): <average total>
[2.750s][info   ][gc,stats       ]      19 of   328 ms (  5.9%): <average non-zero>
[2.750s][info   ][gc,stats       ]
睡醒了, 一共睡了 : 1511 毫秒
[2.799s][info   ][safepoint,stats] ShenandoahDegeneratedGC      [             18               2 ][           205700     154200   27310300   27670200 ]               1
[2.799s][info   ][gc,stats       ]
[2.799s][info   ][gc,stats       ] All times are wall-clock times, except per-root-class counters, that are sum over
[2.799s][info   ][gc,stats       ] all workers. Dividing the <total> over the root stage time estimates parallelism.
[2.799s][info   ][gc,stats       ]
[2.799s][info   ][gc,stats       ] Pause Degenerated GC (G)          27811 us
[2.799s][info   ][gc,stats       ] Pause Degenerated GC (N)          27247 us
[2.799s][info   ][gc,stats       ]   Degen STW Mark                   4593 us, parallelism: 2.95x
[2.799s][info   ][gc,stats       ]     DSM: <total>                  13564 us
[2.799s][info   ][gc,stats       ]     DSM: Thread Roots               428 us, workers (us): 161, 153, 115,
[2.799s][info   ][gc,stats       ]     DSM: VM Strong Roots             23 us, workers (us):  11,   1,  11,
[2.799s][info   ][gc,stats       ]     DSM: CLDG Roots                 251 us, workers (us):   1, 246,   4,
[2.799s][info   ][gc,stats       ]     DSM: Parallel Mark            12862 us, workers (us): 4364, 4133, 4365,
[2.799s][info   ][gc,stats       ]     System Purge                  16085 us
[2.799s][info   ][gc,stats       ]       Weak References                54 us, parallelism: 0.83x
[2.799s][info   ][gc,stats       ]         WRP: <total>                 45 us
[2.799s][info   ][gc,stats       ]         WRP: Weak References         45 us, workers (us):  45,   0,   0,
[2.799s][info   ][gc,stats       ]       Unload Classes              15395 us, parallelism: 0.30x
[2.799s][info   ][gc,stats       ]         DCU: <total>               4594 us
[2.799s][info   ][gc,stats       ]         DCU: Unload Code Caches     3718 us, workers (us): 1211, 1268, 1238,
[2.799s][info   ][gc,stats       ]         DCU: Unlink CLDs            876 us, workers (us): 315, 269, 292,
[2.799s][info   ][gc,stats       ]       Weak Roots                    444 us, parallelism: 1.42x
[2.799s][info   ][gc,stats       ]         DWR: <total>                629 us
[2.799s][info   ][gc,stats       ]         DWR: VM Weak Roots          629 us, workers (us): 416, 212,   1,
[2.799s][info   ][gc,stats       ]       CLDG                          164 us
[2.799s][info   ][gc,stats       ]   Update Region States                2 us
[2.799s][info   ][gc,stats       ]   Manage GC/TLABs                    11 us
[2.799s][info   ][gc,stats       ]   Choose Collection Set              34 us
[2.799s][info   ][gc,stats       ]   Rebuild Free Set                    3 us
[2.799s][info   ][gc,stats       ]   Evacuation                       2000 us
[2.799s][info   ][gc,stats       ]   Manage GCLABs                      13 us
[2.799s][info   ][gc,stats       ]   Update References                2523 us
[2.799s][info   ][gc,stats       ]   Update Region States                2 us
[2.799s][info   ][gc,stats       ]   Trash Collection Set                2 us
[2.799s][info   ][gc,stats       ]   Rebuild Free Set                    2 us
[2.799s][info   ][gc,stats       ]   Degen Update Roots                964 us, parallelism: 1.76x
[2.799s][info   ][gc,stats       ]     DU: <total>                    1695 us
[2.799s][info   ][gc,stats       ]     DU: Thread Roots                 68 us, workers (us):   2,  65,   2,
[2.799s][info   ][gc,stats       ]     DU: Code Cache Roots            937 us, workers (us): 426,  49, 462,
[2.799s][info   ][gc,stats       ]     DU: VM Strong Roots              17 us, workers (us):   8,   6,   4,
[2.799s][info   ][gc,stats       ]     DU: VM Weak Roots               591 us, workers (us): 201, 196, 194,
[2.799s][info   ][gc,stats       ]     DU: CLDG Roots                   82 us, workers (us):  10,  58,  14,
[2.799s][info   ][gc,stats       ]   Cleanup                           112 us
[2.799s][info   ][gc,stats       ] Pacing                             4124 us
[2.799s][info   ][gc,stats       ]
[2.799s][info   ][gc,stats       ] Allocation pacing accrued:
[2.799s][info   ][gc,stats       ]       4 of    49 ms (  8.4%): thread3
[2.799s][info   ][gc,stats       ]       4 of    49 ms (  8.4%): <total>
[2.799s][info   ][gc,stats       ]       0 of    49 ms (  0.5%): <average total>
[2.799s][info   ][gc,stats       ]       4 of    49 ms (  8.4%): <average non-zero>
[2.799s][info   ][gc,stats       ]
[2.882s][info   ][safepoint,stats] ShenandoahInitMark           [             18               1 ][            63000     107300     125600     295900 ]               1
[2.896s][info   ][safepoint,stats] VM Operation                 [ threads: total initial_running ][ time:       sync    cleanup       vmop      total ] page_trap_count
[2.896s][info   ][safepoint,stats] ShenandoahFinalMarkStartEvac [             18               1 ][            14700      56300     199700     270700 ]               1
[2.902s][info   ][safepoint,stats] ShenandoahInitUpdateRefs     [             18               1 ][            21700      48200      64900     134800 ]               1
[2.908s][info   ][safepoint,stats] ShenandoahFinalUpdateRefs    [             18               1 ][            24900      60100      68000     153000 ]               1
[2.908s][info   ][gc,stats       ]
[2.908s][info   ][gc,stats       ] All times are wall-clock times, except per-root-class counters, that are sum over
[2.908s][info   ][gc,stats       ] all workers. Dividing the <total> over the root stage time estimates parallelism.
[2.908s][info   ][gc,stats       ]
[2.908s][info   ][gc,stats       ] Concurrent Reset                    139 us
[2.908s][info   ][gc,stats       ] Pause Init Mark (G)                 484 us
[2.908s][info   ][gc,stats       ] Pause Init Mark (N)                  62 us
[2.908s][info   ][gc,stats       ]   Update Region States                2 us
[2.908s][info   ][gc,stats       ] Concurrent Mark Roots              1260 us, parallelism: 0.87x
[2.908s][info   ][gc,stats       ]   CMR: <total>                     1098 us
[2.908s][info   ][gc,stats       ]   CMR: Thread Roots                 453 us, workers (us): 453, ---, ---,
[2.908s][info   ][gc,stats       ]   CMR: VM Strong Roots               58 us, workers (us):  58, ---, ---,
[2.908s][info   ][gc,stats       ]   CMR: CLDG Roots                   587 us, workers (us): 587, ---, ---,
[2.908s][info   ][gc,stats       ] Concurrent Marking                12156 us
[2.908s][info   ][gc,stats       ] Pause Final Mark (G)                388 us
[2.908s][info   ][gc,stats       ] Pause Final Mark (N)                171 us
[2.909s][info   ][gc,stats       ]   Finish Mark                       117 us
[2.909s][info   ][gc,stats       ]   Update Region States                3 us
[2.909s][info   ][gc,stats       ]   Choose Collection Set              25 us
[2.909s][info   ][gc,stats       ]   Rebuild Free Set                    4 us
[2.909s][info   ][gc,stats       ] Concurrent Thread Roots             534 us, parallelism: 0.82x
[2.909s][info   ][gc,stats       ]   CTR: <total>                      436 us
[2.909s][info   ][gc,stats       ]   CTR: Thread Roots                 436 us, workers (us): 436, ---, ---,
[2.909s][info   ][gc,stats       ] Concurrent Weak References          102 us, parallelism: 0.26x
[2.909s][info   ][gc,stats       ]   CWRF: <total>                      26 us
[2.909s][info   ][gc,stats       ]   CWRF: Weak References              26 us, workers (us):  26, ---, ---,
[2.909s][info   ][gc,stats       ] Concurrent Weak Roots               839 us
[2.909s][info   ][gc,stats       ]   Roots                             571 us, parallelism: 0.84x
[2.909s][info   ][gc,stats       ]     CWR: <total>                    482 us
[2.909s][info   ][gc,stats       ]     CWR: Code Cache Roots           121 us, workers (us): 121, ---, ---,
[2.909s][info   ][gc,stats       ]     CWR: VM Weak Roots              351 us, workers (us): 351, ---, ---,
[2.909s][info   ][gc,stats       ]     CWR: CLDG Roots                   9 us, workers (us):   9, ---, ---,
[2.909s][info   ][gc,stats       ]   Rendezvous                        262 us
[2.909s][info   ][gc,stats       ] Concurrent Cleanup                  404 us
[2.909s][info   ][gc,stats       ] Concurrent Class Unloading         2274 us
[2.909s][info   ][gc,stats       ]   Unlink Stale                     2097 us
[2.909s][info   ][gc,stats       ]     System Dictionary                17 us
[2.909s][info   ][gc,stats       ]     Weak Class Links                  0 us
[2.909s][info   ][gc,stats       ]     Code Roots                     2077 us
[2.909s][info   ][gc,stats       ]   Rendezvous                         89 us
[2.909s][info   ][gc,stats       ]   Purge Unlinked                     79 us
[2.909s][info   ][gc,stats       ]     Code Roots                       71 us
[2.909s][info   ][gc,stats       ]     CLDG                              7 us
[2.909s][info   ][gc,stats       ]     Exception Caches                  0 us
[2.909s][info   ][gc,stats       ] Concurrent Strong Roots             136 us, parallelism: 0.61x
[2.909s][info   ][gc,stats       ]   CSR: <total>                       83 us
[2.909s][info   ][gc,stats       ]   CSR: VM Strong Roots               14 us, workers (us):  14, ---, ---,
[2.909s][info   ][gc,stats       ]   CSR: CLDG Roots                    70 us, workers (us):  70, ---, ---,
[2.909s][info   ][gc,stats       ] Concurrent Evacuation              1501 us
[2.909s][info   ][gc,stats       ] Pause Init Update Refs (G)          255 us
[2.909s][info   ][gc,stats       ] Pause Init Update Refs (N)           23 us
[2.909s][info   ][gc,stats       ]   Manage GCLABs                      13 us
[2.909s][info   ][gc,stats       ] Concurrent Update Refs             5497 us
[2.909s][info   ][gc,stats       ] Concurrent Update Thread Roots      309 us
[2.909s][info   ][gc,stats       ] Pause Final Update Refs (G)         250 us
[2.909s][info   ][gc,stats       ] Pause Final Update Refs (N)          45 us
[2.909s][info   ][gc,stats       ]   Update Region States                2 us
[2.909s][info   ][gc,stats       ]   Trash Collection Set                1 us
[2.909s][info   ][gc,stats       ]   Rebuild Free Set                    2 us
[2.909s][info   ][gc,stats       ] Concurrent Cleanup                  101 us
[2.909s][info   ][gc,stats       ] Pacing                            84157 us
[2.909s][info   ][gc,stats       ]
[2.909s][info   ][gc,stats       ] Allocation pacing accrued:
[2.909s][info   ][gc,stats       ]      84 of   109 ms ( 76.9%): thread3
[2.909s][info   ][gc,stats       ]      84 of   109 ms ( 76.9%): <total>
[2.909s][info   ][gc,stats       ]       5 of   109 ms (  4.3%): <average total>
[2.909s][info   ][gc,stats       ]      84 of   109 ms ( 76.9%): <average non-zero>
[2.909s][info   ][gc,stats       ]
[2.962s][info   ][safepoint,stats] ShenandoahInitMark           [             18               1 ][            71200      35800      92600     199600 ]               1
[2.975s][info   ][safepoint,stats] ShenandoahFinalMarkStartEvac [             18               1 ][            26100      71200     209600     306900 ]               1
[2.980s][info   ][safepoint,stats] ShenandoahFinalRoots         [             18               1 ][            28700      48100      31700     108500 ]               1
[2.980s][info   ][gc,stats       ]
[2.980s][info   ][gc,stats       ] All times are wall-clock times, except per-root-class counters, that are sum over
[2.980s][info   ][gc,stats       ] all workers. Dividing the <total> over the root stage time estimates parallelism.
[2.980s][info   ][gc,stats       ]
[2.980s][info   ][gc,stats       ] Concurrent Reset                    135 us
[2.980s][info   ][gc,stats       ] Pause Init Mark (G)                 332 us
[2.980s][info   ][gc,stats       ] Pause Init Mark (N)                  61 us
[2.980s][info   ][gc,stats       ]   Update Region States                2 us
[2.980s][info   ][gc,stats       ] Concurrent Mark Roots               995 us, parallelism: 0.91x
[2.980s][info   ][gc,stats       ]   CMR: <total>                      904 us
[2.980s][info   ][gc,stats       ]   CMR: Thread Roots                 291 us, workers (us): 291, ---, ---,
[2.980s][info   ][gc,stats       ]   CMR: VM Strong Roots               49 us, workers (us):  49, ---, ---,
[2.980s][info   ][gc,stats       ]   CMR: CLDG Roots                   564 us, workers (us): 564, ---, ---,
[2.980s][info   ][gc,stats       ] Concurrent Marking                12131 us
[2.980s][info   ][gc,stats       ] Pause Final Mark (G)                415 us
[2.980s][info   ][gc,stats       ] Pause Final Mark (N)                178 us
[2.980s][info   ][gc,stats       ]   Finish Mark                        92 us
[2.980s][info   ][gc,stats       ]   Update Region States                2 us
[2.980s][info   ][gc,stats       ]   Choose Collection Set              58 us
[2.980s][info   ][gc,stats       ]   Rebuild Free Set                    5 us
[2.980s][info   ][gc,stats       ] Concurrent Weak References          126 us, parallelism: 0.34x
[2.980s][info   ][gc,stats       ]   CWRF: <total>                      42 us
[2.980s][info   ][gc,stats       ]   CWRF: Weak References              42 us, workers (us):  42, ---, ---,
[2.980s][info   ][gc,stats       ] Concurrent Weak Roots               668 us
[2.980s][info   ][gc,stats       ]   Roots                             550 us, parallelism: 0.84x
[2.980s][info   ][gc,stats       ]     CWR: <total>                    460 us
[2.980s][info   ][gc,stats       ]     CWR: Code Cache Roots           163 us, workers (us): 163, ---, ---,
[2.980s][info   ][gc,stats       ]     CWR: VM Weak Roots              286 us, workers (us): 286, ---, ---,
[2.980s][info   ][gc,stats       ]     CWR: CLDG Roots                  11 us, workers (us):  11, ---, ---,
[2.980s][info   ][gc,stats       ]   Rendezvous                        111 us
[2.980s][info   ][gc,stats       ] Concurrent Cleanup                  828 us
[2.980s][info   ][gc,stats       ] Concurrent Class Unloading         2476 us
[2.980s][info   ][gc,stats       ]   Unlink Stale                     2274 us
[2.980s][info   ][gc,stats       ]     System Dictionary                14 us
[2.980s][info   ][gc,stats       ]     Weak Class Links                  1 us
[2.980s][info   ][gc,stats       ]     Code Roots                     2255 us
[2.980s][info   ][gc,stats       ]   Rendezvous                        123 us
[2.980s][info   ][gc,stats       ]   Purge Unlinked                     71 us
[2.980s][info   ][gc,stats       ]     Code Roots                       66 us
[2.980s][info   ][gc,stats       ]     CLDG                              4 us
[2.980s][info   ][gc,stats       ]     Exception Caches                  0 us
[2.980s][info   ][gc,stats       ] Pause Final Roots (G)               200 us
[2.980s][info   ][gc,stats       ] Pause Final Roots (N)                 5 us
[2.980s][info   ][gc,stats       ] Pacing                            49785 us
[2.980s][info   ][gc,stats       ]
[2.980s][info   ][gc,stats       ] Allocation pacing accrued:
[2.980s][info   ][gc,stats       ]      50 of    71 ms ( 69.9%): thread3
[2.980s][info   ][gc,stats       ]      50 of    71 ms ( 69.9%): <total>
[2.980s][info   ][gc,stats       ]       3 of    71 ms (  3.9%): <average total>
[2.980s][info   ][gc,stats       ]      50 of    71 ms ( 69.9%): <average non-zero>
[2.980s][info   ][gc,stats       ]
[3.152s][info   ][safepoint,stats] ShenandoahInitMark           [             18               1 ][            66000      27800      65900     159700 ]               1
[3.165s][info   ][safepoint,stats] ShenandoahFinalMarkStartEvac [             18               1 ][            14800      33900     113000     161700 ]               1
[3.169s][info   ][safepoint,stats] ShenandoahFinalRoots         [             18               1 ][            15300      23500      23300      62100 ]               1
[3.169s][info   ][gc,stats       ]
[3.169s][info   ][gc,stats       ] All times are wall-clock times, except per-root-class counters, that are sum over
[3.169s][info   ][gc,stats       ] all workers. Dividing the <total> over the root stage time estimates parallelism.
[3.169s][info   ][gc,stats       ]
[3.169s][info   ][gc,stats       ] Concurrent Reset                     71 us
[3.169s][info   ][gc,stats       ] Pause Init Mark (G)                 259 us
[3.169s][info   ][gc,stats       ] Pause Init Mark (N)                  27 us
[3.169s][info   ][gc,stats       ]   Update Region States                1 us
[3.169s][info   ][gc,stats       ] Concurrent Mark Roots               514 us, parallelism: 0.95x
[3.169s][info   ][gc,stats       ]   CMR: <total>                      486 us
[3.169s][info   ][gc,stats       ]   CMR: Thread Roots                 233 us, workers (us): 233, ---, ---,
[3.169s][info   ][gc,stats       ]   CMR: VM Strong Roots               24 us, workers (us):  24, ---, ---,
[3.169s][info   ][gc,stats       ]   CMR: CLDG Roots                   229 us, workers (us): 229, ---, ---,
[3.169s][info   ][gc,stats       ] Concurrent Marking                12680 us
[3.169s][info   ][gc,stats       ] Pause Final Mark (G)                216 us
[3.169s][info   ][gc,stats       ] Pause Final Mark (N)                 97 us
[3.169s][info   ][gc,stats       ]   Finish Mark                        58 us
[3.169s][info   ][gc,stats       ]   Update Region States                2 us
[3.169s][info   ][gc,stats       ]   Choose Collection Set              22 us
[3.169s][info   ][gc,stats       ]   Rebuild Free Set                    3 us
[3.169s][info   ][gc,stats       ] Concurrent Weak References           51 us, parallelism: 0.39x
[3.169s][info   ][gc,stats       ]   CWRF: <total>                      20 us
[3.169s][info   ][gc,stats       ]   CWRF: Weak References              20 us, workers (us):  20, ---, ---,
[3.169s][info   ][gc,stats       ] Concurrent Weak Roots               374 us
[3.169s][info   ][gc,stats       ]   Roots                             312 us, parallelism: 0.88x
[3.169s][info   ][gc,stats       ]     CWR: <total>                    276 us
[3.169s][info   ][gc,stats       ]     CWR: Code Cache Roots           124 us, workers (us): 124, ---, ---,
[3.169s][info   ][gc,stats       ]     CWR: VM Weak Roots              144 us, workers (us): 144, ---, ---,
[3.169s][info   ][gc,stats       ]     CWR: CLDG Roots                   8 us, workers (us):   8, ---, ---,
[3.169s][info   ][gc,stats       ]   Rendezvous                         57 us
[3.169s][info   ][gc,stats       ] Concurrent Cleanup                  502 us
[3.169s][info   ][gc,stats       ] Concurrent Class Unloading         2494 us
[3.169s][info   ][gc,stats       ]   Unlink Stale                     2308 us
[3.169s][info   ][gc,stats       ]     System Dictionary                13 us
[3.169s][info   ][gc,stats       ]     Weak Class Links                  0 us
[3.169s][info   ][gc,stats       ]     Code Roots                     2291 us
[3.169s][info   ][gc,stats       ]   Rendezvous                         99 us
[3.169s][info   ][gc,stats       ]   Purge Unlinked                     77 us
[3.169s][info   ][gc,stats       ]     Code Roots                       74 us
[3.169s][info   ][gc,stats       ]     CLDG                              3 us
[3.169s][info   ][gc,stats       ]     Exception Caches                  0 us
[3.169s][info   ][gc,stats       ] Pause Final Roots (G)               116 us
[3.169s][info   ][gc,stats       ] Pause Final Roots (N)                 5 us
[3.169s][info   ][gc,stats       ] Pacing                           166097 us
[3.169s][info   ][gc,stats       ]
[3.169s][info   ][gc,stats       ] Allocation pacing accrued:
[3.169s][info   ][gc,stats       ]     166 of   189 ms ( 88.0%): thread3
[3.169s][info   ][gc,stats       ]     166 of   189 ms ( 88.0%): <total>
[3.169s][info   ][gc,stats       ]       9 of   189 ms (  4.9%): <average total>
[3.169s][info   ][gc,stats       ]     166 of   189 ms ( 88.0%): <average non-zero>
[3.169s][info   ][gc,stats       ]
[3.248s][info   ][safepoint,stats] ShenandoahInitMark           [             18               2 ][            79500      15900      76700     172100 ]               1
[3.261s][info   ][safepoint,stats] ShenandoahFinalMarkStartEvac [             18               1 ][            22300      44500     118600     185400 ]               1
[3.266s][info   ][safepoint,stats] ShenandoahFinalRoots         [             18               1 ][            26500      55500      53700     135700 ]               1
[3.266s][info   ][gc,stats       ]
[3.266s][info   ][gc,stats       ] All times are wall-clock times, except per-root-class counters, that are sum over
[3.266s][info   ][gc,stats       ] all workers. Dividing the <total> over the root stage time estimates parallelism.
[3.266s][info   ][gc,stats       ]
[3.266s][info   ][gc,stats       ] Concurrent Reset                     90 us
[3.266s][info   ][gc,stats       ] Pause Init Mark (G)                 266 us
[3.266s][info   ][gc,stats       ] Pause Init Mark (N)                  43 us
[3.266s][info   ][gc,stats       ]   Update Region States                2 us
[3.266s][info   ][gc,stats       ] Concurrent Mark Roots              1082 us, parallelism: 0.92x
[3.266s][info   ][gc,stats       ]   CMR: <total>                     1000 us
[3.266s][info   ][gc,stats       ]   CMR: Thread Roots                 414 us, workers (us): 414, ---, ---,
[3.266s][info   ][gc,stats       ]   CMR: VM Strong Roots               45 us, workers (us):  45, ---, ---,
[3.266s][info   ][gc,stats       ]   CMR: CLDG Roots                   541 us, workers (us): 541, ---, ---,
[3.266s][info   ][gc,stats       ] Concurrent Marking                12499 us
[3.266s][info   ][gc,stats       ] Pause Final Mark (G)                264 us
[3.266s][info   ][gc,stats       ] Pause Final Mark (N)                 93 us
[3.266s][info   ][gc,stats       ]   Finish Mark                        49 us
[3.266s][info   ][gc,stats       ]   Update Region States                2 us
[3.266s][info   ][gc,stats       ]   Choose Collection Set              26 us
[3.266s][info   ][gc,stats       ]   Rebuild Free Set                    3 us
[3.266s][info   ][gc,stats       ] Concurrent Weak References           61 us, parallelism: 0.38x
[3.266s][info   ][gc,stats       ]   CWRF: <total>                      23 us
[3.266s][info   ][gc,stats       ]   CWRF: Weak References              23 us, workers (us):  23, ---, ---,
[3.266s][info   ][gc,stats       ] Concurrent Weak Roots               406 us
[3.266s][info   ][gc,stats       ]   Roots                             331 us, parallelism: 0.85x
[3.266s][info   ][gc,stats       ]     CWR: <total>                    281 us
[3.266s][info   ][gc,stats       ]     CWR: Code Cache Roots           129 us, workers (us): 129, ---, ---,
[3.266s][info   ][gc,stats       ]     CWR: VM Weak Roots              142 us, workers (us): 142, ---, ---,
[3.266s][info   ][gc,stats       ]     CWR: CLDG Roots                  10 us, workers (us):  10, ---, ---,
[3.266s][info   ][gc,stats       ]   Rendezvous                         70 us
[3.266s][info   ][gc,stats       ] Concurrent Cleanup                  580 us
[3.266s][info   ][gc,stats       ] Concurrent Class Unloading         3223 us
[3.266s][info   ][gc,stats       ]   Unlink Stale                     2933 us
[3.266s][info   ][gc,stats       ]     System Dictionary                18 us
[3.266s][info   ][gc,stats       ]     Weak Class Links                  0 us
[3.266s][info   ][gc,stats       ]     Code Roots                     2911 us
[3.266s][info   ][gc,stats       ]   Rendezvous                        148 us
[3.266s][info   ][gc,stats       ]   Purge Unlinked                    125 us
[3.266s][info   ][gc,stats       ]     Code Roots                      118 us
[3.266s][info   ][gc,stats       ]     CLDG                              7 us
[3.266s][info   ][gc,stats       ]     Exception Caches                  0 us
[3.266s][info   ][gc,stats       ] Pause Final Roots (G)               227 us
[3.266s][info   ][gc,stats       ] Pause Final Roots (N)                12 us
[3.266s][info   ][gc,stats       ] Pacing                            69852 us
[3.266s][info   ][gc,stats       ]
[3.266s][info   ][gc,stats       ] Allocation pacing accrued:
[3.266s][info   ][gc,stats       ]      70 of    97 ms ( 71.7%): thread3
[3.266s][info   ][gc,stats       ]      70 of    97 ms ( 71.7%): <total>
[3.266s][info   ][gc,stats       ]       4 of    97 ms (  4.0%): <average total>
[3.266s][info   ][gc,stats       ]      70 of    97 ms ( 71.7%): <average non-zero>
[3.266s][info   ][gc,stats       ]
[3.295s][info   ][safepoint,stats] ShenandoahInitMark           [             18               1 ][            92500      44100     107900     244500 ]               1
[3.309s][info   ][safepoint,stats] ShenandoahFinalMarkStartEvac [             18               1 ][            16100      98600     158500     273200 ]               1
[3.313s][info   ][safepoint,stats] ShenandoahFinalRoots         [             18               2 ][            16900      60200      30000     107100 ]               1
[3.313s][info   ][gc,stats       ]
[3.313s][info   ][gc,stats       ] All times are wall-clock times, except per-root-class counters, that are sum over
[3.313s][info   ][gc,stats       ] all workers. Dividing the <total> over the root stage time estimates parallelism.
[3.313s][info   ][gc,stats       ]
[3.313s][info   ][gc,stats       ] Concurrent Reset                    100 us
[3.313s][info   ][gc,stats       ] Pause Init Mark (G)                 382 us
[3.313s][info   ][gc,stats       ] Pause Init Mark (N)                  61 us
[3.313s][info   ][gc,stats       ]   Update Region States                2 us
[3.313s][info   ][gc,stats       ] Concurrent Mark Roots               962 us, parallelism: 0.93x
[3.313s][info   ][gc,stats       ]   CMR: <total>                      893 us
[3.313s][info   ][gc,stats       ]   CMR: Thread Roots                 405 us, workers (us): 405, ---, ---,
[3.313s][info   ][gc,stats       ]   CMR: VM Strong Roots               24 us, workers (us):  24, ---, ---,
[3.313s][info   ][gc,stats       ]   CMR: CLDG Roots                   464 us, workers (us): 464, ---, ---,
[3.313s][info   ][gc,stats       ] Concurrent Marking                12443 us
[3.313s][info   ][gc,stats       ] Pause Final Mark (G)                402 us
[3.313s][info   ][gc,stats       ] Pause Final Mark (N)                120 us
[3.313s][info   ][gc,stats       ]   Finish Mark                        79 us
[3.313s][info   ][gc,stats       ]   Update Region States                2 us
[3.313s][info   ][gc,stats       ]   Choose Collection Set              23 us
[3.313s][info   ][gc,stats       ]   Rebuild Free Set                    3 us
[3.313s][info   ][gc,stats       ] Concurrent Weak References           85 us, parallelism: 0.23x
[3.313s][info   ][gc,stats       ]   CWRF: <total>                      20 us
[3.313s][info   ][gc,stats       ]   CWRF: Weak References              20 us, workers (us):  20, ---, ---,
[3.313s][info   ][gc,stats       ] Concurrent Weak Roots               462 us
[3.313s][info   ][gc,stats       ]   Roots                             346 us, parallelism: 0.79x
[3.313s][info   ][gc,stats       ]     CWR: <total>                    273 us
[3.313s][info   ][gc,stats       ]     CWR: Code Cache Roots           125 us, workers (us): 125, ---, ---,
[3.313s][info   ][gc,stats       ]     CWR: VM Weak Roots              139 us, workers (us): 139, ---, ---,
[3.313s][info   ][gc,stats       ]     CWR: CLDG Roots                   9 us, workers (us):   9, ---, ---,
[3.313s][info   ][gc,stats       ]   Rendezvous                        108 us
[3.313s][info   ][gc,stats       ] Concurrent Cleanup                  837 us
[3.313s][info   ][gc,stats       ] Concurrent Class Unloading         2306 us
[3.313s][info   ][gc,stats       ]   Unlink Stale                     2116 us
[3.313s][info   ][gc,stats       ]     System Dictionary                16 us
[3.313s][info   ][gc,stats       ]     Weak Class Links                  1 us
[3.313s][info   ][gc,stats       ]     Code Roots                     2096 us
[3.313s][info   ][gc,stats       ]   Rendezvous                        104 us
[3.313s][info   ][gc,stats       ]   Purge Unlinked                     79 us
[3.313s][info   ][gc,stats       ]     Code Roots                       71 us
[3.313s][info   ][gc,stats       ]     CLDG                              7 us
[3.313s][info   ][gc,stats       ]     Exception Caches                  0 us
[3.313s][info   ][gc,stats       ] Pause Final Roots (G)               178 us
[3.313s][info   ][gc,stats       ] Pause Final Roots (N)                 5 us
[3.313s][info   ][gc,stats       ] Pacing                            20296 us
[3.313s][info   ][gc,stats       ]
[3.313s][info   ][gc,stats       ] Allocation pacing accrued:
[3.313s][info   ][gc,stats       ]      20 of    47 ms ( 43.4%): thread3
[3.313s][info   ][gc,stats       ]      20 of    47 ms ( 43.4%): <total>
[3.313s][info   ][gc,stats       ]       1 of    47 ms (  2.4%): <average total>
[3.313s][info   ][gc,stats       ]      20 of    47 ms ( 43.4%): <average non-zero>
[3.313s][info   ][gc,stats       ]
[3.388s][info   ][safepoint,stats] ShenandoahInitMark           [             18               1 ][           115100      62400     115700     293200 ]               1
[3.389s][info   ][gc,stats       ]
[3.389s][info   ][gc,stats       ] All times are wall-clock times, except per-root-class counters, that are sum over
[3.389s][info   ][gc,stats       ] all workers. Dividing the <total> over the root stage time estimates parallelism.
[3.389s][info   ][gc,stats       ]
[3.389s][info   ][gc,stats       ] Concurrent Reset                    147 us
[3.389s][info   ][gc,stats       ] Pause Init Mark (G)                 420 us
[3.389s][info   ][gc,stats       ] Pause Init Mark (N)                  67 us
[3.389s][info   ][gc,stats       ]   Update Region States                2 us
[3.389s][info   ][gc,stats       ] Concurrent Mark Roots               955 us, parallelism: 0.91x
[3.389s][info   ][gc,stats       ]   CMR: <total>                      871 us
[3.389s][info   ][gc,stats       ]   CMR: Thread Roots                 452 us, workers (us): 452, ---, ---,
[3.389s][info   ][gc,stats       ]   CMR: VM Strong Roots               44 us, workers (us):  44, ---, ---,
[3.389s][info   ][gc,stats       ]   CMR: CLDG Roots                   376 us, workers (us): 376, ---, ---,
[3.389s][info   ][gc,stats       ] Pacing                            46913 us
[3.389s][info   ][gc,stats       ]
[3.389s][info   ][gc,stats       ] Allocation pacing accrued:
[3.390s][info   ][gc,stats       ]      47 of    76 ms ( 61.4%): thread3
[3.390s][info   ][gc,stats       ]      47 of    76 ms ( 61.4%): <total>
[3.390s][info   ][gc,stats       ]       3 of    76 ms (  3.4%): <average total>
[3.390s][info   ][gc,stats       ]      47 of    76 ms ( 61.4%): <average non-zero>
[3.390s][info   ][gc,stats       ]
[3.416s][info   ][safepoint,stats] ShenandoahDegeneratedGC      [             18               1 ][            98800      39500   11784000   11922300 ]               1
[3.416s][info   ][gc,stats       ]
[3.416s][info   ][gc,stats       ] All times are wall-clock times, except per-root-class counters, that are sum over
[3.416s][info   ][gc,stats       ] all workers. Dividing the <total> over the root stage time estimates parallelism.
[3.416s][info   ][gc,stats       ]
[3.416s][info   ][gc,stats       ] Pause Degenerated GC (G)          12041 us
[3.416s][info   ][gc,stats       ] Pause Degenerated GC (N)          11739 us
[3.416s][info   ][gc,stats       ]   Degen STW Mark                   4719 us, parallelism: 2.94x
[3.416s][info   ][gc,stats       ]     DSM: <total>                  13854 us
[3.416s][info   ][gc,stats       ]     DSM: Thread Roots               188 us, workers (us):  74,  59,  55,
[3.416s][info   ][gc,stats       ]     DSM: VM Strong Roots             46 us, workers (us):  21,   0,  24,
[3.416s][info   ][gc,stats       ]     DSM: CLDG Roots                 372 us, workers (us):   2, 363,   7,
[3.416s][info   ][gc,stats       ]     DSM: Parallel Mark            13248 us, workers (us): 4525, 4195, 4528,
[3.416s][info   ][gc,stats       ]     System Purge                   5500 us
[3.416s][info   ][gc,stats       ]       Weak References                68 us, parallelism: 0.52x
[3.416s][info   ][gc,stats       ]         WRP: <total>                 35 us
[3.416s][info   ][gc,stats       ]         WRP: Weak References         35 us, workers (us):   8,  25,   3,
[3.416s][info   ][gc,stats       ]       Unload Classes               5116 us, parallelism: 0.45x
[3.416s][info   ][gc,stats       ]         DCU: <total>               2297 us
[3.416s][info   ][gc,stats       ]         DCU: Unload Code Caches     2297 us, workers (us): 757, 739, 800,
[3.416s][info   ][gc,stats       ]       Weak Roots                    281 us, parallelism: 2.19x
[3.416s][info   ][gc,stats       ]         DWR: <total>                615 us
[3.416s][info   ][gc,stats       ]         DWR: VM Weak Roots          615 us, workers (us): 203, 201, 211,
[3.416s][info   ][gc,stats       ]       CLDG                            1 us
[3.416s][info   ][gc,stats       ]   Update Region States                2 us
[3.416s][info   ][gc,stats       ]   Manage GC/TLABs                     8 us
[3.416s][info   ][gc,stats       ]   Choose Collection Set              36 us
[3.416s][info   ][gc,stats       ]   Rebuild Free Set                    3 us
[3.416s][info   ][gc,stats       ]   Cleanup                             4 us
[3.416s][info   ][gc,stats       ]
[3.416s][info   ][gc,stats       ] Allocation pacing accrued:
[3.416s][info   ][gc,stats       ]       0 of    27 ms (  0.0%): <total>
[3.416s][info   ][gc,stats       ]       0 of    27 ms (  0.0%): <average total>
[3.416s][info   ][gc,stats       ]
thread: thread1, costs 1014 ms
[3.563s][info   ][safepoint,stats] ShenandoahInitMark           [             18               1 ][            58900     108100     102800     269800 ]               1
[3.577s][info   ][safepoint,stats] ShenandoahFinalMarkStartEvac [             18               1 ][            15700      58400     154300     228400 ]               1
[3.582s][info   ][safepoint,stats] ShenandoahFinalRoots         [             18               2 ][            26600      27300      35200      89100 ]               1
[3.582s][info   ][gc,stats       ]
[3.582s][info   ][gc,stats       ] All times are wall-clock times, except per-root-class counters, that are sum over
[3.582s][info   ][gc,stats       ] all workers. Dividing the <total> over the root stage time estimates parallelism.
[3.582s][info   ][gc,stats       ]
[3.582s][info   ][gc,stats       ] Concurrent Reset                     98 us
[3.582s][info   ][gc,stats       ] Pause Init Mark (G)                 353 us
[3.582s][info   ][gc,stats       ] Pause Init Mark (N)                  54 us
[3.582s][info   ][gc,stats       ]   Update Region States                2 us
[3.582s][info   ][gc,stats       ] Concurrent Mark Roots              1077 us, parallelism: 0.94x
[3.582s][info   ][gc,stats       ]   CMR: <total>                     1014 us
[3.582s][info   ][gc,stats       ]   CMR: Thread Roots                 517 us, workers (us): 517, ---, ---,
[3.582s][info   ][gc,stats       ]   CMR: VM Strong Roots               41 us, workers (us):  41, ---, ---,
[3.582s][info   ][gc,stats       ]   CMR: CLDG Roots                   457 us, workers (us): 457, ---, ---,
[3.582s][info   ][gc,stats       ] Concurrent Marking                12868 us
[3.582s][info   ][gc,stats       ] Pause Final Mark (G)                311 us
[3.582s][info   ][gc,stats       ] Pause Final Mark (N)                117 us
[3.582s][info   ][gc,stats       ]   Finish Mark                        74 us
[3.582s][info   ][gc,stats       ]   Update Region States                2 us
[3.582s][info   ][gc,stats       ]   Choose Collection Set              24 us
[3.582s][info   ][gc,stats       ]   Rebuild Free Set                    3 us
[3.582s][info   ][gc,stats       ] Concurrent Weak References           85 us, parallelism: 0.23x
[3.582s][info   ][gc,stats       ]   CWRF: <total>                      19 us
[3.582s][info   ][gc,stats       ]   CWRF: Weak References              19 us, workers (us):  19, ---, ---,
[3.582s][info   ][gc,stats       ] Concurrent Weak Roots               643 us
[3.582s][info   ][gc,stats       ]   Roots                             550 us, parallelism: 0.84x
[3.582s][info   ][gc,stats       ]     CWR: <total>                    462 us
[3.582s][info   ][gc,stats       ]     CWR: Code Cache Roots           163 us, workers (us): 163, ---, ---,
[3.582s][info   ][gc,stats       ]     CWR: VM Weak Roots              288 us, workers (us): 288, ---, ---,
[3.582s][info   ][gc,stats       ]     CWR: CLDG Roots                  11 us, workers (us):  11, ---, ---,
[3.582s][info   ][gc,stats       ]   Rendezvous                         86 us
[3.582s][info   ][gc,stats       ] Concurrent Cleanup                  611 us
[3.582s][info   ][gc,stats       ] Concurrent Class Unloading         2829 us
[3.582s][info   ][gc,stats       ]   Unlink Stale                     2644 us
[3.582s][info   ][gc,stats       ]     System Dictionary                22 us
[3.582s][info   ][gc,stats       ]     Weak Class Links                  1 us
[3.582s][info   ][gc,stats       ]     Code Roots                     2619 us
[3.582s][info   ][gc,stats       ]   Rendezvous                        102 us
[3.582s][info   ][gc,stats       ]   Purge Unlinked                     71 us
[3.582s][info   ][gc,stats       ]     Code Roots                       66 us
[3.582s][info   ][gc,stats       ]     CLDG                              4 us
[3.582s][info   ][gc,stats       ]     Exception Caches                  0 us
[3.582s][info   ][gc,stats       ] Pause Final Roots (G)               154 us
[3.582s][info   ][gc,stats       ] Pause Final Roots (N)                 6 us
[3.582s][info   ][gc,stats       ] Pacing                           142109 us
[3.582s][info   ][gc,stats       ]
[3.582s][info   ][gc,stats       ] Allocation pacing accrued:
[3.582s][info   ][gc,stats       ]     142 of   166 ms ( 85.6%): thread3
[3.582s][info   ][gc,stats       ]     142 of   166 ms ( 85.6%): <total>
[3.582s][info   ][gc,stats       ]       8 of   166 ms (  4.8%): <average total>
[3.582s][info   ][gc,stats       ]     142 of   166 ms ( 85.6%): <average non-zero>
[3.582s][info   ][gc,stats       ]
[3.644s][info   ][safepoint,stats] ShenandoahInitMark           [             18               1 ][            60700      53000     102500     216200 ]               1
[3.658s][info   ][safepoint,stats] ShenandoahFinalMarkStartEvac [             18               1 ][            20700      49700     205900     276300 ]               1
[3.662s][info   ][safepoint,stats] ShenandoahFinalRoots         [             18               1 ][            16300      41800      29900      88000 ]               1
[3.662s][info   ][gc,stats       ]
[3.662s][info   ][gc,stats       ] All times are wall-clock times, except per-root-class counters, that are sum over
[3.662s][info   ][gc,stats       ] all workers. Dividing the <total> over the root stage time estimates parallelism.
[3.662s][info   ][gc,stats       ]
[3.662s][info   ][gc,stats       ] Concurrent Reset                    132 us
[3.662s][info   ][gc,stats       ] Pause Init Mark (G)                 338 us
[3.662s][info   ][gc,stats       ] Pause Init Mark (N)                  63 us
[3.662s][info   ][gc,stats       ]   Update Region States                2 us
[3.662s][info   ][gc,stats       ] Concurrent Mark Roots               692 us, parallelism: 0.88x
[3.662s][info   ][gc,stats       ]   CMR: <total>                      610 us
[3.662s][info   ][gc,stats       ]   CMR: Thread Roots                 218 us, workers (us): 218, ---, ---,
[3.662s][info   ][gc,stats       ]   CMR: VM Strong Roots               51 us, workers (us):  51, ---, ---,
[3.662s][info   ][gc,stats       ]   CMR: CLDG Roots                   341 us, workers (us): 341, ---, ---,
[3.662s][info   ][gc,stats       ] Concurrent Marking                12962 us
[3.662s][info   ][gc,stats       ] Pause Final Mark (G)                372 us
[3.662s][info   ][gc,stats       ] Pause Final Mark (N)                163 us
[3.662s][info   ][gc,stats       ]   Finish Mark                        97 us
[3.662s][info   ][gc,stats       ]   Update Region States                3 us
[3.662s][info   ][gc,stats       ]   Choose Collection Set              37 us
[3.662s][info   ][gc,stats       ]   Rebuild Free Set                    5 us
[3.662s][info   ][gc,stats       ] Concurrent Weak References          107 us, parallelism: 0.53x
[3.662s][info   ][gc,stats       ]   CWRF: <total>                      57 us
[3.662s][info   ][gc,stats       ]   CWRF: Weak References              57 us, workers (us):  57, ---, ---,
[3.662s][info   ][gc,stats       ] Concurrent Weak Roots               620 us
[3.662s][info   ][gc,stats       ]   Roots                             536 us, parallelism: 0.87x
[3.662s][info   ][gc,stats       ]     CWR: <total>                    465 us
[3.662s][info   ][gc,stats       ]     CWR: Code Cache Roots           163 us, workers (us): 163, ---, ---,
[3.662s][info   ][gc,stats       ]     CWR: VM Weak Roots              289 us, workers (us): 289, ---, ---,
[3.662s][info   ][gc,stats       ]     CWR: CLDG Roots                  13 us, workers (us):  13, ---, ---,
[3.662s][info   ][gc,stats       ]   Rendezvous                         81 us
[3.662s][info   ][gc,stats       ] Concurrent Cleanup                  648 us
[3.662s][info   ][gc,stats       ] Concurrent Class Unloading         2755 us
[3.662s][info   ][gc,stats       ]   Unlink Stale                     2590 us
[3.662s][info   ][gc,stats       ]     System Dictionary                17 us
[3.662s][info   ][gc,stats       ]     Weak Class Links                  1 us
[3.662s][info   ][gc,stats       ]     Code Roots                     2570 us
[3.662s][info   ][gc,stats       ]   Rendezvous                         95 us
[3.662s][info   ][gc,stats       ]   Purge Unlinked                     59 us
[3.662s][info   ][gc,stats       ]     Code Roots                       54 us
[3.662s][info   ][gc,stats       ]     CLDG                              4 us
[3.662s][info   ][gc,stats       ]     Exception Caches                  0 us
[3.662s][info   ][gc,stats       ] Pause Final Roots (G)               164 us
[3.662s][info   ][gc,stats       ] Pause Final Roots (N)                 5 us
[3.662s][info   ][gc,stats       ] Pacing                            50652 us
[3.662s][info   ][gc,stats       ]
[3.662s][info   ][gc,stats       ] Allocation pacing accrued:
[3.662s][info   ][gc,stats       ]      51 of    80 ms ( 63.2%): thread3
[3.662s][info   ][gc,stats       ]      51 of    80 ms ( 63.2%): <total>
[3.662s][info   ][gc,stats       ]       3 of    80 ms (  3.5%): <average total>
[3.662s][info   ][gc,stats       ]      51 of    80 ms ( 63.2%): <average non-zero>
[3.662s][info   ][gc,stats       ]
[3.753s][info   ][safepoint,stats] ShenandoahInitMark           [             18               1 ][            85200      32000      84300     201500 ]               1
[3.767s][info   ][safepoint,stats] ShenandoahFinalMarkStartEvac [             18               1 ][            17300      29200     145000     191500 ]               1
[3.771s][info   ][safepoint,stats] ShenandoahFinalRoots         [             18               1 ][            15900      43000      29400      88300 ]               1
[3.771s][info   ][gc,stats       ]
[3.771s][info   ][gc,stats       ] All times are wall-clock times, except per-root-class counters, that are sum over
[3.771s][info   ][gc,stats       ] all workers. Dividing the <total> over the root stage time estimates parallelism.
[3.771s][info   ][gc,stats       ]
[3.771s][info   ][gc,stats       ] Concurrent Reset                     78 us
[3.771s][info   ][gc,stats       ] Pause Init Mark (G)                 290 us
[3.771s][info   ][gc,stats       ] Pause Init Mark (N)                  48 us
[3.771s][info   ][gc,stats       ]   Update Region States                1 us
[3.771s][info   ][gc,stats       ] Concurrent Mark Roots               995 us, parallelism: 0.91x
[3.771s][info   ][gc,stats       ]   CMR: <total>                      909 us
[3.771s][info   ][gc,stats       ]   CMR: Thread Roots                 408 us, workers (us): 408, ---, ---,
[3.771s][info   ][gc,stats       ]   CMR: VM Strong Roots               40 us, workers (us):  40, ---, ---,
[3.771s][info   ][gc,stats       ]   CMR: CLDG Roots                   462 us, workers (us): 462, ---, ---,
[3.771s][info   ][gc,stats       ] Concurrent Marking                13010 us
[3.771s][info   ][gc,stats       ] Pause Final Mark (G)                258 us
[3.771s][info   ][gc,stats       ] Pause Final Mark (N)                119 us
[3.771s][info   ][gc,stats       ]   Finish Mark                        77 us
[3.771s][info   ][gc,stats       ]   Update Region States                2 us
[3.771s][info   ][gc,stats       ]   Choose Collection Set              25 us
[3.771s][info   ][gc,stats       ]   Rebuild Free Set                    2 us
[3.771s][info   ][gc,stats       ] Concurrent Weak References           60 us, parallelism: 0.38x
[3.771s][info   ][gc,stats       ]   CWRF: <total>                      23 us
[3.771s][info   ][gc,stats       ]   CWRF: Weak References              23 us, workers (us):  23, ---, ---,
[3.771s][info   ][gc,stats       ] Concurrent Weak Roots               613 us
[3.771s][info   ][gc,stats       ]   Roots                             532 us, parallelism: 0.89x
[3.771s][info   ][gc,stats       ]     CWR: <total>                    473 us
[3.771s][info   ][gc,stats       ]     CWR: Code Cache Roots           166 us, workers (us): 166, ---, ---,
[3.771s][info   ][gc,stats       ]     CWR: VM Weak Roots              293 us, workers (us): 293, ---, ---,
[3.771s][info   ][gc,stats       ]     CWR: CLDG Roots                  14 us, workers (us):  14, ---, ---,
[3.771s][info   ][gc,stats       ]   Rendezvous                         77 us
[3.771s][info   ][gc,stats       ] Concurrent Cleanup                  558 us
[3.771s][info   ][gc,stats       ] Concurrent Class Unloading         2468 us
[3.771s][info   ][gc,stats       ]   Unlink Stale                     2306 us
[3.771s][info   ][gc,stats       ]     System Dictionary                14 us
[3.771s][info   ][gc,stats       ]     Weak Class Links                  0 us
[3.771s][info   ][gc,stats       ]     Code Roots                     2288 us
[3.771s][info   ][gc,stats       ]   Rendezvous                         84 us
[3.772s][info   ][gc,stats       ]   Purge Unlinked                     71 us
[3.772s][info   ][gc,stats       ]     Code Roots                       66 us
[3.772s][info   ][gc,stats       ]     CLDG                              4 us
[3.772s][info   ][gc,stats       ]     Exception Caches                  0 us
[3.772s][info   ][gc,stats       ] Pause Final Roots (G)               158 us
[3.772s][info   ][gc,stats       ] Pause Final Roots (N)                 5 us
[3.772s][info   ][gc,stats       ] Pacing                            84266 us
[3.772s][info   ][gc,stats       ]
[3.772s][info   ][gc,stats       ] Allocation pacing accrued:
[3.772s][info   ][gc,stats       ]      84 of   109 ms ( 77.1%): thread3
[3.772s][info   ][gc,stats       ]      84 of   109 ms ( 77.1%): <total>
[3.772s][info   ][gc,stats       ]       5 of   109 ms (  4.3%): <average total>
[3.772s][info   ][gc,stats       ]      84 of   109 ms ( 77.1%): <average non-zero>
[3.772s][info   ][gc,stats       ]
[3.816s][info   ][safepoint,stats] ShenandoahInitMark           [             18               1 ][            62500      57800      80200     200500 ]               1
[3.830s][info   ][safepoint,stats] ShenandoahFinalMarkStartEvac [             18               1 ][            20500      48700     125800     195000 ]               1
[3.833s][info   ][safepoint,stats] ShenandoahFinalRoots         [             18               1 ][            15700      36000      30500      82200 ]               1
[3.833s][info   ][gc,stats       ]
[3.833s][info   ][gc,stats       ] All times are wall-clock times, except per-root-class counters, that are sum over
[3.833s][info   ][gc,stats       ] all workers. Dividing the <total> over the root stage time estimates parallelism.
[3.833s][info   ][gc,stats       ]
[3.833s][info   ][gc,stats       ] Concurrent Reset                     93 us
[3.833s][info   ][gc,stats       ] Pause Init Mark (G)                 280 us
[3.833s][info   ][gc,stats       ] Pause Init Mark (N)                  48 us
[3.833s][info   ][gc,stats       ]   Update Region States                1 us
[3.833s][info   ][gc,stats       ] Concurrent Mark Roots               550 us, parallelism: 0.86x
[3.833s][info   ][gc,stats       ]   CMR: <total>                      475 us
[3.833s][info   ][gc,stats       ]   CMR: Thread Roots                 220 us, workers (us): 220, ---, ---,
[3.833s][info   ][gc,stats       ]   CMR: VM Strong Roots               28 us, workers (us):  28, ---, ---,
[3.833s][info   ][gc,stats       ]   CMR: CLDG Roots                   228 us, workers (us): 228, ---, ---,
[3.833s][info   ][gc,stats       ] Concurrent Marking                12535 us
[3.833s][info   ][gc,stats       ] Pause Final Mark (G)                284 us
[3.833s][info   ][gc,stats       ] Pause Final Mark (N)                 96 us
[3.833s][info   ][gc,stats       ]   Finish Mark                        53 us
[3.833s][info   ][gc,stats       ]   Update Region States                2 us
[3.833s][info   ][gc,stats       ]   Choose Collection Set              24 us
[3.833s][info   ][gc,stats       ]   Rebuild Free Set                    2 us
[3.833s][info   ][gc,stats       ] Concurrent Weak References           59 us, parallelism: 0.39x
[3.834s][info   ][gc,stats       ]   CWRF: <total>                      23 us
[3.834s][info   ][gc,stats       ]   CWRF: Weak References              23 us, workers (us):  23, ---, ---,
[3.834s][info   ][gc,stats       ] Concurrent Weak Roots               440 us
[3.834s][info   ][gc,stats       ]   Roots                             330 us, parallelism: 0.83x
[3.834s][info   ][gc,stats       ]     CWR: <total>                    275 us
[3.834s][info   ][gc,stats       ]     CWR: Code Cache Roots           123 us, workers (us): 123, ---, ---,
[3.834s][info   ][gc,stats       ]     CWR: VM Weak Roots              142 us, workers (us): 142, ---, ---,
[3.834s][info   ][gc,stats       ]     CWR: CLDG Roots                   9 us, workers (us):   9, ---, ---,
[3.834s][info   ][gc,stats       ]   Rendezvous                        106 us
[3.834s][info   ][gc,stats       ] Concurrent Cleanup                  595 us
[3.834s][info   ][gc,stats       ] Concurrent Class Unloading         2555 us
[3.834s][info   ][gc,stats       ]   Unlink Stale                     2403 us
[3.834s][info   ][gc,stats       ]     System Dictionary                14 us
[3.834s][info   ][gc,stats       ]     Weak Class Links                  0 us
[3.834s][info   ][gc,stats       ]     Code Roots                     2386 us
[3.834s][info   ][gc,stats       ]   Rendezvous                         93 us
[3.834s][info   ][gc,stats       ]   Purge Unlinked                     52 us
[3.834s][info   ][gc,stats       ]     Code Roots                       47 us
[3.834s][info   ][gc,stats       ]     CLDG                              4 us
[3.834s][info   ][gc,stats       ]     Exception Caches                  0 us
[3.834s][info   ][gc,stats       ] Pause Final Roots (G)               153 us
[3.834s][info   ][gc,stats       ] Pause Final Roots (N)                 5 us
[3.834s][info   ][gc,stats       ] Pacing                            40143 us
[3.834s][info   ][gc,stats       ]
[3.834s][info   ][gc,stats       ] Allocation pacing accrued:
[3.834s][info   ][gc,stats       ]      40 of    62 ms ( 64.6%): thread3
[3.834s][info   ][gc,stats       ]      40 of    62 ms ( 64.6%): <total>
[3.834s][info   ][gc,stats       ]       2 of    62 ms (  3.6%): <average total>
[3.834s][info   ][gc,stats       ]      40 of    62 ms ( 64.6%): <average non-zero>
[3.834s][info   ][gc,stats       ]
[4.006s][info   ][safepoint,stats] ShenandoahInitMark           [             18               2 ][            59300      33500      61800     154600 ]               1
[4.020s][info   ][safepoint,stats] VM Operation                 [ threads: total initial_running ][ time:       sync    cleanup       vmop      total ] page_trap_count
[4.020s][info   ][safepoint,stats] ShenandoahFinalMarkStartEvac [             18               1 ][            15300      58900     150000     224200 ]               1
[4.024s][info   ][safepoint,stats] ShenandoahFinalRoots         [             18               1 ][            16200      41100      30100      87400 ]               1
[4.024s][info   ][gc,stats       ]
[4.024s][info   ][gc,stats       ] All times are wall-clock times, except per-root-class counters, that are sum over
[4.024s][info   ][gc,stats       ] all workers. Dividing the <total> over the root stage time estimates parallelism.
[4.024s][info   ][gc,stats       ]
[4.024s][info   ][gc,stats       ] Concurrent Reset                     90 us
[4.024s][info   ][gc,stats       ] Pause Init Mark (G)                 219 us
[4.024s][info   ][gc,stats       ] Pause Init Mark (N)                  33 us
[4.024s][info   ][gc,stats       ]   Update Region States                1 us
[4.024s][info   ][gc,stats       ] Concurrent Mark Roots               781 us, parallelism: 0.94x
[4.024s][info   ][gc,stats       ]   CMR: <total>                      734 us
[4.024s][info   ][gc,stats       ]   CMR: Thread Roots                 242 us, workers (us): 242, ---, ---,
[4.024s][info   ][gc,stats       ]   CMR: VM Strong Roots               40 us, workers (us):  40, ---, ---,
[4.024s][info   ][gc,stats       ]   CMR: CLDG Roots                   452 us, workers (us): 452, ---, ---,
[4.024s][info   ][gc,stats       ] Concurrent Marking                13119 us
[4.024s][info   ][gc,stats       ] Pause Final Mark (G)                303 us
[4.024s][info   ][gc,stats       ] Pause Final Mark (N)                111 us
[4.024s][info   ][gc,stats       ]   Finish Mark                        66 us
[4.024s][info   ][gc,stats       ]   Update Region States                2 us
[4.024s][info   ][gc,stats       ]   Choose Collection Set              25 us
[4.024s][info   ][gc,stats       ]   Rebuild Free Set                    3 us
[4.024s][info   ][gc,stats       ] Concurrent Weak References           68 us, parallelism: 0.29x
[4.024s][info   ][gc,stats       ]   CWRF: <total>                      20 us
[4.024s][info   ][gc,stats       ]   CWRF: Weak References              20 us, workers (us):  20, ---, ---,
[4.024s][info   ][gc,stats       ] Concurrent Weak Roots               573 us
[4.024s][info   ][gc,stats       ]   Roots                             471 us, parallelism: 0.89x
[4.024s][info   ][gc,stats       ]     CWR: <total>                    421 us
[4.024s][info   ][gc,stats       ]     CWR: Code Cache Roots           125 us, workers (us): 125, ---, ---,
[4.024s][info   ][gc,stats       ]     CWR: VM Weak Roots              286 us, workers (us): 286, ---, ---,
[4.024s][info   ][gc,stats       ]     CWR: CLDG Roots                  10 us, workers (us):  10, ---, ---,
[4.024s][info   ][gc,stats       ]   Rendezvous                         97 us
[4.024s][info   ][gc,stats       ] Concurrent Cleanup                  555 us
[4.024s][info   ][gc,stats       ] Concurrent Class Unloading         2339 us
[4.024s][info   ][gc,stats       ]   Unlink Stale                     2151 us
[4.024s][info   ][gc,stats       ]     System Dictionary                17 us
[4.024s][info   ][gc,stats       ]     Weak Class Links                  1 us
[4.024s][info   ][gc,stats       ]     Code Roots                     2131 us
[4.024s][info   ][gc,stats       ]   Rendezvous                        102 us
[4.024s][info   ][gc,stats       ]   Purge Unlinked                     78 us
[4.024s][info   ][gc,stats       ]     Code Roots                       74 us
[4.024s][info   ][gc,stats       ]     CLDG                              4 us
[4.024s][info   ][gc,stats       ]     Exception Caches                  0 us
[4.024s][info   ][gc,stats       ] Pause Final Roots (G)               158 us
[4.024s][info   ][gc,stats       ] Pause Final Roots (N)                 5 us
[4.024s][info   ][gc,stats       ] Pacing                           166107 us
[4.024s][info   ][gc,stats       ]
[4.024s][info   ][gc,stats       ] Allocation pacing accrued:
[4.024s][info   ][gc,stats       ]     166 of   191 ms ( 87.1%): thread3
[4.024s][info   ][gc,stats       ]     166 of   191 ms ( 87.1%): <total>
[4.024s][info   ][gc,stats       ]       9 of   191 ms (  4.8%): <average total>
[4.024s][info   ][gc,stats       ]     166 of   191 ms ( 87.1%): <average non-zero>
[4.024s][info   ][gc,stats       ]
[4.054s][info   ][safepoint,stats] ShenandoahInitMark           [             18               1 ][           136700      28900      90200     255800 ]               1
[4.068s][info   ][safepoint,stats] ShenandoahFinalMarkStartEvac [             18               0 ][             8200      54500     218000     280700 ]               0
[4.073s][info   ][safepoint,stats] ShenandoahFinalRoots         [             18               1 ][            17900      42800      43600     104300 ]               1
[4.073s][info   ][gc,stats       ]
[4.073s][info   ][gc,stats       ] All times are wall-clock times, except per-root-class counters, that are sum over
[4.073s][info   ][gc,stats       ] all workers. Dividing the <total> over the root stage time estimates parallelism.
[4.073s][info   ][gc,stats       ]
[4.073s][info   ][gc,stats       ] Concurrent Reset                     75 us
[4.073s][info   ][gc,stats       ] Pause Init Mark (G)                 342 us
[4.073s][info   ][gc,stats       ] Pause Init Mark (N)                  57 us
[4.073s][info   ][gc,stats       ]   Update Region States                2 us
[4.073s][info   ][gc,stats       ] Concurrent Mark Roots               669 us, parallelism: 0.89x
[4.073s][info   ][gc,stats       ]   CMR: <total>                      595 us
[4.073s][info   ][gc,stats       ]   CMR: Thread Roots                 342 us, workers (us): 342, ---, ---,
[4.073s][info   ][gc,stats       ]   CMR: VM Strong Roots               26 us, workers (us):  26, ---, ---,
[4.073s][info   ][gc,stats       ]   CMR: CLDG Roots                   227 us, workers (us): 227, ---, ---,
[4.073s][info   ][gc,stats       ] Concurrent Marking                12902 us
[4.073s][info   ][gc,stats       ] Pause Final Mark (G)                369 us
[4.073s][info   ][gc,stats       ] Pause Final Mark (N)                208 us
[4.073s][info   ][gc,stats       ]   Finish Mark                       166 us
[4.073s][info   ][gc,stats       ]   Update Region States                2 us
[4.073s][info   ][gc,stats       ]   Choose Collection Set              24 us
[4.073s][info   ][gc,stats       ]   Rebuild Free Set                    3 us
[4.073s][info   ][gc,stats       ] Concurrent Weak References           81 us, parallelism: 0.31x
[4.073s][info   ][gc,stats       ]   CWRF: <total>                      25 us
[4.073s][info   ][gc,stats       ]   CWRF: Weak References              25 us, workers (us):  25, ---, ---,
[4.073s][info   ][gc,stats       ] Concurrent Weak Roots               393 us
[4.073s][info   ][gc,stats       ]   Roots                             339 us, parallelism: 0.79x
[4.073s][info   ][gc,stats       ]     CWR: <total>                    268 us
[4.073s][info   ][gc,stats       ]     CWR: Code Cache Roots           123 us, workers (us): 123, ---, ---,
[4.073s][info   ][gc,stats       ]     CWR: VM Weak Roots              137 us, workers (us): 137, ---, ---,
[4.073s][info   ][gc,stats       ]     CWR: CLDG Roots                   8 us, workers (us):   8, ---, ---,
[4.073s][info   ][gc,stats       ]   Rendezvous                         46 us
[4.073s][info   ][gc,stats       ] Concurrent Cleanup                  579 us
[4.073s][info   ][gc,stats       ] Concurrent Class Unloading         3059 us
[4.073s][info   ][gc,stats       ]   Unlink Stale                     2875 us
[4.073s][info   ][gc,stats       ]     System Dictionary                16 us
[4.073s][info   ][gc,stats       ]     Weak Class Links                  0 us
[4.073s][info   ][gc,stats       ]     Code Roots                     2856 us
[4.073s][info   ][gc,stats       ]   Rendezvous                         91 us
[4.073s][info   ][gc,stats       ]   Purge Unlinked                     82 us
[4.073s][info   ][gc,stats       ]     Code Roots                       73 us
[4.073s][info   ][gc,stats       ]     CLDG                              8 us
[4.073s][info   ][gc,stats       ]     Exception Caches                  0 us
[4.073s][info   ][gc,stats       ] Pause Final Roots (G)               181 us
[4.073s][info   ][gc,stats       ] Pause Final Roots (N)                 6 us
[4.073s][info   ][gc,stats       ] Pacing                            16227 us
[4.073s][info   ][gc,stats       ]
[4.073s][info   ][gc,stats       ] Allocation pacing accrued:
[4.073s][info   ][gc,stats       ]      16 of    49 ms ( 33.4%): thread3
[4.073s][info   ][gc,stats       ]      16 of    49 ms ( 33.4%): <total>
[4.073s][info   ][gc,stats       ]       1 of    49 ms (  1.9%): <average total>
[4.073s][info   ][gc,stats       ]      16 of    49 ms ( 33.4%): <average non-zero>
[4.073s][info   ][gc,stats       ]
[4.133s][info   ][safepoint,stats] ShenandoahInitMark           [             18               1 ][            52700      31100     131900     215700 ]               1
[4.148s][info   ][safepoint,stats] ShenandoahFinalMarkStartEvac [             18               1 ][            20500      65000     159400     244900 ]               1
[4.152s][info   ][safepoint,stats] ShenandoahFinalRoots         [             18               2 ][            16100      43500      44600     104200 ]               1
[4.152s][info   ][gc,stats       ]
[4.152s][info   ][gc,stats       ] All times are wall-clock times, except per-root-class counters, that are sum over
[4.152s][info   ][gc,stats       ] all workers. Dividing the <total> over the root stage time estimates parallelism.
[4.152s][info   ][gc,stats       ]
[4.152s][info   ][gc,stats       ] Concurrent Reset                    103 us
[4.152s][info   ][gc,stats       ] Pause Init Mark (G)                 303 us
[4.152s][info   ][gc,stats       ] Pause Init Mark (N)                  75 us
[4.152s][info   ][gc,stats       ]   Update Region States                2 us
[4.152s][info   ][gc,stats       ] Concurrent Mark Roots              1055 us, parallelism: 0.91x
[4.152s][info   ][gc,stats       ]   CMR: <total>                      962 us
[4.152s][info   ][gc,stats       ]   CMR: Thread Roots                 421 us, workers (us): 421, ---, ---,
[4.152s][info   ][gc,stats       ]   CMR: VM Strong Roots               43 us, workers (us):  43, ---, ---,
[4.152s][info   ][gc,stats       ]   CMR: CLDG Roots                   498 us, workers (us): 498, ---, ---,
[4.152s][info   ][gc,stats       ] Concurrent Marking                13342 us
[4.152s][info   ][gc,stats       ] Pause Final Mark (G)                351 us
[4.152s][info   ][gc,stats       ] Pause Final Mark (N)                125 us
[4.152s][info   ][gc,stats       ]   Finish Mark                        63 us
[4.152s][info   ][gc,stats       ]   Update Region States                3 us
[4.152s][info   ][gc,stats       ]   Choose Collection Set              37 us
[4.152s][info   ][gc,stats       ]   Rebuild Free Set                    5 us
[4.152s][info   ][gc,stats       ] Concurrent Weak References           91 us, parallelism: 0.47x
[4.152s][info   ][gc,stats       ]   CWRF: <total>                      43 us
[4.152s][info   ][gc,stats       ]   CWRF: Weak References              43 us, workers (us):  43, ---, ---,
[4.153s][info   ][gc,stats       ] Concurrent Weak Roots               646 us
[4.153s][info   ][gc,stats       ]   Roots                             557 us, parallelism: 0.90x
[4.153s][info   ][gc,stats       ]     CWR: <total>                    501 us
[4.153s][info   ][gc,stats       ]     CWR: Code Cache Roots           158 us, workers (us): 158, ---, ---,
[4.153s][info   ][gc,stats       ]     CWR: VM Weak Roots              332 us, workers (us): 332, ---, ---,
[4.153s][info   ][gc,stats       ]     CWR: CLDG Roots                  10 us, workers (us):  10, ---, ---,
[4.153s][info   ][gc,stats       ]   Rendezvous                         85 us
[4.153s][info   ][gc,stats       ] Concurrent Cleanup                  690 us
[4.153s][info   ][gc,stats       ] Concurrent Class Unloading         2415 us
[4.153s][info   ][gc,stats       ]   Unlink Stale                     2234 us
[4.153s][info   ][gc,stats       ]     System Dictionary                14 us
[4.153s][info   ][gc,stats       ]     Weak Class Links                  0 us
[4.153s][info   ][gc,stats       ]     Code Roots                     2217 us
[4.153s][info   ][gc,stats       ]   Rendezvous                         91 us
[4.153s][info   ][gc,stats       ]   Purge Unlinked                     80 us
[4.153s][info   ][gc,stats       ]     Code Roots                       72 us
[4.153s][info   ][gc,stats       ]     CLDG                              7 us
[4.153s][info   ][gc,stats       ]     Exception Caches                  1 us
[4.153s][info   ][gc,stats       ] Pause Final Roots (G)               174 us
[4.153s][info   ][gc,stats       ] Pause Final Roots (N)                 7 us
[4.153s][info   ][gc,stats       ] Pacing                            51761 us
[4.153s][info   ][gc,stats       ]
[4.153s][info   ][gc,stats       ] Allocation pacing accrued:
[4.153s][info   ][gc,stats       ]      52 of    80 ms ( 64.8%): thread3
[4.153s][info   ][gc,stats       ]      52 of    80 ms ( 64.8%): <total>
[4.153s][info   ][gc,stats       ]       3 of    80 ms (  3.6%): <average total>
[4.153s][info   ][gc,stats       ]      52 of    80 ms ( 64.8%): <average non-zero>
[4.153s][info   ][gc,stats       ]
[4.196s][info   ][safepoint,stats] ShenandoahInitMark           [             18               1 ][            88100      44900     148500     281500 ]               1
[4.210s][info   ][safepoint,stats] ShenandoahFinalMarkStartEvac [             18               1 ][            15300      27200     181300     223800 ]               1
[4.215s][info   ][safepoint,stats] ShenandoahFinalRoots         [             18               1 ][            22600      59900      45500     128000 ]               1
[4.215s][info   ][gc,stats       ]
[4.215s][info   ][gc,stats       ] All times are wall-clock times, except per-root-class counters, that are sum over
[4.215s][info   ][gc,stats       ] all workers. Dividing the <total> over the root stage time estimates parallelism.
[4.215s][info   ][gc,stats       ]
[4.215s][info   ][gc,stats       ] Concurrent Reset                    152 us
[4.215s][info   ][gc,stats       ] Pause Init Mark (G)                 394 us
[4.215s][info   ][gc,stats       ] Pause Init Mark (N)                  67 us
[4.215s][info   ][gc,stats       ]   Update Region States                2 us
[4.215s][info   ][gc,stats       ] Concurrent Mark Roots               942 us, parallelism: 0.91x
[4.215s][info   ][gc,stats       ]   CMR: <total>                      858 us
[4.215s][info   ][gc,stats       ]   CMR: Thread Roots                 282 us, workers (us): 282, ---, ---,
[4.215s][info   ][gc,stats       ]   CMR: VM Strong Roots               48 us, workers (us):  48, ---, ---,
[4.215s][info   ][gc,stats       ]   CMR: CLDG Roots                   527 us, workers (us): 527, ---, ---,
[4.215s][info   ][gc,stats       ] Concurrent Marking                12987 us
[4.215s][info   ][gc,stats       ] Pause Final Mark (G)                291 us
[4.215s][info   ][gc,stats       ] Pause Final Mark (N)                146 us
[4.215s][info   ][gc,stats       ]   Finish Mark                       102 us
[4.215s][info   ][gc,stats       ]   Update Region States                2 us
[4.215s][info   ][gc,stats       ]   Choose Collection Set              27 us
[4.215s][info   ][gc,stats       ]   Rebuild Free Set                    3 us
[4.215s][info   ][gc,stats       ] Concurrent Weak References           55 us, parallelism: 0.34x
[4.215s][info   ][gc,stats       ]   CWRF: <total>                      19 us
[4.215s][info   ][gc,stats       ]   CWRF: Weak References              19 us, workers (us):  19, ---, ---,
[4.215s][info   ][gc,stats       ] Concurrent Weak Roots               412 us
[4.215s][info   ][gc,stats       ]   Roots                             323 us, parallelism: 0.84x
[4.215s][info   ][gc,stats       ]     CWR: <total>                    270 us
[4.215s][info   ][gc,stats       ]     CWR: Code Cache Roots           127 us, workers (us): 127, ---, ---,
[4.215s][info   ][gc,stats       ]     CWR: VM Weak Roots              135 us, workers (us): 135, ---, ---,
[4.215s][info   ][gc,stats       ]     CWR: CLDG Roots                   8 us, workers (us):   8, ---, ---,
[4.215s][info   ][gc,stats       ]   Rendezvous                         85 us
[4.215s][info   ][gc,stats       ] Concurrent Cleanup                  737 us
[4.215s][info   ][gc,stats       ] Concurrent Class Unloading         3025 us
[4.215s][info   ][gc,stats       ]   Unlink Stale                     2798 us
[4.215s][info   ][gc,stats       ]     System Dictionary                25 us
[4.215s][info   ][gc,stats       ]     Weak Class Links                  1 us
[4.215s][info   ][gc,stats       ]     Code Roots                     2769 us
[4.215s][info   ][gc,stats       ]   Rendezvous                        116 us
[4.215s][info   ][gc,stats       ]   Purge Unlinked                     98 us
[4.215s][info   ][gc,stats       ]     Code Roots                       89 us
[4.215s][info   ][gc,stats       ]     CLDG                              7 us
[4.215s][info   ][gc,stats       ]     Exception Caches                  0 us
[4.215s][info   ][gc,stats       ] Pause Final Roots (G)               220 us
[4.215s][info   ][gc,stats       ] Pause Final Roots (N)                 7 us
[4.215s][info   ][gc,stats       ] Pacing                            35626 us
[4.215s][info   ][gc,stats       ]
[4.215s][info   ][gc,stats       ] Allocation pacing accrued:
[4.215s][info   ][gc,stats       ]      36 of    63 ms ( 57.0%): thread3
[4.215s][info   ][gc,stats       ]      36 of    63 ms ( 57.0%): <total>
[4.215s][info   ][gc,stats       ]       2 of    63 ms (  3.2%): <average total>
[4.215s][info   ][gc,stats       ]      36 of    63 ms ( 57.0%): <average non-zero>
[4.215s][info   ][gc,stats       ]
[4.291s][info   ][safepoint,stats] ShenandoahInitMark           [             18               1 ][           121500      38500     308500     468500 ]               1
[4.306s][info   ][safepoint,stats] ShenandoahFinalMarkStartEvac [             18               1 ][            21500      50700     201600     273800 ]               1
[4.310s][info   ][safepoint,stats] ShenandoahFinalRoots         [             18               1 ][            23100      44300      32200      99600 ]               1
[4.310s][info   ][gc,stats       ]
[4.310s][info   ][gc,stats       ] All times are wall-clock times, except per-root-class counters, that are sum over
[4.310s][info   ][gc,stats       ] all workers. Dividing the <total> over the root stage time estimates parallelism.
[4.310s][info   ][gc,stats       ]
[4.310s][info   ][gc,stats       ] Concurrent Reset                    102 us
[4.310s][info   ][gc,stats       ] Pause Init Mark (G)                 564 us
[4.310s][info   ][gc,stats       ] Pause Init Mark (N)                  63 us
[4.310s][info   ][gc,stats       ]   Update Region States                2 us
[4.310s][info   ][gc,stats       ] Concurrent Mark Roots              1063 us, parallelism: 0.94x
[4.310s][info   ][gc,stats       ]   CMR: <total>                      997 us
[4.310s][info   ][gc,stats       ]   CMR: Thread Roots                 316 us, workers (us): 316, ---, ---,
[4.310s][info   ][gc,stats       ]   CMR: VM Strong Roots               56 us, workers (us):  56, ---, ---,
[4.310s][info   ][gc,stats       ]   CMR: CLDG Roots                   625 us, workers (us): 625, ---, ---,
[4.310s][info   ][gc,stats       ] Concurrent Marking                12778 us
[4.310s][info   ][gc,stats       ] Pause Final Mark (G)                382 us
[4.310s][info   ][gc,stats       ] Pause Final Mark (N)                158 us
[4.310s][info   ][gc,stats       ]   Finish Mark                        88 us
[4.310s][info   ][gc,stats       ]   Update Region States                4 us
[4.310s][info   ][gc,stats       ]   Choose Collection Set              40 us
[4.310s][info   ][gc,stats       ]   Rebuild Free Set                    5 us
[4.310s][info   ][gc,stats       ] Concurrent Weak References           68 us, parallelism: 0.64x
[4.310s][info   ][gc,stats       ]   CWRF: <total>                      43 us
[4.310s][info   ][gc,stats       ]   CWRF: Weak References              43 us, workers (us):  43, ---, ---,
[4.310s][info   ][gc,stats       ] Concurrent Weak Roots               622 us
[4.310s][info   ][gc,stats       ]   Roots                             516 us, parallelism: 0.91x
[4.310s][info   ][gc,stats       ]     CWR: <total>                    468 us
[4.310s][info   ][gc,stats       ]     CWR: Code Cache Roots           175 us, workers (us): 175, ---, ---,
[4.310s][info   ][gc,stats       ]     CWR: VM Weak Roots              283 us, workers (us): 283, ---, ---,
[4.310s][info   ][gc,stats       ]     CWR: CLDG Roots                  10 us, workers (us):  10, ---, ---,
[4.310s][info   ][gc,stats       ]   Rendezvous                        101 us
[4.310s][info   ][gc,stats       ] Concurrent Cleanup                  741 us
[4.310s][info   ][gc,stats       ] Concurrent Class Unloading         2508 us
[4.310s][info   ][gc,stats       ]   Unlink Stale                     2328 us
[4.310s][info   ][gc,stats       ]     System Dictionary                14 us
[4.310s][info   ][gc,stats       ]     Weak Class Links                  1 us
[4.310s][info   ][gc,stats       ]     Code Roots                     2311 us
[4.310s][info   ][gc,stats       ]   Rendezvous                         99 us
[4.310s][info   ][gc,stats       ]   Purge Unlinked                     72 us
[4.310s][info   ][gc,stats       ]     Code Roots                       64 us
[4.310s][info   ][gc,stats       ]     CLDG                              7 us
[4.310s][info   ][gc,stats       ]     Exception Caches                  0 us
[4.310s][info   ][gc,stats       ] Pause Final Roots (G)               201 us
[4.310s][info   ][gc,stats       ] Pause Final Roots (N)                 6 us
[4.310s][info   ][gc,stats       ] Pacing                            64139 us
[4.310s][info   ][gc,stats       ]
[4.310s][info   ][gc,stats       ] Allocation pacing accrued:
[4.310s][info   ][gc,stats       ]      64 of    95 ms ( 67.5%): thread3
[4.310s][info   ][gc,stats       ]      64 of    95 ms ( 67.5%): <total>
[4.310s][info   ][gc,stats       ]       4 of    95 ms (  3.7%): <average total>
[4.310s][info   ][gc,stats       ]      64 of    95 ms ( 67.5%): <average non-zero>
[4.310s][info   ][gc,stats       ]
[4.336s][info   ][safepoint,stats] ShenandoahDegeneratedGC      [             18               1 ][           126400      71300   14442400   14640100 ]               1
[4.336s][info   ][gc,stats       ]
[4.336s][info   ][gc,stats       ] All times are wall-clock times, except per-root-class counters, that are sum over
[4.336s][info   ][gc,stats       ] all workers. Dividing the <total> over the root stage time estimates parallelism.
[4.336s][info   ][gc,stats       ]
[4.336s][info   ][gc,stats       ] Pause Degenerated GC (G)          14742 us
[4.336s][info   ][gc,stats       ] Pause Degenerated GC (N)          14397 us
[4.336s][info   ][gc,stats       ]   Degen STW Mark                   5025 us, parallelism: 2.94x
[4.336s][info   ][gc,stats       ]     DSM: <total>                  14749 us
[4.336s][info   ][gc,stats       ]     DSM: Thread Roots               232 us, workers (us):  79,  71,  82,
[4.336s][info   ][gc,stats       ]     DSM: VM Strong Roots             56 us, workers (us):  42,   0,  13,
[4.336s][info   ][gc,stats       ]     DSM: CLDG Roots                 260 us, workers (us):   6, 251,   3,
[4.336s][info   ][gc,stats       ]     DSM: Parallel Mark            14202 us, workers (us): 4798, 4598, 4806,
[4.336s][info   ][gc,stats       ]     System Purge                   5146 us
[4.336s][info   ][gc,stats       ]       Weak References                78 us, parallelism: 0.64x
[4.336s][info   ][gc,stats       ]         WRP: <total>                 50 us
[4.336s][info   ][gc,stats       ]         WRP: Weak References         50 us, workers (us):  12,  34,   4,
[4.336s][info   ][gc,stats       ]       Unload Classes               4816 us, parallelism: 0.44x
[4.336s][info   ][gc,stats       ]         DCU: <total>               2123 us
[4.336s][info   ][gc,stats       ]         DCU: Unload Code Caches     2123 us, workers (us): 731, 710, 682,
[4.336s][info   ][gc,stats       ]       Weak Roots                    217 us, parallelism: 2.35x
[4.336s][info   ][gc,stats       ]         DWR: <total>                511 us
[4.336s][info   ][gc,stats       ]         DWR: VM Weak Roots          511 us, workers (us): 175, 171, 164,
[4.336s][info   ][gc,stats       ]       CLDG                            1 us
[4.336s][info   ][gc,stats       ]   Update Region States                2 us
[4.336s][info   ][gc,stats       ]   Manage GC/TLABs                     8 us
[4.336s][info   ][gc,stats       ]   Choose Collection Set              11 us
[4.336s][info   ][gc,stats       ]   Rebuild Free Set                    3 us
[4.336s][info   ][gc,stats       ]   Evacuation                        810 us
[4.336s][info   ][gc,stats       ]   Manage GCLABs                      11 us
[4.336s][info   ][gc,stats       ]   Update References                1901 us
[4.336s][info   ][gc,stats       ]   Update Region States                3 us
[4.336s][info   ][gc,stats       ]   Trash Collection Set                3 us
[4.336s][info   ][gc,stats       ]   Rebuild Free Set                    4 us
[4.336s][info   ][gc,stats       ]   Degen Update Roots               1103 us, parallelism: 1.39x
[4.336s][info   ][gc,stats       ]     DU: <total>                    1530 us
[4.336s][info   ][gc,stats       ]     DU: Thread Roots                 59 us, workers (us):  55,   1,   2,
[4.336s][info   ][gc,stats       ]     DU: Code Cache Roots            848 us, workers (us):  60, 389, 400,
[4.336s][info   ][gc,stats       ]     DU: VM Strong Roots              11 us, workers (us):   5,   4,   1,
[4.336s][info   ][gc,stats       ]     DU: VM Weak Roots               545 us, workers (us): 180, 187, 178,
[4.336s][info   ][gc,stats       ]     DU: CLDG Roots                   66 us, workers (us):  54,   5,   7,
[4.336s][info   ][gc,stats       ]   Cleanup                            62 us
[4.336s][info   ][gc,stats       ]
[4.336s][info   ][gc,stats       ] Allocation pacing accrued:
[4.336s][info   ][gc,stats       ]       0 of    26 ms (  0.0%): <total>
[4.336s][info   ][gc,stats       ]       0 of    26 ms (  0.0%): <average total>
[4.336s][info   ][gc,stats       ]
[4.493s][info   ][safepoint,stats] ShenandoahInitMark           [             18               2 ][            64400      43800      54000     162200 ]               1
thread: thread1, costs 1000 ms
[4.507s][info   ][safepoint,stats] ShenandoahFinalMarkStartEvac [             18               1 ][            16000      57400     153800     227200 ]               1
[4.511s][info   ][safepoint,stats] ShenandoahFinalRoots         [             18               1 ][            38400      44400      37500     120300 ]               1
[4.511s][info   ][gc,stats       ]
[4.511s][info   ][gc,stats       ] All times are wall-clock times, except per-root-class counters, that are sum over
[4.511s][info   ][gc,stats       ] all workers. Dividing the <total> over the root stage time estimates parallelism.
[4.511s][info   ][gc,stats       ]
[4.511s][info   ][gc,stats       ] Concurrent Reset                     94 us
[4.511s][info   ][gc,stats       ] Pause Init Mark (G)                 229 us
[4.511s][info   ][gc,stats       ] Pause Init Mark (N)                  28 us
[4.511s][info   ][gc,stats       ]   Update Region States                1 us
[4.511s][info   ][gc,stats       ] Concurrent Mark Roots               659 us, parallelism: 0.88x
[4.511s][info   ][gc,stats       ]   CMR: <total>                      579 us
[4.511s][info   ][gc,stats       ]   CMR: Thread Roots                 199 us, workers (us): 199, ---, ---,
[4.511s][info   ][gc,stats       ]   CMR: VM Strong Roots               44 us, workers (us):  44, ---, ---,
[4.511s][info   ][gc,stats       ]   CMR: CLDG Roots                   336 us, workers (us): 336, ---, ---,
[4.511s][info   ][gc,stats       ] Concurrent Marking                12632 us
[4.511s][info   ][gc,stats       ] Pause Final Mark (G)                312 us
[4.511s][info   ][gc,stats       ] Pause Final Mark (N)                117 us
[4.511s][info   ][gc,stats       ]   Finish Mark                        76 us
[4.511s][info   ][gc,stats       ]   Update Region States                2 us
[4.511s][info   ][gc,stats       ]   Choose Collection Set              23 us
[4.511s][info   ][gc,stats       ]   Rebuild Free Set                    3 us
[4.511s][info   ][gc,stats       ] Concurrent Weak References          127 us, parallelism: 0.35x
[4.511s][info   ][gc,stats       ]   CWRF: <total>                      44 us
[4.511s][info   ][gc,stats       ]   CWRF: Weak References              44 us, workers (us):  44, ---, ---,
[4.511s][info   ][gc,stats       ] Concurrent Weak Roots               455 us
[4.511s][info   ][gc,stats       ]   Roots                             344 us, parallelism: 0.79x
[4.511s][info   ][gc,stats       ]     CWR: <total>                    271 us
[4.511s][info   ][gc,stats       ]     CWR: Code Cache Roots           125 us, workers (us): 125, ---, ---,
[4.511s][info   ][gc,stats       ]     CWR: VM Weak Roots              138 us, workers (us): 138, ---, ---,
[4.511s][info   ][gc,stats       ]     CWR: CLDG Roots                   8 us, workers (us):   8, ---, ---,
[4.511s][info   ][gc,stats       ]   Rendezvous                        103 us
[4.511s][info   ][gc,stats       ] Concurrent Cleanup                  577 us
[4.511s][info   ][gc,stats       ] Concurrent Class Unloading         2439 us
[4.511s][info   ][gc,stats       ]   Unlink Stale                     2142 us
[4.511s][info   ][gc,stats       ]     System Dictionary                15 us
[4.511s][info   ][gc,stats       ]     Weak Class Links                  0 us
[4.511s][info   ][gc,stats       ]     Code Roots                     2124 us
[4.511s][info   ][gc,stats       ]   Rendezvous                        156 us
[4.511s][info   ][gc,stats       ]   Purge Unlinked                    128 us
[4.511s][info   ][gc,stats       ]     Code Roots                      117 us
[4.511s][info   ][gc,stats       ]     CLDG                             10 us
[4.511s][info   ][gc,stats       ]     Exception Caches                  0 us
[4.511s][info   ][gc,stats       ] Pause Final Roots (G)               215 us
[4.511s][info   ][gc,stats       ] Pause Final Roots (N)                 7 us
[4.511s][info   ][gc,stats       ] Pacing                           173178 us
[4.511s][info   ][gc,stats       ]
[4.511s][info   ][gc,stats       ] Allocation pacing accrued:
[4.511s][info   ][gc,stats       ]      23 of   175 ms ( 13.3%): thread1
[4.511s][info   ][gc,stats       ]     150 of   175 ms ( 85.6%): thread3
[4.511s][info   ][gc,stats       ]     173 of   175 ms ( 98.9%): <total>
[4.511s][info   ][gc,stats       ]      10 of   175 ms (  5.5%): <average total>
[4.511s][info   ][gc,stats       ]      87 of   175 ms ( 49.4%): <average non-zero>
[4.511s][info   ][gc,stats       ]
[4.571s][info   ][safepoint,stats] ShenandoahInitMark           [             18               1 ][           128200      40000      76000     244200 ]               1
[4.585s][info   ][safepoint,stats] ShenandoahFinalMarkStartEvac [             18               1 ][            21200      44300     194500     260000 ]               1
[4.589s][info   ][safepoint,stats] ShenandoahFinalRoots         [             18               1 ][            16000      43200      44900     104100 ]               1
[4.590s][info   ][gc,stats       ]
[4.590s][info   ][gc,stats       ] All times are wall-clock times, except per-root-class counters, that are sum over
[4.590s][info   ][gc,stats       ] all workers. Dividing the <total> over the root stage time estimates parallelism.
[4.590s][info   ][gc,stats       ]
[4.590s][info   ][gc,stats       ] Concurrent Reset                     97 us
[4.590s][info   ][gc,stats       ] Pause Init Mark (G)                 327 us
[4.590s][info   ][gc,stats       ] Pause Init Mark (N)                  49 us
[4.590s][info   ][gc,stats       ]   Update Region States                1 us
[4.590s][info   ][gc,stats       ] Concurrent Mark Roots              1146 us, parallelism: 0.94x
[4.590s][info   ][gc,stats       ]   CMR: <total>                     1080 us
[4.590s][info   ][gc,stats       ]   CMR: Thread Roots                 420 us, workers (us): 420, ---, ---,
[4.590s][info   ][gc,stats       ]   CMR: VM Strong Roots               53 us, workers (us):  53, ---, ---,
[4.590s][info   ][gc,stats       ]   CMR: CLDG Roots                   607 us, workers (us): 607, ---, ---,
[4.590s][info   ][gc,stats       ] Concurrent Marking                12391 us
[4.590s][info   ][gc,stats       ] Pause Final Mark (G)                361 us
[4.590s][info   ][gc,stats       ] Pause Final Mark (N)                151 us
[4.590s][info   ][gc,stats       ]   Finish Mark                        89 us
[4.590s][info   ][gc,stats       ]   Update Region States                3 us
[4.590s][info   ][gc,stats       ]   Choose Collection Set              36 us
[4.590s][info   ][gc,stats       ]   Rebuild Free Set                    4 us
[4.590s][info   ][gc,stats       ] Concurrent Weak References           68 us, parallelism: 0.28x
[4.590s][info   ][gc,stats       ]   CWRF: <total>                      19 us
[4.590s][info   ][gc,stats       ]   CWRF: Weak References              19 us, workers (us):  19, ---, ---,
[4.590s][info   ][gc,stats       ] Concurrent Weak Roots               408 us
[4.590s][info   ][gc,stats       ]   Roots                             317 us, parallelism: 0.84x
[4.590s][info   ][gc,stats       ]     CWR: <total>                    268 us
[4.590s][info   ][gc,stats       ]     CWR: Code Cache Roots           125 us, workers (us): 125, ---, ---,
[4.590s][info   ][gc,stats       ]     CWR: VM Weak Roots              138 us, workers (us): 138, ---, ---,
[4.590s][info   ][gc,stats       ]     CWR: CLDG Roots                   5 us, workers (us):   5, ---, ---,
[4.590s][info   ][gc,stats       ]   Rendezvous                         86 us
[4.590s][info   ][gc,stats       ] Concurrent Cleanup                  608 us
[4.590s][info   ][gc,stats       ] Concurrent Class Unloading         3186 us
[4.590s][info   ][gc,stats       ]   Unlink Stale                     3002 us
[4.590s][info   ][gc,stats       ]     System Dictionary                16 us
[4.590s][info   ][gc,stats       ]     Weak Class Links                  1 us
[4.590s][info   ][gc,stats       ]     Code Roots                     2983 us
[4.590s][info   ][gc,stats       ]   Rendezvous                         94 us
[4.590s][info   ][gc,stats       ]   Purge Unlinked                     80 us
[4.590s][info   ][gc,stats       ]     Code Roots                       71 us
[4.590s][info   ][gc,stats       ]     CLDG                              7 us
[4.590s][info   ][gc,stats       ]     Exception Caches                  0 us
[4.590s][info   ][gc,stats       ] Pause Final Roots (G)               176 us
[4.590s][info   ][gc,stats       ] Pause Final Roots (N)                 7 us
[4.590s][info   ][gc,stats       ] Pacing                            50854 us
[4.590s][info   ][gc,stats       ]
[4.590s][info   ][gc,stats       ] Allocation pacing accrued:
[4.590s][info   ][gc,stats       ]      51 of    79 ms ( 64.6%): thread3
[4.590s][info   ][gc,stats       ]      51 of    79 ms ( 64.6%): <total>
[4.590s][info   ][gc,stats       ]       3 of    79 ms (  3.6%): <average total>
[4.590s][info   ][gc,stats       ]      51 of    79 ms ( 64.6%): <average non-zero>
[4.590s][info   ][gc,stats       ]
[4.651s][info   ][safepoint,stats] ShenandoahInitMark           [             18               1 ][            62500      18900     111700     193100 ]               1
[4.665s][info   ][safepoint,stats] ShenandoahFinalMarkStartEvac [             18               1 ][            16000      44100     186100     246200 ]               1
[4.669s][info   ][safepoint,stats] ShenandoahFinalRoots         [             18               1 ][            18100      44200      32000      94300 ]               1
[4.669s][info   ][gc,stats       ]
[4.669s][info   ][gc,stats       ] All times are wall-clock times, except per-root-class counters, that are sum over
[4.669s][info   ][gc,stats       ] all workers. Dividing the <total> over the root stage time estimates parallelism.
[4.669s][info   ][gc,stats       ]
[4.669s][info   ][gc,stats       ] Concurrent Reset                     61 us
[4.669s][info   ][gc,stats       ] Pause Init Mark (G)                 303 us
[4.669s][info   ][gc,stats       ] Pause Init Mark (N)                  24 us
[4.669s][info   ][gc,stats       ]   Update Region States                1 us
[4.669s][info   ][gc,stats       ] Concurrent Mark Roots               936 us, parallelism: 0.95x
[4.669s][info   ][gc,stats       ]   CMR: <total>                      886 us
[4.669s][info   ][gc,stats       ]   CMR: Thread Roots                 414 us, workers (us): 414, ---, ---,
[4.669s][info   ][gc,stats       ]   CMR: VM Strong Roots               24 us, workers (us):  24, ---, ---,
[4.669s][info   ][gc,stats       ]   CMR: CLDG Roots                   448 us, workers (us): 448, ---, ---,
[4.669s][info   ][gc,stats       ] Concurrent Marking                12599 us
[4.669s][info   ][gc,stats       ] Pause Final Mark (G)                331 us
[4.669s][info   ][gc,stats       ] Pause Final Mark (N)                149 us
[4.669s][info   ][gc,stats       ]   Finish Mark                       105 us
[4.669s][info   ][gc,stats       ]   Update Region States                2 us
[4.669s][info   ][gc,stats       ]   Choose Collection Set              25 us
[4.669s][info   ][gc,stats       ]   Rebuild Free Set                    3 us
[4.669s][info   ][gc,stats       ] Concurrent Weak References           67 us, parallelism: 0.29x
[4.669s][info   ][gc,stats       ]   CWRF: <total>                      19 us
[4.669s][info   ][gc,stats       ]   CWRF: Weak References              19 us, workers (us):  19, ---, ---,
[4.669s][info   ][gc,stats       ] Concurrent Weak Roots               443 us
[4.669s][info   ][gc,stats       ]   Roots                             320 us, parallelism: 0.83x
[4.669s][info   ][gc,stats       ]     CWR: <total>                    267 us
[4.669s][info   ][gc,stats       ]     CWR: Code Cache Roots           123 us, workers (us): 123, ---, ---,
[4.669s][info   ][gc,stats       ]     CWR: VM Weak Roots              138 us, workers (us): 138, ---, ---,
[4.669s][info   ][gc,stats       ]     CWR: CLDG Roots                   5 us, workers (us):   5, ---, ---,
[4.669s][info   ][gc,stats       ]   Rendezvous                        120 us
[4.669s][info   ][gc,stats       ] Concurrent Cleanup                  688 us
[4.669s][info   ][gc,stats       ] Concurrent Class Unloading         2353 us
[4.669s][info   ][gc,stats       ]   Unlink Stale                     2166 us
[4.669s][info   ][gc,stats       ]     System Dictionary                17 us
[4.669s][info   ][gc,stats       ]     Weak Class Links                  1 us
[4.669s][info   ][gc,stats       ]     Code Roots                     2145 us
[4.669s][info   ][gc,stats       ]   Rendezvous                        110 us
[4.669s][info   ][gc,stats       ]   Purge Unlinked                     68 us
[4.669s][info   ][gc,stats       ]     Code Roots                       64 us
[4.669s][info   ][gc,stats       ]     CLDG                              4 us
[4.669s][info   ][gc,stats       ]     Exception Caches                  0 us
[4.669s][info   ][gc,stats       ] Pause Final Roots (G)               173 us
[4.669s][info   ][gc,stats       ] Pause Final Roots (N)                 5 us
[4.669s][info   ][gc,stats       ] Pacing                            54549 us
[4.669s][info   ][gc,stats       ]
[4.669s][info   ][gc,stats       ] Allocation pacing accrued:
[4.669s][info   ][gc,stats       ]      55 of    79 ms ( 68.9%): thread3
[4.669s][info   ][gc,stats       ]      55 of    79 ms ( 68.9%): <total>
[4.669s][info   ][gc,stats       ]       3 of    79 ms (  3.8%): <average total>
[4.669s][info   ][gc,stats       ]      55 of    79 ms ( 68.9%): <average non-zero>
[4.669s][info   ][gc,stats       ]
[4.729s][info   ][safepoint,stats] ShenandoahInitMark           [             18               2 ][            78300      24600     127900     230800 ]               1
[4.743s][info   ][safepoint,stats] ShenandoahFinalMarkStartEvac [             18               1 ][            19900      43500     181300     244700 ]               1
[4.747s][info   ][safepoint,stats] ShenandoahFinalRoots         [             18               1 ][            19400      47700      37000     104100 ]               1
[4.747s][info   ][gc,stats       ]
[4.747s][info   ][gc,stats       ] All times are wall-clock times, except per-root-class counters, that are sum over
[4.747s][info   ][gc,stats       ] all workers. Dividing the <total> over the root stage time estimates parallelism.
[4.747s][info   ][gc,stats       ]
[4.747s][info   ][gc,stats       ] Concurrent Reset                    123 us
[4.747s][info   ][gc,stats       ] Pause Init Mark (G)                 336 us
[4.747s][info   ][gc,stats       ] Pause Init Mark (N)                  74 us
[4.747s][info   ][gc,stats       ]   Update Region States                4 us
[4.747s][info   ][gc,stats       ] Concurrent Mark Roots              1135 us, parallelism: 0.94x
[4.747s][info   ][gc,stats       ]   CMR: <total>                     1067 us
[4.747s][info   ][gc,stats       ]   CMR: Thread Roots                 359 us, workers (us): 359, ---, ---,
[4.747s][info   ][gc,stats       ]   CMR: VM Strong Roots               58 us, workers (us):  58, ---, ---,
[4.747s][info   ][gc,stats       ]   CMR: CLDG Roots                   649 us, workers (us): 649, ---, ---,
[4.747s][info   ][gc,stats       ] Concurrent Marking                12337 us
[4.747s][info   ][gc,stats       ] Pause Final Mark (G)                326 us
[4.747s][info   ][gc,stats       ] Pause Final Mark (N)                142 us
[4.747s][info   ][gc,stats       ]   Finish Mark                       100 us
[4.747s][info   ][gc,stats       ]   Update Region States                2 us
[4.747s][info   ][gc,stats       ]   Choose Collection Set              23 us
[4.747s][info   ][gc,stats       ]   Rebuild Free Set                    3 us
[4.747s][info   ][gc,stats       ] Concurrent Weak References           69 us, parallelism: 0.28x
[4.747s][info   ][gc,stats       ]   CWRF: <total>                      19 us
[4.747s][info   ][gc,stats       ]   CWRF: Weak References              19 us, workers (us):  19, ---, ---,
[4.747s][info   ][gc,stats       ] Concurrent Weak Roots               623 us
[4.747s][info   ][gc,stats       ]   Roots                             510 us, parallelism: 0.91x
[4.747s][info   ][gc,stats       ]     CWR: <total>                    463 us
[4.747s][info   ][gc,stats       ]     CWR: Code Cache Roots           166 us, workers (us): 166, ---, ---,
[4.747s][info   ][gc,stats       ]     CWR: VM Weak Roots              286 us, workers (us): 286, ---, ---,
[4.747s][info   ][gc,stats       ]     CWR: CLDG Roots                  11 us, workers (us):  11, ---, ---,
[4.747s][info   ][gc,stats       ]   Rendezvous                        109 us
[4.747s][info   ][gc,stats       ] Concurrent Cleanup                  551 us
[4.747s][info   ][gc,stats       ] Concurrent Class Unloading         2289 us
[4.747s][info   ][gc,stats       ]   Unlink Stale                     2097 us
[4.747s][info   ][gc,stats       ]     System Dictionary                16 us
[4.747s][info   ][gc,stats       ]     Weak Class Links                  0 us
[4.747s][info   ][gc,stats       ]     Code Roots                     2078 us
[4.747s][info   ][gc,stats       ]   Rendezvous                        107 us
[4.747s][info   ][gc,stats       ]   Purge Unlinked                     76 us
[4.747s][info   ][gc,stats       ]     Code Roots                       71 us
[4.747s][info   ][gc,stats       ]     CLDG                              5 us
[4.747s][info   ][gc,stats       ]     Exception Caches                  0 us
[4.747s][info   ][gc,stats       ] Pause Final Roots (G)               187 us
[4.747s][info   ][gc,stats       ] Pause Final Roots (N)                 6 us
[4.747s][info   ][gc,stats       ] Pacing                            56541 us
[4.747s][info   ][gc,stats       ]
[4.747s][info   ][gc,stats       ] Allocation pacing accrued:
[4.747s][info   ][gc,stats       ]      57 of    78 ms ( 72.4%): thread3
[4.747s][info   ][gc,stats       ]      57 of    78 ms ( 72.4%): <total>
[4.747s][info   ][gc,stats       ]       3 of    78 ms (  4.0%): <average total>
[4.747s][info   ][gc,stats       ]      57 of    78 ms ( 72.4%): <average non-zero>
[4.747s][info   ][gc,stats       ]
[4.840s][info   ][safepoint,stats] ShenandoahInitMark           [             18               1 ][            65900      45100     124300     235300 ]               1
[4.853s][info   ][safepoint,stats] ShenandoahFinalMarkStartEvac [             18               1 ][            25800      56700     153300     235800 ]               1
[4.857s][info   ][safepoint,stats] ShenandoahFinalRoots         [             18               1 ][            20200      48400      29300      97900 ]               1
[4.857s][info   ][gc,stats       ]
[4.857s][info   ][gc,stats       ] All times are wall-clock times, except per-root-class counters, that are sum over
[4.857s][info   ][gc,stats       ] all workers. Dividing the <total> over the root stage time estimates parallelism.
[4.857s][info   ][gc,stats       ]
[4.857s][info   ][gc,stats       ] Concurrent Reset                    152 us
[4.857s][info   ][gc,stats       ] Pause Init Mark (G)                 372 us
[4.857s][info   ][gc,stats       ] Pause Init Mark (N)                  58 us
[4.857s][info   ][gc,stats       ]   Update Region States                2 us
[4.857s][info   ][gc,stats       ] Concurrent Mark Roots               529 us, parallelism: 0.87x
[4.858s][info   ][gc,stats       ]   CMR: <total>                      462 us
[4.858s][info   ][gc,stats       ]   CMR: Thread Roots                 203 us, workers (us): 203, ---, ---,
[4.858s][info   ][gc,stats       ]   CMR: VM Strong Roots               22 us, workers (us):  22, ---, ---,
[4.858s][info   ][gc,stats       ]   CMR: CLDG Roots                   236 us, workers (us): 236, ---, ---,
[4.858s][info   ][gc,stats       ] Concurrent Marking                12257 us
[4.858s][info   ][gc,stats       ] Pause Final Mark (G)                316 us
[4.858s][info   ][gc,stats       ] Pause Final Mark (N)                117 us
[4.858s][info   ][gc,stats       ]   Finish Mark                        74 us
[4.858s][info   ][gc,stats       ]   Update Region States                2 us
[4.858s][info   ][gc,stats       ]   Choose Collection Set              25 us
[4.858s][info   ][gc,stats       ]   Rebuild Free Set                    2 us
[4.858s][info   ][gc,stats       ] Concurrent Weak References           87 us, parallelism: 0.23x
[4.858s][info   ][gc,stats       ]   CWRF: <total>                      20 us
[4.858s][info   ][gc,stats       ]   CWRF: Weak References              20 us, workers (us):  20, ---, ---,
[4.858s][info   ][gc,stats       ] Concurrent Weak Roots               452 us
[4.858s][info   ][gc,stats       ]   Roots                             343 us, parallelism: 0.79x
[4.858s][info   ][gc,stats       ]     CWR: <total>                    270 us
[4.858s][info   ][gc,stats       ]     CWR: Code Cache Roots           123 us, workers (us): 123, ---, ---,
[4.858s][info   ][gc,stats       ]     CWR: VM Weak Roots              139 us, workers (us): 139, ---, ---,
[4.858s][info   ][gc,stats       ]     CWR: CLDG Roots                   8 us, workers (us):   8, ---, ---,
[4.858s][info   ][gc,stats       ]   Rendezvous                        102 us
[4.858s][info   ][gc,stats       ] Concurrent Cleanup                  677 us
[4.858s][info   ][gc,stats       ] Concurrent Class Unloading         2466 us
[4.858s][info   ][gc,stats       ]   Unlink Stale                     2100 us
[4.858s][info   ][gc,stats       ]     System Dictionary                17 us
[4.858s][info   ][gc,stats       ]     Weak Class Links                  1 us
[4.858s][info   ][gc,stats       ]     Code Roots                     2081 us
[4.858s][info   ][gc,stats       ]   Rendezvous                        307 us
[4.858s][info   ][gc,stats       ]   Purge Unlinked                     51 us
[4.858s][info   ][gc,stats       ]     Code Roots                       46 us
[4.858s][info   ][gc,stats       ]     CLDG                              4 us
[4.858s][info   ][gc,stats       ]     Exception Caches                  0 us
[4.858s][info   ][gc,stats       ] Pause Final Roots (G)               193 us
[4.858s][info   ][gc,stats       ] Pause Final Roots (N)                 5 us
[4.858s][info   ][gc,stats       ] Pacing                            83974 us
[4.858s][info   ][gc,stats       ]
[4.858s][info   ][gc,stats       ] Allocation pacing accrued:
[4.858s][info   ][gc,stats       ]      84 of   111 ms ( 75.8%): thread3
[4.858s][info   ][gc,stats       ]      84 of   111 ms ( 75.8%): <total>
[4.858s][info   ][gc,stats       ]       5 of   111 ms (  4.2%): <average total>
[4.858s][info   ][gc,stats       ]      84 of   111 ms ( 75.8%): <average non-zero>
[4.858s][info   ][gc,stats       ]
[4.952s][info   ][safepoint,stats] VM Operation                 [ threads: total initial_running ][ time:       sync    cleanup       vmop      total ] page_trap_count
[4.952s][info   ][safepoint,stats] ShenandoahInitMark           [             18               1 ][            71100      35000     300300     406400 ]               1
[4.965s][info   ][safepoint,stats] ShenandoahFinalMarkStartEvac [             18               1 ][            19000      34500     161000     214500 ]               1
[4.969s][info   ][safepoint,stats] ShenandoahFinalRoots         [             18               1 ][            23200      50500      29900     103600 ]               1
[4.969s][info   ][gc,stats       ]
[4.969s][info   ][gc,stats       ] All times are wall-clock times, except per-root-class counters, that are sum over
[4.969s][info   ][gc,stats       ] all workers. Dividing the <total> over the root stage time estimates parallelism.
[4.969s][info   ][gc,stats       ]
[4.969s][info   ][gc,stats       ] Concurrent Reset                    109 us
[4.969s][info   ][gc,stats       ] Pause Init Mark (G)                 498 us
[4.969s][info   ][gc,stats       ] Pause Init Mark (N)                  59 us
[4.969s][info   ][gc,stats       ]   Update Region States                1 us
[4.969s][info   ][gc,stats       ] Concurrent Mark Roots               551 us, parallelism: 0.91x
[4.969s][info   ][gc,stats       ]   CMR: <total>                      502 us
[4.969s][info   ][gc,stats       ]   CMR: Thread Roots                 201 us, workers (us): 201, ---, ---,
[4.969s][info   ][gc,stats       ]   CMR: VM Strong Roots               28 us, workers (us):  28, ---, ---,
[4.969s][info   ][gc,stats       ]   CMR: CLDG Roots                   273 us, workers (us): 273, ---, ---,
[4.969s][info   ][gc,stats       ] Concurrent Marking                12091 us
[4.969s][info   ][gc,stats       ] Pause Final Mark (G)                300 us
[4.969s][info   ][gc,stats       ] Pause Final Mark (N)                120 us
[4.969s][info   ][gc,stats       ]   Finish Mark                        74 us
[4.969s][info   ][gc,stats       ]   Update Region States                2 us
[4.969s][info   ][gc,stats       ]   Choose Collection Set              24 us
[4.969s][info   ][gc,stats       ]   Rebuild Free Set                    2 us
[4.969s][info   ][gc,stats       ] Concurrent Weak References           73 us, parallelism: 0.33x
[4.969s][info   ][gc,stats       ]   CWRF: <total>                      24 us
[4.969s][info   ][gc,stats       ]   CWRF: Weak References              24 us, workers (us):  24, ---, ---,
[4.969s][info   ][gc,stats       ] Concurrent Weak Roots               438 us
[4.969s][info   ][gc,stats       ]   Roots                             335 us, parallelism: 0.84x
[4.969s][info   ][gc,stats       ]     CWR: <total>                    282 us
[4.969s][info   ][gc,stats       ]     CWR: Code Cache Roots           131 us, workers (us): 131, ---, ---,
[4.969s][info   ][gc,stats       ]     CWR: VM Weak Roots              141 us, workers (us): 141, ---, ---,
[4.969s][info   ][gc,stats       ]     CWR: CLDG Roots                  10 us, workers (us):  10, ---, ---,
[4.969s][info   ][gc,stats       ]   Rendezvous                        100 us
[4.969s][info   ][gc,stats       ] Concurrent Cleanup                  557 us
[4.969s][info   ][gc,stats       ] Concurrent Class Unloading         2570 us
[4.969s][info   ][gc,stats       ]   Unlink Stale                     2393 us
[4.969s][info   ][gc,stats       ]     System Dictionary                14 us
[4.969s][info   ][gc,stats       ]     Weak Class Links                  0 us
[4.969s][info   ][gc,stats       ]     Code Roots                     2374 us
[4.969s][info   ][gc,stats       ]   Rendezvous                         87 us
[4.969s][info   ][gc,stats       ]   Purge Unlinked                     83 us
[4.969s][info   ][gc,stats       ]     Code Roots                       76 us
[4.969s][info   ][gc,stats       ]     CLDG                              6 us
[4.969s][info   ][gc,stats       ]     Exception Caches                  0 us
[4.969s][info   ][gc,stats       ] Pause Final Roots (G)               180 us
[4.969s][info   ][gc,stats       ] Pause Final Roots (N)                 6 us
[4.969s][info   ][gc,stats       ] Pacing                            87882 us
[4.969s][info   ][gc,stats       ]
[4.969s][info   ][gc,stats       ] Allocation pacing accrued:
[4.969s][info   ][gc,stats       ]      88 of   112 ms ( 78.7%): thread3
[4.969s][info   ][gc,stats       ]      88 of   112 ms ( 78.7%): <total>
[4.969s][info   ][gc,stats       ]       5 of   112 ms (  4.4%): <average total>
[4.969s][info   ][gc,stats       ]      88 of   112 ms ( 78.7%): <average non-zero>
[4.969s][info   ][gc,stats       ]
[5.032s][info   ][safepoint,stats] ShenandoahInitMark           [             18               1 ][            60800      30100      88100     179000 ]               1
[5.046s][info   ][safepoint,stats] ShenandoahFinalMarkStartEvac [             18               1 ][            21600      47200     199500     268300 ]               1
[5.050s][info   ][safepoint,stats] ShenandoahFinalRoots         [             18               1 ][            18600      34300      32600      85500 ]               1
[5.050s][info   ][gc,stats       ]
[5.050s][info   ][gc,stats       ] All times are wall-clock times, except per-root-class counters, that are sum over
[5.050s][info   ][gc,stats       ] all workers. Dividing the <total> over the root stage time estimates parallelism.
[5.050s][info   ][gc,stats       ]
[5.050s][info   ][gc,stats       ] Concurrent Reset                    111 us
[5.050s][info   ][gc,stats       ] Pause Init Mark (G)                 258 us
[5.050s][info   ][gc,stats       ] Pause Init Mark (N)                  45 us
[5.050s][info   ][gc,stats       ]   Update Region States                1 us
[5.050s][info   ][gc,stats       ] Concurrent Mark Roots               559 us, parallelism: 0.89x
[5.050s][info   ][gc,stats       ]   CMR: <total>                      499 us
[5.050s][info   ][gc,stats       ]   CMR: Thread Roots                 246 us, workers (us): 246, ---, ---,
[5.050s][info   ][gc,stats       ]   CMR: VM Strong Roots               22 us, workers (us):  22, ---, ---,
[5.050s][info   ][gc,stats       ]   CMR: CLDG Roots                   231 us, workers (us): 231, ---, ---,
[5.050s][info   ][gc,stats       ] Concurrent Marking                12334 us
[5.050s][info   ][gc,stats       ] Pause Final Mark (G)                384 us
[5.050s][info   ][gc,stats       ] Pause Final Mark (N)                156 us
[5.050s][info   ][gc,stats       ]   Finish Mark                        90 us
[5.050s][info   ][gc,stats       ]   Update Region States                3 us
[5.050s][info   ][gc,stats       ]   Choose Collection Set              38 us
[5.050s][info   ][gc,stats       ]   Rebuild Free Set                    5 us
[5.050s][info   ][gc,stats       ] Concurrent Weak References          108 us, parallelism: 0.38x
[5.050s][info   ][gc,stats       ]   CWRF: <total>                      42 us
[5.050s][info   ][gc,stats       ]   CWRF: Weak References              42 us, workers (us):  42, ---, ---,
[5.050s][info   ][gc,stats       ] Concurrent Weak Roots               464 us
[5.050s][info   ][gc,stats       ]   Roots                             343 us, parallelism: 0.79x
[5.050s][info   ][gc,stats       ]     CWR: <total>                    271 us
[5.050s][info   ][gc,stats       ]     CWR: Code Cache Roots           124 us, workers (us): 124, ---, ---,
[5.050s][info   ][gc,stats       ]     CWR: VM Weak Roots              138 us, workers (us): 138, ---, ---,
[5.050s][info   ][gc,stats       ]     CWR: CLDG Roots                   9 us, workers (us):   9, ---, ---,
[5.050s][info   ][gc,stats       ]   Rendezvous                        114 us
[5.050s][info   ][gc,stats       ] Concurrent Cleanup                  888 us
[5.050s][info   ][gc,stats       ] Concurrent Class Unloading         3069 us
[5.050s][info   ][gc,stats       ]   Unlink Stale                     2856 us
[5.050s][info   ][gc,stats       ]     System Dictionary                21 us
[5.050s][info   ][gc,stats       ]     Weak Class Links                  1 us
[5.050s][info   ][gc,stats       ]     Code Roots                     2830 us
[5.051s][info   ][gc,stats       ]   Rendezvous                        118 us
[5.051s][info   ][gc,stats       ]   Purge Unlinked                     85 us
[5.051s][info   ][gc,stats       ]     Code Roots                       79 us
[5.051s][info   ][gc,stats       ]     CLDG                              5 us
[5.051s][info   ][gc,stats       ]     Exception Caches                  0 us
[5.051s][info   ][gc,stats       ] Pause Final Roots (G)               150 us
[5.051s][info   ][gc,stats       ] Pause Final Roots (N)                 6 us
[5.051s][info   ][gc,stats       ] Pacing                            53026 us
[5.051s][info   ][gc,stats       ]
[5.051s][info   ][gc,stats       ] Allocation pacing accrued:
[5.051s][info   ][gc,stats       ]      53 of    81 ms ( 65.3%): thread3
[5.051s][info   ][gc,stats       ]      53 of    81 ms ( 65.3%): <total>
[5.051s][info   ][gc,stats       ]       3 of    81 ms (  3.6%): <average total>
[5.051s][info   ][gc,stats       ]      53 of    81 ms ( 65.3%): <average non-zero>
[5.051s][info   ][gc,stats       ]
[5.080s][info   ][safepoint,stats] ShenandoahInitMark           [             18               1 ][            98800      25700     160000     284500 ]               1
[5.094s][info   ][safepoint,stats] ShenandoahFinalMarkStartEvac [             18               1 ][            20400      46800     192800     260000 ]               1
[5.099s][info   ][safepoint,stats] ShenandoahFinalRoots         [             18               1 ][            25900      43500      42200     111600 ]               1
[5.099s][info   ][gc,stats       ]
[5.099s][info   ][gc,stats       ] All times are wall-clock times, except per-root-class counters, that are sum over
[5.099s][info   ][gc,stats       ] all workers. Dividing the <total> over the root stage time estimates parallelism.
[5.099s][info   ][gc,stats       ]
[5.099s][info   ][gc,stats       ] Concurrent Reset                    151 us
[5.099s][info   ][gc,stats       ] Pause Init Mark (G)                 391 us
[5.099s][info   ][gc,stats       ] Pause Init Mark (N)                 109 us
[5.099s][info   ][gc,stats       ]   Update Region States                4 us
[5.099s][info   ][gc,stats       ] Concurrent Mark Roots               775 us, parallelism: 0.92x
[5.099s][info   ][gc,stats       ]   CMR: <total>                      713 us
[5.099s][info   ][gc,stats       ]   CMR: Thread Roots                 400 us, workers (us): 400, ---, ---,
[5.099s][info   ][gc,stats       ]   CMR: VM Strong Roots               28 us, workers (us):  28, ---, ---,
[5.099s][info   ][gc,stats       ]   CMR: CLDG Roots                   285 us, workers (us): 285, ---, ---,
[5.099s][info   ][gc,stats       ] Concurrent Marking                12837 us
[5.099s][info   ][gc,stats       ] Pause Final Mark (G)                403 us
[5.099s][info   ][gc,stats       ] Pause Final Mark (N)                150 us
[5.099s][info   ][gc,stats       ]   Finish Mark                        89 us
[5.099s][info   ][gc,stats       ]   Update Region States                3 us
[5.099s][info   ][gc,stats       ]   Choose Collection Set              34 us
[5.099s][info   ][gc,stats       ]   Rebuild Free Set                    5 us
[5.099s][info   ][gc,stats       ] Concurrent Weak References           89 us, parallelism: 0.46x
[5.099s][info   ][gc,stats       ]   CWRF: <total>                      41 us
[5.099s][info   ][gc,stats       ]   CWRF: Weak References              41 us, workers (us):  41, ---, ---,
[5.099s][info   ][gc,stats       ] Concurrent Weak Roots               601 us
[5.099s][info   ][gc,stats       ]   Roots                             517 us, parallelism: 0.90x
[5.099s][info   ][gc,stats       ]     CWR: <total>                    463 us
[5.099s][info   ][gc,stats       ]     CWR: Code Cache Roots           166 us, workers (us): 166, ---, ---,
[5.099s][info   ][gc,stats       ]     CWR: VM Weak Roots              288 us, workers (us): 288, ---, ---,
[5.099s][info   ][gc,stats       ]     CWR: CLDG Roots                   9 us, workers (us):   9, ---, ---,
[5.099s][info   ][gc,stats       ]   Rendezvous                         80 us
[5.099s][info   ][gc,stats       ] Concurrent Cleanup                  503 us
[5.099s][info   ][gc,stats       ] Concurrent Class Unloading         2873 us
[5.099s][info   ][gc,stats       ]   Unlink Stale                     2685 us
[5.099s][info   ][gc,stats       ]     System Dictionary                13 us
[5.099s][info   ][gc,stats       ]     Weak Class Links                  0 us
[5.099s][info   ][gc,stats       ]     Code Roots                     2669 us
[5.099s][info   ][gc,stats       ]   Rendezvous                         91 us
[5.099s][info   ][gc,stats       ]   Purge Unlinked                     89 us
[5.099s][info   ][gc,stats       ]     Code Roots                       80 us
[5.099s][info   ][gc,stats       ]     CLDG                              7 us
[5.099s][info   ][gc,stats       ]     Exception Caches                  0 us
[5.099s][info   ][gc,stats       ] Pause Final Roots (G)               182 us
[5.099s][info   ][gc,stats       ] Pause Final Roots (N)                 5 us
[5.099s][info   ][gc,stats       ] Pacing                            19007 us
[5.099s][info   ][gc,stats       ]
[5.099s][info   ][gc,stats       ] Allocation pacing accrued:
[5.099s][info   ][gc,stats       ]      19 of    48 ms ( 39.4%): thread3
[5.099s][info   ][gc,stats       ]      19 of    48 ms ( 39.4%): <total>
[5.099s][info   ][gc,stats       ]       1 of    48 ms (  2.2%): <average total>
[5.099s][info   ][gc,stats       ]      19 of    48 ms ( 39.4%): <average non-zero>
[5.099s][info   ][gc,stats       ]
[5.197s][info   ][safepoint,stats] ChangeBreakpoints            [             18               1 ][            50800      45000      29100     124900 ]               1
[5.198s][info   ][safepoint,stats] ChangeBreakpoints            [             17               1 ][            66500      63200     204500     334200 ]               1
Disconnected from the target VM, address: '127.0.0.1:56449', transport: 'socket'
[5.198s][info   ][safepoint,stats] ChangeBreakpoints            [             17               1 ][            56400      34500      23600     114500 ]               1
[5.257s][info   ][gc,stats       ]
[5.257s][info   ][gc,stats       ] GC STATISTICS:
[5.257s][info   ][gc,stats       ]   "(G)" (gross) pauses include VM time: time to notify and block threads, do the pre-
[5.257s][info   ][gc,stats       ]         and post-safepoint housekeeping. Use -Xlog:safepoint+stats to dissect.
[5.257s][info   ][gc,stats       ]   "(N)" (net) pauses are the times spent in the actual GC code.
[5.257s][info   ][gc,stats       ]   "a" is average time for each phase, look at levels to see if average makes sense.
[5.257s][info   ][gc,stats       ]   "lvls" are quantiles: 0% (minimum), 25%, 50% (median), 75%, 100% (maximum).
[5.257s][info   ][gc,stats       ]
[5.257s][info   ][gc,stats       ]   All times are wall-clock times, except per-root-class counters, that are sum over
[5.257s][info   ][gc,stats       ]   all workers. Dividing the <total> over the root stage time estimates parallelism.
[5.257s][info   ][gc,stats       ]
[5.257s][info   ][gc,stats       ]   Pacing delays are measured from entering the pacing code till exiting it. Therefore,
[5.257s][info   ][gc,stats       ]   observed pacing delays may be higher than the threshold when paced thread spent more
[5.257s][info   ][gc,stats       ]   time in the pacing code. It usually happens when thread is de-scheduled while paced,
[5.257s][info   ][gc,stats       ]   OS takes longer to unblock the thread, or JVM experiences an STW pause.
[5.257s][info   ][gc,stats       ]
[5.257s][info   ][gc,stats       ]   Higher delay would prevent application outpacing the GC, but it will hide the GC latencies
[5.257s][info   ][gc,stats       ]   from the STW pause times. Pacing affects the individual threads, and so it would also be
[5.257s][info   ][gc,stats       ]   invisible to the usual profiling tools, but would add up to end-to-end application latency.
[5.257s][info   ][gc,stats       ]   Raise max pacing delay with care.
[5.257s][info   ][gc,stats       ]
[5.257s][info   ][gc,stats       ] Concurrent Reset               =    0.005 s (a =      161 us) (n =    28) (lvls, us =       61,       90,      102,      135,     1444)
[5.257s][info   ][gc,stats       ] Pause Init Mark (G)            =    0.046 s (a =     1625 us) (n =    28) (lvls, us =      219,      289,      338,      418,    20246)
[5.257s][info   ][gc,stats       ] Pause Init Mark (N)            =    0.002 s (a =       63 us) (n =    28) (lvls, us =       23,       47,       59,       67,      185)
[5.257s][info   ][gc,stats       ]   Update Region States         =    0.000 s (a =        2 us) (n =    28) (lvls, us =        1,        1,        2,        2,        4)
[5.257s][info   ][gc,stats       ] Concurrent Mark Roots          =    0.030 s (a =     1054 us) (n =    28) (lvls, us =      512,      668,      961,     1074,     4393)
[5.257s][info   ][gc,stats       ]   CMR: <total>                 =    0.027 s (a =      980 us) (n =    28) (lvls, us =      461,      594,      893,      996,     4293)
[5.257s][info   ][gc,stats       ]   CMR: Thread Roots            =    0.015 s (a =      541 us) (n =    28) (lvls, us =      199,      240,      398,      451,     4090)
[5.257s][info   ][gc,stats       ]   CMR: VM Strong Roots         =    0.001 s (a =       38 us) (n =    28) (lvls, us =       18,       24,       40,       45,       58)
[5.257s][info   ][gc,stats       ]   CMR: CLDG Roots              =    0.011 s (a =      402 us) (n =    28) (lvls, us =      184,      236,      406,      498,      649)
[5.257s][info   ][gc,stats       ] Concurrent Marking             =    0.341 s (a =    12613 us) (n =    27) (lvls, us =     5312,    12109,    12500,    12695,    24093)
[5.257s][info   ][gc,stats       ] Pause Final Mark (G)           =    0.049 s (a =     1823 us) (n =    27) (lvls, us =      215,      283,      314,      381,    23594)
[5.257s][info   ][gc,stats       ] Pause Final Mark (N)           =    0.004 s (a =      133 us) (n =    27) (lvls, us =       77,      102,      119,      150,      208)
[5.257s][info   ][gc,stats       ]   Finish Mark                  =    0.002 s (a =       86 us) (n =    27) (lvls, us =       48,       62,       77,       97,      166)
[5.257s][info   ][gc,stats       ]   Update Region States         =    0.000 s (a =        2 us) (n =    27) (lvls, us =        2,        2,        2,        3,        4)
[5.257s][info   ][gc,stats       ]   Choose Collection Set        =    0.001 s (a =       25 us) (n =    27) (lvls, us =        5,       22,       24,       27,       58)
[5.257s][info   ][gc,stats       ]   Rebuild Free Set             =    0.000 s (a =        3 us) (n =    27) (lvls, us =        2,        3,        3,        4,        5)
[5.257s][info   ][gc,stats       ] Concurrent Thread Roots        =    0.006 s (a =      924 us) (n =     6) (lvls, us =      484,      484,      627,     1016,     1757)
[5.257s][info   ][gc,stats       ]   CTR: <total>                 =    0.005 s (a =      863 us) (n =     6) (lvls, us =      436,      436,      596,      969,     1718)
[5.257s][info   ][gc,stats       ]   CTR: Thread Roots            =    0.005 s (a =      863 us) (n =     6) (lvls, us =      436,      436,      596,      969,     1718)
[5.257s][info   ][gc,stats       ] Concurrent Weak References     =    0.002 s (a =       84 us) (n =    27) (lvls, us =       51,       67,       78,       91,      144)
[5.257s][info   ][gc,stats       ]   CWRF: <total>                =    0.001 s (a =       34 us) (n =    27) (lvls, us =       19,       20,       24,       41,      115)
[5.257s][info   ][gc,stats       ]   CWRF: Weak References        =    0.001 s (a =       34 us) (n =    27) (lvls, us =       19,       20,       24,       41,      115)
[5.257s][info   ][gc,stats       ] Concurrent Weak Roots          =    0.023 s (a =      854 us) (n =    27) (lvls, us =      373,      438,      572,      645,     7139)
[5.257s][info   ][gc,stats       ]   Roots                        =    0.012 s (a =      451 us) (n =    27) (lvls, us =      213,      322,      344,      531,     1230)
[5.257s][info   ][gc,stats       ]     CWR: <total>               =    0.010 s (a =      372 us) (n =    27) (lvls, us =      191,      270,      279,      463,      722)
[5.257s][info   ][gc,stats       ]     CWR: Code Cache Roots      =    0.004 s (a =      132 us) (n =    27) (lvls, us =       12,      123,      125,      162,      189)
[5.257s][info   ][gc,stats       ]     CWR: VM Weak Roots         =    0.006 s (a =      231 us) (n =    27) (lvls, us =       82,      137,      143,      287,      702)
[5.257s][info   ][gc,stats       ]     CWR: CLDG Roots            =    0.000 s (a =        9 us) (n =    27) (lvls, us =        5,        8,        9,       10,       14)
[5.257s][info   ][gc,stats       ]   Rendezvous                   =    0.011 s (a =      398 us) (n =    27) (lvls, us =       46,       81,       99,      109,     6919)
[5.257s][info   ][gc,stats       ] Concurrent Cleanup             =    0.014 s (a =      518 us) (n =    27) (lvls, us =        2,      404,      576,      676,      888)
[5.257s][info   ][gc,stats       ] Concurrent Class Unloading     =    0.068 s (a =     2508 us) (n =    27) (lvls, us =     1289,     2285,     2461,     2754,     3223)
[5.257s][info   ][gc,stats       ]   Unlink Stale                 =    0.062 s (a =     2301 us) (n =    27) (lvls, us =     1152,     2090,     2227,     2578,     3002)
[5.257s][info   ][gc,stats       ]     System Dictionary          =    0.000 s (a =       15 us) (n =    27) (lvls, us =        5,       13,       15,       17,       27)
[5.257s][info   ][gc,stats       ]     Weak Class Links           =    0.000 s (a =        0 us) (n =    27) (lvls, us =        0,        0,        0,        0,        1)
[5.257s][info   ][gc,stats       ]     Code Roots                 =    0.062 s (a =     2283 us) (n =    27) (lvls, us =     1113,     2070,     2207,     2559,     2983)
[5.257s][info   ][gc,stats       ]   Rendezvous                   =    0.003 s (a =      121 us) (n =    27) (lvls, us =       61,       87,       95,      109,      468)
[5.257s][info   ][gc,stats       ]   Purge Unlinked               =    0.002 s (a =       76 us) (n =    27) (lvls, us =       47,       59,       76,       82,      128)
[5.257s][info   ][gc,stats       ]     Code Roots                 =    0.002 s (a =       70 us) (n =    27) (lvls, us =       36,       54,       71,       74,      118)
[5.257s][info   ][gc,stats       ]     CLDG                       =    0.000 s (a =        6 us) (n =    27) (lvls, us =        3,        4,        4,        7,       12)
[5.257s][info   ][gc,stats       ]     Exception Caches           =    0.000 s (a =        0 us) (n =    27) (lvls, us =        0,        0,        0,        0,        1)
[5.257s][info   ][gc,stats       ] Concurrent Strong Roots        =    0.001 s (a =      149 us) (n =     6) (lvls, us =      119,      119,      135,      135,      230)
[5.257s][info   ][gc,stats       ]   CSR: <total>                 =    0.001 s (a =      102 us) (n =     6) (lvls, us =       81,       81,       83,       85,      185)
[5.257s][info   ][gc,stats       ]   CSR: VM Strong Roots         =    0.000 s (a =       13 us) (n =     6) (lvls, us =        7,        7,       10,       12,       27)
[5.257s][info   ][gc,stats       ]   CSR: CLDG Roots              =    0.001 s (a =       89 us) (n =     6) (lvls, us =       70,       70,       74,       77,      158)
[5.257s][info   ][gc,stats       ] Concurrent Evacuation          =    0.009 s (a =     1542 us) (n =     6) (lvls, us =     1133,     1133,     1504,     1562,     1794)
[5.257s][info   ][gc,stats       ] Pause Final Roots (G)          =    0.004 s (a =      178 us) (n =    21) (lvls, us =      115,      156,      174,      186,      227)
[5.257s][info   ][gc,stats       ] Pause Final Roots (N)          =    0.000 s (a =        6 us) (n =    21) (lvls, us =        5,        5,        5,        6,       12)
[5.257s][info   ][gc,stats       ] Pause Init Update Refs (G)     =    0.002 s (a =      379 us) (n =     6) (lvls, us =      135,      135,      266,      289,      727)
[5.257s][info   ][gc,stats       ] Pause Init Update Refs (N)     =    0.000 s (a =       23 us) (n =     6) (lvls, us =       17,       17,       23,       25,       29)
[5.257s][info   ][gc,stats       ]   Manage GCLABs                =    0.000 s (a =       16 us) (n =     6) (lvls, us =       11,       11,       13,       19,       21)
[5.257s][info   ][gc,stats       ] Concurrent Update Refs         =    0.035 s (a =     5800 us) (n =     6) (lvls, us =     3887,     3887,     4766,     5312,    10815)
[5.257s][info   ][gc,stats       ] Concurrent Update Thread Roots =    0.014 s (a =     2250 us) (n =     6) (lvls, us =      309,      309,      590,      959,    10281)
[5.257s][info   ][gc,stats       ] Pause Final Update Refs (G)    =    0.007 s (a =     1190 us) (n =     6) (lvls, us =      131,      131,      225,      248,     5583)
[5.257s][info   ][gc,stats       ] Pause Final Update Refs (N)    =    0.000 s (a =       50 us) (n =     6) (lvls, us =       38,       38,       42,       45,       68)
[5.257s][info   ][gc,stats       ]   Update Region States         =    0.000 s (a =        2 us) (n =     6) (lvls, us =        1,        1,        2,        2,        3)
[5.257s][info   ][gc,stats       ]   Trash Collection Set         =    0.000 s (a =        2 us) (n =     6) (lvls, us =        1,        1,        2,        2,        3)
[5.257s][info   ][gc,stats       ]   Rebuild Free Set             =    0.000 s (a =        3 us) (n =     6) (lvls, us =        2,        2,        3,        3,        5)
[5.257s][info   ][gc,stats       ] Concurrent Cleanup             =    0.001 s (a =      169 us) (n =     6) (lvls, us =      100,      100,      109,      182,      267)
[5.257s][info   ][gc,stats       ] Pause Degenerated GC (G)       =    0.055 s (a =    18198 us) (n =     3) (lvls, us =    11914,    11914,    11914,    14648,    27811)
[5.257s][info   ][gc,stats       ] Pause Degenerated GC (N)       =    0.053 s (a =    17794 us) (n =     3) (lvls, us =    11719,    11719,    11719,    14258,    27247)
[5.257s][info   ][gc,stats       ]   Degen STW Mark               =    0.014 s (a =     4779 us) (n =     3) (lvls, us =     4590,     4590,     4590,     4707,     5025)
[5.257s][info   ][gc,stats       ]     DSM: <total>               =    0.042 s (a =    14056 us) (n =     3) (lvls, us =    13477,    13477,    13477,    13672,    14749)
[5.257s][info   ][gc,stats       ]     DSM: Thread Roots          =    0.001 s (a =      283 us) (n =     3) (lvls, us =      188,      188,      188,      230,      428)
[5.257s][info   ][gc,stats       ]     DSM: VM Strong Roots       =    0.000 s (a =       41 us) (n =     3) (lvls, us =       22,       22,       22,       46,       56)
[5.257s][info   ][gc,stats       ]     DSM: CLDG Roots            =    0.001 s (a =      294 us) (n =     3) (lvls, us =      250,      250,      250,      260,      372)
[5.257s][info   ][gc,stats       ]     DSM: Parallel Mark         =    0.040 s (a =    13437 us) (n =     3) (lvls, us =    12695,    12695,    12695,    13086,    14202)
[5.257s][info   ][gc,stats       ]     System Purge               =    0.027 s (a =     8910 us) (n =     3) (lvls, us =     5137,     5137,     5137,     5488,    16085)
[5.257s][info   ][gc,stats       ]       Weak References          =    0.000 s (a =       66 us) (n =     3) (lvls, us =       54,       54,       54,       68,       78)
[5.257s][info   ][gc,stats       ]         WRP: <total>           =    0.000 s (a =       43 us) (n =     3) (lvls, us =       35,       35,       35,       45,       50)
[5.257s][info   ][gc,stats       ]         WRP: Weak References   =    0.000 s (a =       43 us) (n =     3) (lvls, us =       35,       35,       35,       45,       50)
[5.257s][info   ][gc,stats       ]       Unload Classes           =    0.025 s (a =     8442 us) (n =     3) (lvls, us =     4805,     4805,     4805,     5098,    15395)
[5.257s][info   ][gc,stats       ]         DCU: <total>           =    0.009 s (a =     3005 us) (n =     3) (lvls, us =     2109,     2109,     2109,     2285,     4594)
[5.257s][info   ][gc,stats       ]         DCU: Unload Code Caches =    0.008 s (a =     2713 us) (n =     3) (lvls, us =     2109,     2109,     2109,     2285,     3718)
[5.257s][info   ][gc,stats       ]         DCU: Unlink CLDs       =    0.001 s (a =      876 us) (n =     1) (lvls, us =      875,      875,      875,      875,      876)
[5.257s][info   ][gc,stats       ]       Weak Roots               =    0.001 s (a =      314 us) (n =     3) (lvls, us =      217,      217,      217,      279,      444)
[5.257s][info   ][gc,stats       ]         DWR: <total>           =    0.002 s (a =      585 us) (n =     3) (lvls, us =      510,      510,      510,      613,      629)
[5.257s][info   ][gc,stats       ]         DWR: VM Weak Roots     =    0.002 s (a =      585 us) (n =     3) (lvls, us =      510,      510,      510,      613,      629)
[5.257s][info   ][gc,stats       ]       CLDG                     =    0.000 s (a =       55 us) (n =     3) (lvls, us =        1,        1,        1,        1,      164)
[5.257s][info   ][gc,stats       ]   Update Region States         =    0.000 s (a =        2 us) (n =     3) (lvls, us =        2,        2,        2,        2,        2)
[5.257s][info   ][gc,stats       ]   Manage GC/TLABs              =    0.000 s (a =        9 us) (n =     3) (lvls, us =        8,        8,        8,        8,       11)
[5.257s][info   ][gc,stats       ]   Choose Collection Set        =    0.000 s (a =       27 us) (n =     3) (lvls, us =       11,       11,       11,       34,       36)
[5.257s][info   ][gc,stats       ]   Rebuild Free Set             =    0.000 s (a =        3 us) (n =     3) (lvls, us =        3,        3,        3,        3,        3)
[5.257s][info   ][gc,stats       ]   Evacuation                   =    0.003 s (a =     1405 us) (n =     2) (lvls, us =      809,      809,      809,      809,     2000)
[5.257s][info   ][gc,stats       ]   Manage GCLABs                =    0.000 s (a =       12 us) (n =     2) (lvls, us =       11,       11,       11,       11,       13)
[5.257s][info   ][gc,stats       ]   Update References            =    0.004 s (a =     2212 us) (n =     2) (lvls, us =     1895,     1895,     1895,     1895,     2523)
[5.257s][info   ][gc,stats       ]   Update Region States         =    0.000 s (a =        2 us) (n =     2) (lvls, us =        2,        2,        2,        2,        3)
[5.257s][info   ][gc,stats       ]   Trash Collection Set         =    0.000 s (a =        2 us) (n =     2) (lvls, us =        2,        2,        2,        2,        3)
[5.257s][info   ][gc,stats       ]   Rebuild Free Set             =    0.000 s (a =        3 us) (n =     2) (lvls, us =        2,        2,        2,        2,        4)
[5.257s][info   ][gc,stats       ]   Degen Update Roots           =    0.002 s (a =     1033 us) (n =     2) (lvls, us =      963,      963,      963,      963,     1103)
[5.257s][info   ][gc,stats       ]     DU: <total>                =    0.003 s (a =     1612 us) (n =     2) (lvls, us =     1523,     1523,     1523,     1523,     1695)
[5.257s][info   ][gc,stats       ]     DU: Thread Roots           =    0.000 s (a =       64 us) (n =     2) (lvls, us =       59,       59,       59,       59,       68)
[5.257s][info   ][gc,stats       ]     DU: Code Cache Roots       =    0.002 s (a =      893 us) (n =     2) (lvls, us =      848,      848,      848,      848,      937)
[5.257s][info   ][gc,stats       ]     DU: VM Strong Roots        =    0.000 s (a =       14 us) (n =     2) (lvls, us =       11,       11,       11,       11,       17)
[5.257s][info   ][gc,stats       ]     DU: VM Weak Roots          =    0.001 s (a =      568 us) (n =     2) (lvls, us =      545,      545,      545,      545,      591)
[5.257s][info   ][gc,stats       ]     DU: CLDG Roots             =    0.000 s (a =       74 us) (n =     2) (lvls, us =       66,       66,       66,       66,       82)
[5.257s][info   ][gc,stats       ]   Cleanup                      =    0.000 s (a =       59 us) (n =     3) (lvls, us =        4,        4,        4,       62,      112)
[5.257s][info   ][gc,stats       ] Pacing                         =    2.026 s (a =    65341 us) (n =    31) (lvls, us =        0,    18945,    50781,    83789,   254938)
[5.257s][info   ][gc,stats       ]
[5.257s][info   ][gc,stats       ]
[5.257s][info   ][gc,stats       ] Under allocation pressure, concurrent cycles may cancel, and either continue cycle
[5.257s][info   ][gc,stats       ] under stop-the-world pause or result in stop-the-world Full GC. Increase heap size,
[5.257s][info   ][gc,stats       ] tune GC heuristics, set more aggressive pacing delay, or lower allocation rate
[5.257s][info   ][gc,stats       ] to avoid Degenerated and Full GC cycles.
[5.257s][info   ][gc,stats       ]
[5.257s][info   ][gc,stats       ]    27 successful concurrent GCs
[5.257s][info   ][gc,stats       ]       0 invoked explicitly
[5.257s][info   ][gc,stats       ]       0 invoked implicitly
[5.257s][info   ][gc,stats       ]
[5.257s][info   ][gc,stats       ]     3 Degenerated GCs
[5.257s][info   ][gc,stats       ]       3 caused by allocation failure
[5.257s][info   ][gc,stats       ]         3 happened at Outside of Cycle
[5.257s][info   ][gc,stats       ]       0 upgraded to Full GC
[5.257s][info   ][gc,stats       ]
[5.257s][info   ][gc,stats       ]     0 Full GCs
[5.257s][info   ][gc,stats       ]       0 invoked explicitly
[5.257s][info   ][gc,stats       ]       0 invoked implicitly
[5.257s][info   ][gc,stats       ]       0 caused by allocation failure
[5.258s][info   ][gc,stats       ]       0 upgraded from Degenerated GC
[5.258s][info   ][gc,stats       ]
[5.258s][info   ][gc,stats       ]
[5.271s][info   ][safepoint,stats] Cleanup                              1
[5.271s][info   ][safepoint,stats] ChangeBreakpoints                    6
[5.271s][info   ][safepoint,stats] ShenandoahInitMark                  28
[5.271s][info   ][safepoint,stats] ShenandoahFinalMarkStartEvac        27
[5.271s][info   ][safepoint,stats] ShenandoahInitUpdateRefs             6
[5.271s][info   ][safepoint,stats] ShenandoahFinalUpdateRefs            6
[5.271s][info   ][safepoint,stats] ShenandoahFinalRoots                21
[5.271s][info   ][safepoint,stats] ShenandoahDegeneratedGC              3
[5.271s][info   ][safepoint,stats] Exit                                 1
[5.271s][info   ][safepoint,stats] CleanClassLoaderDataMetaspaces         4
[5.271s][info   ][safepoint,stats] Maximum sync time  17152500 ns
[5.271s][info   ][safepoint,stats] Maximum vm operation time (except for Exit VM operation)  27464500 ns

Process finished with exit code 130

 */

//------------------
/*
E:\src\jdk\openjdk\build\windows-x86_64-server-fastdebug\jdk\bin\java.exe -agentlib:jdwp=transport=dt_socket,address=127.0.0.1:56632,suspend=y,server=n -Xmx3M -Xlog:gc+stats -XX:+UseShenandoahGC -Xlog:safepoint+stats -XX:+SafepointTimeout -XX:SafepointTimeoutDelay=10 -javaagent:C:\Users\xufeng\AppData\Local\JetBrains\IntelliJIdea2021.3\captureAgent\debugger-agent.jar -Dfile.encoding=UTF-8 -classpath "E:\src\jdk\openjdk\build\windows-x86_64-server-fastdebug\jdk\modules\java.base;E:\src\jdk\openjdk\build\windows-x86_64-server-fastdebug\jdk\modules\java.compiler;E:\src\jdk\openjdk\build\windows-x86_64-server-fastdebug\jdk\modules\java.datatransfer;E:\src\jdk\openjdk\build\windows-x86_64-server-fastdebug\jdk\modules\java.desktop;E:\src\jdk\openjdk\build\windows-x86_64-server-fastdebug\jdk\modules\java.instrument;E:\src\jdk\openjdk\build\windows-x86_64-server-fastdebug\jdk\modules\java.logging;E:\src\jdk\openjdk\build\windows-x86_64-server-fastdebug\jdk\modules\java.management;E:\src\jdk\openjdk\build\windows-x86_64-server-fastdebug\jdk\modules\java.management.rmi;E:\src\jdk\openjdk\build\windows-x86_64-server-fastdebug\jdk\modules\java.naming;E:\src\jdk\openjdk\build\windows-x86_64-server-fastdebug\jdk\modules\java.net.http;E:\src\jdk\openjdk\build\windows-x86_64-server-fastdebug\jdk\modules\java.prefs;E:\src\jdk\openjdk\build\windows-x86_64-server-fastdebug\jdk\modules\java.rmi;E:\src\jdk\openjdk\build\windows-x86_64-server-fastdebug\jdk\modules\java.scripting;E:\src\jdk\openjdk\build\windows-x86_64-server-fastdebug\jdk\modules\java.se;E:\src\jdk\openjdk\build\windows-x86_64-server-fastdebug\jdk\modules\java.security.jgss;E:\src\jdk\openjdk\build\windows-x86_64-server-fastdebug\jdk\modules\java.security.sasl;E:\src\jdk\openjdk\build\windows-x86_64-server-fastdebug\jdk\modules\java.smartcardio;E:\src\jdk\openjdk\build\windows-x86_64-server-fastdebug\jdk\modules\java.sql;E:\src\jdk\openjdk\build\windows-x86_64-server-fastdebug\jdk\modules\java.sql.rowset;E:\src\jdk\openjdk\build\windows-x86_64-server-fastdebug\jdk\modules\java.transaction.xa;E:\src\jdk\openjdk\build\windows-x86_64-server-fastdebug\jdk\modules\java.xml;E:\src\jdk\openjdk\build\windows-x86_64-server-fastdebug\jdk\modules\java.xml.crypto;E:\src\jdk\openjdk\build\windows-x86_64-server-fastdebug\jdk\modules\jdk.accessibility;E:\src\jdk\openjdk\build\windows-x86_64-server-fastdebug\jdk\modules\jdk.attach;E:\src\jdk\openjdk\build\windows-x86_64-server-fastdebug\jdk\modules\jdk.charsets;E:\src\jdk\openjdk\build\windows-x86_64-server-fastdebug\jdk\modules\jdk.compiler;E:\src\jdk\openjdk\build\windows-x86_64-server-fastdebug\jdk\modules\jdk.crypto.cryptoki;E:\src\jdk\openjdk\build\windows-x86_64-server-fastdebug\jdk\modules\jdk.crypto.ec;E:\src\jdk\openjdk\build\windows-x86_64-server-fastdebug\jdk\modules\jdk.crypto.mscapi;E:\src\jdk\openjdk\build\windows-x86_64-server-fastdebug\jdk\modules\jdk.dynalink;E:\src\jdk\openjdk\build\windows-x86_64-server-fastdebug\jdk\modules\jdk.editpad;E:\src\jdk\openjdk\build\windows-x86_64-server-fastdebug\jdk\modules\jdk.hotspot.agent;E:\src\jdk\openjdk\build\windows-x86_64-server-fastdebug\jdk\modules\jdk.httpserver;E:\src\jdk\openjdk\build\windows-x86_64-server-fastdebug\jdk\modules\jdk.incubator.foreign;E:\src\jdk\openjdk\build\windows-x86_64-server-fastdebug\jdk\modules\jdk.incubator.vector;E:\src\jdk\openjdk\build\windows-x86_64-server-fastdebug\jdk\modules\jdk.internal.ed;E:\src\jdk\openjdk\build\windows-x86_64-server-fastdebug\jdk\modules\jdk.internal.jvmstat;E:\src\jdk\openjdk\build\windows-x86_64-server-fastdebug\jdk\modules\jdk.internal.le;E:\src\jdk\openjdk\build\windows-x86_64-server-fastdebug\jdk\modules\jdk.internal.opt;E:\src\jdk\openjdk\build\windows-x86_64-server-fastdebug\jdk\modules\jdk.internal.vm.ci;E:\src\jdk\openjdk\build\windows-x86_64-server-fastdebug\jdk\modules\jdk.internal.vm.compiler;E:\src\jdk\openjdk\build\windows-x86_64-server-fastdebug\jdk\modules\jdk.internal.vm.compiler.management;E:\src\jdk\openjdk\build\windows-x86_64-server-fastdebug\jdk\modules\jdk.jartool;E:\src\jdk\openjdk\build\windows-x86_64-server-fastdebug\jdk\modules\jdk.javadoc;E:\src\jdk\openjdk\build\windows-x86_64-server-fastdebug\jdk\modules\jdk.jcmd;E:\src\jdk\openjdk\build\windows-x86_64-server-fastdebug\jdk\modules\jdk.jconsole;E:\src\jdk\openjdk\build\windows-x86_64-server-fastdebug\jdk\modules\jdk.jdeps;E:\src\jdk\openjdk\build\windows-x86_64-server-fastdebug\jdk\modules\jdk.jdi;E:\src\jdk\openjdk\build\windows-x86_64-server-fastdebug\jdk\modules\jdk.jdwp.agent;E:\src\jdk\openjdk\build\windows-x86_64-server-fastdebug\jdk\modules\jdk.jfr;E:\src\jdk\openjdk\build\windows-x86_64-server-fastdebug\jdk\modules\jdk.jlink;E:\src\jdk\openjdk\build\windows-x86_64-server-fastdebug\jdk\modules\jdk.jpackage;E:\src\jdk\openjdk\build\windows-x86_64-server-fastdebug\jdk\modules\jdk.jshell;E:\src\jdk\openjdk\build\windows-x86_64-server-fastdebug\jdk\modules\jdk.jsobject;E:\src\jdk\openjdk\build\windows-x86_64-server-fastdebug\jdk\modules\jdk.jstatd;E:\src\jdk\openjdk\build\windows-x86_64-server-fastdebug\jdk\modules\jdk.localedata;E:\src\jdk\openjdk\build\windows-x86_64-server-fastdebug\jdk\modules\jdk.management;E:\src\jdk\openjdk\build\windows-x86_64-server-fastdebug\jdk\modules\jdk.management.agent;E:\src\jdk\openjdk\build\windows-x86_64-server-fastdebug\jdk\modules\jdk.management.jfr;E:\src\jdk\openjdk\build\windows-x86_64-server-fastdebug\jdk\modules\jdk.naming.dns;E:\src\jdk\openjdk\build\windows-x86_64-server-fastdebug\jdk\modules\jdk.naming.rmi;E:\src\jdk\openjdk\build\windows-x86_64-server-fastdebug\jdk\modules\jdk.net;E:\src\jdk\openjdk\build\windows-x86_64-server-fastdebug\jdk\modules\jdk.nio.mapmode;E:\src\jdk\openjdk\build\windows-x86_64-server-fastdebug\jdk\modules\jdk.random;E:\src\jdk\openjdk\build\windows-x86_64-server-fastdebug\jdk\modules\jdk.sctp;E:\src\jdk\openjdk\build\windows-x86_64-server-fastdebug\jdk\modules\jdk.security.auth;E:\src\jdk\openjdk\build\windows-x86_64-server-fastdebug\jdk\modules\jdk.security.jgss;E:\src\jdk\openjdk\build\windows-x86_64-server-fastdebug\jdk\modules\jdk.unsupported;E:\src\jdk\openjdk\build\windows-x86_64-server-fastdebug\jdk\modules\jdk.unsupported.desktop;E:\src\jdk\openjdk\build\windows-x86_64-server-fastdebug\jdk\modules\jdk.xml.dom;E:\src\jdk\openjdk\build\windows-x86_64-server-fastdebug\jdk\modules\jdk.zipfs;D:\project\out\production\jvm-book-3rd;E:\src\jvm-book-3rd\lib\asm-3.3.1.jar;E:\src\jvm-book-3rd\lib\cglib-2.2.2.jar;D:\Program Files\JetBrains\IntelliJ IDEA\lib\idea_rt.jar" org.fenixsoft.jvm.chapter3.TestBlockingThread
[0.483s][info][safepoint,stats] VM Operation                 [ threads: total initial_running ][ time:       sync    cleanup       vmop      total ] page_trap_count
[0.483s][info][safepoint,stats] ShenandoahInitMark           [             11               1 ][           202400      12300     384300     599000 ]               0
[0.500s][info][safepoint,stats] ShenandoahFinalMarkStartEvac [             11               0 ][             6600      11800    1590700    1609100 ]               0
[0.500s][info][safepoint,stats] ShenandoahFinalRoots         [             11               0 ][             3400       8400     119200     131000 ]               0
[0.501s][info][gc,stats       ]
[0.501s][info][gc,stats       ] All times are wall-clock times, except per-root-class counters, that are sum over
[0.501s][info][gc,stats       ] all workers. Dividing the <total> over the root stage time estimates parallelism.
[0.501s][info][gc,stats       ]
[0.501s][info][gc,stats       ] Concurrent Reset                     75 us
[0.501s][info][gc,stats       ] Pause Init Mark (G)                 683 us
[0.501s][info][gc,stats       ] Pause Init Mark (N)                 119 us
[0.501s][info][gc,stats       ]   Update Region States                2 us
[0.501s][info][gc,stats       ] Concurrent Mark Roots              1107 us, parallelism: 0.96x
[0.501s][info][gc,stats       ]   CMR: <total>                     1063 us
[0.501s][info][gc,stats       ]   CMR: Thread Roots                 916 us, workers (us): 916, ---, ---,
[0.501s][info][gc,stats       ]   CMR: VM Strong Roots               15 us, workers (us):  15, ---, ---,
[0.501s][info][gc,stats       ]   CMR: CLDG Roots                   132 us, workers (us): 132, ---, ---,
[0.501s][info][gc,stats       ] Concurrent Marking                13504 us
[0.501s][info][gc,stats       ] Pause Final Mark (G)               1730 us
[0.501s][info][gc,stats       ] Pause Final Mark (N)                 83 us
[0.501s][info][gc,stats       ]   Finish Mark                        47 us
[0.501s][info][gc,stats       ]   Update Region States                2 us
[0.501s][info][gc,stats       ]   Choose Collection Set               3 us
[0.501s][info][gc,stats       ]   Rebuild Free Set                    2 us
[0.501s][info][gc,stats       ] Concurrent Weak References           54 us, parallelism: 0.21x
[0.501s][info][gc,stats       ]   CWRF: <total>                      11 us
[0.501s][info][gc,stats       ]   CWRF: Weak References              11 us, workers (us):  11, ---, ---,
[0.501s][info][gc,stats       ] Concurrent Weak Roots               275 us
[0.501s][info][gc,stats       ]   Roots                             212 us, parallelism: 0.27x
[0.501s][info][gc,stats       ]     CWR: <total>                     56 us
[0.501s][info][gc,stats       ]     CWR: Code Cache Roots            14 us, workers (us):  14, ---, ---,
[0.501s][info][gc,stats       ]     CWR: VM Weak Roots               40 us, workers (us):  40, ---, ---,
[0.501s][info][gc,stats       ]     CWR: CLDG Roots                   3 us, workers (us):   3, ---, ---,
[0.501s][info][gc,stats       ]   Rendezvous                         61 us
[0.501s][info][gc,stats       ] Concurrent Cleanup                    2 us
[0.501s][info][gc,stats       ] Concurrent Class Unloading          152 us
[0.501s][info][gc,stats       ]   Unlink Stale                      119 us
[0.501s][info][gc,stats       ]     System Dictionary                 5 us
[0.501s][info][gc,stats       ]     Weak Class Links                  1 us
[0.501s][info][gc,stats       ]     Code Roots                      112 us
[0.501s][info][gc,stats       ]   Rendezvous                         23 us
[0.501s][info][gc,stats       ]   Purge Unlinked                      8 us
[0.501s][info][gc,stats       ]     Code Roots                        4 us
[0.501s][info][gc,stats       ]     CLDG                              4 us
[0.501s][info][gc,stats       ]     Exception Caches                  0 us
[0.501s][info][gc,stats       ] Pause Final Roots (G)               282 us
[0.501s][info][gc,stats       ] Pause Final Roots (N)                 5 us
[0.501s][info][gc,stats       ] Pacing                           176149 us
[0.501s][info][gc,stats       ]
[0.501s][info][gc,stats       ] Allocation pacing accrued:
[0.501s][info][gc,stats       ]     154 of   477 ms ( 32.3%): main
[0.501s][info][gc,stats       ]      22 of   477 ms (  4.6%): Finalizer
[0.501s][info][gc,stats       ]     176 of   477 ms ( 36.9%): <total>
[0.501s][info][gc,stats       ]      16 of   477 ms (  3.4%): <average total>
[0.501s][info][gc,stats       ]      88 of   477 ms ( 18.5%): <average non-zero>
[0.501s][info][gc,stats       ]
[0.502s][info][safepoint,stats] CleanClassLoaderDataMetaspaces [             11               1 ][           398700      41700      74900     515300 ]               0
[0.530s][warning][safepoint      ]
[0.530s][warning][safepoint      ] # SafepointSynchronize::begin: Timeout detected:
[0.530s][warning][safepoint      ] # SafepointSynchronize::begin: Timed out while spinning to reach a safepoint.
[0.530s][warning][safepoint      ] # SafepointSynchronize::begin: Threads which did not reach the safepoint:
[0.530s][warning][safepoint      ] # "main" #1 prio=5 os_prio=0 cpu=328.12ms elapsed=0.52s tid=0x0000021971f5f060 nid=0x4668 runnable  [0x000000ba8f5fe000]
[0.530s][warning][safepoint      ]    java.lang.Thread.State: RUNNABLE
[0.530s][warning][safepoint      ] Thread: 0x0000021971f5f060  [0x4668] State: _running _at_poll_safepoint 0
[0.530s][warning][safepoint      ]    JavaThread state: _thread_blocked
[0.530s][warning][safepoint      ]
[0.530s][warning][safepoint      ] # SafepointSynchronize::begin: (End of list)
[0.530s][warning][safepoint      ] # SafepointSynchronize: Finished after     15 ms
[0.531s][info   ][safepoint,stats] ShenandoahInitMark           [             11               1 ][         15800800     106300     360200   16267300 ]               0
[0.547s][info   ][safepoint,stats] ShenandoahFinalMarkStartEvac [             11               1 ][             6200      23100      69500      98800 ]               0
[0.548s][info   ][safepoint,stats] CleanClassLoaderDataMetaspaces [             11               1 ][            14000      21800      32600      68400 ]               0
[0.549s][info   ][safepoint,stats] ShenandoahInitUpdateRefs     [             11               1 ][            12900       4600     244000     261500 ]               0
[0.551s][info   ][safepoint,stats] ShenandoahFinalUpdateRefs    [             11               1 ][            10500      33100     142700     186300 ]               0
[0.552s][info   ][gc,stats       ]
[0.552s][info   ][gc,stats       ] All times are wall-clock times, except per-root-class counters, that are sum over
[0.552s][info   ][gc,stats       ] all workers. Dividing the <total> over the root stage time estimates parallelism.
[0.552s][info   ][gc,stats       ]
[0.552s][info   ][gc,stats       ] Concurrent Reset                    158 us
[0.552s][info   ][gc,stats       ] Pause Init Mark (G)               16594 us
[0.552s][info   ][gc,stats       ] Pause Init Mark (N)                  41 us
[0.552s][info   ][gc,stats       ]   Update Region States                1 us
[0.552s][info   ][gc,stats       ] Concurrent Mark Roots               887 us, parallelism: 0.95x
[0.552s][info   ][gc,stats       ]   CMR: <total>                      842 us
[0.552s][info   ][gc,stats       ]   CMR: Thread Roots                 661 us, workers (us): 661, ---, ---,
[0.552s][info   ][gc,stats       ]   CMR: VM Strong Roots               20 us, workers (us):  20, ---, ---,
[0.552s][info   ][gc,stats       ]   CMR: CLDG Roots                   161 us, workers (us): 161, ---, ---,
[0.552s][info   ][gc,stats       ] Concurrent Marking                14853 us
[0.552s][info   ][gc,stats       ] Pause Final Mark (G)                154 us
[0.552s][info   ][gc,stats       ] Pause Final Mark (N)                 56 us
[0.552s][info   ][gc,stats       ]   Finish Mark                        35 us
[0.552s][info   ][gc,stats       ]   Update Region States                1 us
[0.552s][info   ][gc,stats       ]   Choose Collection Set               4 us
[0.552s][info   ][gc,stats       ]   Rebuild Free Set                    3 us
[0.552s][info   ][gc,stats       ] Concurrent Thread Roots             815 us, parallelism: 0.97x
[0.552s][info   ][gc,stats       ]   CTR: <total>                      787 us
[0.552s][info   ][gc,stats       ]   CTR: Thread Roots                 787 us, workers (us): 787, ---, ---,
[0.552s][info   ][gc,stats       ] Concurrent Weak References           56 us, parallelism: 0.41x
[0.552s][info   ][gc,stats       ]   CWRF: <total>                      23 us
[0.552s][info   ][gc,stats       ]   CWRF: Weak References              23 us, workers (us):  23, ---, ---,
[0.552s][info   ][gc,stats       ] Concurrent Weak Roots               406 us
[0.552s][info   ][gc,stats       ]   Roots                             164 us, parallelism: 0.84x
[0.552s][info   ][gc,stats       ]     CWR: <total>                    137 us
[0.552s][info   ][gc,stats       ]     CWR: Code Cache Roots            18 us, workers (us):  18, ---, ---,
[0.552s][info   ][gc,stats       ]     CWR: VM Weak Roots              116 us, workers (us): 116, ---, ---,
[0.552s][info   ][gc,stats       ]     CWR: CLDG Roots                   3 us, workers (us):   3, ---, ---,
[0.552s][info   ][gc,stats       ]   Rendezvous                        239 us
[0.552s][info   ][gc,stats       ] Concurrent Cleanup                    3 us
[0.552s][info   ][gc,stats       ] Concurrent Class Unloading          192 us
[0.552s][info   ][gc,stats       ]   Unlink Stale                      144 us
[0.552s][info   ][gc,stats       ]     System Dictionary                 1 us
[0.552s][info   ][gc,stats       ]     Weak Class Links                  0 us
[0.552s][info   ][gc,stats       ]     Code Roots                      142 us
[0.552s][info   ][gc,stats       ]   Rendezvous                         26 us
[0.552s][info   ][gc,stats       ]   Purge Unlinked                     19 us
[0.552s][info   ][gc,stats       ]     Code Roots                       16 us
[0.552s][info   ][gc,stats       ]     CLDG                              2 us
[0.552s][info   ][gc,stats       ]     Exception Caches                  0 us
[0.552s][info   ][gc,stats       ] Concurrent Strong Roots              93 us, parallelism: 0.76x
[0.552s][info   ][gc,stats       ]   CSR: <total>                       70 us
[0.552s][info   ][gc,stats       ]   CSR: VM Strong Roots                9 us, workers (us):   9, ---, ---,
[0.552s][info   ][gc,stats       ]   CSR: CLDG Roots                    61 us, workers (us):  61, ---, ---,
[0.552s][info   ][gc,stats       ] Concurrent Evacuation               304 us
[0.552s][info   ][gc,stats       ] Pause Init Update Refs (G)          361 us
[0.552s][info   ][gc,stats       ] Pause Init Update Refs (N)           11 us
[0.552s][info   ][gc,stats       ]   Manage GCLABs                       8 us
[0.552s][info   ][gc,stats       ] Concurrent Update Refs             1218 us
[0.552s][info   ][gc,stats       ] Concurrent Update Thread Roots      644 us
[0.552s][info   ][gc,stats       ] Pause Final Update Refs (G)         675 us
[0.552s][info   ][gc,stats       ] Pause Final Update Refs (N)          34 us
[0.552s][info   ][gc,stats       ]   Update Region States                2 us
[0.552s][info   ][gc,stats       ]   Trash Collection Set                2 us
[0.552s][info   ][gc,stats       ]   Rebuild Free Set                    2 us
[0.552s][info   ][gc,stats       ] Concurrent Cleanup                   40 us
[0.552s][info   ][gc,stats       ]
[0.552s][info   ][gc,stats       ] Allocation pacing accrued:
[0.552s][info   ][gc,stats       ]       0 of    51 ms (  0.0%): <total>
[0.552s][info   ][gc,stats       ]       0 of    51 ms (  0.0%): <average total>
[0.552s][info   ][gc,stats       ]
[0.562s][info   ][safepoint,stats] ShenandoahInitMark           [             11               0 ][             8400      10500      19500      38400 ]               0
[0.567s][info   ][safepoint,stats] ShenandoahFinalMarkStartEvac [             11               0 ][             3800      22300      68100      94200 ]               0
[0.569s][info   ][safepoint,stats] ShenandoahInitUpdateRefs     [             11               0 ][             4000      19800      13700      37500 ]               0
[0.571s][info   ][safepoint,stats] ShenandoahFinalUpdateRefs    [             11               0 ][             4400      22500      35800      62700 ]               0
[0.572s][info   ][gc,stats       ]
[0.572s][info   ][gc,stats       ] All times are wall-clock times, except per-root-class counters, that are sum over
[0.572s][info   ][gc,stats       ] all workers. Dividing the <total> over the root stage time estimates parallelism.
[0.572s][info   ][gc,stats       ]
[0.572s][info   ][gc,stats       ] Concurrent Reset                     33 us
[0.572s][info   ][gc,stats       ] Pause Init Mark (G)                 175 us
[0.572s][info   ][gc,stats       ] Pause Init Mark (N)                  13 us
[0.572s][info   ][gc,stats       ]   Update Region States                0 us
[0.572s][info   ][gc,stats       ] Concurrent Mark Roots              1238 us, parallelism: 0.97x
[0.572s][info   ][gc,stats       ]   CMR: <total>                     1197 us
[0.572s][info   ][gc,stats       ]   CMR: Thread Roots                1015 us, workers (us): 1015, ---, ---,
[0.572s][info   ][gc,stats       ]   CMR: VM Strong Roots               15 us, workers (us):  15, ---, ---,
[0.572s][info   ][gc,stats       ]   CMR: CLDG Roots                   167 us, workers (us): 167, ---, ---,
[0.572s][info   ][gc,stats       ] Concurrent Marking                 3119 us
[0.572s][info   ][gc,stats       ] Pause Final Mark (G)                151 us
[0.572s][info   ][gc,stats       ] Pause Final Mark (N)                 47 us
[0.572s][info   ][gc,stats       ]   Finish Mark                        27 us
[0.572s][info   ][gc,stats       ]   Update Region States                1 us
[0.572s][info   ][gc,stats       ]   Choose Collection Set               4 us
[0.572s][info   ][gc,stats       ]   Rebuild Free Set                    2 us
[0.572s][info   ][gc,stats       ] Concurrent Thread Roots            1109 us, parallelism: 0.99x
[0.572s][info   ][gc,stats       ]   CTR: <total>                     1095 us
[0.572s][info   ][gc,stats       ]   CTR: Thread Roots                1095 us, workers (us): 1095, ---, ---,
[0.572s][info   ][gc,stats       ] Concurrent Weak References           30 us, parallelism: 0.56x
[0.572s][info   ][gc,stats       ]   CWRF: <total>                      17 us
[0.572s][info   ][gc,stats       ]   CWRF: Weak References              17 us, workers (us):  17, ---, ---,
[0.572s][info   ][gc,stats       ] Concurrent Weak Roots               195 us
[0.572s][info   ][gc,stats       ]   Roots                             156 us, parallelism: 0.60x
[0.572s][info   ][gc,stats       ]     CWR: <total>                     94 us
[0.572s][info   ][gc,stats       ]     CWR: Code Cache Roots            20 us, workers (us):  20, ---, ---,
[0.572s][info   ][gc,stats       ]     CWR: VM Weak Roots               73 us, workers (us):  73, ---, ---,
[0.572s][info   ][gc,stats       ]     CWR: CLDG Roots                   2 us, workers (us):   2, ---, ---,
[0.572s][info   ][gc,stats       ]   Rendezvous                         37 us
[0.572s][info   ][gc,stats       ] Concurrent Cleanup                    2 us
[0.572s][info   ][gc,stats       ] Concurrent Class Unloading          302 us
[0.572s][info   ][gc,stats       ]   Unlink Stale                      242 us
[0.572s][info   ][gc,stats       ]     System Dictionary                 1 us
[0.572s][info   ][gc,stats       ]     Weak Class Links                  1 us
[0.572s][info   ][gc,stats       ]     Code Roots                      239 us
[0.572s][info   ][gc,stats       ]   Rendezvous                         34 us
[0.572s][info   ][gc,stats       ]   Purge Unlinked                     23 us
[0.572s][info   ][gc,stats       ]     Code Roots                       19 us
[0.572s][info   ][gc,stats       ]     CLDG                              3 us
[0.572s][info   ][gc,stats       ]     Exception Caches                  0 us
[0.572s][info   ][gc,stats       ] Concurrent Strong Roots              67 us, parallelism: 0.66x
[0.572s][info   ][gc,stats       ]   CSR: <total>                       45 us
[0.572s][info   ][gc,stats       ]   CSR: VM Strong Roots                3 us, workers (us):   3, ---, ---,
[0.572s][info   ][gc,stats       ]   CSR: CLDG Roots                    41 us, workers (us):  41, ---, ---,
[0.572s][info   ][gc,stats       ] Concurrent Evacuation               330 us
[0.572s][info   ][gc,stats       ] Pause Init Update Refs (G)           88 us
[0.572s][info   ][gc,stats       ] Pause Init Update Refs (N)            9 us
[0.572s][info   ][gc,stats       ]   Manage GCLABs                       4 us
[0.572s][info   ][gc,stats       ] Concurrent Update Refs             1155 us
[0.572s][info   ][gc,stats       ] Concurrent Update Thread Roots      966 us
[0.572s][info   ][gc,stats       ] Pause Final Update Refs (G)         128 us
[0.572s][info   ][gc,stats       ] Pause Final Update Refs (N)          30 us
[0.572s][info   ][gc,stats       ]   Update Region States                2 us
[0.572s][info   ][gc,stats       ]   Trash Collection Set                2 us
[0.572s][info   ][gc,stats       ]   Rebuild Free Set                    2 us
[0.572s][info   ][gc,stats       ] Concurrent Cleanup                   55 us
[0.572s][info   ][gc,stats       ]
[0.572s][info   ][gc,stats       ] Allocation pacing accrued:
[0.572s][info   ][gc,stats       ]       0 of    20 ms (  0.0%): <total>
[0.572s][info   ][gc,stats       ]       0 of    20 ms (  0.0%): <average total>
[0.572s][info   ][gc,stats       ]
[0.578s][info   ][safepoint,stats] ShenandoahInitMark           [             11               0 ][            11100      15000      25900      52000 ]               0
[0.583s][info   ][safepoint,stats] ShenandoahFinalMarkStartEvac [             11               2 ][            14200      30000      70700     114900 ]               0
[0.585s][info   ][safepoint,stats] ShenandoahFinalRoots         [             11               0 ][             3900      30200     646400     680500 ]               0
[0.585s][info   ][gc,stats       ]
[0.585s][info   ][gc,stats       ] All times are wall-clock times, except per-root-class counters, that are sum over
[0.585s][info   ][gc,stats       ] all workers. Dividing the <total> over the root stage time estimates parallelism.
[0.585s][info   ][gc,stats       ]
[0.585s][info   ][gc,stats       ] Concurrent Reset                     42 us
[0.585s][info   ][gc,stats       ] Pause Init Mark (G)                 197 us
[0.585s][info   ][gc,stats       ] Pause Init Mark (N)                  17 us
[0.585s][info   ][gc,stats       ]   Update Region States                0 us
[0.585s][info   ][gc,stats       ] Concurrent Mark Roots              1254 us, parallelism: 0.96x
[0.585s][info   ][gc,stats       ]   CMR: <total>                     1209 us
[0.585s][info   ][gc,stats       ]   CMR: Thread Roots                1029 us, workers (us): 1029, ---, ---,
[0.585s][info   ][gc,stats       ]   CMR: VM Strong Roots               18 us, workers (us):  18, ---, ---,
[0.585s][info   ][gc,stats       ]   CMR: CLDG Roots                   161 us, workers (us): 161, ---, ---,
[0.585s][info   ][gc,stats       ] Concurrent Marking                 3266 us
[0.585s][info   ][gc,stats       ] Pause Final Mark (G)                177 us
[0.585s][info   ][gc,stats       ] Pause Final Mark (N)                 57 us
[0.585s][info   ][gc,stats       ]   Finish Mark                        40 us
[0.585s][info   ][gc,stats       ]   Update Region States                1 us
[0.585s][info   ][gc,stats       ]   Choose Collection Set               2 us
[0.585s][info   ][gc,stats       ]   Rebuild Free Set                    2 us
[0.585s][info   ][gc,stats       ] Concurrent Weak References           17 us, parallelism: 0.48x
[0.585s][info   ][gc,stats       ]   CWRF: <total>                       8 us
[0.585s][info   ][gc,stats       ]   CWRF: Weak References               8 us, workers (us):   8, ---, ---,
[0.585s][info   ][gc,stats       ] Concurrent Weak Roots               100 us
[0.585s][info   ][gc,stats       ]   Roots                              69 us, parallelism: 0.69x
[0.585s][info   ][gc,stats       ]     CWR: <total>                     47 us
[0.585s][info   ][gc,stats       ]     CWR: Code Cache Roots            18 us, workers (us):  18, ---, ---,
[0.585s][info   ][gc,stats       ]     CWR: VM Weak Roots               27 us, workers (us):  27, ---, ---,
[0.585s][info   ][gc,stats       ]     CWR: CLDG Roots                   2 us, workers (us):   2, ---, ---,
[0.585s][info   ][gc,stats       ]   Rendezvous                         28 us
[0.585s][info   ][gc,stats       ] Concurrent Cleanup                    2 us
[0.585s][info   ][gc,stats       ] Concurrent Class Unloading          790 us
[0.585s][info   ][gc,stats       ]   Unlink Stale                      244 us
[0.585s][info   ][gc,stats       ]     System Dictionary                 1 us
[0.585s][info   ][gc,stats       ]     Weak Class Links                  0 us
[0.585s][info   ][gc,stats       ]     Code Roots                      241 us
[0.585s][info   ][gc,stats       ]   Rendezvous                        521 us
[0.585s][info   ][gc,stats       ]   Purge Unlinked                     22 us
[0.585s][info   ][gc,stats       ]     Code Roots                       19 us
[0.585s][info   ][gc,stats       ]     CLDG                              2 us
[0.585s][info   ][gc,stats       ]     Exception Caches                  0 us
[0.585s][info   ][gc,stats       ] Pause Final Roots (G)               743 us
[0.585s][info   ][gc,stats       ] Pause Final Roots (N)                 9 us
[0.585s][info   ][gc,stats       ] Pacing                            20390 us
[0.585s][info   ][gc,stats       ]
[0.585s][info   ][gc,stats       ] Allocation pacing accrued:
[0.585s][info   ][gc,stats       ]      20 of    13 ms (155.8%): main
[0.585s][info   ][gc,stats       ]      20 of    13 ms (155.8%): <total>
[0.585s][info   ][gc,stats       ]       2 of    13 ms ( 14.2%): <average total>
[0.585s][info   ][gc,stats       ]      20 of    13 ms (155.8%): <average non-zero>
[0.585s][info   ][gc,stats       ]
[0.594s][info   ][safepoint,stats] ShenandoahInitMark           [             11               0 ][            11400      15300      23100      49800 ]               0
[0.599s][info   ][safepoint,stats] ShenandoahFinalMarkStartEvac [             11               0 ][             4300      36400      64900     105600 ]               0
[0.601s][info   ][safepoint,stats] ShenandoahInitUpdateRefs     [             11               0 ][             3700      19200      15700      38600 ]               0
[0.603s][info   ][safepoint,stats] ShenandoahFinalUpdateRefs    [             11               0 ][             3900      10200      31200      45300 ]               0
[0.604s][info   ][gc,stats       ]
[0.604s][info   ][gc,stats       ] All times are wall-clock times, except per-root-class counters, that are sum over
[0.604s][info   ][gc,stats       ] all workers. Dividing the <total> over the root stage time estimates parallelism.
[0.604s][info   ][gc,stats       ]
[0.604s][info   ][gc,stats       ] Concurrent Reset                     40 us
[0.604s][info   ][gc,stats       ] Pause Init Mark (G)                 117 us
[0.604s][info   ][gc,stats       ] Pause Init Mark (N)                  15 us
[0.604s][info   ][gc,stats       ]   Update Region States                0 us
[0.604s][info   ][gc,stats       ] Concurrent Mark Roots              1400 us, parallelism: 0.97x
[0.604s][info   ][gc,stats       ]   CMR: <total>                     1355 us
[0.604s][info   ][gc,stats       ]   CMR: Thread Roots                1166 us, workers (us): 1166, ---, ---,
[0.604s][info   ][gc,stats       ]   CMR: VM Strong Roots               18 us, workers (us):  18, ---, ---,
[0.604s][info   ][gc,stats       ]   CMR: CLDG Roots                   171 us, workers (us): 171, ---, ---,
[0.604s][info   ][gc,stats       ] Concurrent Marking                 3459 us
[0.604s][info   ][gc,stats       ] Pause Final Mark (G)                162 us
[0.604s][info   ][gc,stats       ] Pause Final Mark (N)                 59 us
[0.604s][info   ][gc,stats       ]   Finish Mark                        39 us
[0.604s][info   ][gc,stats       ]   Update Region States                1 us
[0.604s][info   ][gc,stats       ]   Choose Collection Set               4 us
[0.604s][info   ][gc,stats       ]   Rebuild Free Set                    2 us
[0.604s][info   ][gc,stats       ] Concurrent Thread Roots            1067 us, parallelism: 0.97x
[0.604s][info   ][gc,stats       ]   CTR: <total>                     1032 us
[0.604s][info   ][gc,stats       ]   CTR: Thread Roots                1032 us, workers (us): 1032, ---, ---,
[0.604s][info   ][gc,stats       ] Concurrent Weak References           73 us, parallelism: 0.28x
[0.604s][info   ][gc,stats       ]   CWRF: <total>                      20 us
[0.604s][info   ][gc,stats       ]   CWRF: Weak References              20 us, workers (us):  20, ---, ---,
[0.604s][info   ][gc,stats       ] Concurrent Weak Roots               195 us
[0.604s][info   ][gc,stats       ]   Roots                             148 us, parallelism: 0.67x
[0.604s][info   ][gc,stats       ]     CWR: <total>                     99 us
[0.604s][info   ][gc,stats       ]     CWR: Code Cache Roots            25 us, workers (us):  25, ---, ---,
[0.604s][info   ][gc,stats       ]     CWR: VM Weak Roots               70 us, workers (us):  70, ---, ---,
[0.604s][info   ][gc,stats       ]     CWR: CLDG Roots                   4 us, workers (us):   4, ---, ---,
[0.604s][info   ][gc,stats       ]   Rendezvous                         41 us
[0.604s][info   ][gc,stats       ] Concurrent Cleanup                    3 us
[0.604s][info   ][gc,stats       ] Concurrent Class Unloading          360 us
[0.604s][info   ][gc,stats       ]   Unlink Stale                      304 us
[0.604s][info   ][gc,stats       ]     System Dictionary                 3 us
[0.604s][info   ][gc,stats       ]     Weak Class Links                  0 us
[0.604s][info   ][gc,stats       ]     Code Roots                      299 us
[0.604s][info   ][gc,stats       ]   Rendezvous                         24 us
[0.604s][info   ][gc,stats       ]   Purge Unlinked                     28 us
[0.604s][info   ][gc,stats       ]     Code Roots                       23 us
[0.604s][info   ][gc,stats       ]     CLDG                              4 us
[0.604s][info   ][gc,stats       ]     Exception Caches                  0 us
[0.604s][info   ][gc,stats       ] Concurrent Strong Roots              69 us, parallelism: 0.61x
[0.604s][info   ][gc,stats       ]   CSR: <total>                       42 us
[0.604s][info   ][gc,stats       ]   CSR: VM Strong Roots                8 us, workers (us):   8, ---, ---,
[0.604s][info   ][gc,stats       ]   CSR: CLDG Roots                    34 us, workers (us):  34, ---, ---,
[0.604s][info   ][gc,stats       ] Concurrent Evacuation               162 us
[0.604s][info   ][gc,stats       ] Pause Init Update Refs (G)           86 us
[0.604s][info   ][gc,stats       ] Pause Init Update Refs (N)           10 us
[0.604s][info   ][gc,stats       ]   Manage GCLABs                       5 us
[0.604s][info   ][gc,stats       ] Concurrent Update Refs             1094 us
[0.604s][info   ][gc,stats       ] Concurrent Update Thread Roots     1026 us
[0.604s][info   ][gc,stats       ] Pause Final Update Refs (G)          92 us
[0.604s][info   ][gc,stats       ] Pause Final Update Refs (N)          26 us
[0.604s][info   ][gc,stats       ]   Update Region States                1 us
[0.604s][info   ][gc,stats       ]   Trash Collection Set                1 us
[0.604s][info   ][gc,stats       ]   Rebuild Free Set                    2 us
[0.604s][info   ][gc,stats       ] Concurrent Cleanup                   25 us
[0.604s][info   ][gc,stats       ]
[0.604s][info   ][gc,stats       ] Allocation pacing accrued:
[0.604s][info   ][gc,stats       ]       0 of    19 ms (  0.0%): <total>
[0.604s][info   ][gc,stats       ]       0 of    19 ms (  0.0%): <average total>
[0.604s][info   ][gc,stats       ]
[1.047s][info   ][safepoint,stats] ShenandoahInitMark           [             11               0 ][            11000     107200      51600     169800 ]               0
[1.054s][info   ][safepoint,stats] ShenandoahFinalMarkStartEvac [             11               1 ][            15100      10400      66000      91500 ]               0
[1.058s][info   ][safepoint,stats] CleanClassLoaderDataMetaspaces [             11               0 ][            10600      45100      67200     122900 ]               0
[1.058s][info   ][safepoint,stats] ShenandoahInitUpdateRefs     [             11               0 ][             3300       5500      17900      26700 ]               0
[1.061s][info   ][safepoint,stats] ShenandoahFinalUpdateRefs    [             11               0 ][             6600      24800      39000      70400 ]               0
[1.061s][info   ][gc,stats       ]
[1.061s][info   ][gc,stats       ] All times are wall-clock times, except per-root-class counters, that are sum over
[1.061s][info   ][gc,stats       ] all workers. Dividing the <total> over the root stage time estimates parallelism.
[1.061s][info   ][gc,stats       ]
[1.061s][info   ][gc,stats       ] Concurrent Reset                     70 us
[1.061s][info   ][gc,stats       ] Pause Init Mark (G)                 264 us
[1.061s][info   ][gc,stats       ] Pause Init Mark (N)                  17 us
[1.061s][info   ][gc,stats       ]   Update Region States                1 us
[1.061s][info   ][gc,stats       ] Concurrent Mark Roots               898 us, parallelism: 0.95x
[1.061s][info   ][gc,stats       ]   CMR: <total>                      857 us
[1.061s][info   ][gc,stats       ]   CMR: Thread Roots                 642 us, workers (us): 642, ---, ---,
[1.061s][info   ][gc,stats       ]   CMR: VM Strong Roots               18 us, workers (us):  18, ---, ---,
[1.061s][info   ][gc,stats       ]   CMR: CLDG Roots                   197 us, workers (us): 197, ---, ---,
[1.061s][info   ][gc,stats       ] Concurrent Marking                 5718 us
[1.061s][info   ][gc,stats       ] Pause Final Mark (G)                235 us
[1.061s][info   ][gc,stats       ] Pause Final Mark (N)                 50 us
[1.061s][info   ][gc,stats       ]   Finish Mark                        29 us
[1.061s][info   ][gc,stats       ]   Update Region States                2 us
[1.061s][info   ][gc,stats       ]   Choose Collection Set               5 us
[1.061s][info   ][gc,stats       ]   Rebuild Free Set                    3 us
[1.061s][info   ][gc,stats       ] Concurrent Thread Roots             990 us, parallelism: 0.97x
[1.061s][info   ][gc,stats       ]   CTR: <total>                      962 us
[1.061s][info   ][gc,stats       ]   CTR: Thread Roots                 962 us, workers (us): 962, ---, ---,
[1.061s][info   ][gc,stats       ] Concurrent Weak References          111 us, parallelism: 0.63x
[1.061s][info   ][gc,stats       ]   CWRF: <total>                      70 us
[1.061s][info   ][gc,stats       ]   CWRF: Weak References              70 us, workers (us):  70, ---, ---,
[1.061s][info   ][gc,stats       ] Concurrent Weak Roots               227 us
[1.061s][info   ][gc,stats       ]   Roots                             173 us, parallelism: 0.82x
[1.061s][info   ][gc,stats       ]     CWR: <total>                    141 us
[1.061s][info   ][gc,stats       ]     CWR: Code Cache Roots            65 us, workers (us):  65, ---, ---,
[1.061s][info   ][gc,stats       ]     CWR: VM Weak Roots               73 us, workers (us):  73, ---, ---,
[1.061s][info   ][gc,stats       ]     CWR: CLDG Roots                   3 us, workers (us):   3, ---, ---,
[1.061s][info   ][gc,stats       ]   Rendezvous                         50 us
[1.061s][info   ][gc,stats       ] Concurrent Cleanup                    2 us
[1.061s][info   ][gc,stats       ] Concurrent Class Unloading         1116 us
[1.061s][info   ][gc,stats       ]   Unlink Stale                     1052 us
[1.061s][info   ][gc,stats       ]     System Dictionary                 3 us
[1.061s][info   ][gc,stats       ]     Weak Class Links                  0 us
[1.061s][info   ][gc,stats       ]     Code Roots                     1046 us
[1.061s][info   ][gc,stats       ]   Rendezvous                         45 us
[1.061s][info   ][gc,stats       ]   Purge Unlinked                     15 us
[1.061s][info   ][gc,stats       ]     Code Roots                       12 us
[1.061s][info   ][gc,stats       ]     CLDG                              3 us
[1.061s][info   ][gc,stats       ]     Exception Caches                  0 us
[1.061s][info   ][gc,stats       ] Concurrent Strong Roots              80 us, parallelism: 0.82x
[1.061s][info   ][gc,stats       ]   CSR: <total>                       66 us
[1.061s][info   ][gc,stats       ]   CSR: VM Strong Roots                5 us, workers (us):   5, ---, ---,
[1.061s][info   ][gc,stats       ]   CSR: CLDG Roots                    61 us, workers (us):  61, ---, ---,
[1.061s][info   ][gc,stats       ] Concurrent Evacuation               575 us
[1.061s][info   ][gc,stats       ] Pause Init Update Refs (G)          322 us
[1.061s][info   ][gc,stats       ] Pause Init Update Refs (N)           13 us
[1.061s][info   ][gc,stats       ]   Manage GCLABs                       8 us
[1.061s][info   ][gc,stats       ] Concurrent Update Refs             2030 us
[1.061s][info   ][gc,stats       ] Concurrent Update Thread Roots      936 us
[1.061s][info   ][gc,stats       ] Pause Final Update Refs (G)         126 us
[1.061s][info   ][gc,stats       ] Pause Final Update Refs (N)          32 us
[1.061s][info   ][gc,stats       ]   Update Region States                1 us
[1.061s][info   ][gc,stats       ]   Trash Collection Set                2 us
[1.061s][info   ][gc,stats       ]   Rebuild Free Set                    2 us
[1.061s][info   ][gc,stats       ] Concurrent Cleanup                  102 us
[1.061s][info   ][gc,stats       ] Pacing                           307262 us
[1.061s][info   ][gc,stats       ]
[1.061s][info   ][gc,stats       ] Allocation pacing accrued:
[1.061s][info   ][gc,stats       ]     285 of   457 ms ( 62.3%): main
[1.061s][info   ][gc,stats       ]      22 of   457 ms (  4.8%): C1 CompilerThread0
[1.061s][info   ][gc,stats       ]     307 of   457 ms ( 67.2%): <total>
[1.061s][info   ][gc,stats       ]      28 of   457 ms (  6.1%): <average total>
[1.061s][info   ][gc,stats       ]     154 of   457 ms ( 33.6%): <average non-zero>
[1.061s][info   ][gc,stats       ]
[1.207s][info   ][safepoint,stats] ShenandoahInitMark           [             11               0 ][            14100      70400      38700     123200 ]               0
[1.215s][info   ][safepoint,stats] ShenandoahFinalMarkStartEvac [             11               0 ][             4000      22400      58000      84400 ]               0
[1.218s][info   ][safepoint,stats] ShenandoahInitUpdateRefs     [             11               0 ][             7200      38400      16900      62500 ]               0
[1.221s][info   ][safepoint,stats] ShenandoahFinalUpdateRefs    [             11               0 ][             6500      33800      62400     102700 ]               0
[1.222s][info   ][gc,stats       ]
[1.222s][info   ][gc,stats       ] All times are wall-clock times, except per-root-class counters, that are sum over
[1.222s][info   ][gc,stats       ] all workers. Dividing the <total> over the root stage time estimates parallelism.
[1.222s][info   ][gc,stats       ]
[1.222s][info   ][gc,stats       ] Concurrent Reset                    120 us
[1.222s][info   ][gc,stats       ] Pause Init Mark (G)                 378 us
[1.222s][info   ][gc,stats       ] Pause Init Mark (N)                  26 us
[1.222s][info   ][gc,stats       ]   Update Region States                1 us
[1.222s][info   ][gc,stats       ] Concurrent Mark Roots               833 us, parallelism: 0.89x
[1.222s][info   ][gc,stats       ]   CMR: <total>                      738 us
[1.222s][info   ][gc,stats       ]   CMR: Thread Roots                 433 us, workers (us): 433, ---, ---,
[1.222s][info   ][gc,stats       ]   CMR: VM Strong Roots               24 us, workers (us):  24, ---, ---,
[1.222s][info   ][gc,stats       ]   CMR: CLDG Roots                   282 us, workers (us): 282, ---, ---,
[1.222s][info   ][gc,stats       ] Concurrent Marking                 6431 us
[1.222s][info   ][gc,stats       ] Pause Final Mark (G)                148 us
[1.222s][info   ][gc,stats       ] Pause Final Mark (N)                 52 us
[1.222s][info   ][gc,stats       ]   Finish Mark                        31 us
[1.222s][info   ][gc,stats       ]   Update Region States                1 us
[1.222s][info   ][gc,stats       ]   Choose Collection Set               4 us
[1.222s][info   ][gc,stats       ]   Rebuild Free Set                    2 us
[1.222s][info   ][gc,stats       ] Concurrent Thread Roots             518 us, parallelism: 0.95x
[1.222s][info   ][gc,stats       ]   CTR: <total>                      492 us
[1.222s][info   ][gc,stats       ]   CTR: Thread Roots                 492 us, workers (us): 492, ---, ---,
[1.222s][info   ][gc,stats       ] Concurrent Weak References           74 us, parallelism: 0.60x
[1.222s][info   ][gc,stats       ]   CWRF: <total>                      45 us
[1.222s][info   ][gc,stats       ]   CWRF: Weak References              45 us, workers (us):  45, ---, ---,
[1.222s][info   ][gc,stats       ] Concurrent Weak Roots               239 us
[1.222s][info   ][gc,stats       ]   Roots                             190 us, parallelism: 0.83x
[1.222s][info   ][gc,stats       ]     CWR: <total>                    157 us
[1.222s][info   ][gc,stats       ]     CWR: Code Cache Roots            77 us, workers (us):  77, ---, ---,
[1.222s][info   ][gc,stats       ]     CWR: VM Weak Roots               77 us, workers (us):  77, ---, ---,
[1.222s][info   ][gc,stats       ]     CWR: CLDG Roots                   3 us, workers (us):   3, ---, ---,
[1.222s][info   ][gc,stats       ]   Rendezvous                         46 us
[1.222s][info   ][gc,stats       ] Concurrent Cleanup                    2 us
[1.222s][info   ][gc,stats       ] Concurrent Class Unloading         1300 us
[1.222s][info   ][gc,stats       ]   Unlink Stale                     1200 us
[1.222s][info   ][gc,stats       ]     System Dictionary                 2 us
[1.222s][info   ][gc,stats       ]     Weak Class Links                  0 us
[1.222s][info   ][gc,stats       ]     Code Roots                     1196 us
[1.222s][info   ][gc,stats       ]   Rendezvous                         65 us
[1.222s][info   ][gc,stats       ]   Purge Unlinked                     32 us
[1.222s][info   ][gc,stats       ]     Code Roots                       28 us
[1.222s][info   ][gc,stats       ]     CLDG                              4 us
[1.222s][info   ][gc,stats       ]     Exception Caches                  0 us
[1.222s][info   ][gc,stats       ] Concurrent Strong Roots              78 us, parallelism: 0.64x
[1.222s][info   ][gc,stats       ]   CSR: <total>                       50 us
[1.222s][info   ][gc,stats       ]   CSR: VM Strong Roots                6 us, workers (us):   6, ---, ---,
[1.222s][info   ][gc,stats       ]   CSR: CLDG Roots                    45 us, workers (us):  45, ---, ---,
[1.222s][info   ][gc,stats       ] Concurrent Evacuation               750 us
[1.222s][info   ][gc,stats       ] Pause Init Update Refs (G)          150 us
[1.222s][info   ][gc,stats       ] Pause Init Update Refs (N)           10 us
[1.222s][info   ][gc,stats       ]   Manage GCLABs                       5 us
[1.222s][info   ][gc,stats       ] Concurrent Update Refs             2484 us
[1.222s][info   ][gc,stats       ] Concurrent Update Thread Roots      603 us
[1.222s][info   ][gc,stats       ] Pause Final Update Refs (G)         185 us
[1.222s][info   ][gc,stats       ] Pause Final Update Refs (N)          52 us
[1.222s][info   ][gc,stats       ]   Update Region States                3 us
[1.222s][info   ][gc,stats       ]   Trash Collection Set                4 us
[1.222s][info   ][gc,stats       ]   Rebuild Free Set                    4 us
[1.222s][info   ][gc,stats       ] Concurrent Cleanup                  205 us
[1.222s][info   ][gc,stats       ] Pacing                            82196 us
[1.222s][info   ][gc,stats       ]
[1.222s][info   ][gc,stats       ] Allocation pacing accrued:
[1.222s][info   ][gc,stats       ]      82 of   161 ms ( 51.2%): main
[1.222s][info   ][gc,stats       ]      82 of   161 ms ( 51.2%): <total>
[1.222s][info   ][gc,stats       ]       7 of   161 ms (  4.7%): <average total>
[1.222s][info   ][gc,stats       ]      82 of   161 ms ( 51.2%): <average non-zero>
[1.222s][info   ][gc,stats       ]
[1.446s][info   ][safepoint,stats] ChangeBreakpoints            [             14               2 ][           106500      85900     274000     466400 ]               0
Connected to the target VM, address: '127.0.0.1:56632', transport: 'socket'
[1.471s][info   ][safepoint,stats] VM Operation                 [ threads: total initial_running ][ time:       sync    cleanup       vmop      total ] page_trap_count
[1.471s][info   ][safepoint,stats] ChangeBreakpoints            [             14               0 ][             7700      29700     181200     218600 ]               0
[1.472s][info   ][safepoint,stats] ChangeBreakpoints            [             14               0 ][             5500      30900     217400     253800 ]               0
[1.552s][info   ][safepoint,stats] ShenandoahInitMark           [             15               0 ][             8500      31700      30700      70900 ]               0
[1.564s][info   ][safepoint,stats] ShenandoahFinalMarkStartEvac [             15               0 ][             6100     124200      67900     198200 ]               0
[1.571s][info   ][safepoint,stats] ShenandoahInitUpdateRefs     [             15               0 ][             7300      26900      25700      59900 ]               0
[1.573s][info   ][safepoint,stats] CleanClassLoaderDataMetaspaces [             15               0 ][           318800      27300      36300     382400 ]               0
[1.575s][info   ][safepoint,stats] ShenandoahFinalUpdateRefs    [             15               1 ][            99500      30200      49300     179000 ]               0
[1.575s][info   ][gc,stats       ]
[1.576s][info   ][gc,stats       ] All times are wall-clock times, except per-root-class counters, that are sum over
[1.576s][info   ][gc,stats       ] all workers. Dividing the <total> over the root stage time estimates parallelism.
[1.576s][info   ][gc,stats       ]
[1.576s][info   ][gc,stats       ] Concurrent Reset                     35 us
[1.576s][info   ][gc,stats       ] Pause Init Mark (G)                 190 us
[1.576s][info   ][gc,stats       ] Pause Init Mark (N)                  13 us
[1.576s][info   ][gc,stats       ]   Update Region States                0 us
[1.576s][info   ][gc,stats       ] Concurrent Mark Roots               937 us, parallelism: 0.94x
[1.576s][info   ][gc,stats       ]   CMR: <total>                      878 us
[1.576s][info   ][gc,stats       ]   CMR: Thread Roots                 621 us, workers (us): 621, ---, ---,
[1.576s][info   ][gc,stats       ]   CMR: VM Strong Roots               35 us, workers (us):  35, ---, ---,
[1.576s][info   ][gc,stats       ]   CMR: CLDG Roots                   222 us, workers (us): 222, ---, ---,
[1.576s][info   ][gc,stats       ] Concurrent Marking                10690 us
[1.576s][info   ][gc,stats       ] Pause Final Mark (G)                353 us
[1.576s][info   ][gc,stats       ] Pause Final Mark (N)                 57 us
[1.576s][info   ][gc,stats       ]   Finish Mark                        33 us
[1.576s][info   ][gc,stats       ]   Update Region States                2 us
[1.576s][info   ][gc,stats       ]   Choose Collection Set               6 us
[1.576s][info   ][gc,stats       ]   Rebuild Free Set                    3 us
[1.576s][info   ][gc,stats       ] Concurrent Thread Roots             658 us, parallelism: 0.83x
[1.576s][info   ][gc,stats       ]   CTR: <total>                      545 us
[1.576s][info   ][gc,stats       ]   CTR: Thread Roots                 545 us, workers (us): 545, ---, ---,
[1.576s][info   ][gc,stats       ] Concurrent Weak References          138 us, parallelism: 0.48x
[1.576s][info   ][gc,stats       ]   CWRF: <total>                      66 us
[1.576s][info   ][gc,stats       ]   CWRF: Weak References              66 us, workers (us):  66, ---, ---,
[1.576s][info   ][gc,stats       ] Concurrent Weak Roots              1108 us
[1.576s][info   ][gc,stats       ]   Roots                             441 us, parallelism: 0.94x
[1.576s][info   ][gc,stats       ]     CWR: <total>                    416 us
[1.576s][info   ][gc,stats       ]     CWR: Code Cache Roots           143 us, workers (us): 143, ---, ---,
[1.576s][info   ][gc,stats       ]     CWR: VM Weak Roots              264 us, workers (us): 264, ---, ---,
[1.576s][info   ][gc,stats       ]     CWR: CLDG Roots                   9 us, workers (us):   9, ---, ---,
[1.576s][info   ][gc,stats       ]   Rendezvous                        661 us
[1.576s][info   ][gc,stats       ] Concurrent Cleanup                    6 us
[1.576s][info   ][gc,stats       ] Concurrent Class Unloading         4251 us
[1.576s][info   ][gc,stats       ]   Unlink Stale                     3724 us
[1.576s][info   ][gc,stats       ]     System Dictionary                12 us
[1.576s][info   ][gc,stats       ]     Weak Class Links                  1 us
[1.576s][info   ][gc,stats       ]     Code Roots                     3709 us
[1.576s][info   ][gc,stats       ]   Rendezvous                        241 us
[1.576s][info   ][gc,stats       ]   Purge Unlinked                    278 us
[1.576s][info   ][gc,stats       ]     Code Roots                      272 us
[1.576s][info   ][gc,stats       ]     CLDG                              4 us
[1.576s][info   ][gc,stats       ]     Exception Caches                  0 us
[1.576s][info   ][gc,stats       ] Concurrent Strong Roots             133 us, parallelism: 0.73x
[1.576s][info   ][gc,stats       ]   CSR: <total>                       97 us
[1.576s][info   ][gc,stats       ]   CSR: VM Strong Roots               15 us, workers (us):  15, ---, ---,
[1.576s][info   ][gc,stats       ]   CSR: CLDG Roots                    81 us, workers (us):  81, ---, ---,
[1.576s][info   ][gc,stats       ] Concurrent Evacuation               424 us
[1.576s][info   ][gc,stats       ] Pause Init Update Refs (G)          178 us
[1.576s][info   ][gc,stats       ] Pause Init Update Refs (N)            8 us
[1.576s][info   ][gc,stats       ]   Manage GCLABs                       4 us
[1.576s][info   ][gc,stats       ] Concurrent Update Refs             3198 us
[1.576s][info   ][gc,stats       ] Concurrent Update Thread Roots      587 us
[1.576s][info   ][gc,stats       ] Pause Final Update Refs (G)         243 us
[1.576s][info   ][gc,stats       ] Pause Final Update Refs (N)          33 us
[1.576s][info   ][gc,stats       ]   Update Region States                1 us
[1.576s][info   ][gc,stats       ]   Trash Collection Set                2 us
[1.576s][info   ][gc,stats       ]   Rebuild Free Set                    2 us
[1.576s][info   ][gc,stats       ] Concurrent Cleanup                  109 us
[1.576s][info   ][gc,stats       ] Pacing                           161591 us
[1.576s][info   ][gc,stats       ]
[1.576s][info   ][gc,stats       ] Allocation pacing accrued:
[1.576s][info   ][gc,stats       ]     162 of   354 ms ( 45.7%): main
[1.576s][info   ][gc,stats       ]     162 of   354 ms ( 45.7%): <total>
[1.576s][info   ][gc,stats       ]      11 of   354 ms (  3.0%): <average total>
[1.576s][info   ][gc,stats       ]     162 of   354 ms ( 45.7%): <average non-zero>
[1.576s][info   ][gc,stats       ]
[2.590s][info   ][safepoint,stats] Cleanup                      [             16               0 ][            41800      80700       7500     130000 ]               0
[2.730s][info   ][safepoint,stats] ShenandoahInitMark           [             16               0 ][            10800      29600     156500     196900 ]               0
[2.743s][info   ][safepoint,stats] ShenandoahFinalMarkStartEvac [             16               1 ][           693900      59700     189000     942600 ]               0
[2.747s][info   ][safepoint,stats] CleanClassLoaderDataMetaspaces [             16               0 ][             4100      40300      24200      68600 ]               0
[2.747s][info   ][safepoint,stats] ShenandoahInitUpdateRefs     [             16               0 ][             4300      40500      17700      62500 ]               0
[2.751s][info   ][safepoint,stats] ShenandoahFinalUpdateRefs    [             16               0 ][             3800      56500      42400     102700 ]               0
[2.751s][info   ][gc,stats       ]
[2.751s][info   ][gc,stats       ] All times are wall-clock times, except per-root-class counters, that are sum over
[2.751s][info   ][gc,stats       ] all workers. Dividing the <total> over the root stage time estimates parallelism.
[2.751s][info   ][gc,stats       ]
[2.751s][info   ][gc,stats       ] Concurrent Reset                     40 us
[2.751s][info   ][gc,stats       ] Pause Init Mark (G)                 300 us
[2.751s][info   ][gc,stats       ] Pause Init Mark (N)                 145 us
[2.751s][info   ][gc,stats       ]   Update Region States                1 us
[2.751s][info   ][gc,stats       ] Concurrent Mark Roots              1947 us, parallelism: 0.96x
[2.751s][info   ][gc,stats       ]   CMR: <total>                     1860 us
[2.751s][info   ][gc,stats       ]   CMR: Thread Roots                1336 us, workers (us): 1336, ---, ---,
[2.751s][info   ][gc,stats       ]   CMR: VM Strong Roots               50 us, workers (us):  50, ---, ---,
[2.751s][info   ][gc,stats       ]   CMR: CLDG Roots                   473 us, workers (us): 473, ---, ---,
[2.751s][info   ][gc,stats       ] Concurrent Marking                 9995 us
[2.751s][info   ][gc,stats       ] Pause Final Mark (G)               1039 us
[2.751s][info   ][gc,stats       ] Pause Final Mark (N)                158 us
[2.751s][info   ][gc,stats       ]   Finish Mark                       126 us
[2.751s][info   ][gc,stats       ]   Update Region States                2 us
[2.751s][info   ][gc,stats       ]   Choose Collection Set               6 us
[2.751s][info   ][gc,stats       ]   Rebuild Free Set                    3 us
[2.751s][info   ][gc,stats       ] Concurrent Thread Roots             487 us, parallelism: 0.86x
[2.751s][info   ][gc,stats       ]   CTR: <total>                      419 us
[2.751s][info   ][gc,stats       ]   CTR: Thread Roots                 419 us, workers (us): 419, ---, ---,
[2.751s][info   ][gc,stats       ] Concurrent Weak References          110 us, parallelism: 0.34x
[2.751s][info   ][gc,stats       ]   CWRF: <total>                      37 us
[2.751s][info   ][gc,stats       ]   CWRF: Weak References              37 us, workers (us):  37, ---, ---,
[2.751s][info   ][gc,stats       ] Concurrent Weak Roots               468 us
[2.751s][info   ][gc,stats       ]   Roots                             397 us, parallelism: 0.82x
[2.751s][info   ][gc,stats       ]     CWR: <total>                    326 us
[2.751s][info   ][gc,stats       ]     CWR: Code Cache Roots            99 us, workers (us):  99, ---, ---,
[2.751s][info   ][gc,stats       ]     CWR: VM Weak Roots              221 us, workers (us): 221, ---, ---,
[2.751s][info   ][gc,stats       ]     CWR: CLDG Roots                   6 us, workers (us):   6, ---, ---,
[2.751s][info   ][gc,stats       ]   Rendezvous                         65 us
[2.751s][info   ][gc,stats       ] Concurrent Cleanup                    3 us
[2.751s][info   ][gc,stats       ] Concurrent Class Unloading         1853 us
[2.751s][info   ][gc,stats       ]   Unlink Stale                     1711 us
[2.751s][info   ][gc,stats       ]     System Dictionary                 4 us
[2.751s][info   ][gc,stats       ]     Weak Class Links                  0 us
[2.751s][info   ][gc,stats       ]     Code Roots                     1705 us
[2.751s][info   ][gc,stats       ]   Rendezvous                         79 us
[2.751s][info   ][gc,stats       ]   Purge Unlinked                     58 us
[2.751s][info   ][gc,stats       ]     Code Roots                       53 us
[2.751s][info   ][gc,stats       ]     CLDG                              4 us
[2.751s][info   ][gc,stats       ]     Exception Caches                  0 us
[2.751s][info   ][gc,stats       ] Concurrent Strong Roots             122 us, parallelism: 0.62x
[2.751s][info   ][gc,stats       ]   CSR: <total>                       75 us
[2.751s][info   ][gc,stats       ]   CSR: VM Strong Roots                9 us, workers (us):   9, ---, ---,
[2.751s][info   ][gc,stats       ]   CSR: CLDG Roots                    66 us, workers (us):  66, ---, ---,
[2.751s][info   ][gc,stats       ] Concurrent Evacuation               460 us
[2.751s][info   ][gc,stats       ] Pause Init Update Refs (G)          116 us
[2.751s][info   ][gc,stats       ] Pause Init Update Refs (N)           10 us
[2.751s][info   ][gc,stats       ]   Manage GCLABs                       5 us
[2.751s][info   ][gc,stats       ] Concurrent Update Refs             3003 us
[2.751s][info   ][gc,stats       ] Concurrent Update Thread Roots      395 us
[2.751s][info   ][gc,stats       ] Pause Final Update Refs (G)         177 us
[2.751s][info   ][gc,stats       ] Pause Final Update Refs (N)          36 us
[2.751s][info   ][gc,stats       ]   Update Region States                2 us
[2.751s][info   ][gc,stats       ]   Trash Collection Set                2 us
[2.751s][info   ][gc,stats       ]   Rebuild Free Set                    2 us
[2.751s][info   ][gc,stats       ] Concurrent Cleanup                   69 us
[2.751s][info   ][gc,stats       ] Pacing                            26297 us
[2.751s][info   ][gc,stats       ]
[2.751s][info   ][gc,stats       ] Allocation pacing accrued:
[2.751s][info   ][gc,stats       ]      26 of  1175 ms (  2.2%): thread1
[2.751s][info   ][gc,stats       ]      26 of  1175 ms (  2.2%): <total>
[2.751s][info   ][gc,stats       ]       2 of  1175 ms (  0.1%): <average total>
[2.751s][info   ][gc,stats       ]      26 of  1175 ms (  2.2%): <average non-zero>
[2.751s][info   ][gc,stats       ]
thread: thread1, costs [2.856s][info   ][safepoint,stats] ShenandoahInitMark           [             16               1 ][           906800      93700      51200    1051700 ]               0
[2.868s][info   ][safepoint,stats] ShenandoahFinalMarkStartEvac [             16               0 ][            10400      62500     158200     231100 ]               0
[2.875s][info   ][safepoint,stats] ShenandoahInitUpdateRefs     [             16               1 ][           311500     102400      58900     472800 ]               0
[2.880s][info   ][safepoint,stats] ShenandoahFinalUpdateRefs    [             16               1 ][            14700      58600      74100     147400 ]               0
[2.880s][info   ][gc,stats       ]
[2.880s][info   ][gc,stats       ] All times are wall-clock times, except per-root-class counters, that are sum over
[2.880s][info   ][gc,stats       ] all workers. Dividing the <total> over the root stage time estimates parallelism.
[2.880s][info   ][gc,stats       ]
[2.880s][info   ][gc,stats       ] Concurrent Reset                     77 us
[2.880s][info   ][gc,stats       ] Pause Init Mark (G)                1148 us
[2.880s][info   ][gc,stats       ] Pause Init Mark (N)                  24 us
[2.880s][info   ][gc,stats       ]   Update Region States                1 us
[2.880s][info   ][gc,stats       ] Concurrent Mark Roots               858 us, parallelism: 0.92x
[2.880s][info   ][gc,stats       ]   CMR: <total>                      787 us
[2.880s][info   ][gc,stats       ]   CMR: Thread Roots                 555 us, workers (us): 555, ---, ---,
[2.880s][info   ][gc,stats       ]   CMR: VM Strong Roots               21 us, workers (us):  21, ---, ---,
[2.880s][info   ][gc,stats       ]   CMR: CLDG Roots                   211 us, workers (us): 211, ---, ---,
[2.880s][info   ][gc,stats       ] Concurrent Marking                11030 us
[2.880s][info   ][gc,stats       ] Pause Final Mark (G)                397 us
[2.880s][info   ][gc,stats       ] Pause Final Mark (N)                144 us
[2.880s][info   ][gc,stats       ]   Finish Mark                       119 us
[2.880s][info   ][gc,stats       ]   Update Region States                1 us
[2.880s][info   ][gc,stats       ]   Choose Collection Set               4 us
[2.880s][info   ][gc,stats       ]   Rebuild Free Set                    2 us
[2.880s][info   ][gc,stats       ] Concurrent Thread Roots            1516 us, parallelism: 0.94x
[2.880s][info   ][gc,stats       ]   CTR: <total>                     1426 us
[2.880s][info   ][gc,stats       ]   CTR: Thread Roots                1426 us, workers (us): 1426, ---, ---,
[2.880s][info   ][gc,stats       ] Concurrent Weak References          126 us, parallelism: 0.44x
[2.880s][info   ][gc,stats       ]   CWRF: <total>                      56 us
[2.880s][info   ][gc,stats       ]   CWRF: Weak References              56 us, workers (us):  56, ---, ---,
[2.880s][info   ][gc,stats       ] Concurrent Weak Roots               701 us
[2.880s][info   ][gc,stats       ]   Roots                             518 us, parallelism: 0.85x
[2.880s][info   ][gc,stats       ]     CWR: <total>                    442 us
[2.880s][info   ][gc,stats       ]     CWR: Code Cache Roots           103 us, workers (us): 103, ---, ---,
[2.880s][info   ][gc,stats       ]     CWR: VM Weak Roots              331 us, workers (us): 331, ---, ---,
[2.880s][info   ][gc,stats       ]     CWR: CLDG Roots                   8 us, workers (us):   8, ---, ---,
[2.880s][info   ][gc,stats       ]   Rendezvous                        177 us
[2.880s][info   ][gc,stats       ] Concurrent Cleanup                    2 us
[2.880s][info   ][gc,stats       ] Concurrent Class Unloading         3373 us
[2.880s][info   ][gc,stats       ]   Unlink Stale                     3169 us
[2.880s][info   ][gc,stats       ]     System Dictionary               159 us
[2.880s][info   ][gc,stats       ]     Weak Class Links                811 us
[2.880s][info   ][gc,stats       ]     Code Roots                     2196 us
[2.880s][info   ][gc,stats       ]   Rendezvous                         71 us
[2.880s][info   ][gc,stats       ]   Purge Unlinked                    127 us
[2.880s][info   ][gc,stats       ]     Code Roots                       53 us
[2.880s][info   ][gc,stats       ]     CLDG                             73 us
[2.880s][info   ][gc,stats       ]     Exception Caches                  0 us
[2.880s][info   ][gc,stats       ] Concurrent Strong Roots             131 us, parallelism: 0.62x
[2.880s][info   ][gc,stats       ]   CSR: <total>                       81 us
[2.880s][info   ][gc,stats       ]   CSR: VM Strong Roots                7 us, workers (us):   7, ---, ---,
[2.880s][info   ][gc,stats       ]   CSR: CLDG Roots                    74 us, workers (us):  74, ---, ---,
[2.880s][info   ][gc,stats       ] Concurrent Evacuation               706 us
[2.880s][info   ][gc,stats       ] Pause Init Update Refs (G)          580 us
[2.880s][info   ][gc,stats       ] Pause Init Update Refs (N)           23 us
[2.880s][info   ][gc,stats       ]   Manage GCLABs                      12 us
[2.880s][info   ][gc,stats       ] Concurrent Update Refs             3520 us
[2.880s][info   ][gc,stats       ] Concurrent Update Thread Roots      902 us
[2.880s][info   ][gc,stats       ] Pause Final Update Refs (G)         230 us
[2.880s][info   ][gc,stats       ] Pause Final Update Refs (N)          40 us
[2.880s][info   ][gc,stats       ]   Update Region States                1 us
[2.880s][info   ][gc,stats       ]   Trash Collection Set                2 us
[2.880s][info   ][gc,stats       ]   Rebuild Free Set                    2 us
[2.880s][info   ][gc,stats       ] Concurrent Cleanup                   30 us
[2.880s][info   ][gc,stats       ] Pacing                            49829 us
[2.880s][info   ][gc,stats       ]
[2.880s][info   ][gc,stats       ] Allocation pacing accrued:
[2.880s][info   ][gc,stats       ]      50 of   129 ms ( 38.6%): thread1
[2.880s][info   ][gc,stats       ]      50 of   129 ms ( 38.6%): <total>
[2.880s][info   ][gc,stats       ]       3 of   129 ms (  2.4%): <average total>
[2.880s][info   ][gc,stats       ]      50 of   129 ms ( 38.6%): <average non-zero>
[2.880s][info   ][gc,stats       ]
[2.903s][info   ][safepoint,stats] ShenandoahInitMark           [             16               0 ][            16300     117200      56100     189600 ]               0
[2.916s][info   ][safepoint,stats] ShenandoahFinalMarkStartEvac [             16               0 ][             4700      85200     235200     325100 ]               0
[2.937s][info   ][safepoint,stats] ShenandoahInitUpdateRefs     [             16               0 ][             4700      34600      22400      61700 ]               0
[2.943s][info   ][safepoint,stats] ShenandoahFinalUpdateRefs    [             16               0 ][             3900      89500      41700     135100 ]               0
[2.943s][info   ][gc,stats       ]
[2.943s][info   ][gc,stats       ] All times are wall-clock times, except per-root-class counters, that are sum over
[2.943s][info   ][gc,stats       ] all workers. Dividing the <total> over the root stage time estimates parallelism.
[2.943s][info   ][gc,stats       ]
[2.943s][info   ][gc,stats       ] Concurrent Reset                     89 us
[2.943s][info   ][gc,stats       ] Pause Init Mark (G)                 324 us
[2.943s][info   ][gc,stats       ] Pause Init Mark (N)                  36 us
[2.943s][info   ][gc,stats       ]   Update Region States                1 us
[2.943s][info   ][gc,stats       ] Concurrent Mark Roots              1558 us, parallelism: 0.93x
[2.943s][info   ][gc,stats       ]   CMR: <total>                     1451 us
[2.943s][info   ][gc,stats       ]   CMR: Thread Roots                1024 us, workers (us): 1024, ---, ---,
[2.943s][info   ][gc,stats       ]   CMR: VM Strong Roots               56 us, workers (us):  56, ---, ---,
[2.943s][info   ][gc,stats       ]   CMR: CLDG Roots                   371 us, workers (us): 371, ---, ---,
[2.943s][info   ][gc,stats       ] Concurrent Marking                10782 us
[2.943s][info   ][gc,stats       ] Pause Final Mark (G)                396 us
[2.943s][info   ][gc,stats       ] Pause Final Mark (N)                227 us
[2.943s][info   ][gc,stats       ]   Finish Mark                       206 us
[2.943s][info   ][gc,stats       ]   Update Region States                1 us
[2.943s][info   ][gc,stats       ]   Choose Collection Set               4 us
[2.943s][info   ][gc,stats       ]   Rebuild Free Set                    2 us
[2.943s][info   ][gc,stats       ] Concurrent Thread Roots            2053 us, parallelism: 0.96x
[2.943s][info   ][gc,stats       ]   CTR: <total>                     1970 us
[2.943s][info   ][gc,stats       ]   CTR: Thread Roots                1970 us, workers (us): 1970, ---, ---,
[2.943s][info   ][gc,stats       ] Concurrent Weak References          117 us, parallelism: 0.40x
[2.943s][info   ][gc,stats       ]   CWRF: <total>                      47 us
[2.943s][info   ][gc,stats       ]   CWRF: Weak References              47 us, workers (us):  47, ---, ---,
[2.943s][info   ][gc,stats       ] Concurrent Weak Roots             16086 us
[2.943s][info   ][gc,stats       ]   Roots                             993 us, parallelism: 0.93x
[2.943s][info   ][gc,stats       ]     CWR: <total>                    922 us
[2.943s][info   ][gc,stats       ]     CWR: Code Cache Roots           233 us, workers (us): 233, ---, ---,
[2.943s][info   ][gc,stats       ]     CWR: VM Weak Roots              677 us, workers (us): 677, ---, ---,
[2.943s][info   ][gc,stats       ]     CWR: CLDG Roots                  13 us, workers (us):  13, ---, ---,
[2.943s][info   ][gc,stats       ]   Rendezvous                      15080 us
[2.943s][info   ][gc,stats       ] Concurrent Cleanup                    5 us
[2.943s][info   ][gc,stats       ] Concurrent Class Unloading         2823 us
[2.943s][info   ][gc,stats       ]   Unlink Stale                     2661 us
[2.943s][info   ][gc,stats       ]     System Dictionary                17 us
[2.943s][info   ][gc,stats       ]     Weak Class Links                  1 us
[2.943s][info   ][gc,stats       ]     Code Roots                     2640 us
[2.943s][info   ][gc,stats       ]   Rendezvous                         89 us
[2.943s][info   ][gc,stats       ]   Purge Unlinked                     63 us
[2.943s][info   ][gc,stats       ]     Code Roots                       55 us
[2.943s][info   ][gc,stats       ]     CLDG                              7 us
[2.943s][info   ][gc,stats       ]     Exception Caches                  0 us
[2.943s][info   ][gc,stats       ] Concurrent Strong Roots             128 us, parallelism: 0.47x
[2.943s][info   ][gc,stats       ]   CSR: <total>                       59 us
[2.943s][info   ][gc,stats       ]   CSR: VM Strong Roots               11 us, workers (us):  11, ---, ---,
[2.943s][info   ][gc,stats       ]   CSR: CLDG Roots                    48 us, workers (us):  48, ---, ---,
[2.943s][info   ][gc,stats       ] Concurrent Evacuation               434 us
[2.943s][info   ][gc,stats       ] Pause Init Update Refs (G)          154 us
[2.943s][info   ][gc,stats       ] Pause Init Update Refs (N)           12 us
[2.943s][info   ][gc,stats       ]   Manage GCLABs                       5 us
[2.943s][info   ][gc,stats       ] Concurrent Update Refs             3697 us
[2.943s][info   ][gc,stats       ] Concurrent Update Thread Roots     1115 us
[2.943s][info   ][gc,stats       ] Pause Final Update Refs (G)         278 us
[2.943s][info   ][gc,stats       ] Pause Final Update Refs (N)          35 us
[2.943s][info   ][gc,stats       ]   Update Region States                1 us
[2.943s][info   ][gc,stats       ]   Trash Collection Set                1 us
[2.943s][info   ][gc,stats       ]   Rebuild Free Set                    2 us
[2.943s][info   ][gc,stats       ] Concurrent Cleanup                   43 us
[2.943s][info   ][gc,stats       ] Pacing                            18217 us
[2.943s][info   ][gc,stats       ]
[2.943s][info   ][gc,stats       ] Allocation pacing accrued:
[2.943s][info   ][gc,stats       ]      18 of    63 ms ( 29.0%): thread1
[2.943s][info   ][gc,stats       ]      18 of    63 ms ( 29.0%): <total>
[2.943s][info   ][gc,stats       ]       1 of    63 ms (  1.8%): <average total>
[2.943s][info   ][gc,stats       ]      18 of    63 ms ( 29.0%): <average non-zero>
[2.943s][info   ][gc,stats       ]
[3.012s][info   ][safepoint,stats] ShenandoahInitMark           [             16               0 ][            12100      60400      43400     115900 ]               0
[3.025s][info   ][safepoint,stats] ShenandoahFinalMarkStartEvac [             16               0 ][             4700      45900      84500     135100 ]               0
[3.043s][info   ][safepoint,stats] CleanClassLoaderDataMetaspaces [             16               0 ][            11800      25000      51500      88300 ]               0
[3.044s][info   ][safepoint,stats] ShenandoahInitUpdateRefs     [             16               1 ][           584000      38000      46900     668900 ]               0
[3.049s][info   ][safepoint,stats] ShenandoahFinalUpdateRefs    [             16               1 ][            15500      41500      62200     119200 ]               1
[3.049s][info   ][gc,stats       ]
[3.049s][info   ][gc,stats       ] All times are wall-clock times, except per-root-class counters, that are sum over
[3.049s][info   ][gc,stats       ] all workers. Dividing the <total> over the root stage time estimates parallelism.
[3.049s][info   ][gc,stats       ]
[3.049s][info   ][gc,stats       ] Concurrent Reset                     52 us
[3.049s][info   ][gc,stats       ] Pause Init Mark (G)                 195 us
[3.049s][info   ][gc,stats       ] Pause Init Mark (N)                  18 us
[3.049s][info   ][gc,stats       ]   Update Region States                1 us
[3.049s][info   ][gc,stats       ] Concurrent Mark Roots              1408 us, parallelism: 0.96x
[3.049s][info   ][gc,stats       ]   CMR: <total>                     1356 us
[3.049s][info   ][gc,stats       ]   CMR: Thread Roots                 956 us, workers (us): 956, ---, ---,
[3.049s][info   ][gc,stats       ]   CMR: VM Strong Roots               29 us, workers (us):  29, ---, ---,
[3.049s][info   ][gc,stats       ]   CMR: CLDG Roots                   371 us, workers (us): 371, ---, ---,
[3.049s][info   ][gc,stats       ] Concurrent Marking                11418 us
[3.049s][info   ][gc,stats       ] Pause Final Mark (G)                202 us
[3.049s][info   ][gc,stats       ] Pause Final Mark (N)                 76 us
[3.049s][info   ][gc,stats       ]   Finish Mark                        54 us
[3.049s][info   ][gc,stats       ]   Update Region States                1 us
[3.049s][info   ][gc,stats       ]   Choose Collection Set               4 us
[3.049s][info   ][gc,stats       ]   Rebuild Free Set                    2 us
[3.049s][info   ][gc,stats       ] Concurrent Thread Roots             577 us, parallelism: 0.90x
[3.049s][info   ][gc,stats       ]   CTR: <total>                      520 us
[3.049s][info   ][gc,stats       ]   CTR: Thread Roots                 520 us, workers (us): 520, ---, ---,
[3.049s][info   ][gc,stats       ] Concurrent Weak References           99 us, parallelism: 0.48x
[3.049s][info   ][gc,stats       ]   CWRF: <total>                      48 us
[3.049s][info   ][gc,stats       ]   CWRF: Weak References              48 us, workers (us):  48, ---, ---,
[3.049s][info   ][gc,stats       ] Concurrent Weak Roots               527 us
[3.049s][info   ][gc,stats       ]   Roots                             466 us, parallelism: 0.89x
[3.049s][info   ][gc,stats       ]     CWR: <total>                    416 us
[3.049s][info   ][gc,stats       ]     CWR: Code Cache Roots           109 us, workers (us): 109, ---, ---,
[3.049s][info   ][gc,stats       ]     CWR: VM Weak Roots              300 us, workers (us): 300, ---, ---,
[3.049s][info   ][gc,stats       ]     CWR: CLDG Roots                   8 us, workers (us):   8, ---, ---,
[3.049s][info   ][gc,stats       ]   Rendezvous                         56 us
[3.049s][info   ][gc,stats       ] Concurrent Cleanup                    2 us
[3.049s][info   ][gc,stats       ] Concurrent Class Unloading        16630 us
[3.049s][info   ][gc,stats       ]   Unlink Stale                     2175 us
[3.049s][info   ][gc,stats       ]     System Dictionary                 4 us
[3.049s][info   ][gc,stats       ]     Weak Class Links                  0 us
[3.049s][info   ][gc,stats       ]     Code Roots                     2170 us
[3.049s][info   ][gc,stats       ]   Rendezvous                      14378 us
[3.049s][info   ][gc,stats       ]   Purge Unlinked                     68 us
[3.049s][info   ][gc,stats       ]     Code Roots                       62 us
[3.049s][info   ][gc,stats       ]     CLDG                              4 us
[3.049s][info   ][gc,stats       ]     Exception Caches                  0 us
[3.049s][info   ][gc,stats       ] Concurrent Strong Roots             111 us, parallelism: 0.67x
[3.049s][info   ][gc,stats       ]   CSR: <total>                       74 us
[3.049s][info   ][gc,stats       ]   CSR: VM Strong Roots                9 us, workers (us):   9, ---, ---,
[3.049s][info   ][gc,stats       ]   CSR: CLDG Roots                    65 us, workers (us):  65, ---, ---,
[3.049s][info   ][gc,stats       ] Concurrent Evacuation               518 us
[3.049s][info   ][gc,stats       ] Pause Init Update Refs (G)          756 us
[3.049s][info   ][gc,stats       ] Pause Init Update Refs (N)           18 us
[3.049s][info   ][gc,stats       ]   Manage GCLABs                       8 us
[3.049s][info   ][gc,stats       ] Concurrent Update Refs             3303 us
[3.049s][info   ][gc,stats       ] Concurrent Update Thread Roots      863 us
[3.049s][info   ][gc,stats       ] Pause Final Update Refs (G)         183 us
[3.049s][info   ][gc,stats       ] Pause Final Update Refs (N)          37 us
[3.049s][info   ][gc,stats       ]   Update Region States                1 us
[3.049s][info   ][gc,stats       ]   Trash Collection Set                2 us
[3.049s][info   ][gc,stats       ]   Rebuild Free Set                    2 us
[3.049s][info   ][gc,stats       ] Concurrent Cleanup                   25 us
[3.049s][info   ][gc,stats       ] Pacing                            65448 us
[3.049s][info   ][gc,stats       ]
[3.049s][info   ][gc,stats       ] Allocation pacing accrued:
[3.049s][info   ][gc,stats       ]      65 of   106 ms ( 61.7%): thread1
[3.049s][info   ][gc,stats       ]      65 of   106 ms ( 61.7%): <total>
[3.049s][info   ][gc,stats       ]       4 of   106 ms (  3.9%): <average total>
[3.049s][info   ][gc,stats       ]      65 of   106 ms ( 61.7%): <average non-zero>
[3.049s][info   ][gc,stats       ]
[3.060s][info   ][safepoint,stats] ShenandoahInitMark           [             16               1 ][           332200      44200      43000     419400 ]               0
[3.073s][info   ][safepoint,stats] ShenandoahFinalMarkStartEvac [             16               0 ][             4300      56500     129400     190200 ]               0
[3.078s][info   ][safepoint,stats] CleanClassLoaderDataMetaspaces [             16               0 ][             4200      43600      25100      72900 ]               0
[3.078s][info   ][safepoint,stats] ShenandoahInitUpdateRefs     [             16               0 ][             3600      39000      18400      61000 ]               0
[3.084s][info   ][safepoint,stats] VM Operation                 [ threads: total initial_running ][ time:       sync    cleanup       vmop      total ] page_trap_count
[3.084s][info   ][safepoint,stats] ShenandoahFinalUpdateRefs    [             16               0 ][             4200      61100      43900     109200 ]               0
[3.084s][info   ][gc,stats       ]
[3.084s][info   ][gc,stats       ] All times are wall-clock times, except per-root-class counters, that are sum over
[3.084s][info   ][gc,stats       ] all workers. Dividing the <total> over the root stage time estimates parallelism.
[3.084s][info   ][gc,stats       ]
[3.084s][info   ][gc,stats       ] Concurrent Reset                     52 us
[3.084s][info   ][gc,stats       ] Pause Init Mark (G)                 482 us
[3.084s][info   ][gc,stats       ] Pause Init Mark (N)                  16 us
[3.084s][info   ][gc,stats       ]   Update Region States                0 us
[3.084s][info   ][gc,stats       ] Concurrent Mark Roots              1112 us, parallelism: 0.94x
[3.084s][info   ][gc,stats       ]   CMR: <total>                     1044 us
[3.084s][info   ][gc,stats       ]   CMR: Thread Roots                 794 us, workers (us): 794, ---, ---,
[3.084s][info   ][gc,stats       ]   CMR: VM Strong Roots               21 us, workers (us):  21, ---, ---,
[3.084s][info   ][gc,stats       ]   CMR: CLDG Roots                   228 us, workers (us): 228, ---, ---,
[3.084s][info   ][gc,stats       ] Concurrent Marking                11908 us
[3.084s][info   ][gc,stats       ] Pause Final Mark (G)                283 us
[3.084s][info   ][gc,stats       ] Pause Final Mark (N)                117 us
[3.084s][info   ][gc,stats       ]   Finish Mark                        83 us
[3.084s][info   ][gc,stats       ]   Update Region States                2 us
[3.084s][info   ][gc,stats       ]   Choose Collection Set               6 us
[3.084s][info   ][gc,stats       ]   Rebuild Free Set                    3 us
[3.084s][info   ][gc,stats       ] Concurrent Thread Roots             874 us, parallelism: 0.95x
[3.084s][info   ][gc,stats       ]   CTR: <total>                      833 us
[3.084s][info   ][gc,stats       ]   CTR: Thread Roots                 833 us, workers (us): 833, ---, ---,
[3.084s][info   ][gc,stats       ] Concurrent Weak References           75 us, parallelism: 0.64x
[3.084s][info   ][gc,stats       ]   CWRF: <total>                      48 us
[3.084s][info   ][gc,stats       ]   CWRF: Weak References              48 us, workers (us):  48, ---, ---,
[3.084s][info   ][gc,stats       ] Concurrent Weak Roots              1500 us
[3.084s][info   ][gc,stats       ]   Roots                             546 us, parallelism: 0.92x
[3.084s][info   ][gc,stats       ]     CWR: <total>                    500 us
[3.084s][info   ][gc,stats       ]     CWR: Code Cache Roots           128 us, workers (us): 128, ---, ---,
[3.084s][info   ][gc,stats       ]     CWR: VM Weak Roots              364 us, workers (us): 364, ---, ---,
[3.084s][info   ][gc,stats       ]     CWR: CLDG Roots                   8 us, workers (us):   8, ---, ---,
[3.084s][info   ][gc,stats       ]   Rendezvous                        948 us
[3.084s][info   ][gc,stats       ] Concurrent Cleanup                    3 us
[3.084s][info   ][gc,stats       ] Concurrent Class Unloading         1939 us
[3.084s][info   ][gc,stats       ]   Unlink Stale                     1817 us
[3.084s][info   ][gc,stats       ]     System Dictionary                 8 us
[3.084s][info   ][gc,stats       ]     Weak Class Links                  0 us
[3.084s][info   ][gc,stats       ]     Code Roots                     1807 us
[3.084s][info   ][gc,stats       ]   Rendezvous                         60 us
[3.084s][info   ][gc,stats       ]   Purge Unlinked                     56 us
[3.084s][info   ][gc,stats       ]     Code Roots                       51 us
[3.084s][info   ][gc,stats       ]     CLDG                              4 us
[3.084s][info   ][gc,stats       ]     Exception Caches                  0 us
[3.084s][info   ][gc,stats       ] Concurrent Strong Roots             122 us, parallelism: 0.58x
[3.084s][info   ][gc,stats       ]   CSR: <total>                       71 us
[3.084s][info   ][gc,stats       ]   CSR: VM Strong Roots                7 us, workers (us):   7, ---, ---,
[3.084s][info   ][gc,stats       ]   CSR: CLDG Roots                    65 us, workers (us):  65, ---, ---,
[3.084s][info   ][gc,stats       ] Concurrent Evacuation               523 us
[3.084s][info   ][gc,stats       ] Pause Init Update Refs (G)          107 us
[3.084s][info   ][gc,stats       ] Pause Init Update Refs (N)           11 us
[3.084s][info   ][gc,stats       ]   Manage GCLABs                       5 us
[3.084s][info   ][gc,stats       ] Concurrent Update Refs             4201 us
[3.084s][info   ][gc,stats       ] Concurrent Update Thread Roots     1003 us
[3.084s][info   ][gc,stats       ] Pause Final Update Refs (G)         186 us
[3.084s][info   ][gc,stats       ] Pause Final Update Refs (N)          36 us
[3.084s][info   ][gc,stats       ]   Update Region States                1 us
[3.084s][info   ][gc,stats       ]   Trash Collection Set                1 us
[3.084s][info   ][gc,stats       ]   Rebuild Free Set                    2 us
[3.084s][info   ][gc,stats       ] Concurrent Cleanup                   41 us
[3.084s][info   ][gc,stats       ] Pacing                            11559 us
[3.084s][info   ][gc,stats       ]
[3.084s][info   ][gc,stats       ] Allocation pacing accrued:
[3.084s][info   ][gc,stats       ]      12 of    35 ms ( 32.9%): thread1
[3.084s][info   ][gc,stats       ]      12 of    35 ms ( 32.9%): <total>
[3.084s][info   ][gc,stats       ]       1 of    35 ms (  2.1%): <average total>
[3.084s][info   ][gc,stats       ]      12 of    35 ms ( 32.9%): <average non-zero>
[3.084s][info   ][gc,stats       ]
1015 ms
[3.169s][info   ][safepoint,stats] ShenandoahInitMark           [             18               1 ][            45200      47800      36900     129900 ]               1
[3.170s][info   ][gc,stats       ]
[3.170s][info   ][gc,stats       ] All times are wall-clock times, except per-root-class counters, that are sum over
[3.170s][info   ][gc,stats       ] all workers. Dividing the <total> over the root stage time estimates parallelism.
[3.170s][info   ][gc,stats       ]
[3.170s][info   ][gc,stats       ] Concurrent Reset                     47 us
[3.170s][info   ][gc,stats       ] Pause Init Mark (G)                 196 us
[3.170s][info   ][gc,stats       ] Pause Init Mark (N)                  16 us
[3.170s][info   ][gc,stats       ]   Update Region States                1 us
[3.170s][info   ][gc,stats       ] Concurrent Mark Roots               767 us, parallelism: 0.94x
[3.170s][info   ][gc,stats       ]   CMR: <total>                      719 us
[3.170s][info   ][gc,stats       ]   CMR: Thread Roots                 493 us, workers (us): 493, ---, ---,
[3.170s][info   ][gc,stats       ]   CMR: VM Strong Roots               22 us, workers (us):  22, ---, ---,
[3.170s][info   ][gc,stats       ]   CMR: CLDG Roots                   204 us, workers (us): 204, ---, ---,
[3.170s][info   ][gc,stats       ] Pacing                            36990 us
[3.170s][info   ][gc,stats       ]
[3.170s][info   ][gc,stats       ] Allocation pacing accrued:
[3.170s][info   ][gc,stats       ]      12 of    86 ms ( 13.6%): main
[3.170s][info   ][gc,stats       ]      13 of    86 ms ( 15.1%): thread1
[3.170s][info   ][gc,stats       ]      12 of    86 ms ( 14.3%): thread3
[3.170s][info   ][gc,stats       ]      37 of    86 ms ( 43.1%): <total>
[3.170s][info   ][gc,stats       ]       2 of    86 ms (  2.4%): <average total>
[3.170s][info   ][gc,stats       ]      12 of    86 ms ( 14.4%): <average non-zero>
[3.170s][info   ][gc,stats       ]
[3.199s][info   ][safepoint,stats] ShenandoahDegeneratedGC      [             18               1 ][            46800      47200   15087000   15181000 ]               1
[3.199s][info   ][gc,stats       ]
[3.199s][info   ][gc,stats       ] All times are wall-clock times, except per-root-class counters, that are sum over
[3.199s][info   ][gc,stats       ] all workers. Dividing the <total> over the root stage time estimates parallelism.
[3.199s][info   ][gc,stats       ]
[3.199s][info   ][gc,stats       ] Pause Degenerated GC (G)          15308 us
[3.199s][info   ][gc,stats       ] Pause Degenerated GC (N)          15045 us
[3.199s][info   ][gc,stats       ]   Degen STW Mark                   5299 us, parallelism: 2.94x
[3.199s][info   ][gc,stats       ]     DSM: <total>                  15561 us
[3.199s][info   ][gc,stats       ]     DSM: Thread Roots              1786 us, workers (us): 1443, 186, 157,
[3.199s][info   ][gc,stats       ]     DSM: VM Strong Roots             60 us, workers (us):   0,  59,   0,
[3.199s][info   ][gc,stats       ]     DSM: CLDG Roots                 360 us, workers (us):   1,   5, 354,
[3.199s][info   ][gc,stats       ]     DSM: Parallel Mark            13355 us, workers (us): 3746, 4936, 4673,
[3.199s][info   ][gc,stats       ]     System Purge                   5025 us
[3.199s][info   ][gc,stats       ]       Weak References                92 us, parallelism: 0.41x
[3.199s][info   ][gc,stats       ]         WRP: <total>                 38 us
[3.199s][info   ][gc,stats       ]         WRP: Weak References         38 us, workers (us):   9,   3,  26,
[3.200s][info   ][gc,stats       ]       Unload Classes               4655 us, parallelism: 0.43x
[3.200s][info   ][gc,stats       ]         DCU: <total>               2001 us
[3.200s][info   ][gc,stats       ]         DCU: Unload Code Caches     2001 us, workers (us): 654, 672, 675,
[3.200s][info   ][gc,stats       ]       Weak Roots                    249 us, parallelism: 2.08x
[3.200s][info   ][gc,stats       ]         DWR: <total>                518 us
[3.200s][info   ][gc,stats       ]         DWR: VM Weak Roots          518 us, workers (us): 175, 174, 169,
[3.200s][info   ][gc,stats       ]       CLDG                            1 us
[3.200s][info   ][gc,stats       ]   Update Region States                1 us
[3.200s][info   ][gc,stats       ]   Manage GC/TLABs                     8 us
[3.200s][info   ][gc,stats       ]   Choose Collection Set               5 us
[3.200s][info   ][gc,stats       ]   Rebuild Free Set                    2 us
[3.200s][info   ][gc,stats       ]   Evacuation                       1167 us
[3.200s][info   ][gc,stats       ]   Manage GCLABs                       6 us
[3.200s][info   ][gc,stats       ]   Update References                1934 us
[3.200s][info   ][gc,stats       ]   Update Region States                1 us
[3.200s][info   ][gc,stats       ]   Trash Collection Set                1 us
[3.200s][info   ][gc,stats       ]   Rebuild Free Set                    2 us
[3.200s][info   ][gc,stats       ]   Degen Update Roots               1315 us, parallelism: 1.44x
[3.200s][info   ][gc,stats       ]     DU: <total>                    1888 us
[3.200s][info   ][gc,stats       ]     DU: Thread Roots                 92 us, workers (us):   1,  89,   2,
[3.200s][info   ][gc,stats       ]     DU: Code Cache Roots           1094 us, workers (us): 367,   0, 727,
[3.200s][info   ][gc,stats       ]     DU: VM Strong Roots              27 us, workers (us):  10,   9,   8,
[3.200s][info   ][gc,stats       ]     DU: VM Weak Roots               614 us, workers (us): 202, 202, 210,
[3.200s][info   ][gc,stats       ]     DU: CLDG Roots                   62 us, workers (us):   9,  51,   2,
[3.200s][info   ][gc,stats       ]   Cleanup                            23 us
[3.200s][info   ][gc,stats       ] Pacing                            22977 us
[3.200s][info   ][gc,stats       ]
[3.200s][info   ][gc,stats       ] Allocation pacing accrued:
[3.200s][info   ][gc,stats       ]      23 of    29 ms ( 78.1%): main
[3.200s][info   ][gc,stats       ]      23 of    29 ms ( 78.1%): <total>
[3.200s][info   ][gc,stats       ]       1 of    29 ms (  4.3%): <average total>
[3.200s][info   ][gc,stats       ]      23 of    29 ms ( 78.1%): <average non-zero>
[3.200s][info   ][gc,stats       ]
[3.230s][info   ][safepoint,stats] ShenandoahDegeneratedGC      [             18               1 ][           146000      34600   13243400   13424000 ]               1
[3.230s][info   ][gc,stats       ]
[3.230s][info   ][gc,stats       ] All times are wall-clock times, except per-root-class counters, that are sum over
[3.230s][info   ][gc,stats       ] all workers. Dividing the <total> over the root stage time estimates parallelism.
[3.230s][info   ][gc,stats       ]
[3.230s][info   ][gc,stats       ] Pause Degenerated GC (G)          13767 us
[3.230s][info   ][gc,stats       ] Pause Degenerated GC (N)          13200 us
[3.230s][info   ][gc,stats       ]   Degen STW Mark                   4889 us, parallelism: 2.95x
[3.230s][info   ][gc,stats       ]     DSM: <total>                  14412 us
[3.230s][info   ][gc,stats       ]     DSM: Thread Roots               549 us, workers (us):  75,  58, 417,
[3.230s][info   ][gc,stats       ]     DSM: VM Strong Roots             38 us, workers (us):  37,   1,   0,
[3.230s][info   ][gc,stats       ]     DSM: CLDG Roots                 246 us, workers (us):   2, 243,   1,
[3.230s][info   ][gc,stats       ]     DSM: Parallel Mark            13579 us, workers (us): 4692, 4500, 4387,
[3.230s][info   ][gc,stats       ]     System Purge                   5050 us
[3.230s][info   ][gc,stats       ]       Weak References                69 us, parallelism: 0.55x
[3.230s][info   ][gc,stats       ]         WRP: <total>                 38 us
[3.230s][info   ][gc,stats       ]         WRP: Weak References         38 us, workers (us):   3,  25,  10,
[3.230s][info   ][gc,stats       ]       Unload Classes               4734 us, parallelism: 0.43x
[3.230s][info   ][gc,stats       ]         DCU: <total>               2055 us
[3.230s][info   ][gc,stats       ]         DCU: Unload Code Caches     2055 us, workers (us): 681, 670, 704,
[3.230s][info   ][gc,stats       ]       Weak Roots                    217 us, parallelism: 2.33x
[3.230s][info   ][gc,stats       ]         DWR: <total>                506 us
[3.230s][info   ][gc,stats       ]         DWR: VM Weak Roots          506 us, workers (us): 171, 168, 167,
[3.230s][info   ][gc,stats       ]       CLDG                            1 us
[3.230s][info   ][gc,stats       ]   Update Region States                2 us
[3.230s][info   ][gc,stats       ]   Manage GC/TLABs                     8 us
[3.230s][info   ][gc,stats       ]   Choose Collection Set               5 us
[3.230s][info   ][gc,stats       ]   Rebuild Free Set                    2 us
[3.230s][info   ][gc,stats       ]   Evacuation                        552 us
[3.230s][info   ][gc,stats       ]   Manage GCLABs                       6 us
[3.230s][info   ][gc,stats       ]   Update References                1600 us
[3.230s][info   ][gc,stats       ]   Update Region States                1 us
[3.230s][info   ][gc,stats       ]   Trash Collection Set                2 us
[3.230s][info   ][gc,stats       ]   Rebuild Free Set                    2 us
[3.230s][info   ][gc,stats       ]   Degen Update Roots                866 us, parallelism: 1.74x
[3.230s][info   ][gc,stats       ]     DU: <total>                    1510 us
[3.230s][info   ][gc,stats       ]     DU: Thread Roots                108 us, workers (us): 105,   2,   1,
[3.230s][info   ][gc,stats       ]     DU: Code Cache Roots            825 us, workers (us):  19, 409, 396,
[3.230s][info   ][gc,stats       ]     DU: VM Strong Roots               7 us, workers (us):   4,   2,   1,
[3.230s][info   ][gc,stats       ]     DU: VM Weak Roots               523 us, workers (us): 172, 177, 173,
[3.230s][info   ][gc,stats       ]     DU: CLDG Roots                   46 us, workers (us):  39,   1,   6,
[3.230s][info   ][gc,stats       ]   Cleanup                            17 us
[3.230s][info   ][gc,stats       ]
[3.230s][info   ][gc,stats       ] Allocation pacing accrued:
[3.230s][info   ][gc,stats       ]       0 of    30 ms (  0.0%): <total>
[3.230s][info   ][gc,stats       ]       0 of    30 ms (  0.0%): <average total>
[3.230s][info   ][gc,stats       ]
[3.273s][info   ][safepoint,stats] ShenandoahDegeneratedGC      [             18               1 ][           134200      29800   41300700   41464700 ]               1
[3.273s][info   ][gc,stats       ]
[3.273s][info   ][gc,stats       ] All times are wall-clock times, except per-root-class counters, that are sum over
[3.273s][info   ][gc,stats       ] all workers. Dividing the <total> over the root stage time estimates parallelism.
[3.273s][info   ][gc,stats       ]
[3.273s][info   ][gc,stats       ] Pause Degenerated GC (G)          41541 us
[3.273s][info   ][gc,stats       ] Pause Degenerated GC (N)          41262 us
[3.273s][info   ][gc,stats       ]   Degen STW Mark                   4617 us, parallelism: 2.93x
[3.274s][info   ][gc,stats       ]     DSM: <total>                  13531 us
[3.274s][info   ][gc,stats       ]     DSM: Thread Roots               243 us, workers (us): 149,  45,  49,
[3.274s][info   ][gc,stats       ]     DSM: VM Strong Roots             34 us, workers (us):   1,   0,  33,
[3.274s][info   ][gc,stats       ]     DSM: CLDG Roots                 225 us, workers (us):   1, 222,   2,
[3.274s][info   ][gc,stats       ]     DSM: Parallel Mark            13029 us, workers (us): 4363, 4243, 4423,
[3.274s][info   ][gc,stats       ]     System Purge                   5079 us
[3.274s][info   ][gc,stats       ]       Weak References                71 us, parallelism: 0.53x
[3.274s][info   ][gc,stats       ]         WRP: <total>                 37 us
[3.274s][info   ][gc,stats       ]         WRP: Weak References         37 us, workers (us):   7,  24,   7,
[3.274s][info   ][gc,stats       ]       Unload Classes               4719 us, parallelism: 0.43x
[3.274s][info   ][gc,stats       ]         DCU: <total>               2048 us
[3.274s][info   ][gc,stats       ]         DCU: Unload Code Caches     2048 us, workers (us): 671, 704, 672,
[3.274s][info   ][gc,stats       ]       Weak Roots                    258 us, parallelism: 2.36x
[3.274s][info   ][gc,stats       ]         DWR: <total>                609 us
[3.274s][info   ][gc,stats       ]         DWR: VM Weak Roots          609 us, workers (us): 208, 204, 197,
[3.274s][info   ][gc,stats       ]       CLDG                            1 us
[3.274s][info   ][gc,stats       ]   Update Region States                1 us
[3.274s][info   ][gc,stats       ]   Manage GC/TLABs                     7 us
[3.274s][info   ][gc,stats       ]   Choose Collection Set               5 us
[3.274s][info   ][gc,stats       ]   Rebuild Free Set                    2 us
[3.274s][info   ][gc,stats       ]   Evacuation                        976 us
[3.274s][info   ][gc,stats       ]   Manage GCLABs                       4 us
[3.274s][info   ][gc,stats       ]   Update References                2511 us
[3.274s][info   ][gc,stats       ]   Update Region States                1 us
[3.274s][info   ][gc,stats       ]   Trash Collection Set                2 us
[3.274s][info   ][gc,stats       ]   Rebuild Free Set                    2 us
[3.274s][info   ][gc,stats       ]   Degen Update Roots               1087 us, parallelism: 1.83x
[3.274s][info   ][gc,stats       ]     DU: <total>                    1989 us
[3.274s][info   ][gc,stats       ]     DU: Thread Roots                 98 us, workers (us):  96,   1,   2,
[3.274s][info   ][gc,stats       ]     DU: Code Cache Roots           1062 us, workers (us):  19, 512, 531,
[3.274s][info   ][gc,stats       ]     DU: VM Strong Roots               8 us, workers (us):   6,   0,   1,
[3.274s][info   ][gc,stats       ]     DU: VM Weak Roots               764 us, workers (us): 251, 250, 263,
[3.274s][info   ][gc,stats       ]     DU: CLDG Roots                   57 us, workers (us):  47,   8,   2,
[3.274s][info   ][gc,stats       ]   Cleanup                            20 us
[3.274s][info   ][gc,stats       ]   Pre Heap Dump                       2 us
[3.274s][info   ][gc,stats       ]   Prepare                           465 us
[3.274s][info   ][gc,stats       ]   Mark                             9549 us, parallelism: 1.23x
[3.274s][info   ][gc,stats       ]     FM: <total>                   11790 us
[3.274s][info   ][gc,stats       ]     FM: Thread Roots                332 us, workers (us): 166,  93,  73,
[3.274s][info   ][gc,stats       ]     FM: VM Strong Roots              39 us, workers (us):   1,  38,   1,
[3.274s][info   ][gc,stats       ]     FM: CLDG Roots                  488 us, workers (us):   3,   3, 482,
[3.274s][info   ][gc,stats       ]     FM: Parallel Mark             10931 us, workers (us): 3765, 3796, 3369,
[3.274s][info   ][gc,stats       ]     System Purge                   5228 us
[3.274s][info   ][gc,stats       ]       Weak References                88 us, parallelism: 0.44x
[3.274s][info   ][gc,stats       ]         WRP: <total>                 39 us
[3.274s][info   ][gc,stats       ]         WRP: Weak References         39 us, workers (us):  33,   3,   3,
[3.274s][info   ][gc,stats       ]       Unload Classes               4868 us, parallelism: 0.49x
[3.274s][info   ][gc,stats       ]         CU: <total>                2369 us
[3.274s][info   ][gc,stats       ]         CU: Unload Code Caches     2369 us, workers (us): 781, 780, 808,
[3.274s][info   ][gc,stats       ]       Weak Roots                    239 us, parallelism: 2.15x
[3.274s][info   ][gc,stats       ]         WR: <total>                 514 us
[3.274s][info   ][gc,stats       ]         WR: VM Weak Roots           514 us, workers (us): 173, 169, 171,
[3.274s][info   ][gc,stats       ]       CLDG                            1 us
[3.274s][info   ][gc,stats       ]   Calculate Addresses              2609 us
[3.274s][info   ][gc,stats       ]     Regular Objects                2604 us
[3.274s][info   ][gc,stats       ]     Humongous Objects                 1 us
[3.274s][info   ][gc,stats       ]   Adjust Pointers                  2358 us
[3.274s][info   ][gc,stats       ]     FA: <total>                    1164 us
[3.274s][info   ][gc,stats       ]     FA: Thread Roots                103 us, workers (us):   2,   2,  99,
[3.274s][info   ][gc,stats       ]     FA: Code Cache Roots            810 us, workers (us): 409, 381,  20,
[3.274s][info   ][gc,stats       ]     FA: VM Strong Roots              11 us, workers (us):   4,   4,   2,
[3.274s][info   ][gc,stats       ]     FA: VM Weak Roots               194 us, workers (us):  64,  66,  64,
[3.274s][info   ][gc,stats       ]     FA: CLDG Roots                   46 us, workers (us):   5,   4,  37,
[3.274s][info   ][gc,stats       ]   Copy Objects                     1565 us
[3.274s][info   ][gc,stats       ]     Regular Objects                1446 us
[3.274s][info   ][gc,stats       ]     Humongous Objects                 1 us
[3.274s][info   ][gc,stats       ]     Reset Complete Bitmap            33 us
[3.274s][info   ][gc,stats       ]     Rebuild Region Sets              83 us
[3.274s][info   ][gc,stats       ]   Post Heap Dump                      1 us
[3.274s][info   ][gc,stats       ] Pacing                            65669 us
[3.274s][info   ][gc,stats       ]
[3.274s][info   ][gc,stats       ] Allocation pacing accrued:
[3.274s][info   ][gc,stats       ]      66 of    44 ms (149.6%): main
[3.274s][info   ][gc,stats       ]      66 of    44 ms (149.6%): <total>
[3.274s][info   ][gc,stats       ]       4 of    44 ms (  8.3%): <average total>
[3.274s][info   ][gc,stats       ]      66 of    44 ms (149.6%): <average non-zero>
[3.274s][info   ][gc,stats       ]
[3.275s][info   ][safepoint,stats] ShenandoahInitMark           [             18               2 ][           136900      37500      53100     227500 ]               1
[3.289s][info   ][safepoint,stats] ShenandoahFinalMarkStartEvac [             18               1 ][            21100      46900     165700     233700 ]               1
[3.292s][info   ][safepoint,stats] ShenandoahFinalRoots         [             18               1 ][            15600      26200      41300      83100 ]               1
[3.292s][info   ][gc,stats       ]
[3.292s][info   ][gc,stats       ] All times are wall-clock times, except per-root-class counters, that are sum over
[3.292s][info   ][gc,stats       ] all workers. Dividing the <total> over the root stage time estimates parallelism.
[3.292s][info   ][gc,stats       ]
[3.292s][info   ][gc,stats       ] Concurrent Reset                     74 us
[3.292s][info   ][gc,stats       ] Pause Init Mark (G)                 282 us
[3.292s][info   ][gc,stats       ] Pause Init Mark (N)                  17 us
[3.292s][info   ][gc,stats       ]   Update Region States                1 us
[3.292s][info   ][gc,stats       ] Concurrent Mark Roots              1005 us, parallelism: 0.95x
[3.292s][info   ][gc,stats       ]   CMR: <total>                      953 us
[3.292s][info   ][gc,stats       ]   CMR: Thread Roots                 703 us, workers (us): 703, ---, ---,
[3.292s][info   ][gc,stats       ]   CMR: VM Strong Roots               25 us, workers (us):  25, ---, ---,
[3.292s][info   ][gc,stats       ]   CMR: CLDG Roots                   225 us, workers (us): 225, ---, ---,
[3.292s][info   ][gc,stats       ] Concurrent Marking                11929 us
[3.292s][info   ][gc,stats       ] Pause Final Mark (G)                351 us
[3.292s][info   ][gc,stats       ] Pause Final Mark (N)                134 us
[3.292s][info   ][gc,stats       ]   Finish Mark                        99 us
[3.292s][info   ][gc,stats       ]   Update Region States                2 us
[3.292s][info   ][gc,stats       ]   Choose Collection Set               9 us
[3.292s][info   ][gc,stats       ]   Rebuild Free Set                    3 us
[3.292s][info   ][gc,stats       ] Concurrent Weak References          110 us, parallelism: 0.45x
[3.292s][info   ][gc,stats       ]   CWRF: <total>                      49 us
[3.292s][info   ][gc,stats       ]   CWRF: Weak References              49 us, workers (us):  49, ---, ---,
[3.292s][info   ][gc,stats       ] Concurrent Weak Roots               629 us
[3.292s][info   ][gc,stats       ]   Roots                             547 us, parallelism: 0.87x
[3.292s][info   ][gc,stats       ]     CWR: <total>                    477 us
[3.292s][info   ][gc,stats       ]     CWR: Code Cache Roots           157 us, workers (us): 157, ---, ---,
[3.292s][info   ][gc,stats       ]     CWR: VM Weak Roots              311 us, workers (us): 311, ---, ---,
[3.292s][info   ][gc,stats       ]     CWR: CLDG Roots                   8 us, workers (us):   8, ---, ---,
[3.292s][info   ][gc,stats       ]   Rendezvous                         76 us
[3.292s][info   ][gc,stats       ] Concurrent Cleanup                   37 us
[3.292s][info   ][gc,stats       ] Concurrent Class Unloading         2285 us
[3.292s][info   ][gc,stats       ]   Unlink Stale                     2145 us
[3.292s][info   ][gc,stats       ]     System Dictionary                 3 us
[3.292s][info   ][gc,stats       ]     Weak Class Links                  0 us
[3.292s][info   ][gc,stats       ]     Code Roots                     2140 us
[3.292s][info   ][gc,stats       ]   Rendezvous                         57 us
[3.292s][info   ][gc,stats       ]   Purge Unlinked                     78 us
[3.292s][info   ][gc,stats       ]     Code Roots                       69 us
[3.292s][info   ][gc,stats       ]     CLDG                              7 us
[3.292s][info   ][gc,stats       ]     Exception Caches                  0 us
[3.292s][info   ][gc,stats       ] Pause Final Roots (G)               146 us
[3.292s][info   ][gc,stats       ] Pause Final Roots (N)                 5 us
[3.292s][info   ][gc,stats       ]
[3.292s][info   ][gc,stats       ] Allocation pacing accrued:
[3.292s][info   ][gc,stats       ]       0 of    18 ms (  0.0%): <total>
[3.292s][info   ][gc,stats       ]       0 of    18 ms (  0.0%): <average total>
[3.292s][info   ][gc,stats       ]
[3.295s][info   ][safepoint,stats] ShenandoahInitMark           [             18               2 ][            39700      31700      61000     132400 ]               1
[3.308s][info   ][safepoint,stats] ShenandoahFinalMarkStartEvac [             18               1 ][            20400      43300     186300     250000 ]               1
[3.312s][info   ][safepoint,stats] ShenandoahFinalRoots         [             18               1 ][            17900      57900      45400     121200 ]               1
[3.312s][info   ][gc,stats       ]
[3.312s][info   ][gc,stats       ] All times are wall-clock times, except per-root-class counters, that are sum over
[3.312s][info   ][gc,stats       ] all workers. Dividing the <total> over the root stage time estimates parallelism.
[3.312s][info   ][gc,stats       ]
[3.312s][info   ][gc,stats       ] Concurrent Reset                     54 us
[3.312s][info   ][gc,stats       ] Pause Init Mark (G)                 210 us
[3.312s][info   ][gc,stats       ] Pause Init Mark (N)                  14 us
[3.312s][info   ][gc,stats       ]   Update Region States                0 us
[3.312s][info   ][gc,stats       ] Concurrent Mark Roots              1044 us, parallelism: 0.94x
[3.312s][info   ][gc,stats       ]   CMR: <total>                      985 us
[3.312s][info   ][gc,stats       ]   CMR: Thread Roots                 730 us, workers (us): 730, ---, ---,
[3.312s][info   ][gc,stats       ]   CMR: VM Strong Roots               22 us, workers (us):  22, ---, ---,
[3.312s][info   ][gc,stats       ]   CMR: CLDG Roots                   234 us, workers (us): 234, ---, ---,
[3.312s][info   ][gc,stats       ] Concurrent Marking                11894 us
[3.312s][info   ][gc,stats       ] Pause Final Mark (G)                355 us
[3.312s][info   ][gc,stats       ] Pause Final Mark (N)                155 us
[3.312s][info   ][gc,stats       ]   Finish Mark                       122 us
[3.312s][info   ][gc,stats       ]   Update Region States                2 us
[3.312s][info   ][gc,stats       ]   Choose Collection Set               9 us
[3.312s][info   ][gc,stats       ]   Rebuild Free Set                    3 us
[3.312s][info   ][gc,stats       ] Concurrent Weak References          105 us, parallelism: 0.48x
[3.312s][info   ][gc,stats       ]   CWRF: <total>                      51 us
[3.312s][info   ][gc,stats       ]   CWRF: Weak References              51 us, workers (us):  51, ---, ---,
[3.312s][info   ][gc,stats       ] Concurrent Weak Roots               453 us
[3.312s][info   ][gc,stats       ]   Roots                             353 us, parallelism: 0.86x
[3.312s][info   ][gc,stats       ]     CWR: <total>                    302 us
[3.312s][info   ][gc,stats       ]     CWR: Code Cache Roots           118 us, workers (us): 118, ---, ---,
[3.312s][info   ][gc,stats       ]     CWR: VM Weak Roots              178 us, workers (us): 178, ---, ---,
[3.312s][info   ][gc,stats       ]     CWR: CLDG Roots                   6 us, workers (us):   6, ---, ---,
[3.312s][info   ][gc,stats       ]   Rendezvous                         96 us
[3.312s][info   ][gc,stats       ] Concurrent Cleanup                   38 us
[3.312s][info   ][gc,stats       ] Concurrent Class Unloading         3014 us
[3.312s][info   ][gc,stats       ]   Unlink Stale                     2586 us
[3.312s][info   ][gc,stats       ]     System Dictionary                 3 us
[3.312s][info   ][gc,stats       ]     Weak Class Links                  0 us
[3.312s][info   ][gc,stats       ]     Code Roots                     2581 us
[3.312s][info   ][gc,stats       ]   Rendezvous                        329 us
[3.312s][info   ][gc,stats       ]   Purge Unlinked                     92 us
[3.312s][info   ][gc,stats       ]     Code Roots                       84 us
[3.312s][info   ][gc,stats       ]     CLDG                              7 us
[3.312s][info   ][gc,stats       ]     Exception Caches                  0 us
[3.312s][info   ][gc,stats       ] Pause Final Roots (G)               214 us
[3.312s][info   ][gc,stats       ] Pause Final Roots (N)                 9 us
[3.312s][info   ][gc,stats       ] Pacing                            59129 us
[3.312s][info   ][gc,stats       ]
[3.312s][info   ][gc,stats       ] Allocation pacing accrued:
[3.312s][info   ][gc,stats       ]      28 of    20 ms (142.8%): main
[3.312s][info   ][gc,stats       ]      31 of    20 ms (156.4%): thread3
[3.312s][info   ][gc,stats       ]      59 of    20 ms (299.3%): <total>
[3.312s][info   ][gc,stats       ]       3 of    20 ms ( 16.6%): <average total>
[3.312s][info   ][gc,stats       ]      30 of    20 ms (149.6%): <average non-zero>
[3.312s][info   ][gc,stats       ]
[3.314s][info   ][safepoint,stats] ShenandoahInitMark           [             18               1 ][            31300      45200      57300     133800 ]               1
[3.327s][info   ][gc,stats       ]
[3.327s][info   ][gc,stats       ] All times are wall-clock times, except per-root-class counters, that are sum over
[3.327s][info   ][gc,stats       ] all workers. Dividing the <total> over the root stage time estimates parallelism.
[3.327s][info   ][gc,stats       ]
[3.327s][info   ][gc,stats       ] Concurrent Reset                     78 us
[3.327s][info   ][gc,stats       ] Pause Init Mark (G)                 202 us
[3.327s][info   ][gc,stats       ] Pause Init Mark (N)                  28 us
[3.327s][info   ][gc,stats       ]   Update Region States                1 us
[3.327s][info   ][gc,stats       ] Concurrent Mark Roots              1229 us, parallelism: 0.95x
[3.327s][info   ][gc,stats       ]   CMR: <total>                     1168 us
[3.327s][info   ][gc,stats       ]   CMR: Thread Roots                 932 us, workers (us): 932, ---, ---,
[3.327s][info   ][gc,stats       ]   CMR: VM Strong Roots               20 us, workers (us):  20, ---, ---,
[3.327s][info   ][gc,stats       ]   CMR: CLDG Roots                   216 us, workers (us): 216, ---, ---,
[3.327s][info   ][gc,stats       ] Concurrent Marking                11198 us
[3.327s][info   ][gc,stats       ] Pacing                            26880 us
[3.327s][info   ][gc,stats       ]
[3.327s][info   ][gc,stats       ] Allocation pacing accrued:
[3.327s][info   ][gc,stats       ]      13 of    15 ms ( 90.0%): main
[3.327s][info   ][gc,stats       ]      14 of    15 ms ( 91.4%): thread3
[3.327s][info   ][gc,stats       ]      27 of    15 ms (181.4%): <total>
[3.327s][info   ][gc,stats       ]       1 of    15 ms ( 10.1%): <average total>
[3.327s][info   ][gc,stats       ]      13 of    15 ms ( 90.7%): <average non-zero>
[3.327s][info   ][gc,stats       ]
[3.349s][info   ][safepoint,stats] ShenandoahDegeneratedGC      [             18               1 ][            66800      56700    7027400    7150900 ]               1
[3.349s][info   ][gc,stats       ]
[3.349s][info   ][gc,stats       ] All times are wall-clock times, except per-root-class counters, that are sum over
[3.349s][info   ][gc,stats       ] all workers. Dividing the <total> over the root stage time estimates parallelism.
[3.349s][info   ][gc,stats       ]
[3.349s][info   ][gc,stats       ]   Finish Mark                       961 us
[3.349s][info   ][gc,stats       ] Pause Degenerated GC (G)           7279 us
[3.349s][info   ][gc,stats       ] Pause Degenerated GC (N)           6972 us
[3.349s][info   ][gc,stats       ]     System Purge                   5738 us
[3.349s][info   ][gc,stats       ]       Weak References                92 us, parallelism: 0.35x
[3.349s][info   ][gc,stats       ]         WRP: <total>                 32 us
[3.349s][info   ][gc,stats       ]         WRP: Weak References         32 us, workers (us):  31,   1,   0,
[3.349s][info   ][gc,stats       ]       Unload Classes               5304 us, parallelism: 0.48x
[3.349s][info   ][gc,stats       ]         DCU: <total>               2521 us
[3.349s][info   ][gc,stats       ]         DCU: Unload Code Caches     2521 us, workers (us): 862, 864, 794,
[3.349s][info   ][gc,stats       ]       Weak Roots                    307 us, parallelism: 2.05x
[3.349s][info   ][gc,stats       ]         DWR: <total>                630 us
[3.349s][info   ][gc,stats       ]         DWR: VM Weak Roots          630 us, workers (us): 208, 201, 221,
[3.349s][info   ][gc,stats       ]       CLDG                            1 us
[3.349s][info   ][gc,stats       ]   Update Region States                2 us
[3.349s][info   ][gc,stats       ]   Manage GC/TLABs                    29 us
[3.349s][info   ][gc,stats       ]   Choose Collection Set              14 us
[3.349s][info   ][gc,stats       ]   Rebuild Free Set                    2 us
[3.349s][info   ][gc,stats       ]   Cleanup                             1 us
[3.349s][info   ][gc,stats       ] Pacing                            14768 us
[3.349s][info   ][gc,stats       ]
[3.349s][info   ][gc,stats       ] Allocation pacing accrued:
[3.349s][info   ][gc,stats       ]      15 of    23 ms ( 64.9%): main
[3.350s][info   ][gc,stats       ]      15 of    23 ms ( 64.9%): <total>
[3.350s][info   ][gc,stats       ]       1 of    23 ms (  3.6%): <average total>
[3.350s][info   ][gc,stats       ]      15 of    23 ms ( 64.9%): <average non-zero>
[3.350s][info   ][gc,stats       ]
[3.351s][info   ][safepoint,stats] ShenandoahInitMark           [             18               1 ][            37900      48900      49500     136300 ]               1
[3.364s][info   ][safepoint,stats] ShenandoahFinalMarkStartEvac [             18               1 ][            15600      41000     166400     223000 ]               1
[3.368s][info   ][safepoint,stats] ShenandoahFinalRoots         [             18               2 ][            25800      47100      45400     118300 ]               1
[3.368s][info   ][gc,stats       ]
[3.368s][info   ][gc,stats       ] All times are wall-clock times, except per-root-class counters, that are sum over
[3.368s][info   ][gc,stats       ] all workers. Dividing the <total> over the root stage time estimates parallelism.
[3.368s][info   ][gc,stats       ]
[3.368s][info   ][gc,stats       ] Concurrent Reset                     64 us
[3.368s][info   ][gc,stats       ] Pause Init Mark (G)                 202 us
[3.368s][info   ][gc,stats       ] Pause Init Mark (N)                  20 us
[3.368s][info   ][gc,stats       ]   Update Region States                0 us
[3.368s][info   ][gc,stats       ] Concurrent Mark Roots              1163 us, parallelism: 0.93x
[3.368s][info   ][gc,stats       ]   CMR: <total>                     1087 us
[3.368s][info   ][gc,stats       ]   CMR: Thread Roots                 698 us, workers (us): 698, ---, ---,
[3.368s][info   ][gc,stats       ]   CMR: VM Strong Roots               40 us, workers (us):  40, ---, ---,
[3.368s][info   ][gc,stats       ]   CMR: CLDG Roots                   349 us, workers (us): 349, ---, ---,
[3.368s][info   ][gc,stats       ] Concurrent Marking                11945 us
[3.368s][info   ][gc,stats       ] Pause Final Mark (G)                308 us
[3.368s][info   ][gc,stats       ] Pause Final Mark (N)                136 us
[3.368s][info   ][gc,stats       ]   Finish Mark                       102 us
[3.368s][info   ][gc,stats       ]   Update Region States                2 us
[3.368s][info   ][gc,stats       ]   Choose Collection Set              10 us
[3.368s][info   ][gc,stats       ]   Rebuild Free Set                    3 us
[3.368s][info   ][gc,stats       ] Concurrent Weak References           80 us, parallelism: 0.37x
[3.368s][info   ][gc,stats       ]   CWRF: <total>                      30 us
[3.368s][info   ][gc,stats       ]   CWRF: Weak References              30 us, workers (us):  30, ---, ---,
[3.368s][info   ][gc,stats       ] Concurrent Weak Roots               572 us
[3.368s][info   ][gc,stats       ]   Roots                             511 us, parallelism: 0.89x
[3.368s][info   ][gc,stats       ]     CWR: <total>                    457 us
[3.368s][info   ][gc,stats       ]     CWR: Code Cache Roots           163 us, workers (us): 163, ---, ---,
[3.368s][info   ][gc,stats       ]     CWR: VM Weak Roots              282 us, workers (us): 282, ---, ---,
[3.368s][info   ][gc,stats       ]     CWR: CLDG Roots                  12 us, workers (us):  12, ---, ---,
[3.368s][info   ][gc,stats       ]   Rendezvous                         57 us
[3.368s][info   ][gc,stats       ] Concurrent Cleanup                   36 us
[3.368s][info   ][gc,stats       ] Concurrent Class Unloading         2714 us
[3.368s][info   ][gc,stats       ]   Unlink Stale                     2507 us
[3.368s][info   ][gc,stats       ]     System Dictionary                 8 us
[3.368s][info   ][gc,stats       ]     Weak Class Links                  0 us
[3.368s][info   ][gc,stats       ]     Code Roots                     2497 us
[3.368s][info   ][gc,stats       ]   Rendezvous                        107 us
[3.368s][info   ][gc,stats       ]   Purge Unlinked                     92 us
[3.368s][info   ][gc,stats       ]     Code Roots                       83 us
[3.368s][info   ][gc,stats       ]     CLDG                              7 us
[3.368s][info   ][gc,stats       ]     Exception Caches                  0 us
[3.368s][info   ][gc,stats       ] Pause Final Roots (G)               206 us
[3.369s][info   ][gc,stats       ] Pause Final Roots (N)                 7 us
[3.369s][info   ][gc,stats       ]
[3.369s][info   ][gc,stats       ] Allocation pacing accrued:
[3.369s][info   ][gc,stats       ]       0 of    19 ms (  0.0%): <total>
[3.369s][info   ][gc,stats       ]       0 of    19 ms (  0.0%): <average total>
[3.369s][info   ][gc,stats       ]
[3.374s][info   ][safepoint,stats] ShenandoahInitMark           [             18               1 ][            98400      43900      71700     214000 ]               1
[3.389s][info   ][safepoint,stats] ShenandoahFinalMarkStartEvac [             18               1 ][            15200      57500     132600     205300 ]               1
[3.393s][info   ][safepoint,stats] ShenandoahFinalRoots         [             18               2 ][            16500      33500      41900      91900 ]               1
[3.393s][info   ][gc,stats       ]
[3.393s][info   ][gc,stats       ] All times are wall-clock times, except per-root-class counters, that are sum over
[3.393s][info   ][gc,stats       ] all workers. Dividing the <total> over the root stage time estimates parallelism.
[3.393s][info   ][gc,stats       ]
[3.393s][info   ][gc,stats       ] Concurrent Reset                     49 us
[3.393s][info   ][gc,stats       ] Pause Init Mark (G)                 282 us
[3.393s][info   ][gc,stats       ] Pause Init Mark (N)                  32 us
[3.393s][info   ][gc,stats       ]   Update Region States                1 us
[3.393s][info   ][gc,stats       ] Concurrent Mark Roots              1726 us, parallelism: 0.97x
[3.393s][info   ][gc,stats       ]   CMR: <total>                     1668 us
[3.393s][info   ][gc,stats       ]   CMR: Thread Roots                1294 us, workers (us): 1294, ---, ---,
[3.393s][info   ][gc,stats       ]   CMR: VM Strong Roots               28 us, workers (us):  28, ---, ---,
[3.393s][info   ][gc,stats       ]   CMR: CLDG Roots                   346 us, workers (us): 346, ---, ---,
[3.393s][info   ][gc,stats       ] Concurrent Marking                12477 us
[3.393s][info   ][gc,stats       ] Pause Final Mark (G)                288 us
[3.393s][info   ][gc,stats       ] Pause Final Mark (N)                 96 us
[3.393s][info   ][gc,stats       ]   Finish Mark                        74 us
[3.393s][info   ][gc,stats       ]   Update Region States                1 us
[3.393s][info   ][gc,stats       ]   Choose Collection Set               3 us
[3.393s][info   ][gc,stats       ]   Rebuild Free Set                    3 us
[3.393s][info   ][gc,stats       ] Concurrent Weak References           97 us, parallelism: 0.25x
[3.393s][info   ][gc,stats       ]   CWRF: <total>                      24 us
[3.393s][info   ][gc,stats       ]   CWRF: Weak References              24 us, workers (us):  24, ---, ---,
[3.393s][info   ][gc,stats       ] Concurrent Weak Roots               627 us
[3.393s][info   ][gc,stats       ]   Roots                             530 us, parallelism: 0.84x
[3.393s][info   ][gc,stats       ]     CWR: <total>                    444 us
[3.393s][info   ][gc,stats       ]     CWR: Code Cache Roots           151 us, workers (us): 151, ---, ---,
[3.393s][info   ][gc,stats       ]     CWR: VM Weak Roots              282 us, workers (us): 282, ---, ---,
[3.393s][info   ][gc,stats       ]     CWR: CLDG Roots                  11 us, workers (us):  11, ---, ---,
[3.393s][info   ][gc,stats       ]   Rendezvous                         91 us
[3.393s][info   ][gc,stats       ] Concurrent Cleanup                    2 us
[3.393s][info   ][gc,stats       ] Concurrent Class Unloading         3138 us
[3.393s][info   ][gc,stats       ]   Unlink Stale                     2628 us
[3.393s][info   ][gc,stats       ]     System Dictionary                 3 us
[3.393s][info   ][gc,stats       ]     Weak Class Links                  0 us
[3.393s][info   ][gc,stats       ]     Code Roots                     2622 us
[3.393s][info   ][gc,stats       ]   Rendezvous                        439 us
[3.393s][info   ][gc,stats       ]   Purge Unlinked                     64 us
[3.393s][info   ][gc,stats       ]     Code Roots                       59 us
[3.393s][info   ][gc,stats       ]     CLDG                              5 us
[3.393s][info   ][gc,stats       ]     Exception Caches                  0 us
[3.393s][info   ][gc,stats       ] Pause Final Roots (G)               148 us
[3.393s][info   ][gc,stats       ] Pause Final Roots (N)                 9 us
[3.393s][info   ][gc,stats       ] Pacing                            71095 us
[3.393s][info   ][gc,stats       ]
[3.393s][info   ][gc,stats       ] Allocation pacing accrued:
[3.393s][info   ][gc,stats       ]      34 of    24 ms (140.8%): main
[3.393s][info   ][gc,stats       ]      37 of    24 ms (150.8%): thread3
[3.393s][info   ][gc,stats       ]      71 of    24 ms (291.6%): <total>
[3.393s][info   ][gc,stats       ]       4 of    24 ms ( 16.2%): <average total>
[3.393s][info   ][gc,stats       ]      36 of    24 ms (145.8%): <average non-zero>
[3.393s][info   ][gc,stats       ]
[3.422s][info   ][safepoint,stats] ShenandoahDegeneratedGC      [             18               1 ][           123500      48000   16188900   16360400 ]               1
[3.422s][info   ][gc,stats       ]
[3.422s][info   ][gc,stats       ] All times are wall-clock times, except per-root-class counters, that are sum over
[3.422s][info   ][gc,stats       ] all workers. Dividing the <total> over the root stage time estimates parallelism.
[3.422s][info   ][gc,stats       ]
[3.422s][info   ][gc,stats       ] Pause Degenerated GC (G)          16494 us
[3.422s][info   ][gc,stats       ] Pause Degenerated GC (N)          16039 us
[3.422s][info   ][gc,stats       ]   Degen STW Mark                   5440 us, parallelism: 2.90x
[3.422s][info   ][gc,stats       ]     DSM: <total>                  15796 us
[3.422s][info   ][gc,stats       ]     DSM: Thread Roots              1122 us, workers (us): 991, 101,  31,
[3.422s][info   ][gc,stats       ]     DSM: VM Strong Roots             37 us, workers (us):   1,  35,   1,
[3.422s][info   ][gc,stats       ]     DSM: CLDG Roots                 507 us, workers (us):   4,   2, 501,
[3.422s][info   ][gc,stats       ]     DSM: Parallel Mark            14129 us, workers (us): 4295, 5146, 4688,
[3.422s][info   ][gc,stats       ]     System Purge                   6822 us
[3.422s][info   ][gc,stats       ]       Weak References                84 us, parallelism: 0.67x
[3.422s][info   ][gc,stats       ]         WRP: <total>                 56 us
[3.422s][info   ][gc,stats       ]         WRP: Weak References         56 us, workers (us):  17,   4,  36,
[3.422s][info   ][gc,stats       ]       Unload Classes               6328 us, parallelism: 0.57x
[3.422s][info   ][gc,stats       ]         DCU: <total>               3591 us
[3.422s][info   ][gc,stats       ]         DCU: Unload Code Caches     2702 us, workers (us): 896, 902, 903,
[3.422s][info   ][gc,stats       ]         DCU: Unlink CLDs            889 us, workers (us): 299, 306, 284,
[3.422s][info   ][gc,stats       ]       Weak Roots                    286 us, parallelism: 2.21x
[3.423s][info   ][gc,stats       ]         DWR: <total>                632 us
[3.423s][info   ][gc,stats       ]         DWR: VM Weak Roots          632 us, workers (us): 206, 205, 222,
[3.423s][info   ][gc,stats       ]       CLDG                           97 us
[3.423s][info   ][gc,stats       ]   Update Region States                2 us
[3.423s][info   ][gc,stats       ]   Manage GC/TLABs                     9 us
[3.423s][info   ][gc,stats       ]   Choose Collection Set              12 us
[3.423s][info   ][gc,stats       ]   Rebuild Free Set                    2 us
[3.423s][info   ][gc,stats       ]   Evacuation                        224 us
[3.423s][info   ][gc,stats       ]   Manage GCLABs                       6 us
[3.423s][info   ][gc,stats       ]   Update References                1982 us
[3.423s][info   ][gc,stats       ]   Update Region States                2 us
[3.423s][info   ][gc,stats       ]   Trash Collection Set                3 us
[3.423s][info   ][gc,stats       ]   Rebuild Free Set                    2 us
[3.423s][info   ][gc,stats       ]   Degen Update Roots               1253 us, parallelism: 1.64x
[3.423s][info   ][gc,stats       ]     DU: <total>                    2054 us
[3.423s][info   ][gc,stats       ]     DU: Thread Roots                123 us, workers (us):   2,   1, 120,
[3.423s][info   ][gc,stats       ]     DU: Code Cache Roots           1248 us, workers (us): 703, 443, 102,
[3.423s][info   ][gc,stats       ]     DU: VM Strong Roots               8 us, workers (us):   4,   3,   0,
[3.423s][info   ][gc,stats       ]     DU: VM Weak Roots               622 us, workers (us): 213, 203, 206,
[3.423s][info   ][gc,stats       ]     DU: CLDG Roots                   54 us, workers (us):   2,  12,  40,
[3.423s][info   ][gc,stats       ]   Cleanup                            20 us
[3.423s][info   ][gc,stats       ] Pacing                            44619 us
[3.423s][info   ][gc,stats       ]
[3.423s][info   ][gc,stats       ] Allocation pacing accrued:
[3.423s][info   ][gc,stats       ]      23 of    30 ms ( 78.7%): main
[3.423s][info   ][gc,stats       ]      21 of    30 ms ( 71.6%): C1 CompilerThread0
[3.423s][info   ][gc,stats       ]      45 of    30 ms (150.3%): <total>
[3.423s][info   ][gc,stats       ]       2 of    30 ms (  8.4%): <average total>
[3.423s][info   ][gc,stats       ]      22 of    30 ms ( 75.2%): <average non-zero>
[3.423s][info   ][gc,stats       ]
[3.436s][info   ][safepoint,stats] ShenandoahInitMark           [             18               1 ][           169300      47400     115900     332600 ]               1
[3.437s][info   ][gc,stats       ]
[3.437s][info   ][gc,stats       ] All times are wall-clock times, except per-root-class counters, that are sum over
[3.437s][info   ][gc,stats       ] all workers. Dividing the <total> over the root stage time estimates parallelism.
[3.437s][info   ][gc,stats       ]
[3.437s][info   ][gc,stats       ] Concurrent Reset                     43 us
[3.437s][info   ][gc,stats       ] Pause Init Mark (G)                 396 us
[3.437s][info   ][gc,stats       ] Pause Init Mark (N)                  23 us
[3.437s][info   ][gc,stats       ]   Update Region States                1 us
[3.437s][info   ][gc,stats       ] Concurrent Mark Roots               938 us, parallelism: 0.93x
[3.437s][info   ][gc,stats       ]   CMR: <total>                      873 us
[3.437s][info   ][gc,stats       ]   CMR: Thread Roots                 656 us, workers (us): 656, ---, ---,
[3.437s][info   ][gc,stats       ]   CMR: VM Strong Roots               24 us, workers (us):  24, ---, ---,
[3.437s][info   ][gc,stats       ]   CMR: CLDG Roots                   193 us, workers (us): 193, ---, ---,
[3.437s][info   ][gc,stats       ] Pacing                            20017 us
[3.437s][info   ][gc,stats       ]
[3.437s][info   ][gc,stats       ] Allocation pacing accrued:
[3.437s][info   ][gc,stats       ]      10 of    15 ms ( 64.4%): main
[3.437s][info   ][gc,stats       ]      10 of    15 ms ( 70.8%): thread3
[3.437s][info   ][gc,stats       ]      20 of    15 ms (135.2%): <total>
[3.437s][info   ][gc,stats       ]       1 of    15 ms (  7.5%): <average total>
[3.437s][info   ][gc,stats       ]      10 of    15 ms ( 67.6%): <average non-zero>
[3.437s][info   ][gc,stats       ]
[3.462s][info   ][safepoint,stats] ShenandoahDegeneratedGC      [             18               1 ][            46100      65100   11054000   11165200 ]               1
[3.462s][info   ][gc,stats       ]
[3.462s][info   ][gc,stats       ] All times are wall-clock times, except per-root-class counters, that are sum over
[3.462s][info   ][gc,stats       ] all workers. Dividing the <total> over the root stage time estimates parallelism.
[3.462s][info   ][gc,stats       ]
[3.463s][info   ][gc,stats       ] Pause Degenerated GC (G)          11274 us
[3.463s][info   ][gc,stats       ] Pause Degenerated GC (N)          10992 us
[3.463s][info   ][gc,stats       ]   Degen STW Mark                   5007 us, parallelism: 2.92x
[3.463s][info   ][gc,stats       ]     DSM: <total>                  14646 us
[3.463s][info   ][gc,stats       ]     DSM: Thread Roots               704 us, workers (us): 599,  56,  48,
[3.463s][info   ][gc,stats       ]     DSM: VM Strong Roots             22 us, workers (us):   0,  20,   1,
[3.463s][info   ][gc,stats       ]     DSM: CLDG Roots                 617 us, workers (us):   1,   7, 609,
[3.463s][info   ][gc,stats       ]     DSM: Parallel Mark            13304 us, workers (us): 4287, 4800, 4217,
[3.463s][info   ][gc,stats       ]     System Purge                   5682 us
[3.463s][info   ][gc,stats       ]       Weak References                93 us, parallelism: 0.41x
[3.463s][info   ][gc,stats       ]         WRP: <total>                 38 us
[3.463s][info   ][gc,stats       ]         WRP: Weak References         38 us, workers (us):   9,  29,   0,
[3.463s][info   ][gc,stats       ]       Unload Classes               5263 us, parallelism: 0.51x
[3.463s][info   ][gc,stats       ]         DCU: <total>               2685 us
[3.463s][info   ][gc,stats       ]         DCU: Unload Code Caches     2685 us, workers (us): 866, 947, 872,
[3.463s][info   ][gc,stats       ]       Weak Roots                    293 us, parallelism: 2.06x
[3.463s][info   ][gc,stats       ]         DWR: <total>                604 us
[3.463s][info   ][gc,stats       ]         DWR: VM Weak Roots          604 us, workers (us): 206, 204, 194,
[3.463s][info   ][gc,stats       ]       CLDG                            1 us
[3.463s][info   ][gc,stats       ]   Update Region States                1 us
[3.463s][info   ][gc,stats       ]   Manage GC/TLABs                     7 us
[3.463s][info   ][gc,stats       ]   Choose Collection Set               7 us
[3.463s][info   ][gc,stats       ]   Rebuild Free Set                    2 us
[3.463s][info   ][gc,stats       ]   Cleanup                             1 us
[3.463s][info   ][gc,stats       ]
[3.463s][info   ][gc,stats       ] Allocation pacing accrued:
[3.463s][info   ][gc,stats       ]       0 of    25 ms (  0.0%): <total>
[3.463s][info   ][gc,stats       ]       0 of    25 ms (  0.0%): <average total>
[3.463s][info   ][gc,stats       ]
[3.464s][info   ][safepoint,stats] ShenandoahInitMark           [             18               1 ][            83300      36100      46300     165700 ]               1
[3.465s][info   ][gc,stats       ]
[3.465s][info   ][gc,stats       ] All times are wall-clock times, except per-root-class counters, that are sum over
[3.465s][info   ][gc,stats       ] all workers. Dividing the <total> over the root stage time estimates parallelism.
[3.465s][info   ][gc,stats       ]
[3.465s][info   ][gc,stats       ] Concurrent Reset                     99 us
[3.465s][info   ][gc,stats       ] Pause Init Mark (G)                 277 us
[3.465s][info   ][gc,stats       ] Pause Init Mark (N)                  26 us
[3.465s][info   ][gc,stats       ]   Update Region States                1 us
[3.465s][info   ][gc,stats       ] Concurrent Mark Roots              1102 us, parallelism: 0.93x
[3.465s][info   ][gc,stats       ]   CMR: <total>                     1025 us
[3.465s][info   ][gc,stats       ]   CMR: Thread Roots                 764 us, workers (us): 764, ---, ---,
[3.465s][info   ][gc,stats       ]   CMR: VM Strong Roots               30 us, workers (us):  30, ---, ---,
[3.465s][info   ][gc,stats       ]   CMR: CLDG Roots                   231 us, workers (us): 231, ---, ---,
[3.465s][info   ][gc,stats       ]
[3.465s][info   ][gc,stats       ] Allocation pacing accrued:
[3.466s][info   ][gc,stats       ]       0 of     3 ms (  0.0%): <total>
[3.466s][info   ][gc,stats       ]       0 of     3 ms (  0.0%): <average total>
[3.466s][info   ][gc,stats       ]
[3.480s][info   ][safepoint,stats] ShenandoahDegeneratedGC      [             18               2 ][            67400      12300   13070000   13149700 ]               1
[3.480s][info   ][gc,stats       ]
[3.480s][info   ][gc,stats       ] All times are wall-clock times, except per-root-class counters, that are sum over
[3.480s][info   ][gc,stats       ] all workers. Dividing the <total> over the root stage time estimates parallelism.
[3.480s][info   ][gc,stats       ]
[3.480s][info   ][gc,stats       ] Pause Degenerated GC (G)          13235 us
[3.480s][info   ][gc,stats       ] Pause Degenerated GC (N)          13039 us
[3.480s][info   ][gc,stats       ]   Degen STW Mark                   4491 us, parallelism: 2.94x
[3.480s][info   ][gc,stats       ]     DSM: <total>                  13209 us
[3.480s][info   ][gc,stats       ]     DSM: Thread Roots               146 us, workers (us):  66,  65,  15,
[3.480s][info   ][gc,stats       ]     DSM: VM Strong Roots             17 us, workers (us):   0,   1,  16,
[3.480s][info   ][gc,stats       ]     DSM: CLDG Roots                 223 us, workers (us): 220,   3,   1,
[3.480s][info   ][gc,stats       ]     DSM: Parallel Mark            12823 us, workers (us): 4141, 4339, 4343,
[3.480s][info   ][gc,stats       ]     System Purge                   5846 us
[3.480s][info   ][gc,stats       ]       Weak References                82 us, parallelism: 0.63x
[3.480s][info   ][gc,stats       ]         WRP: <total>                 52 us
[3.480s][info   ][gc,stats       ]         WRP: Weak References         52 us, workers (us):  38,   9,   5,
[3.480s][info   ][gc,stats       ]       Unload Classes               5499 us, parallelism: 0.40x
[3.480s][info   ][gc,stats       ]         DCU: <total>               2186 us
[3.480s][info   ][gc,stats       ]         DCU: Unload Code Caches     2186 us, workers (us): 697, 751, 738,
[3.480s][info   ][gc,stats       ]       Weak Roots                    231 us, parallelism: 2.19x
[3.480s][info   ][gc,stats       ]         DWR: <total>                506 us
[3.480s][info   ][gc,stats       ]         DWR: VM Weak Roots          506 us, workers (us): 179, 163, 164,
[3.480s][info   ][gc,stats       ]       CLDG                            1 us
[3.480s][info   ][gc,stats       ]   Update Region States                1 us
[3.480s][info   ][gc,stats       ]   Manage GC/TLABs                     9 us
[3.480s][info   ][gc,stats       ]   Choose Collection Set               8 us
[3.480s][info   ][gc,stats       ]   Rebuild Free Set                    2 us
[3.480s][info   ][gc,stats       ]   Evacuation                         92 us
[3.480s][info   ][gc,stats       ]   Manage GCLABs                       3 us
[3.480s][info   ][gc,stats       ]   Update References                1600 us
[3.480s][info   ][gc,stats       ]   Update Region States                1 us
[3.480s][info   ][gc,stats       ]   Trash Collection Set                1 us
[3.480s][info   ][gc,stats       ]   Rebuild Free Set                    1 us
[3.480s][info   ][gc,stats       ]   Degen Update Roots                798 us, parallelism: 1.74x
[3.480s][info   ][gc,stats       ]     DU: <total>                    1391 us
[3.480s][info   ][gc,stats       ]     DU: Thread Roots                 78 us, workers (us):   1,   1,  75,
[3.480s][info   ][gc,stats       ]     DU: Code Cache Roots            789 us, workers (us): 334, 364,  91,
[3.480s][info   ][gc,stats       ]     DU: VM Strong Roots               5 us, workers (us):   4,   0,   1,
[3.480s][info   ][gc,stats       ]     DU: VM Weak Roots               469 us, workers (us): 163, 154, 152,
[3.480s][info   ][gc,stats       ]     DU: CLDG Roots                   51 us, workers (us):   6,   9,  36,
[3.480s][info   ][gc,stats       ]   Cleanup                            15 us
[3.480s][info   ][gc,stats       ] Pacing                            24183 us
[3.480s][info   ][gc,stats       ]
[3.480s][info   ][gc,stats       ] Allocation pacing accrued:
[3.480s][info   ][gc,stats       ]      24 of    15 ms (161.7%): main
[3.480s][info   ][gc,stats       ]      24 of    15 ms (161.7%): <total>
[3.480s][info   ][gc,stats       ]       1 of    15 ms (  9.0%): <average total>
[3.480s][info   ][gc,stats       ]      24 of    15 ms (161.7%): <average non-zero>
[3.480s][info   ][gc,stats       ]
[3.495s][info   ][safepoint,stats] ShenandoahDegeneratedGC      [             18               1 ][            57100      23600   11758800   11839500 ]               1
[3.495s][info   ][gc,stats       ]
[3.495s][info   ][gc,stats       ] All times are wall-clock times, except per-root-class counters, that are sum over
[3.495s][info   ][gc,stats       ] all workers. Dividing the <total> over the root stage time estimates parallelism.
[3.495s][info   ][gc,stats       ]
[3.495s][info   ][gc,stats       ] Pause Degenerated GC (G)          11947 us
[3.495s][info   ][gc,stats       ] Pause Degenerated GC (N)          11705 us
[3.495s][info   ][gc,stats       ]   Degen STW Mark                   4953 us, parallelism: 2.94x
[3.495s][info   ][gc,stats       ]     DSM: <total>                  14553 us
[3.495s][info   ][gc,stats       ]     DSM: Thread Roots               627 us, workers (us): 536,  44,  47,
[3.495s][info   ][gc,stats       ]     DSM: VM Strong Roots             35 us, workers (us):   1,   0,  34,
[3.495s][info   ][gc,stats       ]     DSM: CLDG Roots                 231 us, workers (us):   4, 224,   2,
[3.495s][info   ][gc,stats       ]     DSM: Parallel Mark            13661 us, workers (us): 4314, 4583, 4763,
[3.495s][info   ][gc,stats       ]     System Purge                   6543 us
[3.495s][info   ][gc,stats       ]       Weak References                80 us, parallelism: 0.60x
[3.495s][info   ][gc,stats       ]         WRP: <total>                 48 us
[3.495s][info   ][gc,stats       ]         WRP: Weak References         48 us, workers (us):  14,  33,   0,
[3.495s][info   ][gc,stats       ]       Unload Classes               6090 us, parallelism: 0.54x
[3.495s][info   ][gc,stats       ]         DCU: <total>               3315 us
[3.495s][info   ][gc,stats       ]         DCU: Unload Code Caches     3315 us, workers (us): 1180, 1068, 1067,
[3.495s][info   ][gc,stats       ]       Weak Roots                    336 us, parallelism: 2.39x
[3.495s][info   ][gc,stats       ]         DWR: <total>                804 us
[3.495s][info   ][gc,stats       ]         DWR: VM Weak Roots          804 us, workers (us): 293, 263, 248,
[3.495s][info   ][gc,stats       ]       CLDG                            1 us
[3.495s][info   ][gc,stats       ]   Update Region States                2 us
[3.495s][info   ][gc,stats       ]   Manage GC/TLABs                     8 us
[3.495s][info   ][gc,stats       ]   Choose Collection Set               3 us
[3.495s][info   ][gc,stats       ]   Rebuild Free Set                    3 us
[3.495s][info   ][gc,stats       ]   Cleanup                             1 us
[3.495s][info   ][gc,stats       ] Pacing                            12153 us
[3.495s][info   ][gc,stats       ]
[3.495s][info   ][gc,stats       ] Allocation pacing accrued:
[3.495s][info   ][gc,stats       ]      12 of    15 ms ( 82.5%): main
[3.495s][info   ][gc,stats       ]      12 of    15 ms ( 82.5%): <total>
[3.495s][info   ][gc,stats       ]       1 of    15 ms (  4.6%): <average total>
[3.495s][info   ][gc,stats       ]      12 of    15 ms ( 82.5%): <average non-zero>
[3.495s][info   ][gc,stats       ]
[3.525s][info   ][safepoint,stats] ShenandoahFullGC             [             18               2 ][            48100      17800   26488100   26554000 ]               2
[3.526s][info   ][gc,stats       ]
[3.526s][info   ][gc,stats       ] All times are wall-clock times, except per-root-class counters, that are sum over
[3.526s][info   ][gc,stats       ] all workers. Dividing the <total> over the root stage time estimates parallelism.
[3.526s][info   ][gc,stats       ]
[3.526s][info   ][gc,stats       ] Pause Full GC (G)                 26670 us
[3.526s][info   ][gc,stats       ] Pause Full GC (N)                 26439 us
[3.526s][info   ][gc,stats       ]   Pre Heap Dump                       3 us
[3.526s][info   ][gc,stats       ]   Prepare                           123 us
[3.526s][info   ][gc,stats       ]   Mark                            10026 us, parallelism: 1.24x
[3.526s][info   ][gc,stats       ]     FM: <total>                   12438 us
[3.526s][info   ][gc,stats       ]     FM: Thread Roots                528 us, workers (us): 366,  89,  73,
[3.526s][info   ][gc,stats       ]     FM: VM Strong Roots              40 us, workers (us):   1,  39,   1,
[3.526s][info   ][gc,stats       ]     FM: CLDG Roots                  488 us, workers (us):   2,   4, 482,
[3.526s][info   ][gc,stats       ]     FM: Parallel Mark             11381 us, workers (us): 3797, 4005, 3579,
[3.526s][info   ][gc,stats       ]     System Purge                   5724 us
[3.526s][info   ][gc,stats       ]       Weak References                97 us, parallelism: 0.51x
[3.526s][info   ][gc,stats       ]         WRP: <total>                 49 us
[3.526s][info   ][gc,stats       ]         WRP: Weak References         49 us, workers (us):  43,   4,   3,
[3.526s][info   ][gc,stats       ]       Unload Classes               5354 us, parallelism: 0.43x
[3.526s][info   ][gc,stats       ]         CU: <total>                2279 us
[3.526s][info   ][gc,stats       ]         CU: Unload Code Caches     2279 us, workers (us): 813, 713, 753,
[3.526s][info   ][gc,stats       ]       Weak Roots                    236 us, parallelism: 2.16x
[3.526s][info   ][gc,stats       ]         WR: <total>                 508 us
[3.526s][info   ][gc,stats       ]         WR: VM Weak Roots           508 us, workers (us): 173, 168, 167,
[3.526s][info   ][gc,stats       ]       CLDG                            1 us
[3.526s][info   ][gc,stats       ]   Calculate Addresses              2283 us
[3.526s][info   ][gc,stats       ]     Regular Objects                2279 us
[3.526s][info   ][gc,stats       ]     Humongous Objects                 1 us
[3.526s][info   ][gc,stats       ]   Adjust Pointers                  2712 us
[3.526s][info   ][gc,stats       ]     FA: <total>                    1264 us
[3.526s][info   ][gc,stats       ]     FA: Thread Roots                102 us, workers (us): 100,   1,   1,
[3.526s][info   ][gc,stats       ]     FA: Code Cache Roots            872 us, workers (us):  97, 375, 401,
[3.526s][info   ][gc,stats       ]     FA: VM Strong Roots               7 us, workers (us):   6,   1,   0,
[3.526s][info   ][gc,stats       ]     FA: VM Weak Roots               220 us, workers (us):  77,  71,  72,
[3.526s][info   ][gc,stats       ]     FA: CLDG Roots                   63 us, workers (us):  45,   9,   9,
[3.526s][info   ][gc,stats       ]   Copy Objects                     1719 us
[3.526s][info   ][gc,stats       ]     Regular Objects                1607 us
[3.526s][info   ][gc,stats       ]     Humongous Objects                 1 us
[3.526s][info   ][gc,stats       ]     Reset Complete Bitmap            39 us
[3.526s][info   ][gc,stats       ]     Rebuild Region Sets              69 us
[3.526s][info   ][gc,stats       ]   Post Heap Dump                      1 us
[3.526s][info   ][gc,stats       ]
[3.526s][info   ][gc,stats       ] Allocation pacing accrued:
[3.526s][info   ][gc,stats       ]       0 of    31 ms (  0.0%): <total>
[3.526s][info   ][gc,stats       ]       0 of    31 ms (  0.0%): <average total>
[3.526s][info   ][gc,stats       ]
[3.529s][info   ][safepoint,stats] ShenandoahInitMark           [             18               1 ][           115500      44400      60800     220700 ]               1
睡醒了, 一共睡了 : 1507 毫秒
[3.544s][info   ][safepoint,stats] ShenandoahFinalMarkStartEvac [             18               1 ][            19400      43800     116900     180100 ]               1
[3.548s][info   ][safepoint,stats] ShenandoahFinalRoots         [             18               2 ][            22000      43100      33300      98400 ]               1
[3.548s][info   ][gc,stats       ]
[3.548s][info   ][gc,stats       ] All times are wall-clock times, except per-root-class counters, that are sum over
[3.548s][info   ][gc,stats       ] all workers. Dividing the <total> over the root stage time estimates parallelism.
[3.548s][info   ][gc,stats       ]
[3.548s][info   ][gc,stats       ] Concurrent Reset                     72 us
[3.548s][info   ][gc,stats       ] Pause Init Mark (G)                 304 us
[3.548s][info   ][gc,stats       ] Pause Init Mark (N)                  24 us
[3.548s][info   ][gc,stats       ]   Update Region States                0 us
[3.548s][info   ][gc,stats       ] Concurrent Mark Roots               771 us, parallelism: 0.95x
[3.548s][info   ][gc,stats       ]   CMR: <total>                      732 us
[3.548s][info   ][gc,stats       ]   CMR: Thread Roots                 375 us, workers (us): 375, ---, ---,
[3.548s][info   ][gc,stats       ]   CMR: VM Strong Roots               35 us, workers (us):  35, ---, ---,
[3.548s][info   ][gc,stats       ]   CMR: CLDG Roots                   323 us, workers (us): 323, ---, ---,
[3.548s][info   ][gc,stats       ] Concurrent Marking                13205 us
[3.548s][info   ][gc,stats       ] Pause Final Mark (G)                255 us
[3.548s][info   ][gc,stats       ] Pause Final Mark (N)                 89 us
[3.548s][info   ][gc,stats       ]   Finish Mark                        54 us
[3.548s][info   ][gc,stats       ]   Update Region States                2 us
[3.548s][info   ][gc,stats       ]   Choose Collection Set              10 us
[3.548s][info   ][gc,stats       ]   Rebuild Free Set                    4 us
[3.548s][info   ][gc,stats       ] Concurrent Weak References          101 us, parallelism: 0.55x
[3.548s][info   ][gc,stats       ]   CWRF: <total>                      56 us
[3.548s][info   ][gc,stats       ]   CWRF: Weak References              56 us, workers (us):  56, ---, ---,
[3.548s][info   ][gc,stats       ] Concurrent Weak Roots               473 us
[3.548s][info   ][gc,stats       ]   Roots                             327 us, parallelism: 0.87x
[3.548s][info   ][gc,stats       ]     CWR: <total>                    283 us
[3.548s][info   ][gc,stats       ]     CWR: Code Cache Roots           128 us, workers (us): 128, ---, ---,
[3.548s][info   ][gc,stats       ]     CWR: VM Weak Roots              147 us, workers (us): 147, ---, ---,
[3.548s][info   ][gc,stats       ]     CWR: CLDG Roots                   7 us, workers (us):   7, ---, ---,
[3.548s][info   ][gc,stats       ]   Rendezvous                        143 us
[3.548s][info   ][gc,stats       ] Concurrent Cleanup                   65 us
[3.548s][info   ][gc,stats       ] Concurrent Class Unloading         3534 us
[3.548s][info   ][safepoint,stats] CleanClassLoaderDataMetaspaces [             18               2 ][            26400      30400      43800     100600 ]               1
[3.548s][info   ][gc,stats       ]   Unlink Stale                     3306 us
[3.548s][info   ][gc,stats       ]     System Dictionary               114 us
[3.548s][info   ][gc,stats       ]     Weak Class Links                823 us
[3.548s][info   ][gc,stats       ]     Code Roots                     2367 us
[3.548s][info   ][gc,stats       ]   Rendezvous                         89 us
[3.548s][info   ][gc,stats       ]   Purge Unlinked                    133 us
[3.548s][info   ][gc,stats       ]     Code Roots                       54 us
[3.548s][info   ][gc,stats       ]     CLDG                             77 us
[3.548s][info   ][gc,stats       ]     Exception Caches                  0 us
[3.548s][info   ][gc,stats       ] Pause Final Roots (G)               189 us
[3.548s][info   ][gc,stats       ] Pause Final Roots (N)                 5 us
[3.548s][info   ][gc,stats       ] Pacing                            16355 us
[3.548s][info   ][gc,stats       ]
[3.548s][info   ][gc,stats       ] Allocation pacing accrued:
[3.548s][info   ][gc,stats       ]      16 of    23 ms ( 72.3%): thread3
[3.548s][info   ][gc,stats       ]      16 of    23 ms ( 72.3%): <total>
[3.548s][info   ][gc,stats       ]       1 of    23 ms (  4.0%): <average total>
[3.548s][info   ][gc,stats       ]      16 of    23 ms ( 72.3%): <average non-zero>
[3.548s][info   ][gc,stats       ]
[3.550s][info   ][safepoint,stats] VM Operation                 [ threads: total initial_running ][ time:       sync    cleanup       vmop      total ] page_trap_count
[3.550s][info   ][safepoint,stats] ShenandoahInitMark           [             18               1 ][            29300      22900      41600      93800 ]               1
[3.561s][info   ][gc,stats       ]
[3.561s][info   ][gc,stats       ] All times are wall-clock times, except per-root-class counters, that are sum over
[3.561s][info   ][gc,stats       ] all workers. Dividing the <total> over the root stage time estimates parallelism.
[3.561s][info   ][gc,stats       ]
[3.561s][info   ][gc,stats       ] Concurrent Reset                     49 us
[3.561s][info   ][gc,stats       ] Pause Init Mark (G)                 166 us
[3.562s][info   ][gc,stats       ] Pause Init Mark (N)                  16 us
[3.562s][info   ][gc,stats       ]   Update Region States                1 us
[3.562s][info   ][gc,stats       ] Concurrent Mark Roots               524 us, parallelism: 0.91x
[3.562s][info   ][gc,stats       ]   CMR: <total>                      476 us
[3.562s][info   ][gc,stats       ]   CMR: Thread Roots                 219 us, workers (us): 219, ---, ---,
[3.562s][info   ][gc,stats       ]   CMR: VM Strong Roots               27 us, workers (us):  27, ---, ---,
[3.562s][info   ][gc,stats       ]   CMR: CLDG Roots                   230 us, workers (us): 230, ---, ---,
[3.562s][info   ][gc,stats       ] Concurrent Marking                10673 us
[3.562s][info   ][gc,stats       ] Pacing                            12313 us
[3.562s][info   ][gc,stats       ]
[3.562s][info   ][gc,stats       ] Allocation pacing accrued:
[3.562s][info   ][gc,stats       ]      12 of    13 ms ( 92.8%): thread3
[3.562s][info   ][gc,stats       ]      12 of    13 ms ( 92.8%): <total>
[3.562s][info   ][gc,stats       ]       1 of    13 ms (  5.2%): <average total>
[3.562s][info   ][gc,stats       ]      12 of    13 ms ( 92.8%): <average non-zero>
[3.562s][info   ][gc,stats       ]
[3.584s][info   ][safepoint,stats] ShenandoahDegeneratedGC      [             18               1 ][            78200      51800    7248500    7378500 ]               1
[3.585s][info   ][gc,stats       ]
[3.585s][info   ][gc,stats       ] All times are wall-clock times, except per-root-class counters, that are sum over
[3.585s][info   ][gc,stats       ] all workers. Dividing the <total> over the root stage time estimates parallelism.
[3.585s][info   ][gc,stats       ]
[3.585s][info   ][gc,stats       ]   Finish Mark                       884 us
[3.585s][info   ][gc,stats       ] Pause Degenerated GC (G)           7491 us
[3.585s][info   ][gc,stats       ] Pause Degenerated GC (N)           7223 us
[3.585s][info   ][gc,stats       ]     System Purge                   5906 us
[3.585s][info   ][gc,stats       ]       Weak References                96 us, parallelism: 0.43x
[3.585s][info   ][gc,stats       ]         WRP: <total>                 41 us
[3.585s][info   ][gc,stats       ]         WRP: Weak References         41 us, workers (us):  40,   0,   0,
[3.585s][info   ][gc,stats       ]       Unload Classes               5526 us, parallelism: 0.44x
[3.585s][info   ][gc,stats       ]         DCU: <total>               2427 us
[3.585s][info   ][gc,stats       ]         DCU: Unload Code Caches     2427 us, workers (us): 787, 837, 802,
[3.585s][info   ][gc,stats       ]       Weak Roots                    245 us, parallelism: 2.18x
[3.585s][info   ][gc,stats       ]         DWR: <total>                535 us
[3.585s][info   ][gc,stats       ]         DWR: VM Weak Roots          535 us, workers (us): 181, 176, 178,
[3.585s][info   ][gc,stats       ]       CLDG                            1 us
[3.585s][info   ][gc,stats       ]   Update Region States                2 us
[3.585s][info   ][gc,stats       ]   Manage GC/TLABs                     9 us
[3.585s][info   ][gc,stats       ]   Choose Collection Set              13 us
[3.585s][info   ][gc,stats       ]   Rebuild Free Set                    3 us
[3.585s][info   ][gc,stats       ]   Cleanup                             1 us
[3.585s][info   ][gc,stats       ]
[3.585s][info   ][gc,stats       ] Allocation pacing accrued:
[3.585s][info   ][gc,stats       ]       0 of    23 ms (  0.0%): <total>
[3.585s][info   ][gc,stats       ]       0 of    23 ms (  0.0%): <average total>
[3.585s][info   ][gc,stats       ]
[3.586s][info   ][safepoint,stats] ShenandoahInitMark           [             18               1 ][            36100      22800      28000      86900 ]               1
[3.599s][info   ][safepoint,stats] ShenandoahFinalMarkStartEvac [             18               1 ][            15700      25900     109900     151500 ]               1
[3.603s][info   ][safepoint,stats] ShenandoahFinalRoots         [             18               1 ][            19200      33900      20100      73200 ]               1
[3.603s][info   ][gc,stats       ]
[3.603s][info   ][gc,stats       ] All times are wall-clock times, except per-root-class counters, that are sum over
[3.604s][info   ][gc,stats       ] all workers. Dividing the <total> over the root stage time estimates parallelism.
[3.604s][info   ][gc,stats       ]
[3.604s][info   ][gc,stats       ] Concurrent Reset                     53 us
[3.604s][info   ][gc,stats       ] Pause Init Mark (G)                 133 us
[3.604s][info   ][gc,stats       ] Pause Init Mark (N)                  16 us
[3.604s][info   ][gc,stats       ]   Update Region States                1 us
[3.604s][info   ][gc,stats       ] Concurrent Mark Roots               561 us, parallelism: 0.87x
[3.604s][info   ][gc,stats       ]   CMR: <total>                      488 us
[3.604s][info   ][gc,stats       ]   CMR: Thread Roots                 223 us, workers (us): 223, ---, ---,
[3.604s][info   ][gc,stats       ]   CMR: VM Strong Roots               23 us, workers (us):  23, ---, ---,
[3.604s][info   ][gc,stats       ]   CMR: CLDG Roots                   241 us, workers (us): 241, ---, ---,
[3.604s][info   ][gc,stats       ] Concurrent Marking                12315 us
[3.604s][info   ][gc,stats       ] Pause Final Mark (G)                235 us
[3.604s][info   ][gc,stats       ] Pause Final Mark (N)                 94 us
[3.604s][info   ][gc,stats       ]   Finish Mark                        70 us
[3.604s][info   ][gc,stats       ]   Update Region States                1 us
[3.604s][info   ][gc,stats       ]   Choose Collection Set               7 us
[3.604s][info   ][gc,stats       ]   Rebuild Free Set                    2 us
[3.604s][info   ][gc,stats       ] Concurrent Weak References           90 us, parallelism: 0.30x
[3.604s][info   ][gc,stats       ]   CWRF: <total>                      27 us
[3.604s][info   ][gc,stats       ]   CWRF: Weak References              27 us, workers (us):  27, ---, ---,
[3.604s][info   ][gc,stats       ] Concurrent Weak Roots               681 us
[3.604s][info   ][gc,stats       ]   Roots                             556 us, parallelism: 0.84x
[3.604s][info   ][gc,stats       ]     CWR: <total>                    467 us
[3.604s][info   ][gc,stats       ]     CWR: Code Cache Roots           166 us, workers (us): 166, ---, ---,
[3.604s][info   ][gc,stats       ]     CWR: VM Weak Roots              286 us, workers (us): 286, ---, ---,
[3.604s][info   ][gc,stats       ]     CWR: CLDG Roots                  14 us, workers (us):  14, ---, ---,
[3.604s][info   ][gc,stats       ]   Rendezvous                        117 us
[3.604s][info   ][gc,stats       ] Concurrent Cleanup                   43 us
[3.604s][info   ][gc,stats       ] Concurrent Class Unloading         3201 us
[3.604s][info   ][gc,stats       ]   Unlink Stale                     3023 us
[3.604s][info   ][gc,stats       ]     System Dictionary                12 us
[3.604s][info   ][gc,stats       ]     Weak Class Links                  0 us
[3.604s][info   ][gc,stats       ]     Code Roots                     3009 us
[3.604s][info   ][gc,stats       ]   Rendezvous                         79 us
[3.604s][info   ][gc,stats       ]   Purge Unlinked                     91 us
[3.604s][info   ][gc,stats       ]     Code Roots                       82 us
[3.604s][info   ][gc,stats       ]     CLDG                              8 us
[3.604s][info   ][gc,stats       ]     Exception Caches                  0 us
[3.604s][info   ][gc,stats       ] Pause Final Roots (G)               160 us
[3.604s][info   ][gc,stats       ] Pause Final Roots (N)                 5 us
[3.604s][info   ][gc,stats       ]
[3.604s][info   ][gc,stats       ] Allocation pacing accrued:
[3.604s][info   ][gc,stats       ]       0 of    19 ms (  0.0%): <total>
[3.604s][info   ][gc,stats       ]       0 of    19 ms (  0.0%): <average total>
[3.604s][info   ][gc,stats       ]
[3.609s][info   ][safepoint,stats] ShenandoahInitMark           [             18               1 ][            66900      20200      56300     143400 ]               1
[3.623s][info   ][safepoint,stats] ShenandoahFinalMarkStartEvac [             18               1 ][            19900      34600     141000     195500 ]               1
[3.626s][info   ][safepoint,stats] ShenandoahFinalRoots         [             18               1 ][            21800      35000      42700      99500 ]               1
[3.626s][info   ][gc,stats       ]
[3.626s][info   ][gc,stats       ] All times are wall-clock times, except per-root-class counters, that are sum over
[3.626s][info   ][gc,stats       ] all workers. Dividing the <total> over the root stage time estimates parallelism.
[3.626s][info   ][gc,stats       ]
[3.626s][info   ][gc,stats       ] Concurrent Reset                     67 us
[3.626s][info   ][gc,stats       ] Pause Init Mark (G)                 214 us
[3.626s][info   ][gc,stats       ] Pause Init Mark (N)                  24 us
[3.626s][info   ][gc,stats       ]   Update Region States                1 us
[3.626s][info   ][gc,stats       ] Concurrent Mark Roots               743 us, parallelism: 0.90x
[3.626s][info   ][gc,stats       ]   CMR: <total>                      671 us
[3.626s][info   ][gc,stats       ]   CMR: Thread Roots                 201 us, workers (us): 201, ---, ---,
[3.626s][info   ][gc,stats       ]   CMR: VM Strong Roots               56 us, workers (us):  56, ---, ---,
[3.626s][info   ][gc,stats       ]   CMR: CLDG Roots                   415 us, workers (us): 415, ---, ---,
[3.626s][info   ][gc,stats       ] Concurrent Marking                12387 us
[3.626s][info   ][gc,stats       ] Pause Final Mark (G)                287 us
[3.626s][info   ][gc,stats       ] Pause Final Mark (N)                118 us
[3.626s][info   ][gc,stats       ]   Finish Mark                        88 us
[3.626s][info   ][gc,stats       ]   Update Region States                2 us
[3.626s][info   ][gc,stats       ]   Choose Collection Set               4 us
[3.626s][info   ][gc,stats       ]   Rebuild Free Set                    3 us
[3.626s][info   ][gc,stats       ] Concurrent Weak References          100 us, parallelism: 0.50x
[3.626s][info   ][gc,stats       ]   CWRF: <total>                      50 us
[3.626s][info   ][gc,stats       ]   CWRF: Weak References              50 us, workers (us):  50, ---, ---,
[3.626s][info   ][gc,stats       ] Concurrent Weak Roots               627 us
[3.626s][info   ][gc,stats       ]   Roots                             544 us, parallelism: 0.88x
[3.626s][info   ][gc,stats       ]     CWR: <total>                    478 us
[3.626s][info   ][gc,stats       ]     CWR: Code Cache Roots           174 us, workers (us): 174, ---, ---,
[3.626s][info   ][gc,stats       ]     CWR: VM Weak Roots              294 us, workers (us): 294, ---, ---,
[3.626s][info   ][gc,stats       ]     CWR: CLDG Roots                  11 us, workers (us):  11, ---, ---,
[3.626s][info   ][gc,stats       ]   Rendezvous                         79 us
[3.626s][info   ][gc,stats       ] Concurrent Cleanup                    2 us
[3.626s][info   ][gc,stats       ] Concurrent Class Unloading         2438 us
[3.626s][info   ][gc,stats       ]   Unlink Stale                     2277 us
[3.626s][info   ][gc,stats       ]     System Dictionary                 4 us
[3.626s][info   ][gc,stats       ]     Weak Class Links                  0 us
[3.626s][info   ][gc,stats       ]     Code Roots                     2272 us
[3.626s][info   ][gc,stats       ]   Rendezvous                         93 us
[3.626s][info   ][gc,stats       ]   Purge Unlinked                     62 us
[3.626s][info   ][gc,stats       ]     Code Roots                       57 us
[3.626s][info   ][gc,stats       ]     CLDG                              5 us
[3.626s][info   ][gc,stats       ]     Exception Caches                  0 us
[3.626s][info   ][gc,stats       ] Pause Final Roots (G)               181 us
[3.626s][info   ][gc,stats       ] Pause Final Roots (N)                 9 us
[3.626s][info   ][gc,stats       ] Pacing                            35084 us
[3.626s][info   ][gc,stats       ]
[3.626s][info   ][gc,stats       ] Allocation pacing accrued:
[3.626s][info   ][gc,stats       ]      35 of    22 ms (156.0%): thread3
[3.626s][info   ][gc,stats       ]      35 of    22 ms (156.0%): <total>
[3.626s][info   ][gc,stats       ]       2 of    22 ms (  8.7%): <average total>
[3.626s][info   ][gc,stats       ]      35 of    22 ms (156.0%): <average non-zero>
[3.626s][info   ][gc,stats       ]
[3.628s][info   ][safepoint,stats] ShenandoahInitMark           [             18               1 ][            24800      34400      39400      98600 ]               1
[3.642s][info   ][gc,stats       ]
[3.642s][info   ][gc,stats       ] All times are wall-clock times, except per-root-class counters, that are sum over
[3.642s][info   ][gc,stats       ] all workers. Dividing the <total> over the root stage time estimates parallelism.
[3.642s][info   ][gc,stats       ]
[3.642s][info   ][gc,stats       ] Concurrent Reset                     66 us
[3.642s][info   ][gc,stats       ] Pause Init Mark (G)                 202 us
[3.642s][info   ][gc,stats       ] Pause Init Mark (N)                  20 us
[3.642s][info   ][gc,stats       ]   Update Region States                0 us
[3.642s][info   ][gc,stats       ] Concurrent Mark Roots               588 us, parallelism: 0.85x
[3.642s][info   ][gc,stats       ]   CMR: <total>                      500 us
[3.642s][info   ][gc,stats       ]   CMR: Thread Roots                 237 us, workers (us): 237, ---, ---,
[3.642s][info   ][gc,stats       ]   CMR: VM Strong Roots               30 us, workers (us):  30, ---, ---,
[3.642s][info   ][gc,stats       ]   CMR: CLDG Roots                   233 us, workers (us): 233, ---, ---,
[3.642s][info   ][gc,stats       ] Concurrent Marking                12739 us
[3.642s][info   ][gc,stats       ] Pacing                            12444 us
[3.642s][info   ][gc,stats       ]
[3.642s][info   ][gc,stats       ] Allocation pacing accrued:
[3.642s][info   ][gc,stats       ]      12 of    15 ms ( 80.9%): thread3
[3.642s][info   ][gc,stats       ]      12 of    15 ms ( 80.9%): <total>
[3.642s][info   ][gc,stats       ]       1 of    15 ms (  4.5%): <average total>
[3.642s][info   ][gc,stats       ]      12 of    15 ms ( 80.9%): <average non-zero>
[3.642s][info   ][gc,stats       ]
[3.664s][info   ][safepoint,stats] ShenandoahDegeneratedGC      [             18               1 ][            82600      69300    6441100    6593000 ]               1
[3.664s][info   ][gc,stats       ]
[3.664s][info   ][gc,stats       ] All times are wall-clock times, except per-root-class counters, that are sum over
[3.664s][info   ][gc,stats       ] all workers. Dividing the <total> over the root stage time estimates parallelism.
[3.664s][info   ][gc,stats       ]
[3.664s][info   ][gc,stats       ]   Finish Mark                        84 us
[3.664s][info   ][gc,stats       ] Pause Degenerated GC (G)           6701 us
[3.664s][info   ][gc,stats       ] Pause Degenerated GC (N)           6402 us
[3.664s][info   ][gc,stats       ]     System Purge                   5750 us
[3.664s][info   ][gc,stats       ]       Weak References               145 us, parallelism: 0.66x
[3.664s][info   ][gc,stats       ]         WRP: <total>                 95 us
[3.664s][info   ][gc,stats       ]         WRP: Weak References         95 us, workers (us):  94,   1,   0,
[3.664s][info   ][gc,stats       ]       Unload Classes               5289 us, parallelism: 0.49x
[3.664s][info   ][gc,stats       ]         DCU: <total>               2591 us
[3.664s][info   ][gc,stats       ]         DCU: Unload Code Caches     2591 us, workers (us): 840, 867, 884,
[3.664s][info   ][gc,stats       ]       Weak Roots                    280 us, parallelism: 2.41x
[3.664s][info   ][gc,stats       ]         DWR: <total>                677 us
[3.664s][info   ][gc,stats       ]         DWR: VM Weak Roots          677 us, workers (us): 236, 226, 215,
[3.664s][info   ][gc,stats       ]       CLDG                            1 us
[3.664s][info   ][gc,stats       ]   Update Region States                1 us
[3.664s][info   ][gc,stats       ]   Manage GC/TLABs                     6 us
[3.664s][info   ][gc,stats       ]   Choose Collection Set               9 us
[3.664s][info   ][gc,stats       ]   Rebuild Free Set                    2 us
[3.664s][info   ][gc,stats       ]   Cleanup                             1 us
[3.664s][info   ][gc,stats       ]
[3.664s][info   ][gc,stats       ] Allocation pacing accrued:
[3.664s][info   ][gc,stats       ]       0 of    23 ms (  0.0%): <total>
[3.664s][info   ][gc,stats       ]       0 of    23 ms (  0.0%): <average total>
[3.664s][info   ][gc,stats       ]
[3.666s][info   ][safepoint,stats] ShenandoahInitMark           [             18               1 ][            36200      21600      25500      83300 ]               1
[3.680s][info   ][safepoint,stats] ShenandoahFinalMarkStartEvac [             18               1 ][            15700      25600     109200     150500 ]               1
[3.683s][info   ][safepoint,stats] ShenandoahFinalRoots         [             18               1 ][            14900      40800      24500      80200 ]               1
[3.683s][info   ][gc,stats       ]
[3.683s][info   ][gc,stats       ] All times are wall-clock times, except per-root-class counters, that are sum over
[3.683s][info   ][gc,stats       ] all workers. Dividing the <total> over the root stage time estimates parallelism.
[3.683s][info   ][gc,stats       ]
[3.683s][info   ][gc,stats       ] Concurrent Reset                     63 us
[3.683s][info   ][gc,stats       ] Pause Init Mark (G)                 151 us
[3.683s][info   ][gc,stats       ] Pause Init Mark (N)                  14 us
[3.683s][info   ][gc,stats       ]   Update Region States                0 us
[3.683s][info   ][gc,stats       ] Concurrent Mark Roots               530 us, parallelism: 0.86x
[3.683s][info   ][gc,stats       ]   CMR: <total>                      456 us
[3.683s][info   ][gc,stats       ]   CMR: Thread Roots                 215 us, workers (us): 215, ---, ---,
[3.683s][info   ][gc,stats       ]   CMR: VM Strong Roots               22 us, workers (us):  22, ---, ---,
[3.683s][info   ][gc,stats       ]   CMR: CLDG Roots                   219 us, workers (us): 219, ---, ---,
[3.683s][info   ][gc,stats       ] Concurrent Marking                13207 us
[3.683s][info   ][gc,stats       ] Pause Final Mark (G)                223 us
[3.683s][info   ][gc,stats       ] Pause Final Mark (N)                 86 us
[3.683s][info   ][gc,stats       ]   Finish Mark                        61 us
[3.683s][info   ][gc,stats       ]   Update Region States                1 us
[3.683s][info   ][gc,stats       ]   Choose Collection Set               9 us
[3.683s][info   ][gc,stats       ]   Rebuild Free Set                    2 us
[3.683s][info   ][gc,stats       ] Concurrent Weak References           85 us, parallelism: 0.27x
[3.683s][info   ][gc,stats       ]   CWRF: <total>                      23 us
[3.683s][info   ][gc,stats       ]   CWRF: Weak References              23 us, workers (us):  23, ---, ---,
[3.683s][info   ][gc,stats       ] Concurrent Weak Roots               425 us
[3.683s][info   ][gc,stats       ]   Roots                             343 us, parallelism: 0.80x
[3.683s][info   ][gc,stats       ]     CWR: <total>                    273 us
[3.683s][info   ][gc,stats       ]     CWR: Code Cache Roots           128 us, workers (us): 128, ---, ---,
[3.683s][info   ][gc,stats       ]     CWR: VM Weak Roots              136 us, workers (us): 136, ---, ---,
[3.683s][info   ][gc,stats       ]     CWR: CLDG Roots                   8 us, workers (us):   8, ---, ---,
[3.683s][info   ][gc,stats       ]   Rendezvous                         75 us
[3.683s][info   ][gc,stats       ] Concurrent Cleanup                   42 us
[3.683s][info   ][gc,stats       ] Concurrent Class Unloading         2229 us
[3.683s][info   ][gc,stats       ]   Unlink Stale                     2064 us
[3.683s][info   ][gc,stats       ]     System Dictionary                 8 us
[3.683s][info   ][gc,stats       ]     Weak Class Links                  0 us
[3.683s][info   ][gc,stats       ]     Code Roots                     2054 us
[3.683s][info   ][gc,stats       ]   Rendezvous                         75 us
[3.683s][info   ][gc,stats       ]   Purge Unlinked                     84 us
[3.683s][info   ][gc,stats       ]     Code Roots                       71 us
[3.683s][info   ][gc,stats       ]     CLDG                              7 us
[3.683s][info   ][gc,stats       ]     Exception Caches                  0 us
[3.683s][info   ][gc,stats       ] Pause Final Roots (G)               149 us
[3.683s][info   ][gc,stats       ] Pause Final Roots (N)                 4 us
[3.683s][info   ][gc,stats       ]
[3.683s][info   ][gc,stats       ] Allocation pacing accrued:
[3.683s][info   ][gc,stats       ]       0 of    19 ms (  0.0%): <total>
[3.683s][info   ][gc,stats       ]       0 of    19 ms (  0.0%): <average total>
[3.683s][info   ][gc,stats       ]
[3.689s][info   ][safepoint,stats] ShenandoahInitMark           [             18               1 ][            64400      23600      28200     116200 ]               1
[3.702s][info   ][safepoint,stats] ShenandoahFinalMarkStartEvac [             18               1 ][            20200      34800     140100     195100 ]               1
[3.706s][info   ][safepoint,stats] ShenandoahFinalRoots         [             18               1 ][            15500      22100      19700      57300 ]               1
[3.706s][info   ][gc,stats       ]
[3.706s][info   ][gc,stats       ] All times are wall-clock times, except per-root-class counters, that are sum over
[3.706s][info   ][gc,stats       ] all workers. Dividing the <total> over the root stage time estimates parallelism.
[3.706s][info   ][gc,stats       ]
[3.706s][info   ][gc,stats       ] Concurrent Reset                     37 us
[3.706s][info   ][gc,stats       ] Pause Init Mark (G)                 152 us
[3.706s][info   ][gc,stats       ] Pause Init Mark (N)                  14 us
[3.706s][info   ][gc,stats       ]   Update Region States                1 us
[3.706s][info   ][gc,stats       ] Concurrent Mark Roots               541 us, parallelism: 0.88x
[3.706s][info   ][gc,stats       ]   CMR: <total>                      475 us
[3.706s][info   ][gc,stats       ]   CMR: Thread Roots                 207 us, workers (us): 207, ---, ---,
[3.706s][info   ][gc,stats       ]   CMR: VM Strong Roots               23 us, workers (us):  23, ---, ---,
[3.706s][info   ][gc,stats       ]   CMR: CLDG Roots                   245 us, workers (us): 245, ---, ---,
[3.706s][info   ][gc,stats       ] Concurrent Marking                11938 us
[3.706s][info   ][gc,stats       ] Pause Final Mark (G)                318 us
[3.706s][info   ][gc,stats       ] Pause Final Mark (N)                118 us
[3.706s][info   ][gc,stats       ]   Finish Mark                        89 us
[3.706s][info   ][gc,stats       ]   Update Region States                2 us
[3.706s][info   ][gc,stats       ]   Choose Collection Set               4 us
[3.706s][info   ][gc,stats       ]   Rebuild Free Set                    3 us
[3.706s][info   ][gc,stats       ] Concurrent Weak References          135 us, parallelism: 0.36x
[3.706s][info   ][gc,stats       ]   CWRF: <total>                      48 us
[3.706s][info   ][gc,stats       ]   CWRF: Weak References              48 us, workers (us):  48, ---, ---,
[3.706s][info   ][gc,stats       ] Concurrent Weak Roots               663 us
[3.706s][info   ][gc,stats       ]   Roots                             547 us, parallelism: 0.84x
[3.706s][info   ][gc,stats       ]     CWR: <total>                    459 us
[3.706s][info   ][gc,stats       ]     CWR: Code Cache Roots           171 us, workers (us): 171, ---, ---,
[3.706s][info   ][gc,stats       ]     CWR: VM Weak Roots              281 us, workers (us): 281, ---, ---,
[3.706s][info   ][gc,stats       ]     CWR: CLDG Roots                   8 us, workers (us):   8, ---, ---,
[3.706s][info   ][gc,stats       ]   Rendezvous                        108 us
[3.706s][info   ][gc,stats       ] Concurrent Cleanup                    4 us
[3.706s][info   ][gc,stats       ] Concurrent Class Unloading         2811 us
[3.706s][info   ][gc,stats       ]   Unlink Stale                     2669 us
[3.706s][info   ][gc,stats       ]     System Dictionary                 7 us
[3.706s][info   ][gc,stats       ]     Weak Class Links                  0 us
[3.706s][info   ][gc,stats       ]     Code Roots                     2659 us
[3.706s][info   ][gc,stats       ]   Rendezvous                         74 us
[3.706s][info   ][gc,stats       ]   Purge Unlinked                     62 us
[3.706s][info   ][gc,stats       ]     Code Roots                       57 us
[3.706s][info   ][gc,stats       ]     CLDG                              4 us
[3.706s][info   ][gc,stats       ]     Exception Caches                  0 us
[3.706s][info   ][gc,stats       ] Pause Final Roots (G)               135 us
[3.706s][info   ][gc,stats       ] Pause Final Roots (N)                 4 us
[3.706s][info   ][gc,stats       ] Pacing                            34393 us
[3.706s][info   ][gc,stats       ]
[3.706s][info   ][gc,stats       ] Allocation pacing accrued:
[3.706s][info   ][gc,stats       ]      34 of    23 ms (152.7%): thread3
[3.706s][info   ][gc,stats       ]      34 of    23 ms (152.7%): <total>
[3.706s][info   ][gc,stats       ]       2 of    23 ms (  8.5%): <average total>
[3.706s][info   ][gc,stats       ]      34 of    23 ms (152.7%): <average non-zero>
[3.706s][info   ][gc,stats       ]
[3.708s][info   ][safepoint,stats] ShenandoahInitMark           [             18               1 ][            34800      18200      24600      77600 ]               1
[3.719s][info   ][gc,stats       ]
[3.719s][info   ][gc,stats       ] All times are wall-clock times, except per-root-class counters, that are sum over
[3.719s][info   ][gc,stats       ] all workers. Dividing the <total> over the root stage time estimates parallelism.
[3.719s][info   ][gc,stats       ]
[3.719s][info   ][gc,stats       ] Concurrent Reset                    122 us
[3.719s][info   ][gc,stats       ] Pause Init Mark (G)                 131 us
[3.719s][info   ][gc,stats       ] Pause Init Mark (N)                  13 us
[3.719s][info   ][gc,stats       ]   Update Region States                0 us
[3.719s][info   ][gc,stats       ] Concurrent Mark Roots               538 us, parallelism: 0.86x
[3.719s][info   ][gc,stats       ]   CMR: <total>                      462 us
[3.719s][info   ][gc,stats       ]   CMR: Thread Roots                 211 us, workers (us): 211, ---, ---,
[3.719s][info   ][gc,stats       ]   CMR: VM Strong Roots               23 us, workers (us):  23, ---, ---,
[3.719s][info   ][gc,stats       ]   CMR: CLDG Roots                   227 us, workers (us): 227, ---, ---,
[3.719s][info   ][gc,stats       ] Concurrent Marking                10436 us
[3.719s][info   ][gc,stats       ] Pacing                            11075 us
[3.719s][info   ][gc,stats       ]
[3.719s][info   ][gc,stats       ] Allocation pacing accrued:
[3.719s][info   ][gc,stats       ]      11 of    13 ms ( 82.5%): thread3
[3.719s][info   ][gc,stats       ]      11 of    13 ms ( 82.5%): <total>
[3.719s][info   ][gc,stats       ]       1 of    13 ms (  4.6%): <average total>
[3.719s][info   ][gc,stats       ]      11 of    13 ms ( 82.5%): <average non-zero>
[3.719s][info   ][gc,stats       ]
[3.743s][info   ][safepoint,stats] ShenandoahDegeneratedGC      [             18               1 ][           162700      72800    7170200    7405700 ]               1
[3.743s][info   ][gc,stats       ]
[3.743s][info   ][gc,stats       ] All times are wall-clock times, except per-root-class counters, that are sum over
[3.743s][info   ][gc,stats       ] all workers. Dividing the <total> over the root stage time estimates parallelism.
[3.743s][info   ][gc,stats       ]
[3.743s][info   ][gc,stats       ]   Finish Mark                      1127 us
[3.743s][info   ][gc,stats       ] Pause Degenerated GC (G)           7534 us
[3.743s][info   ][gc,stats       ] Pause Degenerated GC (N)           7139 us
[3.743s][info   ][gc,stats       ]     System Purge                   5626 us
[3.743s][info   ][gc,stats       ]       Weak References                68 us, parallelism: 0.51x
[3.743s][info   ][gc,stats       ]         WRP: <total>                 35 us
[3.743s][info   ][gc,stats       ]         WRP: Weak References         35 us, workers (us):  34,   1,   0,
[3.743s][info   ][gc,stats       ]       Unload Classes               5263 us, parallelism: 0.43x
[3.743s][info   ][gc,stats       ]         DCU: <total>               2283 us
[3.743s][info   ][gc,stats       ]         DCU: Unload Code Caches     2283 us, workers (us): 772, 773, 738,
[3.743s][info   ][gc,stats       ]       Weak Roots                    259 us, parallelism: 2.52x
[3.743s][info   ][gc,stats       ]         DWR: <total>                651 us
[3.743s][info   ][gc,stats       ]         DWR: VM Weak Roots          651 us, workers (us): 219, 218, 213,
[3.743s][info   ][gc,stats       ]       CLDG                            1 us
[3.743s][info   ][gc,stats       ]   Update Region States                2 us
[3.743s][info   ][gc,stats       ]   Manage GC/TLABs                     8 us
[3.743s][info   ][gc,stats       ]   Choose Collection Set              10 us
[3.743s][info   ][gc,stats       ]   Rebuild Free Set                    2 us
[3.743s][info   ][gc,stats       ]   Cleanup                             1 us
[3.743s][info   ][gc,stats       ]
[3.743s][info   ][gc,stats       ] Allocation pacing accrued:
[3.743s][info   ][gc,stats       ]       0 of    24 ms (  0.0%): <total>
[3.743s][info   ][gc,stats       ]       0 of    24 ms (  0.0%): <average total>
[3.743s][info   ][gc,stats       ]
[3.745s][info   ][safepoint,stats] ShenandoahInitMark           [             18               1 ][            41000      35200      47000     123200 ]               1
[3.760s][info   ][safepoint,stats] ShenandoahFinalMarkStartEvac [             18               1 ][            19100      26100     200900     246100 ]               1
[3.764s][info   ][safepoint,stats] ShenandoahFinalRoots         [             18               1 ][            15500      40100      24500      80100 ]               1
[3.764s][info   ][gc,stats       ]
[3.764s][info   ][gc,stats       ] All times are wall-clock times, except per-root-class counters, that are sum over
[3.764s][info   ][gc,stats       ] all workers. Dividing the <total> over the root stage time estimates parallelism.
[3.764s][info   ][gc,stats       ]
[3.764s][info   ][gc,stats       ] Concurrent Reset                     94 us
[3.764s][info   ][gc,stats       ] Pause Init Mark (G)                 225 us
[3.764s][info   ][gc,stats       ] Pause Init Mark (N)                  28 us
[3.764s][info   ][gc,stats       ]   Update Region States                1 us
[3.764s][info   ][gc,stats       ] Concurrent Mark Roots              1033 us, parallelism: 0.92x
[3.764s][info   ][gc,stats       ]   CMR: <total>                      951 us
[3.764s][info   ][gc,stats       ]   CMR: Thread Roots                 457 us, workers (us): 457, ---, ---,
[3.764s][info   ][gc,stats       ]   CMR: VM Strong Roots               38 us, workers (us):  38, ---, ---,
[3.764s][info   ][gc,stats       ]   CMR: CLDG Roots                   456 us, workers (us): 456, ---, ---,
[3.764s][info   ][gc,stats       ] Concurrent Marking                13538 us
[3.764s][info   ][gc,stats       ] Pause Final Mark (G)                368 us
[3.764s][info   ][gc,stats       ] Pause Final Mark (N)                168 us
[3.764s][info   ][gc,stats       ]   Finish Mark                       123 us
[3.764s][info   ][gc,stats       ]   Update Region States                4 us
[3.764s][info   ][gc,stats       ]   Choose Collection Set              13 us
[3.764s][info   ][gc,stats       ]   Rebuild Free Set                    4 us
[3.764s][info   ][gc,stats       ] Concurrent Weak References          181 us, parallelism: 0.38x
[3.764s][info   ][gc,stats       ]   CWRF: <total>                      69 us
[3.764s][info   ][gc,stats       ]   CWRF: Weak References              69 us, workers (us):  69, ---, ---,
[3.764s][info   ][gc,stats       ] Concurrent Weak Roots               760 us
[3.764s][info   ][gc,stats       ]   Roots                             679 us, parallelism: 0.87x
[3.764s][info   ][gc,stats       ]     CWR: <total>                    592 us
[3.764s][info   ][gc,stats       ]     CWR: Code Cache Roots           216 us, workers (us): 216, ---, ---,
[3.764s][info   ][gc,stats       ]     CWR: VM Weak Roots              358 us, workers (us): 358, ---, ---,
[3.764s][info   ][gc,stats       ]     CWR: CLDG Roots                  18 us, workers (us):  18, ---, ---,
[3.764s][info   ][gc,stats       ]   Rendezvous                         75 us
[3.764s][info   ][gc,stats       ] Concurrent Cleanup                   39 us
[3.764s][info   ][gc,stats       ] Concurrent Class Unloading         2574 us
[3.764s][info   ][gc,stats       ]   Unlink Stale                     2414 us
[3.764s][info   ][gc,stats       ]     System Dictionary                 4 us
[3.764s][info   ][gc,stats       ]     Weak Class Links                  0 us
[3.764s][info   ][gc,stats       ]     Code Roots                     2408 us
[3.764s][info   ][gc,stats       ]   Rendezvous                         75 us
[3.764s][info   ][gc,stats       ]   Purge Unlinked                     80 us
[3.764s][info   ][gc,stats       ]     Code Roots                       71 us
[3.764s][info   ][gc,stats       ]     CLDG                              7 us
[3.764s][info   ][gc,stats       ]     Exception Caches                  0 us
[3.764s][info   ][gc,stats       ] Pause Final Roots (G)               157 us
[3.764s][info   ][gc,stats       ] Pause Final Roots (N)                 5 us
[3.764s][info   ][gc,stats       ] Pacing                             6191 us
[3.764s][info   ][gc,stats       ]
[3.764s][info   ][gc,stats       ] Allocation pacing accrued:
[3.764s][info   ][gc,stats       ]       6 of    21 ms ( 28.9%): thread3
[3.764s][info   ][gc,stats       ]       6 of    21 ms ( 28.9%): <total>
[3.764s][info   ][gc,stats       ]       0 of    21 ms (  1.6%): <average total>
[3.764s][info   ][gc,stats       ]       6 of    21 ms ( 28.9%): <average non-zero>
[3.764s][info   ][gc,stats       ]
[3.767s][info   ][safepoint,stats] ShenandoahInitMark           [             18               1 ][           250900      27000     108500     386400 ]               1
[3.781s][info   ][safepoint,stats] ShenandoahFinalMarkStartEvac [             18               1 ][            15800      26700     110800     153300 ]               1
[3.786s][info   ][safepoint,stats] ShenandoahFinalRoots         [             18               1 ][            16500      43200      30300      90000 ]               1
[3.786s][info   ][gc,stats       ]
[3.786s][info   ][gc,stats       ] All times are wall-clock times, except per-root-class counters, that are sum over
[3.786s][info   ][gc,stats       ] all workers. Dividing the <total> over the root stage time estimates parallelism.
[3.786s][info   ][gc,stats       ]
[3.786s][info   ][gc,stats       ] Concurrent Reset                     45 us
[3.786s][info   ][gc,stats       ] Pause Init Mark (G)                 457 us
[3.786s][info   ][gc,stats       ] Pause Init Mark (N)                  41 us
[3.786s][info   ][gc,stats       ]   Update Region States                1 us
[3.786s][info   ][gc,stats       ] Concurrent Mark Roots               868 us, parallelism: 0.91x
[3.786s][info   ][gc,stats       ]   CMR: <total>                      786 us
[3.786s][info   ][gc,stats       ]   CMR: Thread Roots                 218 us, workers (us): 218, ---, ---,
[3.786s][info   ][gc,stats       ]   CMR: VM Strong Roots               45 us, workers (us):  45, ---, ---,
[3.786s][info   ][gc,stats       ]   CMR: CLDG Roots                   523 us, workers (us): 523, ---, ---,
[3.786s][info   ][gc,stats       ] Concurrent Marking                12442 us
[3.786s][info   ][gc,stats       ] Pause Final Mark (G)                248 us
[3.786s][info   ][gc,stats       ] Pause Final Mark (N)                 96 us
[3.786s][info   ][gc,stats       ]   Finish Mark                        75 us
[3.786s][info   ][gc,stats       ]   Update Region States                1 us
[3.786s][info   ][gc,stats       ]   Choose Collection Set               6 us
[3.786s][info   ][gc,stats       ]   Rebuild Free Set                    2 us
[3.786s][info   ][gc,stats       ] Concurrent Weak References          206 us, parallelism: 0.25x
[3.786s][info   ][gc,stats       ]   CWRF: <total>                      51 us
[3.786s][info   ][gc,stats       ]   CWRF: Weak References              51 us, workers (us):  51, ---, ---,
[3.786s][info   ][gc,stats       ] Concurrent Weak Roots               671 us
[3.786s][info   ][gc,stats       ]   Roots                             555 us, parallelism: 0.84x
[3.786s][info   ][gc,stats       ]     CWR: <total>                    466 us
[3.786s][info   ][gc,stats       ]     CWR: Code Cache Roots           172 us, workers (us): 172, ---, ---,
[3.786s][info   ][gc,stats       ]     CWR: VM Weak Roots              283 us, workers (us): 283, ---, ---,
[3.786s][info   ][gc,stats       ]     CWR: CLDG Roots                  11 us, workers (us):  11, ---, ---,
[3.786s][info   ][gc,stats       ]   Rendezvous                        108 us
[3.786s][info   ][gc,stats       ] Concurrent Cleanup                   52 us
[3.786s][info   ][gc,stats       ] Concurrent Class Unloading         4010 us
[3.786s][info   ][gc,stats       ]   Unlink Stale                     3824 us
[3.786s][info   ][gc,stats       ]     System Dictionary                 7 us
[3.786s][info   ][gc,stats       ]     Weak Class Links                  0 us
[3.786s][info   ][gc,stats       ]     Code Roots                     3814 us
[3.787s][info   ][gc,stats       ]   Rendezvous                        121 us
[3.787s][info   ][gc,stats       ]   Purge Unlinked                     55 us
[3.787s][info   ][gc,stats       ]     Code Roots                       49 us
[3.787s][info   ][gc,stats       ]     CLDG                              5 us
[3.787s][info   ][gc,stats       ]     Exception Caches                  0 us
[3.787s][info   ][gc,stats       ] Pause Final Roots (G)               181 us
[3.787s][info   ][gc,stats       ] Pause Final Roots (N)                 8 us
[3.787s][info   ][gc,stats       ] Pacing                            26551 us
[3.787s][info   ][gc,stats       ]
[3.787s][info   ][gc,stats       ] Allocation pacing accrued:
[3.787s][info   ][gc,stats       ]      27 of    22 ms (119.6%): thread3
[3.787s][info   ][gc,stats       ]      27 of    22 ms (119.6%): <total>
[3.787s][info   ][gc,stats       ]       1 of    22 ms (  6.6%): <average total>
[3.787s][info   ][gc,stats       ]      27 of    22 ms (119.6%): <average non-zero>
[3.787s][info   ][gc,stats       ]
[3.799s][info   ][safepoint,stats] ShenandoahInitMark           [             18               1 ][           122300       8600     198200     329100 ]               1
[3.800s][info   ][gc,stats       ]
[3.800s][info   ][gc,stats       ] All times are wall-clock times, except per-root-class counters, that are sum over
[3.800s][info   ][gc,stats       ] all workers. Dividing the <total> over the root stage time estimates parallelism.
[3.800s][info   ][gc,stats       ]
[3.800s][info   ][gc,stats       ] Concurrent Reset                     50 us
[3.800s][info   ][gc,stats       ] Pause Init Mark (G)                 417 us
[3.800s][info   ][gc,stats       ] Pause Init Mark (N)                  14 us
[3.800s][info   ][gc,stats       ]   Update Region States                1 us
[3.800s][info   ][gc,stats       ] Concurrent Mark Roots               712 us, parallelism: 0.91x
[3.800s][info   ][gc,stats       ]   CMR: <total>                      647 us
[3.800s][info   ][gc,stats       ]   CMR: Thread Roots                 382 us, workers (us): 382, ---, ---,
[3.800s][info   ][gc,stats       ]   CMR: VM Strong Roots               21 us, workers (us):  21, ---, ---,
[3.800s][info   ][gc,stats       ]   CMR: CLDG Roots                   243 us, workers (us): 243, ---, ---,
[3.800s][info   ][gc,stats       ] Pacing                            14294 us
[3.800s][info   ][gc,stats       ]
[3.800s][info   ][gc,stats       ] Allocation pacing accrued:
[3.800s][info   ][gc,stats       ]      14 of    14 ms (103.4%): thread3
[3.800s][info   ][gc,stats       ]      14 of    14 ms (103.4%): <total>
[3.800s][info   ][gc,stats       ]       1 of    14 ms (  5.7%): <average total>
[3.800s][info   ][gc,stats       ]      14 of    14 ms (103.4%): <average non-zero>
[3.800s][info   ][gc,stats       ]
[3.827s][info   ][safepoint,stats] ShenandoahDegeneratedGC      [             18               1 ][            52800      68400   11781300   11902500 ]               1
[3.827s][info   ][gc,stats       ]
[3.827s][info   ][gc,stats       ] All times are wall-clock times, except per-root-class counters, that are sum over
[3.827s][info   ][gc,stats       ] all workers. Dividing the <total> over the root stage time estimates parallelism.
[3.827s][info   ][gc,stats       ]
[3.827s][info   ][gc,stats       ] Pause Degenerated GC (G)          12022 us
[3.827s][info   ][gc,stats       ] Pause Degenerated GC (N)          11753 us
[3.827s][info   ][gc,stats       ]   Degen STW Mark                   5505 us, parallelism: 2.94x
[3.827s][info   ][gc,stats       ]     DSM: <total>                  16180 us
[3.827s][info   ][gc,stats       ]     DSM: Thread Roots               198 us, workers (us):  60,  51,  87,
[3.827s][info   ][gc,stats       ]     DSM: VM Strong Roots             39 us, workers (us):   1,  35,   3,
[3.827s][info   ][gc,stats       ]     DSM: CLDG Roots                 704 us, workers (us): 694,   7,   2,
[3.827s][info   ][gc,stats       ]     DSM: Parallel Mark            15239 us, workers (us): 4649, 5294, 5296,
[3.827s][info   ][gc,stats       ]     System Purge                   5727 us
[3.827s][info   ][gc,stats       ]       Weak References                62 us, parallelism: 0.81x
[3.827s][info   ][gc,stats       ]         WRP: <total>                 50 us
[3.827s][info   ][gc,stats       ]         WRP: Weak References         50 us, workers (us):  33,  13,   3,
[3.827s][info   ][gc,stats       ]       Unload Classes               5354 us, parallelism: 0.52x
[3.827s][info   ][gc,stats       ]         DCU: <total>               2781 us
[3.827s][info   ][gc,stats       ]         DCU: Unload Code Caches     2781 us, workers (us): 1002, 905, 874,
[3.827s][info   ][gc,stats       ]       Weak Roots                    276 us, parallelism: 2.37x
[3.827s][info   ][gc,stats       ]         DWR: <total>                653 us
[3.827s][info   ][gc,stats       ]         DWR: VM Weak Roots          653 us, workers (us): 213, 243, 197,
[3.827s][info   ][gc,stats       ]       CLDG                            1 us
[3.827s][info   ][gc,stats       ]   Update Region States                2 us
[3.827s][info   ][gc,stats       ]   Manage GC/TLABs                     8 us
[3.827s][info   ][gc,stats       ]   Choose Collection Set               9 us
[3.827s][info   ][gc,stats       ]   Rebuild Free Set                    2 us
[3.827s][info   ][gc,stats       ]   Cleanup                             2 us
[3.827s][info   ][gc,stats       ]
[3.827s][info   ][gc,stats       ] Allocation pacing accrued:
[3.827s][info   ][gc,stats       ]       0 of    27 ms (  0.0%): <total>
[3.827s][info   ][gc,stats       ]       0 of    27 ms (  0.0%): <average total>
[3.827s][info   ][gc,stats       ]
[3.829s][info   ][safepoint,stats] ShenandoahInitMark           [             18               1 ][            41400      35300      46000     122700 ]               1
[3.843s][info   ][safepoint,stats] ShenandoahFinalMarkStartEvac [             18               1 ][            30700      37100     160200     228000 ]               1
[3.846s][info   ][safepoint,stats] ShenandoahFinalRoots         [             18               1 ][            25700      20500      17200      63400 ]               1
[3.847s][info   ][gc,stats       ]
[3.847s][info   ][gc,stats       ] All times are wall-clock times, except per-root-class counters, that are sum over
[3.847s][info   ][gc,stats       ] all workers. Dividing the <total> over the root stage time estimates parallelism.
[3.847s][info   ][gc,stats       ]
[3.847s][info   ][gc,stats       ] Concurrent Reset                     95 us
[3.847s][info   ][gc,stats       ] Pause Init Mark (G)                 209 us
[3.847s][info   ][gc,stats       ] Pause Init Mark (N)                  27 us
[3.847s][info   ][gc,stats       ]   Update Region States                1 us
[3.847s][info   ][gc,stats       ] Concurrent Mark Roots               919 us, parallelism: 0.92x
[3.847s][info   ][gc,stats       ]   CMR: <total>                      844 us
[3.847s][info   ][gc,stats       ]   CMR: Thread Roots                 355 us, workers (us): 355, ---, ---,
[3.847s][info   ][gc,stats       ]   CMR: VM Strong Roots               37 us, workers (us):  37, ---, ---,
[3.847s][info   ][gc,stats       ]   CMR: CLDG Roots                   452 us, workers (us): 452, ---, ---,
[3.847s][info   ][gc,stats       ] Concurrent Marking                12451 us
[3.847s][info   ][gc,stats       ] Pause Final Mark (G)                344 us
[3.847s][info   ][gc,stats       ] Pause Final Mark (N)                130 us
[3.847s][info   ][gc,stats       ]   Finish Mark                        92 us
[3.847s][info   ][gc,stats       ]   Update Region States                2 us
[3.847s][info   ][gc,stats       ]   Choose Collection Set              12 us
[3.847s][info   ][gc,stats       ]   Rebuild Free Set                    3 us
[3.847s][info   ][gc,stats       ] Concurrent Weak References          126 us, parallelism: 0.45x
[3.847s][info   ][gc,stats       ]   CWRF: <total>                      57 us
[3.847s][info   ][gc,stats       ]   CWRF: Weak References              57 us, workers (us):  57, ---, ---,
[3.847s][info   ][gc,stats       ] Concurrent Weak Roots               618 us
[3.847s][info   ][gc,stats       ]   Roots                             541 us, parallelism: 0.87x
[3.847s][info   ][gc,stats       ]     CWR: <total>                    469 us
[3.847s][info   ][gc,stats       ]     CWR: Code Cache Roots           171 us, workers (us): 171, ---, ---,
[3.847s][info   ][gc,stats       ]     CWR: VM Weak Roots              285 us, workers (us): 285, ---, ---,
[3.847s][info   ][gc,stats       ]     CWR: CLDG Roots                  13 us, workers (us):  13, ---, ---,
[3.847s][info   ][gc,stats       ]   Rendezvous                         72 us
[3.847s][info   ][gc,stats       ] Concurrent Cleanup                   73 us
[3.847s][info   ][gc,stats       ] Concurrent Class Unloading         2498 us
[3.847s][info   ][gc,stats       ]   Unlink Stale                     2276 us
[3.847s][info   ][gc,stats       ]     System Dictionary                 4 us
[3.847s][info   ][gc,stats       ]     Weak Class Links                  0 us
[3.847s][info   ][gc,stats       ]     Code Roots                     2270 us
[3.847s][info   ][gc,stats       ]   Rendezvous                        137 us
[3.847s][info   ][gc,stats       ]   Purge Unlinked                     79 us
[3.847s][info   ][gc,stats       ]     Code Roots                       71 us
[3.847s][info   ][gc,stats       ]     CLDG                              7 us
[3.847s][info   ][gc,stats       ]     Exception Caches                  0 us
[3.847s][info   ][gc,stats       ] Pause Final Roots (G)               144 us
[3.847s][info   ][gc,stats       ] Pause Final Roots (N)                 4 us
[3.847s][info   ][gc,stats       ]
[3.847s][info   ][gc,stats       ] Allocation pacing accrued:
[3.847s][info   ][gc,stats       ]       0 of    19 ms (  0.0%): <total>
[3.847s][info   ][gc,stats       ]       0 of    19 ms (  0.0%): <average total>
[3.847s][info   ][gc,stats       ]
[3.864s][info   ][safepoint,stats] ShenandoahInitMark           [             18               1 ][            62600      35900      41700     140200 ]               1
[3.877s][info   ][safepoint,stats] VM Operation                 [ threads: total initial_running ][ time:       sync    cleanup       vmop      total ] page_trap_count
[3.877s][info   ][safepoint,stats] ShenandoahFinalMarkStartEvac [             18               1 ][            20700      37300     158900     216900 ]               1
[3.881s][info   ][safepoint,stats] ShenandoahFinalRoots         [             18               1 ][            15600      23600      20100      59300 ]               1
[3.881s][info   ][gc,stats       ]
[3.881s][info   ][gc,stats       ] All times are wall-clock times, except per-root-class counters, that are sum over
[3.881s][info   ][gc,stats       ] all workers. Dividing the <total> over the root stage time estimates parallelism.
[3.881s][info   ][gc,stats       ]
[3.881s][info   ][gc,stats       ] Concurrent Reset                     55 us
[3.881s][info   ][gc,stats       ] Pause Init Mark (G)                 206 us
[3.881s][info   ][gc,stats       ] Pause Init Mark (N)                  20 us
[3.881s][info   ][gc,stats       ]   Update Region States                0 us
[3.881s][info   ][gc,stats       ] Concurrent Mark Roots               545 us, parallelism: 0.90x
[3.881s][info   ][gc,stats       ]   CMR: <total>                      493 us
[3.881s][info   ][gc,stats       ]   CMR: Thread Roots                 225 us, workers (us): 225, ---, ---,
[3.881s][info   ][gc,stats       ]   CMR: VM Strong Roots               27 us, workers (us):  27, ---, ---,
[3.881s][info   ][gc,stats       ]   CMR: CLDG Roots                   240 us, workers (us): 240, ---, ---,
[3.881s][info   ][gc,stats       ] Concurrent Marking                12665 us
[3.881s][info   ][gc,stats       ] Pause Final Mark (G)                343 us
[3.881s][info   ][gc,stats       ] Pause Final Mark (N)                135 us
[3.881s][info   ][gc,stats       ]   Finish Mark                       100 us
[3.881s][info   ][gc,stats       ]   Update Region States                2 us
[3.881s][info   ][gc,stats       ]   Choose Collection Set               9 us
[3.881s][info   ][gc,stats       ]   Rebuild Free Set                    3 us
[3.881s][info   ][gc,stats       ] Concurrent Weak References          123 us, parallelism: 0.41x
[3.881s][info   ][gc,stats       ]   CWRF: <total>                      51 us
[3.881s][info   ][gc,stats       ]   CWRF: Weak References              51 us, workers (us):  51, ---, ---,
[3.881s][info   ][gc,stats       ] Concurrent Weak Roots               666 us
[3.881s][info   ][gc,stats       ]   Roots                             552 us, parallelism: 0.84x
[3.881s][info   ][gc,stats       ]     CWR: <total>                    463 us
[3.881s][info   ][gc,stats       ]     CWR: Code Cache Roots           172 us, workers (us): 172, ---, ---,
[3.881s][info   ][gc,stats       ]     CWR: VM Weak Roots              282 us, workers (us): 282, ---, ---,
[3.881s][info   ][gc,stats       ]     CWR: CLDG Roots                   9 us, workers (us):   9, ---, ---,
[3.881s][info   ][gc,stats       ]   Rendezvous                        106 us
[3.881s][info   ][gc,stats       ] Concurrent Cleanup                   52 us
[3.881s][info   ][gc,stats       ] Concurrent Class Unloading         2461 us
[3.881s][info   ][gc,stats       ]   Unlink Stale                     2321 us
[3.881s][info   ][gc,stats       ]     System Dictionary                 7 us
[3.881s][info   ][gc,stats       ]     Weak Class Links                  0 us
[3.881s][info   ][gc,stats       ]     Code Roots                     2311 us
[3.881s][info   ][gc,stats       ]   Rendezvous                         72 us
[3.881s][info   ][gc,stats       ]   Purge Unlinked                     63 us
[3.881s][info   ][gc,stats       ]     Code Roots                       58 us
[3.881s][info   ][gc,stats       ]     CLDG                              4 us
[3.881s][info   ][gc,stats       ]     Exception Caches                  0 us
[3.881s][info   ][gc,stats       ] Pause Final Roots (G)               126 us
[3.881s][info   ][gc,stats       ] Pause Final Roots (N)                 5 us
[3.881s][info   ][gc,stats       ] Pacing                            44733 us
[3.881s][info   ][gc,stats       ]
[3.881s][info   ][gc,stats       ] Allocation pacing accrued:
[3.881s][info   ][gc,stats       ]      45 of    34 ms (131.9%): thread3
[3.881s][info   ][gc,stats       ]      45 of    34 ms (131.9%): <total>
[3.881s][info   ][gc,stats       ]       2 of    34 ms (  7.3%): <average total>
[3.881s][info   ][gc,stats       ]      45 of    34 ms (131.9%): <average non-zero>
[3.881s][info   ][gc,stats       ]
[3.882s][info   ][safepoint,stats] ShenandoahInitMark           [             18               1 ][            34900      18400      23700      77000 ]               1
[3.895s][info   ][gc,stats       ]
[3.895s][info   ][gc,stats       ] All times are wall-clock times, except per-root-class counters, that are sum over
[3.895s][info   ][gc,stats       ] all workers. Dividing the <total> over the root stage time estimates parallelism.
[3.895s][info   ][gc,stats       ]
[3.895s][info   ][gc,stats       ] Concurrent Reset                     52 us
[3.895s][info   ][gc,stats       ] Pause Init Mark (G)                 129 us
[3.895s][info   ][gc,stats       ] Pause Init Mark (N)                  13 us
[3.895s][info   ][gc,stats       ]   Update Region States                0 us
[3.895s][info   ][gc,stats       ] Concurrent Mark Roots               527 us, parallelism: 0.87x
[3.895s][info   ][gc,stats       ]   CMR: <total>                      457 us
[3.895s][info   ][gc,stats       ]   CMR: Thread Roots                 210 us, workers (us): 210, ---, ---,
[3.895s][info   ][gc,stats       ]   CMR: VM Strong Roots               22 us, workers (us):  22, ---, ---,
[3.895s][info   ][gc,stats       ]   CMR: CLDG Roots                   225 us, workers (us): 225, ---, ---,
[3.895s][info   ][gc,stats       ] Concurrent Marking                12437 us
[3.895s][info   ][gc,stats       ] Pacing                            14085 us
[3.895s][info   ][gc,stats       ]
[3.895s][info   ][gc,stats       ] Allocation pacing accrued:
[3.895s][info   ][gc,stats       ]      14 of    14 ms ( 97.5%): thread3
[3.895s][info   ][gc,stats       ]      14 of    14 ms ( 97.5%): <total>
[3.895s][info   ][gc,stats       ]       1 of    14 ms (  5.4%): <average total>
[3.895s][info   ][gc,stats       ]      14 of    14 ms ( 97.5%): <average non-zero>
[3.895s][info   ][gc,stats       ]
[3.918s][info   ][safepoint,stats] ShenandoahDegeneratedGC      [             18               1 ][           107200      41000    6728900    6877100 ]               1
[3.918s][info   ][gc,stats       ]
[3.918s][info   ][gc,stats       ] All times are wall-clock times, except per-root-class counters, that are sum over
[3.918s][info   ][gc,stats       ] all workers. Dividing the <total> over the root stage time estimates parallelism.
[3.918s][info   ][gc,stats       ]
[3.918s][info   ][gc,stats       ]   Finish Mark                       337 us
[3.918s][info   ][gc,stats       ] Pause Degenerated GC (G)           6989 us
[3.918s][info   ][gc,stats       ] Pause Degenerated GC (N)           6701 us
[3.918s][info   ][gc,stats       ]     System Purge                   5975 us
[3.918s][info   ][gc,stats       ]       Weak References               133 us, parallelism: 0.67x
[3.918s][info   ][gc,stats       ]         WRP: <total>                 90 us
[3.918s][info   ][gc,stats       ]         WRP: Weak References         90 us, workers (us):  88,   1,   1,
[3.918s][info   ][gc,stats       ]       Unload Classes               5378 us, parallelism: 0.43x
[3.918s][info   ][gc,stats       ]         DCU: <total>               2321 us
[3.918s][info   ][gc,stats       ]         DCU: Unload Code Caches     2321 us, workers (us): 756, 780, 784,
[3.918s][info   ][gc,stats       ]       Weak Roots                    429 us, parallelism: 2.11x
[3.918s][info   ][gc,stats       ]         DWR: <total>                903 us
[3.918s][info   ][gc,stats       ]         DWR: VM Weak Roots          903 us, workers (us): 289, 338, 276,
[3.918s][info   ][gc,stats       ]       CLDG                            1 us
[3.918s][info   ][gc,stats       ]   Update Region States                1 us
[3.918s][info   ][gc,stats       ]   Manage GC/TLABs                     6 us
[3.918s][info   ][gc,stats       ]   Choose Collection Set               9 us
[3.918s][info   ][gc,stats       ]   Rebuild Free Set                    2 us
[3.918s][info   ][gc,stats       ]   Cleanup                             1 us
[3.918s][info   ][gc,stats       ]
[3.918s][info   ][gc,stats       ] Allocation pacing accrued:
[3.918s][info   ][gc,stats       ]       0 of    23 ms (  0.0%): <total>
[3.918s][info   ][gc,stats       ]       0 of    23 ms (  0.0%): <average total>
[3.918s][info   ][gc,stats       ]
[3.920s][info   ][safepoint,stats] ShenandoahInitMark           [             18               1 ][            56600      40300      36600     133500 ]               1
[3.933s][info   ][safepoint,stats] ShenandoahFinalMarkStartEvac [             18               1 ][            15600      41200     172200     229000 ]               1
[3.937s][info   ][safepoint,stats] ShenandoahFinalRoots         [             18               1 ][            20000      34700      25400      80100 ]               1
[3.937s][info   ][gc,stats       ]
[3.937s][info   ][gc,stats       ] All times are wall-clock times, except per-root-class counters, that are sum over
[3.937s][info   ][gc,stats       ] all workers. Dividing the <total> over the root stage time estimates parallelism.
[3.937s][info   ][gc,stats       ]
[3.937s][info   ][gc,stats       ] Concurrent Reset                     87 us
[3.937s][info   ][gc,stats       ] Pause Init Mark (G)                 213 us
[3.937s][info   ][gc,stats       ] Pause Init Mark (N)                  18 us
[3.937s][info   ][gc,stats       ]   Update Region States                0 us
[3.937s][info   ][gc,stats       ] Concurrent Mark Roots               563 us, parallelism: 0.83x
[3.937s][info   ][gc,stats       ]   CMR: <total>                      467 us
[3.937s][info   ][gc,stats       ]   CMR: Thread Roots                 215 us, workers (us): 215, ---, ---,
[3.937s][info   ][gc,stats       ]   CMR: VM Strong Roots               23 us, workers (us):  23, ---, ---,
[3.937s][info   ][gc,stats       ]   CMR: CLDG Roots                   229 us, workers (us): 229, ---, ---,
[3.937s][info   ][gc,stats       ] Concurrent Marking                12230 us
[3.937s][info   ][gc,stats       ] Pause Final Mark (G)                299 us
[3.937s][info   ][gc,stats       ] Pause Final Mark (N)                151 us
[3.937s][info   ][gc,stats       ]   Finish Mark                       128 us
[3.937s][info   ][gc,stats       ]   Update Region States                1 us
[3.937s][info   ][gc,stats       ]   Choose Collection Set               6 us
[3.937s][info   ][gc,stats       ]   Rebuild Free Set                    3 us
[3.937s][info   ][gc,stats       ] Concurrent Weak References           71 us, parallelism: 0.37x
[3.937s][info   ][gc,stats       ]   CWRF: <total>                      26 us
[3.937s][info   ][gc,stats       ]   CWRF: Weak References              26 us, workers (us):  26, ---, ---,
[3.937s][info   ][gc,stats       ] Concurrent Weak Roots               455 us
[3.937s][info   ][gc,stats       ]   Roots                             348 us, parallelism: 0.80x
[3.937s][info   ][gc,stats       ]     CWR: <total>                    280 us
[3.937s][info   ][gc,stats       ]     CWR: Code Cache Roots           134 us, workers (us): 134, ---, ---,
[3.937s][info   ][gc,stats       ]     CWR: VM Weak Roots              137 us, workers (us): 137, ---, ---,
[3.937s][info   ][gc,stats       ]     CWR: CLDG Roots                   9 us, workers (us):   9, ---, ---,
[3.937s][info   ][gc,stats       ]   Rendezvous                        100 us
[3.937s][info   ][gc,stats       ] Concurrent Cleanup                   47 us
[3.937s][info   ][gc,stats       ] Concurrent Class Unloading         2444 us
[3.937s][info   ][gc,stats       ]   Unlink Stale                     2252 us
[3.937s][info   ][gc,stats       ]     System Dictionary                 7 us
[3.937s][info   ][gc,stats       ]     Weak Class Links                  0 us
[3.937s][info   ][gc,stats       ]     Code Roots                     2243 us
[3.937s][info   ][gc,stats       ]   Rendezvous                         74 us
[3.937s][info   ][gc,stats       ]   Purge Unlinked                     84 us
[3.937s][info   ][gc,stats       ]     Code Roots                       75 us
[3.937s][info   ][gc,stats       ]     CLDG                              7 us
[3.937s][info   ][gc,stats       ]     Exception Caches                  0 us
[3.937s][info   ][gc,stats       ] Pause Final Roots (G)               170 us
[3.937s][info   ][gc,stats       ] Pause Final Roots (N)                 8 us
[3.937s][info   ][gc,stats       ]
[3.937s][info   ][gc,stats       ] Allocation pacing accrued:
[3.937s][info   ][gc,stats       ]       0 of    18 ms (  0.0%): <total>
[3.937s][info   ][gc,stats       ]       0 of    18 ms (  0.0%): <average total>
[3.937s][info   ][gc,stats       ]
[3.942s][info   ][safepoint,stats] ShenandoahInitMark           [             18               1 ][            66600      18800      61900     147300 ]               1
[3.955s][info   ][safepoint,stats] ShenandoahFinalMarkStartEvac [             18               1 ][            14900      33500     105800     154200 ]               1
[3.959s][info   ][safepoint,stats] ShenandoahFinalRoots         [             18               1 ][            22900      38100      32100      93100 ]               1
[3.959s][info   ][gc,stats       ]
[3.959s][info   ][gc,stats       ] All times are wall-clock times, except per-root-class counters, that are sum over
[3.959s][info   ][gc,stats       ] all workers. Dividing the <total> over the root stage time estimates parallelism.
[3.959s][info   ][gc,stats       ]
[3.959s][info   ][gc,stats       ] Concurrent Reset                     39 us
[3.959s][info   ][gc,stats       ] Pause Init Mark (G)                 204 us
[3.959s][info   ][gc,stats       ] Pause Init Mark (N)                  14 us
[3.959s][info   ][gc,stats       ]   Update Region States                0 us
[3.959s][info   ][gc,stats       ] Concurrent Mark Roots              1056 us, parallelism: 0.96x
[3.959s][info   ][gc,stats       ]   CMR: <total>                     1014 us
[3.959s][info   ][gc,stats       ]   CMR: Thread Roots                 410 us, workers (us): 410, ---, ---,
[3.959s][info   ][gc,stats       ]   CMR: VM Strong Roots               44 us, workers (us):  44, ---, ---,
[3.959s][info   ][gc,stats       ]   CMR: CLDG Roots                   560 us, workers (us): 560, ---, ---,
[3.959s][info   ][gc,stats       ] Concurrent Marking                11980 us
[3.959s][info   ][gc,stats       ] Pause Final Mark (G)                216 us
[3.959s][info   ][gc,stats       ] Pause Final Mark (N)                 83 us
[3.959s][info   ][gc,stats       ]   Finish Mark                        65 us
[3.959s][info   ][gc,stats       ]   Update Region States                1 us
[3.959s][info   ][gc,stats       ]   Choose Collection Set               2 us
[3.959s][info   ][gc,stats       ]   Rebuild Free Set                    3 us
[3.959s][info   ][gc,stats       ] Concurrent Weak References           62 us, parallelism: 0.45x
[3.960s][info   ][gc,stats       ]   CWRF: <total>                      28 us
[3.960s][info   ][gc,stats       ]   CWRF: Weak References              28 us, workers (us):  28, ---, ---,
[3.960s][info   ][gc,stats       ] Concurrent Weak Roots               386 us
[3.960s][info   ][gc,stats       ]   Roots                             331 us, parallelism: 0.85x
[3.960s][info   ][gc,stats       ]     CWR: <total>                    281 us
[3.960s][info   ][gc,stats       ]     CWR: Code Cache Roots           130 us, workers (us): 130, ---, ---,
[3.960s][info   ][gc,stats       ]     CWR: VM Weak Roots              139 us, workers (us): 139, ---, ---,
[3.960s][info   ][gc,stats       ]     CWR: CLDG Roots                  11 us, workers (us):  11, ---, ---,
[3.960s][info   ][gc,stats       ]   Rendezvous                         52 us
[3.960s][info   ][gc,stats       ] Concurrent Cleanup                    2 us
[3.960s][info   ][gc,stats       ] Concurrent Class Unloading         3060 us
[3.960s][info   ][gc,stats       ]   Unlink Stale                     2858 us
[3.960s][info   ][gc,stats       ]     System Dictionary                 9 us
[3.960s][info   ][gc,stats       ]     Weak Class Links                  0 us
[3.960s][info   ][gc,stats       ]     Code Roots                     2848 us
[3.960s][info   ][gc,stats       ]   Rendezvous                        116 us
[3.960s][info   ][gc,stats       ]   Purge Unlinked                     79 us
[3.960s][info   ][gc,stats       ]     Code Roots                       71 us
[3.960s][info   ][gc,stats       ]     CLDG                              7 us
[3.960s][info   ][gc,stats       ]     Exception Caches                  0 us
[3.960s][info   ][gc,stats       ] Pause Final Roots (G)               198 us
[3.960s][info   ][gc,stats       ] Pause Final Roots (N)                 9 us
[3.960s][info   ][gc,stats       ] Pacing                            35515 us
[3.960s][info   ][gc,stats       ]
[3.960s][info   ][gc,stats       ] Allocation pacing accrued:
[3.960s][info   ][gc,stats       ]      36 of    23 ms (154.9%): thread3
[3.960s][info   ][gc,stats       ]      36 of    23 ms (154.9%): <total>
[3.960s][info   ][gc,stats       ]       2 of    23 ms (  8.6%): <average total>
[3.960s][info   ][gc,stats       ]      36 of    23 ms (154.9%): <average non-zero>
[3.960s][info   ][gc,stats       ]
[3.961s][info   ][safepoint,stats] ShenandoahInitMark           [             18               1 ][            38400      20600      30700      89700 ]               1
[3.974s][info   ][safepoint,stats] ShenandoahFinalMarkStartEvac [             18               1 ][            15300      23300     240900     279500 ]               1
[3.977s][info   ][safepoint,stats] ShenandoahFinalRoots         [             18               1 ][            15700      25100      31500      72300 ]               1
[3.978s][info   ][gc,stats       ]
[3.978s][info   ][gc,stats       ] All times are wall-clock times, except per-root-class counters, that are sum over
[3.978s][info   ][gc,stats       ] all workers. Dividing the <total> over the root stage time estimates parallelism.
[3.978s][info   ][gc,stats       ]
[3.978s][info   ][gc,stats       ] Concurrent Reset                     61 us
[3.978s][info   ][gc,stats       ] Pause Init Mark (G)                 159 us
[3.978s][info   ][gc,stats       ] Pause Init Mark (N)                  16 us
[3.978s][info   ][gc,stats       ]   Update Region States                0 us
[3.978s][info   ][gc,stats       ] Concurrent Mark Roots               532 us, parallelism: 0.88x
[3.978s][info   ][gc,stats       ]   CMR: <total>                      468 us
[3.978s][info   ][gc,stats       ]   CMR: Thread Roots                 215 us, workers (us): 215, ---, ---,
[3.978s][info   ][gc,stats       ]   CMR: VM Strong Roots               24 us, workers (us):  24, ---, ---,
[3.978s][info   ][gc,stats       ]   CMR: CLDG Roots                   228 us, workers (us): 228, ---, ---,
[3.978s][info   ][gc,stats       ] Concurrent Marking                12055 us
[3.978s][info   ][gc,stats       ] Pause Final Mark (G)                352 us
[3.978s][info   ][gc,stats       ] Pause Final Mark (N)                113 us
[3.978s][info   ][gc,stats       ]   Finish Mark                        89 us
[3.978s][info   ][gc,stats       ]   Update Region States                1 us
[3.978s][info   ][gc,stats       ]   Choose Collection Set               9 us
[3.978s][info   ][gc,stats       ]   Rebuild Free Set                    2 us
[3.978s][info   ][gc,stats       ] Concurrent Weak References           57 us, parallelism: 0.67x
[3.978s][info   ][gc,stats       ]   CWRF: <total>                      38 us
[3.978s][info   ][gc,stats       ]   CWRF: Weak References              38 us, workers (us):  38, ---, ---,
[3.978s][info   ][gc,stats       ] Concurrent Weak Roots               714 us
[3.978s][info   ][gc,stats       ]   Roots                             639 us, parallelism: 0.93x
[3.978s][info   ][gc,stats       ]     CWR: <total>                    596 us
[3.978s][info   ][gc,stats       ]     CWR: Code Cache Roots           203 us, workers (us): 203, ---, ---,
[3.978s][info   ][gc,stats       ]     CWR: VM Weak Roots              379 us, workers (us): 379, ---, ---,
[3.978s][info   ][gc,stats       ]     CWR: CLDG Roots                  14 us, workers (us):  14, ---, ---,
[3.978s][info   ][gc,stats       ]   Rendezvous                         70 us
[3.978s][info   ][gc,stats       ] Concurrent Cleanup                   91 us
[3.978s][info   ][gc,stats       ] Concurrent Class Unloading         2331 us
[3.978s][info   ][gc,stats       ]   Unlink Stale                     2168 us
[3.978s][info   ][gc,stats       ]     System Dictionary                 9 us
[3.978s][info   ][gc,stats       ]     Weak Class Links                  0 us
[3.978s][info   ][gc,stats       ]     Code Roots                     2156 us
[3.978s][info   ][gc,stats       ]   Rendezvous                         86 us
[3.978s][info   ][gc,stats       ]   Purge Unlinked                     71 us
[3.978s][info   ][gc,stats       ]     Code Roots                       66 us
[3.978s][info   ][gc,stats       ]     CLDG                              4 us
[3.978s][info   ][gc,stats       ]     Exception Caches                  0 us
[3.978s][info   ][gc,stats       ] Pause Final Roots (G)               149 us
[3.978s][info   ][gc,stats       ] Pause Final Roots (N)                 7 us
[3.978s][info   ][gc,stats       ] Pacing                            13067 us
[3.978s][info   ][gc,stats       ]
[3.978s][info   ][gc,stats       ] Allocation pacing accrued:
[3.978s][info   ][gc,stats       ]      13 of    18 ms ( 72.5%): thread3
[3.978s][info   ][gc,stats       ]      13 of    18 ms ( 72.5%): <total>
[3.978s][info   ][gc,stats       ]       1 of    18 ms (  4.0%): <average total>
[3.978s][info   ][gc,stats       ]      13 of    18 ms ( 72.5%): <average non-zero>
[3.978s][info   ][gc,stats       ]
[4.019s][info   ][safepoint,stats] ShenandoahDegeneratedGC      [             18               1 ][           104200      47600   29050900   29202700 ]               1
[4.020s][info   ][gc,stats       ]
[4.020s][info   ][gc,stats       ] All times are wall-clock times, except per-root-class counters, that are sum over
[4.020s][info   ][gc,stats       ] all workers. Dividing the <total> over the root stage time estimates parallelism.
[4.020s][info   ][gc,stats       ]
[4.020s][info   ][gc,stats       ] Pause Degenerated GC (G)          29301 us
[4.020s][info   ][gc,stats       ] Pause Degenerated GC (N)          29022 us
[4.020s][info   ][gc,stats       ]   Degen STW Mark                   5090 us, parallelism: 2.94x
[4.020s][info   ][gc,stats       ]     DSM: <total>                  14983 us
[4.020s][info   ][gc,stats       ]     DSM: Thread Roots               187 us, workers (us):  69,  62,  55,
[4.020s][info   ][gc,stats       ]     DSM: VM Strong Roots             48 us, workers (us):   1,  24,  23,
[4.020s][info   ][gc,stats       ]     DSM: CLDG Roots                 480 us, workers (us): 461,   8,  11,
[4.020s][info   ][gc,stats       ]     DSM: Parallel Mark            14268 us, workers (us): 4470, 4899, 4899,
[4.020s][info   ][gc,stats       ]     System Purge                   5510 us
[4.020s][info   ][gc,stats       ]       Weak References                69 us, parallelism: 0.76x
[4.020s][info   ][gc,stats       ]         WRP: <total>                 53 us
[4.020s][info   ][gc,stats       ]         WRP: Weak References         53 us, workers (us):  37,  13,   2,
[4.020s][info   ][gc,stats       ]       Unload Classes               5199 us, parallelism: 0.43x
[4.020s][info   ][gc,stats       ]         DCU: <total>               2257 us
[4.020s][info   ][gc,stats       ]         DCU: Unload Code Caches     2257 us, workers (us): 767, 760, 731,
[4.020s][info   ][gc,stats       ]       Weak Roots                    205 us, parallelism: 2.49x
[4.020s][info   ][gc,stats       ]         DWR: <total>                511 us
[4.020s][info   ][gc,stats       ]         DWR: VM Weak Roots          511 us, workers (us): 179, 167, 165,
[4.020s][info   ][gc,stats       ]       CLDG                            1 us
[4.020s][info   ][gc,stats       ]   Update Region States                2 us
[4.020s][info   ][gc,stats       ]   Manage GC/TLABs                     8 us
[4.020s][info   ][gc,stats       ]   Choose Collection Set               4 us
[4.020s][info   ][gc,stats       ]   Rebuild Free Set                    3 us
[4.020s][info   ][gc,stats       ]   Cleanup                             1 us
[4.020s][info   ][gc,stats       ]   Pre Heap Dump                       1 us
[4.020s][info   ][gc,stats       ]   Prepare                            52 us
[4.020s][info   ][gc,stats       ]   Mark                            10417 us, parallelism: 1.09x
[4.020s][info   ][gc,stats       ]     FM: <total>                   11321 us
[4.020s][info   ][gc,stats       ]     FM: Thread Roots                116 us, workers (us):  42,  39,  35,
[4.020s][info   ][gc,stats       ]     FM: VM Strong Roots              31 us, workers (us):  12,   1,  18,
[4.020s][info   ][gc,stats       ]     FM: CLDG Roots                  206 us, workers (us):   5, 198,   2,
[4.020s][info   ][gc,stats       ]     FM: Parallel Mark             10968 us, workers (us): 3717, 3540, 3711,
[4.020s][info   ][gc,stats       ]     System Purge                   6553 us
[4.020s][info   ][gc,stats       ]       Weak References                95 us, parallelism: 0.56x
[4.020s][info   ][gc,stats       ]         WRP: <total>                 53 us
[4.020s][info   ][gc,stats       ]         WRP: Weak References         53 us, workers (us):  42,  11,   0,
[4.020s][info   ][gc,stats       ]       Unload Classes               6181 us, parallelism: 0.36x
[4.020s][info   ][gc,stats       ]         CU: <total>                2239 us
[4.020s][info   ][gc,stats       ]         CU: Unload Code Caches     2239 us, workers (us): 720, 750, 769,
[4.020s][info   ][gc,stats       ]       Weak Roots                    239 us, parallelism: 2.14x
[4.020s][info   ][gc,stats       ]         WR: <total>                 513 us
[4.020s][info   ][gc,stats       ]         WR: VM Weak Roots           513 us, workers (us): 172, 173, 167,
[4.020s][info   ][gc,stats       ]       CLDG                            1 us
[4.020s][info   ][gc,stats       ]   Calculate Addresses              2897 us
[4.020s][info   ][gc,stats       ]     Regular Objects                2892 us
[4.020s][info   ][gc,stats       ]     Humongous Objects                 1 us
[4.020s][info   ][gc,stats       ]   Adjust Pointers                  3011 us
[4.020s][info   ][gc,stats       ]     FA: <total>                    1431 us
[4.020s][info   ][gc,stats       ]     FA: Thread Roots                 82 us, workers (us):   1,   2,  79,
[4.020s][info   ][gc,stats       ]     FA: Code Cache Roots           1002 us, workers (us): 406, 398, 198,
[4.020s][info   ][gc,stats       ]     FA: VM Strong Roots              10 us, workers (us):   6,   3,   1,
[4.020s][info   ][gc,stats       ]     FA: VM Weak Roots               249 us, workers (us):  84,  84,  81,
[4.020s][info   ][gc,stats       ]     FA: CLDG Roots                   88 us, workers (us):  10,  10,  68,
[4.020s][info   ][gc,stats       ]   Copy Objects                     1735 us
[4.020s][info   ][gc,stats       ]     Regular Objects                1698 us
[4.020s][info   ][gc,stats       ]     Humongous Objects                 0 us
[4.020s][info   ][gc,stats       ]     Reset Complete Bitmap            30 us
[4.020s][info   ][gc,stats       ]     Rebuild Region Sets               4 us
[4.020s][info   ][gc,stats       ]   Post Heap Dump                      1 us
[4.020s][info   ][gc,stats       ]
[4.020s][info   ][gc,stats       ] Allocation pacing accrued:
[4.020s][info   ][gc,stats       ]       0 of    42 ms (  0.0%): <total>
[4.020s][info   ][gc,stats       ]       0 of    42 ms (  0.0%): <average total>
[4.020s][info   ][gc,stats       ]
[4.022s][info   ][safepoint,stats] ShenandoahInitMark           [             18               1 ][           227500      31500      68000     327000 ]               1
[4.037s][info   ][safepoint,stats] ShenandoahFinalMarkStartEvac [             18               1 ][            23900      56800     229300     310000 ]               1
[4.041s][info   ][safepoint,stats] ShenandoahFinalRoots         [             18               1 ][            17600      34700      24400      76700 ]               1
[4.041s][info   ][gc,stats       ]
[4.041s][info   ][gc,stats       ] All times are wall-clock times, except per-root-class counters, that are sum over
[4.041s][info   ][gc,stats       ] all workers. Dividing the <total> over the root stage time estimates parallelism.
[4.041s][info   ][gc,stats       ]
[4.041s][info   ][gc,stats       ] Concurrent Reset                     36 us
[4.041s][info   ][gc,stats       ] Pause Init Mark (G)                 381 us
[4.041s][info   ][gc,stats       ] Pause Init Mark (N)                  37 us
[4.041s][info   ][gc,stats       ]   Update Region States                1 us
[4.041s][info   ][gc,stats       ] Concurrent Mark Roots               618 us, parallelism: 0.90x
[4.041s][info   ][gc,stats       ]   CMR: <total>                      553 us
[4.041s][info   ][gc,stats       ]   CMR: Thread Roots                 231 us, workers (us): 231, ---, ---,
[4.041s][info   ][gc,stats       ]   CMR: VM Strong Roots               40 us, workers (us):  40, ---, ---,
[4.041s][info   ][gc,stats       ]   CMR: CLDG Roots                   281 us, workers (us): 281, ---, ---,
[4.041s][info   ][gc,stats       ] Concurrent Marking                13987 us
[4.041s][info   ][gc,stats       ] Pause Final Mark (G)                445 us
[4.041s][info   ][gc,stats       ] Pause Final Mark (N)                190 us
[4.041s][info   ][gc,stats       ]   Finish Mark                       139 us
[4.041s][info   ][gc,stats       ]   Update Region States                3 us
[4.041s][info   ][gc,stats       ]   Choose Collection Set              13 us
[4.041s][info   ][gc,stats       ]   Rebuild Free Set                    4 us
[4.041s][info   ][gc,stats       ] Concurrent Weak References          115 us, parallelism: 0.26x
[4.041s][info   ][gc,stats       ]   CWRF: <total>                      29 us
[4.041s][info   ][gc,stats       ]   CWRF: Weak References              29 us, workers (us):  29, ---, ---,
[4.041s][info   ][gc,stats       ] Concurrent Weak Roots               479 us
[4.041s][info   ][gc,stats       ]   Roots                             422 us, parallelism: 0.66x
[4.041s][info   ][gc,stats       ]     CWR: <total>                    279 us
[4.041s][info   ][gc,stats       ]     CWR: Code Cache Roots           130 us, workers (us): 130, ---, ---,
[4.041s][info   ][gc,stats       ]     CWR: VM Weak Roots              139 us, workers (us): 139, ---, ---,
[4.041s][info   ][gc,stats       ]     CWR: CLDG Roots                  10 us, workers (us):  10, ---, ---,
[4.041s][info   ][gc,stats       ]   Rendezvous                         50 us
[4.041s][info   ][gc,stats       ] Concurrent Cleanup                   62 us
[4.041s][info   ][gc,stats       ] Concurrent Class Unloading         2518 us
[4.041s][info   ][gc,stats       ]   Unlink Stale                     2364 us
[4.041s][info   ][gc,stats       ]     System Dictionary                 7 us
[4.041s][info   ][gc,stats       ]     Weak Class Links                  0 us
[4.041s][info   ][gc,stats       ]     Code Roots                     2354 us
[4.041s][info   ][gc,stats       ]   Rendezvous                         70 us
[4.041s][info   ][gc,stats       ]   Purge Unlinked                     78 us
[4.041s][info   ][gc,stats       ]     Code Roots                       72 us
[4.041s][info   ][gc,stats       ]     CLDG                              5 us
[4.041s][info   ][gc,stats       ]     Exception Caches                  0 us
[4.041s][info   ][gc,stats       ] Pause Final Roots (G)               159 us
[4.041s][info   ][gc,stats       ] Pause Final Roots (N)                 6 us
[4.041s][info   ][gc,stats       ] Pacing                            14557 us
[4.041s][info   ][gc,stats       ]
[4.041s][info   ][gc,stats       ] Allocation pacing accrued:
[4.041s][info   ][gc,stats       ]      15 of    21 ms ( 69.8%): thread3
[4.041s][info   ][gc,stats       ]      15 of    21 ms ( 69.8%): <total>
[4.041s][info   ][gc,stats       ]       1 of    21 ms (  3.9%): <average total>
[4.041s][info   ][gc,stats       ]      15 of    21 ms ( 69.8%): <average non-zero>
[4.041s][info   ][gc,stats       ]
[4.055s][info   ][safepoint,stats] ShenandoahInitMark           [             18               1 ][            81000      32300      37400     150700 ]               1
[4.056s][info   ][gc,stats       ]
[4.056s][info   ][gc,stats       ] All times are wall-clock times, except per-root-class counters, that are sum over
[4.056s][info   ][gc,stats       ] all workers. Dividing the <total> over the root stage time estimates parallelism.
[4.056s][info   ][gc,stats       ]
[4.056s][info   ][gc,stats       ] Concurrent Reset                     81 us
[4.056s][info   ][gc,stats       ] Pause Init Mark (G)                 216 us
[4.056s][info   ][gc,stats       ] Pause Init Mark (N)                  17 us
[4.056s][info   ][gc,stats       ]   Update Region States                1 us
[4.056s][info   ][gc,stats       ] Concurrent Mark Roots               996 us, parallelism: 0.91x
[4.056s][info   ][gc,stats       ]   CMR: <total>                      910 us
[4.056s][info   ][gc,stats       ]   CMR: Thread Roots                 623 us, workers (us): 623, ---, ---,
[4.056s][info   ][gc,stats       ]   CMR: VM Strong Roots               23 us, workers (us):  23, ---, ---,
[4.056s][info   ][gc,stats       ]   CMR: CLDG Roots                   263 us, workers (us): 263, ---, ---,
[4.056s][info   ][gc,stats       ] Pacing                            13359 us
[4.056s][info   ][gc,stats       ]
[4.056s][info   ][gc,stats       ] Allocation pacing accrued:
[4.056s][info   ][gc,stats       ]      13 of    15 ms ( 90.5%): thread3
[4.056s][info   ][gc,stats       ]      13 of    15 ms ( 90.5%): <total>
[4.056s][info   ][gc,stats       ]       1 of    15 ms (  5.0%): <average total>
[4.056s][info   ][gc,stats       ]      13 of    15 ms ( 90.5%): <average non-zero>
[4.056s][info   ][gc,stats       ]
[4.081s][info   ][safepoint,stats] ShenandoahDegeneratedGC      [             18               1 ][            49500      43400   10897400   10990300 ]               1
[4.081s][info   ][gc,stats       ]
[4.081s][info   ][gc,stats       ] All times are wall-clock times, except per-root-class counters, that are sum over
[4.081s][info   ][gc,stats       ] all workers. Dividing the <total> over the root stage time estimates parallelism.
[4.081s][info   ][gc,stats       ]
[4.081s][info   ][gc,stats       ] Pause Degenerated GC (G)          11081 us
[4.081s][info   ][gc,stats       ] Pause Degenerated GC (N)          10865 us
[4.081s][info   ][gc,stats       ]   Degen STW Mark                   4770 us, parallelism: 2.94x
[4.081s][info   ][gc,stats       ]     DSM: <total>                  14044 us
[4.081s][info   ][gc,stats       ]     DSM: Thread Roots               113 us, workers (us):  40,  36,  37,
[4.081s][info   ][gc,stats       ]     DSM: VM Strong Roots             23 us, workers (us):  11,   1,  11,
[4.081s][info   ][gc,stats       ]     DSM: CLDG Roots                 405 us, workers (us):   6, 398,   2,
[4.081s][info   ][gc,stats       ]     DSM: Parallel Mark            13503 us, workers (us): 4627, 4250, 4626,
[4.081s][info   ][gc,stats       ]     System Purge                   5745 us
[4.081s][info   ][gc,stats       ]       Weak References                74 us, parallelism: 0.60x
[4.081s][info   ][gc,stats       ]         WRP: <total>                 44 us
[4.081s][info   ][gc,stats       ]         WRP: Weak References         44 us, workers (us):  33,  11,   0,
[4.081s][info   ][gc,stats       ]       Unload Classes               5416 us, parallelism: 0.41x
[4.081s][info   ][gc,stats       ]         DCU: <total>               2231 us
[4.081s][info   ][gc,stats       ]         DCU: Unload Code Caches     2231 us, workers (us): 726, 748, 757,
[4.081s][info   ][gc,stats       ]       Weak Roots                    220 us, parallelism: 2.34x
[4.081s][info   ][gc,stats       ]         DWR: <total>                515 us
[4.081s][info   ][gc,stats       ]         DWR: VM Weak Roots          515 us, workers (us): 173, 173, 168,
[4.081s][info   ][gc,stats       ]       CLDG                            1 us
[4.081s][info   ][gc,stats       ]   Update Region States                2 us
[4.081s][info   ][gc,stats       ]   Manage GC/TLABs                     9 us
[4.081s][info   ][gc,stats       ]   Choose Collection Set              10 us
[4.081s][info   ][gc,stats       ]   Rebuild Free Set                    2 us
[4.081s][info   ][gc,stats       ]   Cleanup                             1 us
[4.081s][info   ][gc,stats       ]
[4.081s][info   ][gc,stats       ] Allocation pacing accrued:
[4.081s][info   ][gc,stats       ]       0 of    26 ms (  0.0%): <total>
[4.081s][info   ][gc,stats       ]       0 of    26 ms (  0.0%): <average total>
[4.081s][info   ][gc,stats       ]
[4.083s][info   ][safepoint,stats] ShenandoahInitMark           [             18               1 ][            37400      26800      28500      92700 ]               1
[4.097s][info   ][safepoint,stats] ShenandoahFinalMarkStartEvac [             18               1 ][            15900      29300     133500     178700 ]               1
[4.100s][info   ][safepoint,stats] ShenandoahFinalRoots         [             18               1 ][            19100      29700      30700      79500 ]               1
[4.100s][info   ][gc,stats       ]
[4.100s][info   ][gc,stats       ] All times are wall-clock times, except per-root-class counters, that are sum over
[4.100s][info   ][gc,stats       ] all workers. Dividing the <total> over the root stage time estimates parallelism.
[4.100s][info   ][gc,stats       ]
[4.100s][info   ][gc,stats       ] Concurrent Reset                     66 us
[4.100s][info   ][gc,stats       ] Pause Init Mark (G)                 172 us
[4.100s][info   ][gc,stats       ] Pause Init Mark (N)                  14 us
[4.100s][info   ][gc,stats       ]   Update Region States                1 us
[4.100s][info   ][gc,stats       ] Concurrent Mark Roots               549 us, parallelism: 0.89x
[4.100s][info   ][gc,stats       ]   CMR: <total>                      490 us
[4.100s][info   ][gc,stats       ]   CMR: Thread Roots                 235 us, workers (us): 235, ---, ---,
[4.100s][info   ][gc,stats       ]   CMR: VM Strong Roots               25 us, workers (us):  25, ---, ---,
[4.100s][info   ][gc,stats       ]   CMR: CLDG Roots                   231 us, workers (us): 231, ---, ---,
[4.100s][info   ][gc,stats       ] Concurrent Marking                13144 us
[4.100s][info   ][gc,stats       ] Pause Final Mark (G)                247 us
[4.100s][info   ][gc,stats       ] Pause Final Mark (N)                 98 us
[4.100s][info   ][gc,stats       ]   Finish Mark                        75 us
[4.100s][info   ][gc,stats       ]   Update Region States                1 us
[4.100s][info   ][gc,stats       ]   Choose Collection Set               7 us
[4.100s][info   ][gc,stats       ]   Rebuild Free Set                    2 us
[4.100s][info   ][gc,stats       ] Concurrent Weak References           71 us, parallelism: 0.53x
[4.100s][info   ][gc,stats       ]   CWRF: <total>                      38 us
[4.100s][info   ][gc,stats       ]   CWRF: Weak References              38 us, workers (us):  38, ---, ---,
[4.100s][info   ][gc,stats       ] Concurrent Weak Roots               399 us
[4.100s][info   ][gc,stats       ]   Roots                             317 us, parallelism: 0.87x
[4.100s][info   ][gc,stats       ]     CWR: <total>                    277 us
[4.100s][info   ][gc,stats       ]     CWR: Code Cache Roots           130 us, workers (us): 130, ---, ---,
[4.100s][info   ][gc,stats       ]     CWR: VM Weak Roots              137 us, workers (us): 137, ---, ---,
[4.100s][info   ][gc,stats       ]     CWR: CLDG Roots                  11 us, workers (us):  11, ---, ---,
[4.100s][info   ][gc,stats       ]   Rendezvous                         76 us
[4.100s][info   ][gc,stats       ] Concurrent Cleanup                   40 us
[4.100s][info   ][gc,stats       ] Concurrent Class Unloading         2135 us
[4.100s][info   ][gc,stats       ]   Unlink Stale                     2039 us
[4.100s][info   ][gc,stats       ]     System Dictionary                 7 us
[4.100s][info   ][gc,stats       ]     Weak Class Links                  0 us
[4.100s][info   ][gc,stats       ]     Code Roots                     2029 us
[4.100s][info   ][gc,stats       ]   Rendezvous                         47 us
[4.100s][info   ][gc,stats       ]   Purge Unlinked                     44 us
[4.100s][info   ][gc,stats       ]     Code Roots                       39 us
[4.100s][info   ][gc,stats       ]     CLDG                              4 us
[4.100s][info   ][gc,stats       ]     Exception Caches                  0 us
[4.100s][info   ][gc,stats       ] Pause Final Roots (G)               222 us
[4.100s][info   ][gc,stats       ] Pause Final Roots (N)                 5 us
[4.100s][info   ][gc,stats       ] Pacing                             3212 us
[4.100s][info   ][gc,stats       ]
[4.100s][info   ][gc,stats       ] Allocation pacing accrued:
[4.100s][info   ][gc,stats       ]       3 of    19 ms ( 16.9%): thread3
[4.100s][info   ][gc,stats       ]       3 of    19 ms ( 16.9%): <total>
[4.100s][info   ][gc,stats       ]       0 of    19 ms (  0.9%): <average total>
[4.100s][info   ][gc,stats       ]       3 of    19 ms ( 16.9%): <average non-zero>
[4.100s][info   ][gc,stats       ]
[4.102s][info   ][safepoint,stats] ShenandoahInitMark           [             18               1 ][            41400      27300      41600     110300 ]               1
[4.116s][info   ][safepoint,stats] ShenandoahFinalMarkStartEvac [             18               1 ][            19800      35400     122100     177300 ]               1
thread: thread1, costs 1011 ms
[4.119s][info   ][safepoint,stats] ShenandoahFinalRoots         [             18               1 ][            15400      33300      20800      69500 ]               1
[4.119s][info   ][gc,stats       ]
[4.119s][info   ][gc,stats       ] All times are wall-clock times, except per-root-class counters, that are sum over
[4.119s][info   ][gc,stats       ] all workers. Dividing the <total> over the root stage time estimates parallelism.
[4.119s][info   ][gc,stats       ]
[4.119s][info   ][gc,stats       ] Concurrent Reset                     40 us
[4.119s][info   ][gc,stats       ] Pause Init Mark (G)                 160 us
[4.119s][info   ][gc,stats       ] Pause Init Mark (N)                  16 us
[4.119s][info   ][gc,stats       ]   Update Region States                0 us
[4.119s][info   ][gc,stats       ] Concurrent Mark Roots               506 us, parallelism: 0.88x
[4.119s][info   ][gc,stats       ]   CMR: <total>                      443 us
[4.119s][info   ][gc,stats       ]   CMR: Thread Roots                 189 us, workers (us): 189, ---, ---,
[4.119s][info   ][gc,stats       ]   CMR: VM Strong Roots               25 us, workers (us):  25, ---, ---,
[4.119s][info   ][gc,stats       ]   CMR: CLDG Roots                   230 us, workers (us): 230, ---, ---,
[4.119s][info   ][gc,stats       ] Concurrent Marking                12611 us
[4.119s][info   ][gc,stats       ] Pause Final Mark (G)                247 us
[4.119s][info   ][gc,stats       ] Pause Final Mark (N)                 97 us
[4.119s][info   ][gc,stats       ]   Finish Mark                        71 us
[4.119s][info   ][gc,stats       ]   Update Region States                1 us
[4.119s][info   ][gc,stats       ]   Choose Collection Set               7 us
[4.119s][info   ][gc,stats       ]   Rebuild Free Set                    2 us
[4.119s][info   ][gc,stats       ] Concurrent Weak References           74 us, parallelism: 0.56x
[4.119s][info   ][gc,stats       ]   CWRF: <total>                      42 us
[4.119s][info   ][gc,stats       ]   CWRF: Weak References              42 us, workers (us):  42, ---, ---,
[4.119s][info   ][gc,stats       ] Concurrent Weak Roots               436 us
[4.119s][info   ][gc,stats       ]   Roots                             351 us, parallelism: 0.81x
[4.119s][info   ][gc,stats       ]     CWR: <total>                    285 us
[4.119s][info   ][gc,stats       ]     CWR: Code Cache Roots           138 us, workers (us): 138, ---, ---,
[4.119s][info   ][gc,stats       ]     CWR: VM Weak Roots              138 us, workers (us): 138, ---, ---,
[4.119s][info   ][gc,stats       ]     CWR: CLDG Roots                   8 us, workers (us):   8, ---, ---,
[4.119s][info   ][gc,stats       ]   Rendezvous                         79 us
[4.119s][info   ][gc,stats       ] Concurrent Cleanup                   41 us
[4.119s][info   ][gc,stats       ] Concurrent Class Unloading         2812 us
[4.119s][info   ][gc,stats       ]   Unlink Stale                     2671 us
[4.119s][info   ][gc,stats       ]     System Dictionary                 8 us
[4.119s][info   ][gc,stats       ]     Weak Class Links                  0 us
[4.119s][info   ][gc,stats       ]     Code Roots                     2661 us
[4.119s][info   ][gc,stats       ]   Rendezvous                         77 us
[4.119s][info   ][gc,stats       ]   Purge Unlinked                     58 us
[4.119s][info   ][gc,stats       ]     Code Roots                       52 us
[4.119s][info   ][gc,stats       ]     CLDG                              5 us
[4.119s][info   ][gc,stats       ]     Exception Caches                  0 us
[4.119s][info   ][gc,stats       ] Pause Final Roots (G)               131 us
[4.119s][info   ][gc,stats       ] Pause Final Roots (N)                 5 us
[4.119s][info   ][gc,stats       ] Pacing                            27544 us
[4.119s][info   ][gc,stats       ]
[4.119s][info   ][gc,stats       ] Allocation pacing accrued:
[4.119s][info   ][gc,stats       ]      28 of    19 ms (145.3%): thread3
[4.119s][info   ][gc,stats       ]      28 of    19 ms (145.3%): <total>
[4.119s][info   ][gc,stats       ]       2 of    19 ms (  8.1%): <average total>
[4.119s][info   ][gc,stats       ]      28 of    19 ms (145.3%): <average non-zero>
[4.119s][info   ][gc,stats       ]
[4.121s][info   ][safepoint,stats] ShenandoahInitMark           [             18               1 ][            40000      25300      35600     100900 ]               1
[4.122s][info   ][gc,stats       ]
[4.122s][info   ][gc,stats       ] All times are wall-clock times, except per-root-class counters, that are sum over
[4.122s][info   ][gc,stats       ] all workers. Dividing the <total> over the root stage time estimates parallelism.
[4.122s][info   ][gc,stats       ]
[4.122s][info   ][gc,stats       ] Concurrent Reset                     52 us
[4.122s][info   ][gc,stats       ] Pause Init Mark (G)                 166 us
[4.122s][info   ][gc,stats       ] Pause Init Mark (N)                  19 us
[4.122s][info   ][gc,stats       ]   Update Region States                1 us
[4.122s][info   ][gc,stats       ] Concurrent Mark Roots               482 us, parallelism: 0.86x
[4.122s][info   ][gc,stats       ]   CMR: <total>                      417 us
[4.122s][info   ][gc,stats       ]   CMR: Thread Roots                 216 us, workers (us): 216, ---, ---,
[4.122s][info   ][gc,stats       ]   CMR: VM Strong Roots               20 us, workers (us):  20, ---, ---,
[4.122s][info   ][gc,stats       ]   CMR: CLDG Roots                   181 us, workers (us): 181, ---, ---,
[4.122s][info   ][gc,stats       ]
[4.122s][info   ][gc,stats       ] Allocation pacing accrued:
[4.122s][info   ][gc,stats       ]       0 of     2 ms (  0.0%): <total>
[4.122s][info   ][gc,stats       ]       0 of     2 ms (  0.0%): <average total>
[4.122s][info   ][gc,stats       ]
[4.146s][info   ][safepoint,stats] ShenandoahDegeneratedGC      [             18               1 ][            71300      59800   11682600   11813700 ]               1
[4.146s][info   ][gc,stats       ]
[4.146s][info   ][gc,stats       ] All times are wall-clock times, except per-root-class counters, that are sum over
[4.146s][info   ][gc,stats       ] all workers. Dividing the <total> over the root stage time estimates parallelism.
[4.146s][info   ][gc,stats       ]
[4.146s][info   ][gc,stats       ] Pause Degenerated GC (G)          11890 us
[4.146s][info   ][gc,stats       ] Pause Degenerated GC (N)          11656 us
[4.146s][info   ][gc,stats       ]   Degen STW Mark                   4819 us, parallelism: 2.94x
[4.146s][info   ][gc,stats       ]     DSM: <total>                  14143 us
[4.146s][info   ][gc,stats       ]     DSM: Thread Roots               182 us, workers (us):  66,  65,  50,
[4.146s][info   ][gc,stats       ]     DSM: VM Strong Roots             48 us, workers (us):  24,  23,   0,
[4.146s][info   ][gc,stats       ]     DSM: CLDG Roots                 632 us, workers (us):   4,   5, 623,
[4.146s][info   ][gc,stats       ]     DSM: Parallel Mark            13282 us, workers (us): 4627, 4618, 4036,
[4.146s][info   ][gc,stats       ]     System Purge                   6478 us
[4.146s][info   ][gc,stats       ]       Weak References                66 us, parallelism: 0.45x
[4.146s][info   ][gc,stats       ]         WRP: <total>                 29 us
[4.146s][info   ][gc,stats       ]         WRP: Weak References         29 us, workers (us):  22,   7,   1,
[4.146s][info   ][gc,stats       ]       Unload Classes               6114 us, parallelism: 0.38x
[4.146s][info   ][gc,stats       ]         DCU: <total>               2325 us
[4.146s][info   ][gc,stats       ]         DCU: Unload Code Caches     2325 us, workers (us): 783, 755, 787,
[4.146s][info   ][gc,stats       ]       Weak Roots                    262 us, parallelism: 2.32x
[4.146s][info   ][gc,stats       ]         DWR: <total>                608 us
[4.146s][info   ][gc,stats       ]         DWR: VM Weak Roots          608 us, workers (us): 205, 202, 201,
[4.146s][info   ][gc,stats       ]       CLDG                            1 us
[4.146s][info   ][gc,stats       ]   Update Region States                2 us
[4.146s][info   ][gc,stats       ]   Manage GC/TLABs                     8 us
[4.146s][info   ][gc,stats       ]   Choose Collection Set              10 us
[4.146s][info   ][gc,stats       ]   Rebuild Free Set                    2 us
[4.146s][info   ][gc,stats       ]   Cleanup                             1 us
[4.146s][info   ][gc,stats       ]
[4.146s][info   ][gc,stats       ] Allocation pacing accrued:
[4.146s][info   ][gc,stats       ]       0 of    24 ms (  0.0%): <total>
[4.146s][info   ][gc,stats       ]       0 of    24 ms (  0.0%): <average total>
[4.146s][info   ][gc,stats       ]
[4.148s][info   ][safepoint,stats] ShenandoahInitMark           [             18               1 ][            36400      22400      26400      85200 ]               1
[4.162s][info   ][safepoint,stats] ShenandoahFinalMarkStartEvac [             18               1 ][            25600      22900      82800     131300 ]               1
[4.166s][info   ][safepoint,stats] ShenandoahFinalRoots         [             18               1 ][            24800      40400      21900      87100 ]               1
[4.166s][info   ][gc,stats       ]
[4.166s][info   ][gc,stats       ] All times are wall-clock times, except per-root-class counters, that are sum over
[4.166s][info   ][gc,stats       ] all workers. Dividing the <total> over the root stage time estimates parallelism.
[4.166s][info   ][gc,stats       ]
[4.166s][info   ][gc,stats       ] Concurrent Reset                     64 us
[4.166s][info   ][gc,stats       ] Pause Init Mark (G)                 140 us
[4.166s][info   ][gc,stats       ] Pause Init Mark (N)                  14 us
[4.166s][info   ][gc,stats       ]   Update Region States                0 us
[4.166s][info   ][gc,stats       ] Concurrent Mark Roots               540 us, parallelism: 0.85x
[4.166s][info   ][gc,stats       ]   CMR: <total>                      461 us
[4.166s][info   ][gc,stats       ]   CMR: Thread Roots                 214 us, workers (us): 214, ---, ---,
[4.166s][info   ][gc,stats       ]   CMR: VM Strong Roots               23 us, workers (us):  23, ---, ---,
[4.166s][info   ][gc,stats       ]   CMR: CLDG Roots                   223 us, workers (us): 223, ---, ---,
[4.166s][info   ][gc,stats       ] Concurrent Marking                13439 us
[4.166s][info   ][gc,stats       ] Pause Final Mark (G)                195 us
[4.166s][info   ][gc,stats       ] Pause Final Mark (N)                 67 us
[4.166s][info   ][gc,stats       ]   Finish Mark                        44 us
[4.166s][info   ][gc,stats       ]   Update Region States                2 us
[4.166s][info   ][gc,stats       ]   Choose Collection Set               8 us
[4.166s][info   ][gc,stats       ]   Rebuild Free Set                    2 us
[4.166s][info   ][gc,stats       ] Concurrent Weak References           77 us, parallelism: 0.48x
[4.166s][info   ][gc,stats       ]   CWRF: <total>                      37 us
[4.166s][info   ][gc,stats       ]   CWRF: Weak References              37 us, workers (us):  37, ---, ---,
[4.166s][info   ][gc,stats       ] Concurrent Weak Roots               538 us
[4.166s][info   ][gc,stats       ]   Roots                             441 us, parallelism: 0.88x
[4.166s][info   ][gc,stats       ]     CWR: <total>                    391 us
[4.166s][info   ][gc,stats       ]     CWR: Code Cache Roots           129 us, workers (us): 129, ---, ---,
[4.166s][info   ][gc,stats       ]     CWR: VM Weak Roots              252 us, workers (us): 252, ---, ---,
[4.166s][info   ][gc,stats       ]     CWR: CLDG Roots                   9 us, workers (us):   9, ---, ---,
[4.166s][info   ][gc,stats       ]   Rendezvous                         93 us
[4.166s][info   ][gc,stats       ] Concurrent Cleanup                   35 us
[4.166s][info   ][gc,stats       ] Concurrent Class Unloading         2520 us
[4.166s][info   ][gc,stats       ]   Unlink Stale                     2387 us
[4.166s][info   ][gc,stats       ]     System Dictionary                 4 us
[4.166s][info   ][gc,stats       ]     Weak Class Links                  0 us
[4.166s][info   ][gc,stats       ]     Code Roots                     2382 us
[4.166s][info   ][gc,stats       ]   Rendezvous                         77 us
[4.166s][info   ][gc,stats       ]   Purge Unlinked                     48 us
[4.166s][info   ][gc,stats       ]     Code Roots                       41 us
[4.166s][info   ][gc,stats       ]     CLDG                              6 us
[4.166s][info   ][gc,stats       ]     Exception Caches                  0 us
[4.166s][info   ][gc,stats       ] Pause Final Roots (G)               201 us
[4.166s][info   ][gc,stats       ] Pause Final Roots (N)                 5 us
[4.166s][info   ][gc,stats       ] Pacing                             3159 us
[4.166s][info   ][gc,stats       ]
[4.166s][info   ][gc,stats       ] Allocation pacing accrued:
[4.166s][info   ][gc,stats       ]      16 of    20 ms ( 80.1%): thread3
[4.166s][info   ][gc,stats       ]      16 of    20 ms ( 80.1%): <total>
[4.166s][info   ][gc,stats       ]       1 of    20 ms (  4.4%): <average total>
[4.166s][info   ][gc,stats       ]      16 of    20 ms ( 80.1%): <average non-zero>
[4.166s][info   ][gc,stats       ]
[4.168s][info   ][safepoint,stats] VM Operation                 [ threads: total initial_running ][ time:       sync    cleanup       vmop      total ] page_trap_count
[4.168s][info   ][safepoint,stats] ShenandoahInitMark           [             18               1 ][            30700      31000      41500     103200 ]               1
[4.181s][info   ][safepoint,stats] ShenandoahFinalMarkStartEvac [             18               1 ][            26500      26600     125700     178800 ]               1
[4.185s][info   ][safepoint,stats] ShenandoahFinalRoots         [             18               1 ][            19800      47900      35400     103100 ]               1
[4.185s][info   ][gc,stats       ]
[4.185s][info   ][gc,stats       ] All times are wall-clock times, except per-root-class counters, that are sum over
[4.185s][info   ][gc,stats       ] all workers. Dividing the <total> over the root stage time estimates parallelism.
[4.185s][info   ][gc,stats       ]
[4.185s][info   ][gc,stats       ] Concurrent Reset                     53 us
[4.185s][info   ][gc,stats       ] Pause Init Mark (G)                 170 us
[4.185s][info   ][gc,stats       ] Pause Init Mark (N)                  16 us
[4.185s][info   ][gc,stats       ]   Update Region States                0 us
[4.185s][info   ][gc,stats       ] Concurrent Mark Roots               531 us, parallelism: 0.90x
[4.185s][info   ][gc,stats       ]   CMR: <total>                      476 us
[4.185s][info   ][gc,stats       ]   CMR: Thread Roots                 226 us, workers (us): 226, ---, ---,
[4.185s][info   ][gc,stats       ]   CMR: VM Strong Roots               25 us, workers (us):  25, ---, ---,
[4.185s][info   ][gc,stats       ]   CMR: CLDG Roots                   226 us, workers (us): 226, ---, ---,
[4.185s][info   ][gc,stats       ] Concurrent Marking                12576 us
[4.185s][info   ][gc,stats       ] Pause Final Mark (G)                271 us
[4.185s][info   ][gc,stats       ] Pause Final Mark (N)                101 us
[4.185s][info   ][gc,stats       ]   Finish Mark                        73 us
[4.185s][info   ][gc,stats       ]   Update Region States                1 us
[4.185s][info   ][gc,stats       ]   Choose Collection Set               9 us
[4.185s][info   ][gc,stats       ]   Rebuild Free Set                    3 us
[4.185s][info   ][gc,stats       ] Concurrent Weak References           80 us, parallelism: 0.52x
[4.185s][info   ][gc,stats       ]   CWRF: <total>                      42 us
[4.185s][info   ][gc,stats       ]   CWRF: Weak References              42 us, workers (us):  42, ---, ---,
[4.185s][info   ][gc,stats       ] Concurrent Weak Roots               728 us
[4.185s][info   ][gc,stats       ]   Roots                             655 us, parallelism: 0.90x
[4.185s][info   ][gc,stats       ]     CWR: <total>                    588 us
[4.185s][info   ][gc,stats       ]     CWR: Code Cache Roots           277 us, workers (us): 277, ---, ---,
[4.185s][info   ][gc,stats       ]     CWR: VM Weak Roots              294 us, workers (us): 294, ---, ---,
[4.185s][info   ][gc,stats       ]     CWR: CLDG Roots                  17 us, workers (us):  17, ---, ---,
[4.185s][info   ][gc,stats       ]   Rendezvous                         66 us
[4.185s][info   ][gc,stats       ] Concurrent Cleanup                  147 us
[4.185s][info   ][gc,stats       ] Concurrent Class Unloading         2557 us
[4.185s][info   ][gc,stats       ]   Unlink Stale                     2410 us
[4.185s][info   ][gc,stats       ]     System Dictionary                16 us
[4.185s][info   ][gc,stats       ]     Weak Class Links                  0 us
[4.185s][info   ][gc,stats       ]     Code Roots                     2391 us
[4.185s][info   ][gc,stats       ]   Rendezvous                         63 us
[4.185s][info   ][gc,stats       ]   Purge Unlinked                     72 us
[4.185s][info   ][gc,stats       ]     Code Roots                       66 us
[4.185s][info   ][gc,stats       ]     CLDG                              6 us
[4.185s][info   ][gc,stats       ]     Exception Caches                  0 us
[4.185s][info   ][gc,stats       ] Pause Final Roots (G)               177 us
[4.185s][info   ][gc,stats       ] Pause Final Roots (N)                 7 us
[4.185s][info   ][gc,stats       ] Pacing                            13197 us
[4.185s][info   ][gc,stats       ]
[4.185s][info   ][gc,stats       ] Allocation pacing accrued:
[4.185s][info   ][gc,stats       ]      13 of    19 ms ( 68.7%): thread3
[4.185s][info   ][gc,stats       ]      13 of    19 ms ( 68.7%): <total>
[4.185s][info   ][gc,stats       ]       1 of    19 ms (  3.8%): <average total>
[4.185s][info   ][gc,stats       ]      13 of    19 ms ( 68.7%): <average non-zero>
[4.185s][info   ][gc,stats       ]
[4.227s][info   ][safepoint,stats] ShenandoahDegeneratedGC      [             18               1 ][            50900      38300   28844200   28933400 ]               1
[4.227s][info   ][gc,stats       ]
[4.227s][info   ][gc,stats       ] All times are wall-clock times, except per-root-class counters, that are sum over
[4.227s][info   ][gc,stats       ] all workers. Dividing the <total> over the root stage time estimates parallelism.
[4.227s][info   ][gc,stats       ]
[4.227s][info   ][gc,stats       ] Pause Degenerated GC (G)          29062 us
[4.227s][info   ][gc,stats       ] Pause Degenerated GC (N)          28814 us
[4.227s][info   ][gc,stats       ]   Degen STW Mark                   4981 us, parallelism: 2.91x
[4.227s][info   ][gc,stats       ]     DSM: <total>                  14498 us
[4.227s][info   ][gc,stats       ]     DSM: Thread Roots               131 us, workers (us):  51,  46,  34,
[4.227s][info   ][gc,stats       ]     DSM: VM Strong Roots             28 us, workers (us):  15,   1,  11,
[4.227s][info   ][gc,stats       ]     DSM: CLDG Roots                 617 us, workers (us):   5, 605,   8,
[4.227s][info   ][gc,stats       ]     DSM: Parallel Mark            13723 us, workers (us): 4795, 4171, 4757,
[4.227s][info   ][gc,stats       ]     System Purge                   6093 us
[4.227s][info   ][gc,stats       ]       Weak References                74 us, parallelism: 0.57x
[4.227s][info   ][gc,stats       ]         WRP: <total>                 43 us
[4.227s][info   ][gc,stats       ]         WRP: Weak References         43 us, workers (us):  11,  32,   0,
[4.227s][info   ][gc,stats       ]       Unload Classes               5692 us, parallelism: 0.42x
[4.227s][info   ][gc,stats       ]         DCU: <total>               2396 us
[4.227s][info   ][gc,stats       ]         DCU: Unload Code Caches     2396 us, workers (us): 784, 819, 793,
[4.227s][info   ][gc,stats       ]       Weak Roots                    292 us, parallelism: 2.20x
[4.227s][info   ][gc,stats       ]         DWR: <total>                641 us
[4.227s][info   ][gc,stats       ]         DWR: VM Weak Roots          641 us, workers (us): 208, 203, 231,
[4.227s][info   ][gc,stats       ]       CLDG                            0 us
[4.227s][info   ][gc,stats       ]   Update Region States                1 us
[4.227s][info   ][gc,stats       ]   Manage GC/TLABs                     7 us
[4.227s][info   ][gc,stats       ]   Choose Collection Set               3 us
[4.227s][info   ][gc,stats       ]   Rebuild Free Set                    2 us
[4.227s][info   ][gc,stats       ]   Cleanup                             1 us
[4.227s][info   ][gc,stats       ]   Pre Heap Dump                       0 us
[4.227s][info   ][gc,stats       ]   Prepare                            73 us
[4.227s][info   ][gc,stats       ]   Mark                            10705 us, parallelism: 1.05x
[4.227s][info   ][gc,stats       ]     FM: <total>                   11203 us
[4.227s][info   ][gc,stats       ]     FM: Thread Roots                143 us, workers (us):  55,  46,  42,
[4.227s][info   ][gc,stats       ]     FM: VM Strong Roots              32 us, workers (us):   0,  21,  11,
[4.227s][info   ][gc,stats       ]     FM: CLDG Roots                  300 us, workers (us): 293,   2,   5,
[4.227s][info   ][gc,stats       ]     FM: Parallel Mark             10727 us, workers (us): 3399, 3661, 3667,
[4.227s][info   ][gc,stats       ]     System Purge                   6878 us
[4.227s][info   ][gc,stats       ]       Weak References                77 us, parallelism: 0.61x
[4.227s][info   ][gc,stats       ]         WRP: <total>                 47 us
[4.227s][info   ][gc,stats       ]         WRP: Weak References         47 us, workers (us):  31,  13,   2,
[4.228s][info   ][gc,stats       ]       Unload Classes               6534 us, parallelism: 0.32x
[4.228s][info   ][gc,stats       ]         CU: <total>                2084 us
[4.228s][info   ][gc,stats       ]         CU: Unload Code Caches     2084 us, workers (us): 717, 706, 662,
[4.228s][info   ][gc,stats       ]       Weak Roots                    230 us, parallelism: 2.18x
[4.228s][info   ][gc,stats       ]         WR: <total>                 501 us
[4.228s][info   ][gc,stats       ]         WR: VM Weak Roots           501 us, workers (us): 178, 163, 159,
[4.228s][info   ][gc,stats       ]       CLDG                            1 us
[4.228s][info   ][gc,stats       ]   Calculate Addresses              2148 us
[4.228s][info   ][gc,stats       ]     Regular Objects                2144 us
[4.228s][info   ][gc,stats       ]     Humongous Objects                 0 us
[4.228s][info   ][gc,stats       ]   Adjust Pointers                  2911 us
[4.228s][info   ][gc,stats       ]     FA: <total>                    1151 us
[4.228s][info   ][gc,stats       ]     FA: Thread Roots                 53 us, workers (us):   1,   2,  50,
[4.228s][info   ][gc,stats       ]     FA: Code Cache Roots            843 us, workers (us): 372, 378,  94,
[4.228s][info   ][gc,stats       ]     FA: VM Strong Roots               6 us, workers (us):   5,   1,   0,
[4.228s][info   ][gc,stats       ]     FA: VM Weak Roots               201 us, workers (us):  68,  71,  63,
[4.228s][info   ][gc,stats       ]     FA: CLDG Roots                   47 us, workers (us):   7,   5,  35,
[4.228s][info   ][gc,stats       ]   Copy Objects                     1586 us
[4.228s][info   ][gc,stats       ]     Regular Objects                1526 us
[4.228s][info   ][gc,stats       ]     Humongous Objects                 1 us
[4.228s][info   ][gc,stats       ]     Reset Complete Bitmap            37 us
[4.228s][info   ][gc,stats       ]     Rebuild Region Sets              19 us
[4.228s][info   ][gc,stats       ]   Post Heap Dump                      1 us
[4.228s][info   ][gc,stats       ]
[4.228s][info   ][gc,stats       ] Allocation pacing accrued:
[4.228s][info   ][gc,stats       ]       0 of    42 ms (  0.0%): <total>
[4.228s][info   ][gc,stats       ]       0 of    42 ms (  0.0%): <average total>
[4.228s][info   ][gc,stats       ]
[4.229s][info   ][safepoint,stats] ShenandoahInitMark           [             18               1 ][            31000      34300      45400     110700 ]               1
[4.243s][info   ][safepoint,stats] ShenandoahFinalMarkStartEvac [             18               1 ][            24600      59600     248700     332900 ]               1
[4.247s][info   ][safepoint,stats] ShenandoahFinalRoots         [             18               1 ][            18100      34100      24700      76900 ]               1
[4.247s][info   ][gc,stats       ]
[4.247s][info   ][gc,stats       ] All times are wall-clock times, except per-root-class counters, that are sum over
[4.247s][info   ][gc,stats       ] all workers. Dividing the <total> over the root stage time estimates parallelism.
[4.247s][info   ][gc,stats       ]
[4.247s][info   ][gc,stats       ] Concurrent Reset                     68 us
[4.247s][info   ][gc,stats       ] Pause Init Mark (G)                 210 us
[4.247s][info   ][gc,stats       ] Pause Init Mark (N)                  26 us
[4.247s][info   ][gc,stats       ]   Update Region States                1 us
[4.247s][info   ][gc,stats       ] Concurrent Mark Roots              1061 us, parallelism: 0.90x
[4.247s][info   ][gc,stats       ]   CMR: <total>                      954 us
[4.247s][info   ][gc,stats       ]   CMR: Thread Roots                 479 us, workers (us): 479, ---, ---,
[4.247s][info   ][gc,stats       ]   CMR: VM Strong Roots               35 us, workers (us):  35, ---, ---,
[4.247s][info   ][gc,stats       ]   CMR: CLDG Roots                   440 us, workers (us): 440, ---, ---,
[4.247s][info   ][gc,stats       ] Concurrent Marking                12440 us
[4.247s][info   ][gc,stats       ] Pause Final Mark (G)                487 us
[4.247s][info   ][gc,stats       ] Pause Final Mark (N)                211 us
[4.247s][info   ][gc,stats       ]   Finish Mark                       145 us
[4.247s][info   ][gc,stats       ]   Update Region States                4 us
[4.247s][info   ][gc,stats       ]   Choose Collection Set              13 us
[4.247s][info   ][gc,stats       ]   Rebuild Free Set                    4 us
[4.247s][info   ][gc,stats       ] Concurrent Weak References          173 us, parallelism: 0.51x
[4.247s][info   ][gc,stats       ]   CWRF: <total>                      88 us
[4.247s][info   ][gc,stats       ]   CWRF: Weak References              88 us, workers (us):  88, ---, ---,
[4.247s][info   ][gc,stats       ] Concurrent Weak Roots               729 us
[4.247s][info   ][gc,stats       ]   Roots                             654 us, parallelism: 0.87x
[4.247s][info   ][gc,stats       ]     CWR: <total>                    566 us
[4.247s][info   ][gc,stats       ]     CWR: Code Cache Roots           192 us, workers (us): 192, ---, ---,
[4.247s][info   ][gc,stats       ]     CWR: VM Weak Roots              357 us, workers (us): 357, ---, ---,
[4.248s][info   ][gc,stats       ]     CWR: CLDG Roots                  17 us, workers (us):  17, ---, ---,
[4.248s][info   ][gc,stats       ]   Rendezvous                         69 us
[4.248s][info   ][gc,stats       ] Concurrent Cleanup                   37 us
[4.248s][info   ][gc,stats       ] Concurrent Class Unloading         2989 us
[4.248s][info   ][gc,stats       ]   Unlink Stale                     2847 us
[4.248s][info   ][gc,stats       ]     System Dictionary                 4 us
[4.248s][info   ][gc,stats       ]     Weak Class Links                  0 us
[4.248s][info   ][gc,stats       ]     Code Roots                     2840 us
[4.248s][info   ][gc,stats       ]   Rendezvous                         67 us
[4.248s][info   ][gc,stats       ]   Purge Unlinked                     70 us
[4.248s][info   ][gc,stats       ]     Code Roots                       64 us
[4.248s][info   ][gc,stats       ]     CLDG                              4 us
[4.248s][info   ][gc,stats       ]     Exception Caches                  0 us
[4.248s][info   ][gc,stats       ] Pause Final Roots (G)               159 us
[4.248s][info   ][gc,stats       ] Pause Final Roots (N)                 6 us
[4.248s][info   ][gc,stats       ] Pacing                            16008 us
[4.248s][info   ][gc,stats       ]
[4.248s][info   ][gc,stats       ] Allocation pacing accrued:
[4.248s][info   ][gc,stats       ]      16 of    20 ms ( 80.6%): thread3
[4.248s][info   ][gc,stats       ]      16 of    20 ms ( 80.6%): <total>
[4.248s][info   ][gc,stats       ]       1 of    20 ms (  4.5%): <average total>
[4.248s][info   ][gc,stats       ]      16 of    20 ms ( 80.6%): <average non-zero>
[4.248s][info   ][gc,stats       ]
[4.249s][info   ][safepoint,stats] ShenandoahInitMark           [             18               1 ][            49500      24800      37800     112100 ]               1
[4.263s][info   ][safepoint,stats] ShenandoahFinalMarkStartEvac [             18               1 ][            25800      24400     102500     152700 ]               1
[4.267s][info   ][safepoint,stats] ShenandoahFinalRoots         [             18               1 ][            20700      38000      26200      84900 ]               1
[4.267s][info   ][gc,stats       ]
[4.267s][info   ][gc,stats       ] All times are wall-clock times, except per-root-class counters, that are sum over
[4.267s][info   ][gc,stats       ] all workers. Dividing the <total> over the root stage time estimates parallelism.
[4.267s][info   ][gc,stats       ]
[4.267s][info   ][gc,stats       ] Concurrent Reset                     83 us
[4.267s][info   ][gc,stats       ] Pause Init Mark (G)                 208 us
[4.267s][info   ][gc,stats       ] Pause Init Mark (N)                  20 us
[4.267s][info   ][gc,stats       ]   Update Region States                1 us
[4.267s][info   ][gc,stats       ] Concurrent Mark Roots               648 us, parallelism: 0.86x
[4.267s][info   ][gc,stats       ]   CMR: <total>                      556 us
[4.267s][info   ][gc,stats       ]   CMR: Thread Roots                 250 us, workers (us): 250, ---, ---,
[4.267s][info   ][gc,stats       ]   CMR: VM Strong Roots               24 us, workers (us):  24, ---, ---,
[4.267s][info   ][gc,stats       ]   CMR: CLDG Roots                   282 us, workers (us): 282, ---, ---,
[4.267s][info   ][gc,stats       ] Concurrent Marking                13135 us
[4.267s][info   ][gc,stats       ] Pause Final Mark (G)                217 us
[4.267s][info   ][gc,stats       ] Pause Final Mark (N)                 86 us
[4.267s][info   ][gc,stats       ]   Finish Mark                        63 us
[4.267s][info   ][gc,stats       ]   Update Region States                2 us
[4.267s][info   ][gc,stats       ]   Choose Collection Set               8 us
[4.267s][info   ][gc,stats       ]   Rebuild Free Set                    2 us
[4.267s][info   ][gc,stats       ] Concurrent Weak References           88 us, parallelism: 0.44x
[4.267s][info   ][gc,stats       ]   CWRF: <total>                      39 us
[4.267s][info   ][gc,stats       ]   CWRF: Weak References              39 us, workers (us):  39, ---, ---,
[4.267s][info   ][gc,stats       ] Concurrent Weak Roots               499 us
[4.267s][info   ][gc,stats       ]   Roots                             395 us, parallelism: 0.85x
[4.267s][info   ][gc,stats       ]     CWR: <total>                    335 us
[4.267s][info   ][gc,stats       ]     CWR: Code Cache Roots           183 us, workers (us): 183, ---, ---,
[4.267s][info   ][gc,stats       ]     CWR: VM Weak Roots              139 us, workers (us): 139, ---, ---,
[4.267s][info   ][gc,stats       ]     CWR: CLDG Roots                  13 us, workers (us):  13, ---, ---,
[4.267s][info   ][gc,stats       ]   Rendezvous                        100 us
[4.267s][info   ][gc,stats       ] Concurrent Cleanup                   61 us
[4.267s][info   ][gc,stats       ] Concurrent Class Unloading         2975 us
[4.267s][info   ][gc,stats       ]   Unlink Stale                     2810 us
[4.267s][info   ][gc,stats       ]     System Dictionary                21 us
[4.267s][info   ][gc,stats       ]     Weak Class Links                  0 us
[4.267s][info   ][gc,stats       ]     Code Roots                     2786 us
[4.267s][info   ][gc,stats       ]   Rendezvous                         79 us
[4.267s][info   ][gc,stats       ]   Purge Unlinked                     78 us
[4.267s][info   ][gc,stats       ]     Code Roots                       66 us
[4.267s][info   ][gc,stats       ]     CLDG                              4 us
[4.267s][info   ][gc,stats       ]     Exception Caches                  0 us
[4.267s][info   ][gc,stats       ] Pause Final Roots (G)               152 us
[4.267s][info   ][gc,stats       ] Pause Final Roots (N)                 7 us
[4.267s][info   ][gc,stats       ] Pacing                            12316 us
[4.267s][info   ][gc,stats       ]
[4.267s][info   ][gc,stats       ] Allocation pacing accrued:
[4.267s][info   ][gc,stats       ]      12 of    20 ms ( 62.3%): thread3
[4.267s][info   ][gc,stats       ]      12 of    20 ms ( 62.3%): <total>
[4.267s][info   ][gc,stats       ]       1 of    20 ms (  3.5%): <average total>
[4.267s][info   ][gc,stats       ]      12 of    20 ms ( 62.3%): <average non-zero>
[4.267s][info   ][gc,stats       ]
[4.278s][info   ][safepoint,stats] ShenandoahInitMark           [             18               1 ][            29000      19300      27600      75900 ]               1
[4.292s][info   ][safepoint,stats] ShenandoahFinalMarkStartEvac [             18               1 ][            15600      33600     125200     174400 ]               1
[4.295s][info   ][safepoint,stats] ShenandoahFinalRoots         [             18               1 ][            26000      20000      28600      74600 ]               1
[4.295s][info   ][gc,stats       ]
[4.295s][info   ][gc,stats       ] All times are wall-clock times, except per-root-class counters, that are sum over
[4.295s][info   ][gc,stats       ] all workers. Dividing the <total> over the root stage time estimates parallelism.
[4.295s][info   ][gc,stats       ]
[4.295s][info   ][gc,stats       ] Concurrent Reset                     46 us
[4.295s][info   ][gc,stats       ] Pause Init Mark (G)                 109 us
[4.295s][info   ][gc,stats       ] Pause Init Mark (N)                  13 us
[4.295s][info   ][gc,stats       ]   Update Region States                0 us
[4.296s][info   ][gc,stats       ] Concurrent Mark Roots              1075 us, parallelism: 0.95x
[4.296s][info   ][gc,stats       ]   CMR: <total>                     1025 us
[4.296s][info   ][gc,stats       ]   CMR: Thread Roots                 484 us, workers (us): 484, ---, ---,
[4.296s][info   ][gc,stats       ]   CMR: VM Strong Roots               43 us, workers (us):  43, ---, ---,
[4.296s][info   ][gc,stats       ]   CMR: CLDG Roots                   498 us, workers (us): 498, ---, ---,
[4.296s][info   ][gc,stats       ] Concurrent Marking                12613 us
[4.296s][info   ][gc,stats       ] Pause Final Mark (G)                257 us
[4.296s][info   ][gc,stats       ] Pause Final Mark (N)                104 us
[4.296s][info   ][gc,stats       ]   Finish Mark                        83 us
[4.296s][info   ][gc,stats       ]   Update Region States                1 us
[4.296s][info   ][gc,stats       ]   Choose Collection Set               6 us
[4.296s][info   ][gc,stats       ]   Rebuild Free Set                    2 us
[4.296s][info   ][gc,stats       ] Concurrent Weak References           91 us, parallelism: 0.31x
[4.296s][info   ][gc,stats       ]   CWRF: <total>                      28 us
[4.296s][info   ][gc,stats       ]   CWRF: Weak References              28 us, workers (us):  28, ---, ---,
[4.296s][info   ][gc,stats       ] Concurrent Weak Roots               462 us
[4.296s][info   ][gc,stats       ]   Roots                             348 us, parallelism: 0.80x
[4.296s][info   ][gc,stats       ]     CWR: <total>                    278 us
[4.296s][info   ][gc,stats       ]     CWR: Code Cache Roots           134 us, workers (us): 134, ---, ---,
[4.296s][info   ][gc,stats       ]     CWR: VM Weak Roots              136 us, workers (us): 136, ---, ---,
[4.296s][info   ][gc,stats       ]     CWR: CLDG Roots                   8 us, workers (us):   8, ---, ---,
[4.296s][info   ][gc,stats       ]   Rendezvous                        106 us
[4.296s][info   ][gc,stats       ] Concurrent Cleanup                   41 us
[4.296s][info   ][gc,stats       ] Concurrent Class Unloading         2583 us
[4.296s][info   ][gc,stats       ]   Unlink Stale                     2434 us
[4.296s][info   ][gc,stats       ]     System Dictionary                 8 us
[4.296s][info   ][gc,stats       ]     Weak Class Links                  0 us
[4.296s][info   ][gc,stats       ]     Code Roots                     2424 us
[4.296s][info   ][gc,stats       ]   Rendezvous                         81 us
[4.296s][info   ][gc,stats       ]   Purge Unlinked                     61 us
[4.296s][info   ][gc,stats       ]     Code Roots                       56 us
[4.296s][info   ][gc,stats       ]     CLDG                              4 us
[4.296s][info   ][gc,stats       ]     Exception Caches                  0 us
[4.296s][info   ][gc,stats       ] Pause Final Roots (G)               140 us
[4.296s][info   ][gc,stats       ] Pause Final Roots (N)                 4 us
[4.296s][info   ][gc,stats       ] Pacing                            28367 us
[4.296s][info   ][gc,stats       ]
[4.296s][info   ][gc,stats       ] Allocation pacing accrued:
[4.296s][info   ][gc,stats       ]      28 of    28 ms (100.1%): thread3
[4.296s][info   ][gc,stats       ]      28 of    28 ms (100.1%): <total>
[4.296s][info   ][gc,stats       ]       2 of    28 ms (  5.6%): <average total>
[4.296s][info   ][gc,stats       ]      28 of    28 ms (100.1%): <average non-zero>
[4.296s][info   ][gc,stats       ]
[4.297s][info   ][safepoint,stats] ShenandoahInitMark           [             18               1 ][            35100      17800      25900      78800 ]               1
[4.309s][info   ][gc,stats       ]
[4.309s][info   ][gc,stats       ] All times are wall-clock times, except per-root-class counters, that are sum over
[4.309s][info   ][gc,stats       ] all workers. Dividing the <total> over the root stage time estimates parallelism.
[4.309s][info   ][gc,stats       ]
[4.309s][info   ][gc,stats       ] Concurrent Reset                     55 us
[4.309s][info   ][gc,stats       ] Pause Init Mark (G)                 130 us
[4.309s][info   ][gc,stats       ] Pause Init Mark (N)                  15 us
[4.309s][info   ][gc,stats       ]   Update Region States                0 us
[4.309s][info   ][gc,stats       ] Concurrent Mark Roots               510 us, parallelism: 0.89x
[4.309s][info   ][gc,stats       ]   CMR: <total>                      455 us
[4.309s][info   ][gc,stats       ]   CMR: Thread Roots                 212 us, workers (us): 212, ---, ---,
[4.309s][info   ][gc,stats       ]   CMR: VM Strong Roots               21 us, workers (us):  21, ---, ---,
[4.309s][info   ][gc,stats       ]   CMR: CLDG Roots                   222 us, workers (us): 222, ---, ---,
[4.309s][info   ][gc,stats       ] Concurrent Marking                11612 us
[4.309s][info   ][gc,stats       ] Pacing                            12088 us
[4.309s][info   ][gc,stats       ]
[4.309s][info   ][gc,stats       ] Allocation pacing accrued:
[4.309s][info   ][gc,stats       ]      12 of    14 ms ( 87.9%): thread3
[4.309s][info   ][gc,stats       ]      12 of    14 ms ( 87.9%): <total>
[4.309s][info   ][gc,stats       ]       1 of    14 ms (  4.9%): <average total>
[4.309s][info   ][gc,stats       ]      12 of    14 ms ( 87.9%): <average non-zero>
[4.309s][info   ][gc,stats       ]
[4.331s][info   ][safepoint,stats] ShenandoahDegeneratedGC      [             18               1 ][            99400      67200    7238200    7404800 ]               1
[4.332s][info   ][gc,stats       ]
[4.332s][info   ][gc,stats       ] All times are wall-clock times, except per-root-class counters, that are sum over
[4.332s][info   ][gc,stats       ] all workers. Dividing the <total> over the root stage time estimates parallelism.
[4.332s][info   ][gc,stats       ]
[4.332s][info   ][gc,stats       ]   Finish Mark                       557 us
[4.332s][info   ][gc,stats       ] Pause Degenerated GC (G)           7529 us
[4.332s][info   ][gc,stats       ] Pause Degenerated GC (N)           7208 us
[4.332s][info   ][gc,stats       ]     System Purge                   6026 us
[4.332s][info   ][gc,stats       ]       Weak References               180 us, parallelism: 0.65x
[4.332s][info   ][gc,stats       ]         WRP: <total>                116 us
[4.332s][info   ][gc,stats       ]         WRP: Weak References        116 us, workers (us): 115,   1,   1,
[4.332s][info   ][gc,stats       ]       Unload Classes               5409 us, parallelism: 0.47x
[4.332s][info   ][gc,stats       ]         DCU: <total>               2540 us
[4.332s][info   ][gc,stats       ]         DCU: Unload Code Caches     2540 us, workers (us): 829, 865, 845,
[4.332s][info   ][gc,stats       ]       Weak Roots                    401 us, parallelism: 2.52x
[4.332s][info   ][gc,stats       ]         DWR: <total>               1010 us
[4.332s][info   ][gc,stats       ]         DWR: VM Weak Roots         1010 us, workers (us): 342, 338, 329,
[4.332s][info   ][gc,stats       ]       CLDG                            0 us
[4.332s][info   ][gc,stats       ]   Update Region States                1 us
[4.332s][info   ][gc,stats       ]   Manage GC/TLABs                     7 us
[4.332s][info   ][gc,stats       ]   Choose Collection Set               8 us
[4.332s][info   ][gc,stats       ]   Rebuild Free Set                    2 us
[4.332s][info   ][gc,stats       ]   Cleanup                             1 us
[4.332s][info   ][gc,stats       ]
[4.332s][info   ][gc,stats       ] Allocation pacing accrued:
[4.332s][info   ][gc,stats       ]       0 of    22 ms (  0.0%): <total>
[4.332s][info   ][gc,stats       ]       0 of    22 ms (  0.0%): <average total>
[4.332s][info   ][gc,stats       ]
[4.334s][info   ][safepoint,stats] ShenandoahInitMark           [             18               1 ][            36300      20100      25500      81900 ]               1
[4.348s][info   ][safepoint,stats] ShenandoahFinalMarkStartEvac [             18               1 ][            14500      29200     120100     163800 ]               1
[4.351s][info   ][safepoint,stats] ShenandoahFinalRoots         [             18               1 ][            24600      38400      18200      81200 ]               1
[4.351s][info   ][gc,stats       ]
[4.351s][info   ][gc,stats       ] All times are wall-clock times, except per-root-class counters, that are sum over
[4.351s][info   ][gc,stats       ] all workers. Dividing the <total> over the root stage time estimates parallelism.
[4.351s][info   ][gc,stats       ]
[4.351s][info   ][gc,stats       ] Concurrent Reset                     33 us
[4.351s][info   ][gc,stats       ] Pause Init Mark (G)                 137 us
[4.351s][info   ][gc,stats       ] Pause Init Mark (N)                  14 us
[4.351s][info   ][gc,stats       ]   Update Region States                0 us
[4.351s][info   ][gc,stats       ] Concurrent Mark Roots              1010 us, parallelism: 0.94x
[4.351s][info   ][gc,stats       ]   CMR: <total>                      947 us
[4.351s][info   ][gc,stats       ]   CMR: Thread Roots                 455 us, workers (us): 455, ---, ---,
[4.351s][info   ][gc,stats       ]   CMR: VM Strong Roots               38 us, workers (us):  38, ---, ---,
[4.351s][info   ][gc,stats       ]   CMR: CLDG Roots                   455 us, workers (us): 455, ---, ---,
[4.351s][info   ][gc,stats       ] Concurrent Marking                12707 us
[4.351s][info   ][gc,stats       ] Pause Final Mark (G)                226 us
[4.351s][info   ][gc,stats       ] Pause Final Mark (N)                 92 us
[4.351s][info   ][gc,stats       ]   Finish Mark                        60 us
[4.351s][info   ][gc,stats       ]   Update Region States                3 us
[4.351s][info   ][gc,stats       ]   Choose Collection Set               9 us
[4.351s][info   ][gc,stats       ]   Rebuild Free Set                    3 us
[4.351s][info   ][gc,stats       ] Concurrent Weak References          127 us, parallelism: 0.53x
[4.351s][info   ][gc,stats       ]   CWRF: <total>                      67 us
[4.351s][info   ][gc,stats       ]   CWRF: Weak References              67 us, workers (us):  67, ---, ---,
[4.351s][info   ][gc,stats       ] Concurrent Weak Roots               407 us
[4.351s][info   ][gc,stats       ]   Roots                             340 us, parallelism: 0.82x
[4.351s][info   ][gc,stats       ]     CWR: <total>                    280 us
[4.351s][info   ][gc,stats       ]     CWR: Code Cache Roots           137 us, workers (us): 137, ---, ---,
[4.351s][info   ][gc,stats       ]     CWR: VM Weak Roots              136 us, workers (us): 136, ---, ---,
[4.351s][info   ][gc,stats       ]     CWR: CLDG Roots                   6 us, workers (us):   6, ---, ---,
[4.351s][info   ][gc,stats       ]   Rendezvous                         60 us
[4.351s][info   ][gc,stats       ] Concurrent Cleanup                   41 us
[4.351s][info   ][gc,stats       ] Concurrent Class Unloading         2211 us
[4.351s][info   ][gc,stats       ]   Unlink Stale                     2054 us
[4.351s][info   ][gc,stats       ]     System Dictionary                 8 us
[4.351s][info   ][gc,stats       ]     Weak Class Links                  0 us
[4.351s][info   ][gc,stats       ]     Code Roots                     2045 us
[4.351s][info   ][gc,stats       ]   Rendezvous                         45 us
[4.351s][info   ][gc,stats       ]   Purge Unlinked                    104 us
[4.351s][info   ][gc,stats       ]     Code Roots                       96 us
[4.351s][info   ][gc,stats       ]     CLDG                              7 us
[4.351s][info   ][gc,stats       ]     Exception Caches                  0 us
[4.351s][info   ][gc,stats       ] Pause Final Roots (G)               130 us
[4.351s][info   ][gc,stats       ] Pause Final Roots (N)                 4 us
[4.351s][info   ][gc,stats       ] Pacing                             7417 us
[4.351s][info   ][gc,stats       ]
[4.351s][info   ][gc,stats       ] Allocation pacing accrued:
[4.351s][info   ][gc,stats       ]       7 of    19 ms ( 38.4%): thread3
[4.351s][info   ][gc,stats       ]       7 of    19 ms ( 38.4%): <total>
[4.351s][info   ][gc,stats       ]       0 of    19 ms (  2.1%): <average total>
[4.351s][info   ][gc,stats       ]       7 of    19 ms ( 38.4%): <average non-zero>
[4.351s][info   ][gc,stats       ]
[4.357s][info   ][safepoint,stats] ShenandoahInitMark           [             18               1 ][            86000      25200      80600     191800 ]               1
[4.369s][info   ][safepoint,stats] ShenandoahFinalMarkStartEvac [             18               1 ][            18600      53600     146800     219000 ]               1
[4.373s][info   ][safepoint,stats] ShenandoahFinalRoots         [             18               1 ][            36900      46300      32400     115600 ]               1
[4.373s][info   ][gc,stats       ]
[4.373s][info   ][gc,stats       ] All times are wall-clock times, except per-root-class counters, that are sum over
[4.373s][info   ][gc,stats       ] all workers. Dividing the <total> over the root stage time estimates parallelism.
[4.373s][info   ][gc,stats       ]
[4.373s][info   ][gc,stats       ] Concurrent Reset                     49 us
[4.373s][info   ][gc,stats       ] Pause Init Mark (G)                 262 us
[4.373s][info   ][gc,stats       ] Pause Init Mark (N)                  18 us
[4.373s][info   ][gc,stats       ]   Update Region States                0 us
[4.373s][info   ][gc,stats       ] Concurrent Mark Roots               617 us, parallelism: 0.87x
[4.373s][info   ][gc,stats       ]   CMR: <total>                      538 us
[4.373s][info   ][gc,stats       ]   CMR: Thread Roots                 225 us, workers (us): 225, ---, ---,
[4.373s][info   ][gc,stats       ]   CMR: VM Strong Roots               29 us, workers (us):  29, ---, ---,
[4.373s][info   ][gc,stats       ]   CMR: CLDG Roots                   284 us, workers (us): 284, ---, ---,
[4.373s][info   ][gc,stats       ] Concurrent Marking                12016 us
[4.373s][info   ][gc,stats       ] Pause Final Mark (G)                301 us
[4.373s][info   ][gc,stats       ] Pause Final Mark (N)                108 us
[4.373s][info   ][gc,stats       ]   Finish Mark                        71 us
[4.373s][info   ][gc,stats       ]   Update Region States                3 us
[4.373s][info   ][gc,stats       ]   Choose Collection Set               9 us
[4.373s][info   ][gc,stats       ]   Rebuild Free Set                    3 us
[4.374s][info   ][gc,stats       ] Concurrent Weak References          100 us, parallelism: 0.37x
[4.374s][info   ][gc,stats       ]   CWRF: <total>                      37 us
[4.374s][info   ][gc,stats       ]   CWRF: Weak References              37 us, workers (us):  37, ---, ---,
[4.374s][info   ][gc,stats       ] Concurrent Weak Roots               639 us
[4.374s][info   ][gc,stats       ]   Roots                             548 us, parallelism: 0.89x
[4.374s][info   ][gc,stats       ]     CWR: <total>                    490 us
[4.374s][info   ][gc,stats       ]     CWR: Code Cache Roots           185 us, workers (us): 185, ---, ---,
[4.374s][info   ][gc,stats       ]     CWR: VM Weak Roots              296 us, workers (us): 296, ---, ---,
[4.374s][info   ][gc,stats       ]     CWR: CLDG Roots                  10 us, workers (us):  10, ---, ---,
[4.374s][info   ][gc,stats       ]   Rendezvous                         85 us
[4.374s][info   ][gc,stats       ] Concurrent Cleanup                   34 us
[4.374s][info   ][gc,stats       ] Concurrent Class Unloading         2772 us
[4.374s][info   ][gc,stats       ]   Unlink Stale                     2539 us
[4.374s][info   ][gc,stats       ]     System Dictionary                 4 us
[4.374s][info   ][gc,stats       ]     Weak Class Links                  0 us
[4.374s][info   ][gc,stats       ]     Code Roots                     2533 us
[4.374s][info   ][gc,stats       ]   Rendezvous                        134 us
[4.374s][info   ][gc,stats       ]   Purge Unlinked                     91 us
[4.374s][info   ][gc,stats       ]     Code Roots                       82 us
[4.374s][info   ][gc,stats       ]     CLDG                              7 us
[4.374s][info   ][gc,stats       ]     Exception Caches                  0 us
[4.374s][info   ][gc,stats       ] Pause Final Roots (G)               223 us
[4.374s][info   ][gc,stats       ] Pause Final Roots (N)                 7 us
[4.374s][info   ][gc,stats       ] Pacing                            24880 us
[4.374s][info   ][gc,stats       ]
[4.374s][info   ][gc,stats       ] Allocation pacing accrued:
[4.374s][info   ][gc,stats       ]      25 of    23 ms (110.6%): thread3
[4.374s][info   ][gc,stats       ]      25 of    23 ms (110.6%): <total>
[4.374s][info   ][gc,stats       ]       1 of    23 ms (  6.1%): <average total>
[4.374s][info   ][gc,stats       ]      25 of    23 ms (110.6%): <average non-zero>
[4.374s][info   ][gc,stats       ]
[4.375s][info   ][safepoint,stats] ShenandoahInitMark           [             18               1 ][            27500      40800      38600     106900 ]               1
[4.388s][info   ][safepoint,stats] ShenandoahFinalMarkStartEvac [             18               1 ][            16000      31300     125500     172800 ]               1
[4.391s][info   ][safepoint,stats] ShenandoahFinalRoots         [             18               1 ][            19800      39100      38600      97500 ]               1
[4.391s][info   ][gc,stats       ]
[4.391s][info   ][gc,stats       ] All times are wall-clock times, except per-root-class counters, that are sum over
[4.391s][info   ][gc,stats       ] all workers. Dividing the <total> over the root stage time estimates parallelism.
[4.391s][info   ][gc,stats       ]
[4.391s][info   ][gc,stats       ] Concurrent Reset                     58 us
[4.392s][info   ][gc,stats       ] Pause Init Mark (G)                 162 us
[4.392s][info   ][gc,stats       ] Pause Init Mark (N)                  14 us
[4.392s][info   ][gc,stats       ]   Update Region States                0 us
[4.392s][info   ][gc,stats       ] Concurrent Mark Roots               552 us, parallelism: 0.86x
[4.392s][info   ][gc,stats       ]   CMR: <total>                      475 us
[4.392s][info   ][gc,stats       ]   CMR: Thread Roots                 229 us, workers (us): 229, ---, ---,
[4.392s][info   ][gc,stats       ]   CMR: VM Strong Roots               22 us, workers (us):  22, ---, ---,
[4.392s][info   ][gc,stats       ]   CMR: CLDG Roots                   223 us, workers (us): 223, ---, ---,
[4.392s][info   ][gc,stats       ] Concurrent Marking                11796 us
[4.392s][info   ][gc,stats       ] Pause Final Mark (G)                255 us
[4.392s][info   ][gc,stats       ] Pause Final Mark (N)                 99 us
[4.392s][info   ][gc,stats       ]   Finish Mark                        71 us
[4.392s][info   ][gc,stats       ]   Update Region States                1 us
[4.392s][info   ][gc,stats       ]   Choose Collection Set              11 us
[4.392s][info   ][gc,stats       ]   Rebuild Free Set                    2 us
[4.392s][info   ][gc,stats       ] Concurrent Weak References          151 us, parallelism: 0.47x
[4.392s][info   ][gc,stats       ]   CWRF: <total>                      71 us
[4.392s][info   ][gc,stats       ]   CWRF: Weak References              71 us, workers (us):  71, ---, ---,
[4.392s][info   ][gc,stats       ] Concurrent Weak Roots               563 us
[4.392s][info   ][gc,stats       ]   Roots                             485 us, parallelism: 0.89x
[4.392s][info   ][gc,stats       ]     CWR: <total>                    431 us
[4.392s][info   ][gc,stats       ]     CWR: Code Cache Roots           258 us, workers (us): 258, ---, ---,
[4.392s][info   ][gc,stats       ]     CWR: VM Weak Roots              153 us, workers (us): 153, ---, ---,
[4.392s][info   ][gc,stats       ]     CWR: CLDG Roots                  20 us, workers (us):  20, ---, ---,
[4.392s][info   ][gc,stats       ]   Rendezvous                         69 us
[4.392s][info   ][gc,stats       ] Concurrent Cleanup                  145 us
[4.392s][info   ][gc,stats       ] Concurrent Class Unloading         2560 us
[4.392s][info   ][gc,stats       ]   Unlink Stale                     2314 us
[4.392s][info   ][gc,stats       ]     System Dictionary                 9 us
[4.392s][info   ][gc,stats       ]     Weak Class Links                  1 us
[4.392s][info   ][gc,stats       ]     Code Roots                     2299 us
[4.392s][info   ][gc,stats       ]   Rendezvous                        124 us
[4.392s][info   ][gc,stats       ]   Purge Unlinked                    109 us
[4.392s][info   ][gc,stats       ]     Code Roots                      104 us
[4.392s][info   ][gc,stats       ]     CLDG                              4 us
[4.392s][info   ][gc,stats       ]     Exception Caches                  0 us
[4.392s][info   ][gc,stats       ] Pause Final Roots (G)               198 us
[4.392s][info   ][gc,stats       ] Pause Final Roots (N)                 7 us
[4.392s][info   ][gc,stats       ] Pacing                            12111 us
[4.392s][info   ][gc,stats       ]
[4.392s][info   ][gc,stats       ] Allocation pacing accrued:
[4.392s][info   ][gc,stats       ]      12 of    18 ms ( 66.9%): thread3
[4.392s][info   ][gc,stats       ]      12 of    18 ms ( 66.9%): <total>
[4.392s][info   ][gc,stats       ]       1 of    18 ms (  3.7%): <average total>
[4.392s][info   ][gc,stats       ]      12 of    18 ms ( 66.9%): <average non-zero>
[4.392s][info   ][gc,stats       ]
[4.433s][info   ][safepoint,stats] ShenandoahDegeneratedGC      [             18               1 ][           131200      16000   28694000   28841200 ]               1
[4.433s][info   ][gc,stats       ]
[4.433s][info   ][gc,stats       ] All times are wall-clock times, except per-root-class counters, that are sum over
[4.433s][info   ][gc,stats       ] all workers. Dividing the <total> over the root stage time estimates parallelism.
[4.433s][info   ][gc,stats       ]
[4.433s][info   ][gc,stats       ] Pause Degenerated GC (G)          28946 us
[4.433s][info   ][gc,stats       ] Pause Degenerated GC (N)          28667 us
[4.433s][info   ][gc,stats       ]   Degen STW Mark                   5114 us, parallelism: 2.95x
[4.433s][info   ][gc,stats       ]     DSM: <total>                  15100 us
[4.433s][info   ][gc,stats       ]     DSM: Thread Roots               115 us, workers (us):  47,  39,  30,
[4.433s][info   ][gc,stats       ]     DSM: VM Strong Roots             32 us, workers (us):   1,  18,  13,
[4.433s][info   ][gc,stats       ]     DSM: CLDG Roots                 328 us, workers (us): 321,   2,   5,
[4.433s][info   ][gc,stats       ]     DSM: Parallel Mark            14625 us, workers (us): 4671, 4977, 4976,
[4.433s][info   ][gc,stats       ]     System Purge                   5584 us
[4.433s][info   ][gc,stats       ]       Weak References                64 us, parallelism: 0.67x
[4.433s][info   ][gc,stats       ]         WRP: <total>                 43 us
[4.433s][info   ][gc,stats       ]         WRP: Weak References         43 us, workers (us):  33,   9,   0,
[4.433s][info   ][gc,stats       ]       Unload Classes               5233 us, parallelism: 0.49x
[4.433s][info   ][gc,stats       ]         DCU: <total>               2551 us
[4.433s][info   ][gc,stats       ]         DCU: Unload Code Caches     2551 us, workers (us): 855, 869, 827,
[4.433s][info   ][gc,stats       ]       Weak Roots                    250 us, parallelism: 2.44x
[4.433s][info   ][gc,stats       ]         DWR: <total>                609 us
[4.433s][info   ][gc,stats       ]         DWR: VM Weak Roots          609 us, workers (us): 209, 200, 200,
[4.433s][info   ][gc,stats       ]       CLDG                            1 us
[4.433s][info   ][gc,stats       ]   Update Region States                1 us
[4.433s][info   ][gc,stats       ]   Manage GC/TLABs                     6 us
[4.433s][info   ][gc,stats       ]   Choose Collection Set               3 us
[4.433s][info   ][gc,stats       ]   Rebuild Free Set                    2 us
[4.433s][info   ][gc,stats       ]   Cleanup                             1 us
[4.433s][info   ][gc,stats       ]   Pre Heap Dump                       1 us
[4.433s][info   ][gc,stats       ]   Prepare                            62 us
[4.433s][info   ][gc,stats       ]   Mark                            10846 us, parallelism: 1.29x
[4.433s][info   ][gc,stats       ]     FM: <total>                   13949 us
[4.433s][info   ][gc,stats       ]     FM: Thread Roots                143 us, workers (us):  48,  48,  47,
[4.433s][info   ][gc,stats       ]     FM: VM Strong Roots              34 us, workers (us):   1,  23,  10,
[4.433s][info   ][gc,stats       ]     FM: CLDG Roots                  368 us, workers (us): 361,   2,   5,
[4.433s][info   ][gc,stats       ]     FM: Parallel Mark             13404 us, workers (us): 4242, 4578, 4584,
[4.433s][info   ][gc,stats       ]     System Purge                   6120 us
[4.433s][info   ][gc,stats       ]       Weak References                44 us, parallelism: 0.99x
[4.433s][info   ][gc,stats       ]         WRP: <total>                 43 us
[4.433s][info   ][gc,stats       ]         WRP: Weak References         43 us, workers (us):  32,   9,   3,
[4.433s][info   ][gc,stats       ]       Unload Classes               5749 us, parallelism: 0.49x
[4.433s][info   ][gc,stats       ]         CU: <total>                2811 us
[4.433s][info   ][gc,stats       ]         CU: Unload Code Caches     2811 us, workers (us): 922, 941, 948,
[4.433s][info   ][gc,stats       ]       Weak Roots                    291 us, parallelism: 2.70x
[4.433s][info   ][gc,stats       ]         WR: <total>                 786 us
[4.433s][info   ][gc,stats       ]         WR: VM Weak Roots           786 us, workers (us): 265, 261, 260,
[4.433s][info   ][gc,stats       ]       CLDG                            1 us
[4.433s][info   ][gc,stats       ]   Calculate Addresses              2432 us
[4.433s][info   ][gc,stats       ]     Regular Objects                2429 us
[4.433s][info   ][gc,stats       ]     Humongous Objects                 1 us
[4.433s][info   ][gc,stats       ]   Adjust Pointers                  2538 us
[4.433s][info   ][gc,stats       ]     FA: <total>                    1186 us
[4.433s][info   ][gc,stats       ]     FA: Thread Roots                 62 us, workers (us):   1,   2,  60,
[4.433s][info   ][gc,stats       ]     FA: Code Cache Roots            861 us, workers (us): 361, 409,  91,
[4.433s][info   ][gc,stats       ]     FA: VM Strong Roots               6 us, workers (us):   5,   1,   0,
[4.433s][info   ][gc,stats       ]     FA: VM Weak Roots               199 us, workers (us):  70,  64,  65,
[4.433s][info   ][gc,stats       ]     FA: CLDG Roots                   58 us, workers (us):   9,   9,  40,
[4.433s][info   ][gc,stats       ]   Copy Objects                     1599 us
[4.433s][info   ][gc,stats       ]     Regular Objects                1556 us
[4.433s][info   ][gc,stats       ]     Humongous Objects                 1 us
[4.433s][info   ][gc,stats       ]     Reset Complete Bitmap            34 us
[4.433s][info   ][gc,stats       ]     Rebuild Region Sets               6 us
[4.433s][info   ][gc,stats       ]   Post Heap Dump                      1 us
[4.433s][info   ][gc,stats       ]
[4.433s][info   ][gc,stats       ] Allocation pacing accrued:
[4.433s][info   ][gc,stats       ]       0 of    41 ms (  0.0%): <total>
[4.433s][info   ][gc,stats       ]       0 of    41 ms (  0.0%): <average total>
[4.433s][info   ][gc,stats       ]
[4.435s][info   ][safepoint,stats] ShenandoahInitMark           [             18               1 ][            37600      29800      47300     114700 ]               1
[4.449s][info   ][safepoint,stats] ShenandoahFinalMarkStartEvac [             18               1 ][            14700      33100     112900     160700 ]               1
[4.453s][info   ][safepoint,stats] ShenandoahFinalRoots         [             18               1 ][            28000      49600      44200     121800 ]               1
[4.453s][info   ][gc,stats       ]
[4.453s][info   ][gc,stats       ] All times are wall-clock times, except per-root-class counters, that are sum over
[4.453s][info   ][gc,stats       ] all workers. Dividing the <total> over the root stage time estimates parallelism.
[4.453s][info   ][gc,stats       ]
[4.453s][info   ][gc,stats       ] Concurrent Reset                     61 us
[4.453s][info   ][gc,stats       ] Pause Init Mark (G)                 195 us
[4.453s][info   ][gc,stats       ] Pause Init Mark (N)                  27 us
[4.453s][info   ][gc,stats       ]   Update Region States                1 us
[4.453s][info   ][gc,stats       ] Concurrent Mark Roots               608 us, parallelism: 0.91x
[4.453s][info   ][gc,stats       ]   CMR: <total>                      556 us
[4.453s][info   ][gc,stats       ]   CMR: Thread Roots                 215 us, workers (us): 215, ---, ---,
[4.453s][info   ][gc,stats       ]   CMR: VM Strong Roots               37 us, workers (us):  37, ---, ---,
[4.453s][info   ][gc,stats       ]   CMR: CLDG Roots                   304 us, workers (us): 304, ---, ---,
[4.453s][info   ][gc,stats       ] Concurrent Marking                13148 us
[4.453s][info   ][gc,stats       ] Pause Final Mark (G)                233 us
[4.453s][info   ][gc,stats       ] Pause Final Mark (N)                 93 us
[4.453s][info   ][gc,stats       ]   Finish Mark                        69 us
[4.453s][info   ][gc,stats       ]   Update Region States                1 us
[4.453s][info   ][gc,stats       ]   Choose Collection Set               6 us
[4.453s][info   ][gc,stats       ]   Rebuild Free Set                    2 us
[4.453s][info   ][gc,stats       ] Concurrent Weak References           84 us, parallelism: 0.35x
[4.453s][info   ][gc,stats       ]   CWRF: <total>                      30 us
[4.453s][info   ][gc,stats       ]   CWRF: Weak References              30 us, workers (us):  30, ---, ---,
[4.453s][info   ][gc,stats       ] Concurrent Weak Roots               432 us
[4.453s][info   ][gc,stats       ]   Roots                             335 us, parallelism: 0.82x
[4.453s][info   ][gc,stats       ]     CWR: <total>                    274 us
[4.453s][info   ][gc,stats       ]     CWR: Code Cache Roots           133 us, workers (us): 133, ---, ---,
[4.453s][info   ][gc,stats       ]     CWR: VM Weak Roots              135 us, workers (us): 135, ---, ---,
[4.453s][info   ][gc,stats       ]     CWR: CLDG Roots                   7 us, workers (us):   7, ---, ---,
[4.453s][info   ][gc,stats       ]   Rendezvous                         90 us
[4.453s][info   ][gc,stats       ] Concurrent Cleanup                   45 us
[4.453s][info   ][gc,stats       ] Concurrent Class Unloading         3331 us
[4.453s][info   ][gc,stats       ]   Unlink Stale                     3120 us
[4.453s][info   ][gc,stats       ]     System Dictionary                 8 us
[4.453s][info   ][gc,stats       ]     Weak Class Links                  0 us
[4.453s][info   ][gc,stats       ]     Code Roots                     3110 us
[4.453s][info   ][gc,stats       ]   Rendezvous                        115 us
[4.453s][info   ][gc,stats       ]   Purge Unlinked                     87 us
[4.453s][info   ][gc,stats       ]     Code Roots                       82 us
[4.454s][info   ][gc,stats       ]     CLDG                              4 us
[4.454s][info   ][gc,stats       ]     Exception Caches                  0 us
[4.454s][info   ][gc,stats       ] Pause Final Roots (G)               198 us
[4.454s][info   ][gc,stats       ] Pause Final Roots (N)                 5 us
[4.454s][info   ][gc,stats       ] Pacing                            15150 us
[4.454s][info   ][gc,stats       ]
[4.454s][info   ][gc,stats       ] Allocation pacing accrued:
[4.454s][info   ][gc,stats       ]      15 of    20 ms ( 74.8%): thread3
[4.454s][info   ][gc,stats       ]      15 of    20 ms ( 74.8%): <total>
[4.454s][info   ][gc,stats       ]       1 of    20 ms (  4.2%): <average total>
[4.454s][info   ][gc,stats       ]      15 of    20 ms ( 74.8%): <average non-zero>
[4.454s][info   ][gc,stats       ]
[4.455s][info   ][safepoint,stats] ShenandoahInitMark           [             18               1 ][            28900      25500      34800      89200 ]               1
[4.469s][info   ][safepoint,stats] ShenandoahFinalMarkStartEvac [             18               1 ][            54700      49600     101000     205300 ]               1
[4.472s][info   ][safepoint,stats] VM Operation                 [ threads: total initial_running ][ time:       sync    cleanup       vmop      total ] page_trap_count
[4.472s][info   ][safepoint,stats] ShenandoahFinalRoots         [             18               1 ][            15900      25500      25600      67000 ]               1
[4.472s][info   ][gc,stats       ]
[4.472s][info   ][gc,stats       ] All times are wall-clock times, except per-root-class counters, that are sum over
[4.472s][info   ][gc,stats       ] all workers. Dividing the <total> over the root stage time estimates parallelism.
[4.472s][info   ][gc,stats       ]
[4.472s][info   ][gc,stats       ] Concurrent Reset                     53 us
[4.472s][info   ][gc,stats       ] Pause Init Mark (G)                 147 us
[4.472s][info   ][gc,stats       ] Pause Init Mark (N)                  18 us
[4.472s][info   ][gc,stats       ]   Update Region States                1 us
[4.472s][info   ][gc,stats       ] Concurrent Mark Roots               562 us, parallelism: 0.90x
[4.472s][info   ][gc,stats       ]   CMR: <total>                      504 us
[4.472s][info   ][gc,stats       ]   CMR: Thread Roots                 227 us, workers (us): 227, ---, ---,
[4.472s][info   ][gc,stats       ]   CMR: VM Strong Roots               29 us, workers (us):  29, ---, ---,
[4.472s][info   ][gc,stats       ]   CMR: CLDG Roots                   248 us, workers (us): 248, ---, ---,
[4.472s][info   ][gc,stats       ] Concurrent Marking                12830 us
[4.472s][info   ][gc,stats       ] Pause Final Mark (G)                266 us
[4.472s][info   ][gc,stats       ] Pause Final Mark (N)                 80 us
[4.472s][info   ][gc,stats       ]   Finish Mark                        52 us
[4.472s][info   ][gc,stats       ]   Update Region States                2 us
[4.472s][info   ][gc,stats       ]   Choose Collection Set               9 us
[4.472s][info   ][gc,stats       ]   Rebuild Free Set                    1 us
[4.472s][info   ][gc,stats       ] Concurrent Weak References          123 us, parallelism: 0.61x
[4.472s][info   ][gc,stats       ]   CWRF: <total>                      76 us
[4.472s][info   ][gc,stats       ]   CWRF: Weak References              76 us, workers (us):  76, ---, ---,
[4.472s][info   ][gc,stats       ] Concurrent Weak Roots               424 us
[4.472s][info   ][gc,stats       ]   Roots                             349 us, parallelism: 0.87x
[4.472s][info   ][gc,stats       ]     CWR: <total>                    305 us
[4.472s][info   ][gc,stats       ]     CWR: Code Cache Roots           146 us, workers (us): 146, ---, ---,
[4.472s][info   ][gc,stats       ]     CWR: VM Weak Roots              145 us, workers (us): 145, ---, ---,
[4.472s][info   ][gc,stats       ]     CWR: CLDG Roots                  14 us, workers (us):  14, ---, ---,
[4.472s][info   ][gc,stats       ]   Rendezvous                         71 us
[4.472s][info   ][gc,stats       ] Concurrent Cleanup                   44 us
[4.472s][info   ][gc,stats       ] Concurrent Class Unloading         2333 us
[4.472s][info   ][gc,stats       ]   Unlink Stale                     2229 us
[4.472s][info   ][gc,stats       ]     System Dictionary                 4 us
[4.472s][info   ][gc,stats       ]     Weak Class Links                  0 us
[4.472s][info   ][gc,stats       ]     Code Roots                     2222 us
[4.472s][info   ][gc,stats       ]   Rendezvous                         49 us
[4.472s][info   ][gc,stats       ]   Purge Unlinked                     49 us
[4.472s][info   ][gc,stats       ]     Code Roots                       41 us
[4.472s][info   ][gc,stats       ]     CLDG                              7 us
[4.472s][info   ][gc,stats       ]     Exception Caches                  0 us
[4.472s][info   ][gc,stats       ] Pause Final Roots (G)               152 us
[4.472s][info   ][gc,stats       ] Pause Final Roots (N)                 5 us
[4.472s][info   ][gc,stats       ] Pacing                            14096 us
[4.472s][info   ][gc,stats       ]
[4.472s][info   ][gc,stats       ] Allocation pacing accrued:
[4.472s][info   ][gc,stats       ]      14 of    19 ms ( 75.6%): thread3
[4.472s][info   ][gc,stats       ]      14 of    19 ms ( 75.6%): <total>
[4.472s][info   ][gc,stats       ]       1 of    19 ms (  4.2%): <average total>
[4.472s][info   ][gc,stats       ]      14 of    19 ms ( 75.6%): <average non-zero>
[4.472s][info   ][gc,stats       ]
[4.474s][info   ][safepoint,stats] ShenandoahInitMark           [             18               1 ][            35000      17400      25500      77900 ]               1
[4.484s][info   ][gc,stats       ]
[4.484s][info   ][gc,stats       ] All times are wall-clock times, except per-root-class counters, that are sum over
[4.484s][info   ][gc,stats       ] all workers. Dividing the <total> over the root stage time estimates parallelism.
[4.484s][info   ][gc,stats       ]
[4.484s][info   ][gc,stats       ] Concurrent Reset                     45 us
[4.484s][info   ][gc,stats       ] Pause Init Mark (G)                 137 us
[4.484s][info   ][gc,stats       ] Pause Init Mark (N)                  14 us
[4.484s][info   ][gc,stats       ]   Update Region States                0 us
[4.484s][info   ][gc,stats       ] Concurrent Mark Roots               534 us, parallelism: 0.85x
[4.485s][info   ][gc,stats       ]   CMR: <total>                      454 us
[4.485s][info   ][gc,stats       ]   CMR: Thread Roots                 207 us, workers (us): 207, ---, ---,
[4.485s][info   ][gc,stats       ]   CMR: VM Strong Roots               22 us, workers (us):  22, ---, ---,
[4.485s][info   ][gc,stats       ]   CMR: CLDG Roots                   224 us, workers (us): 224, ---, ---,
[4.485s][info   ][gc,stats       ] Concurrent Marking                 9652 us
[4.485s][info   ][gc,stats       ] Pacing                            10126 us
[4.485s][info   ][gc,stats       ]
[4.485s][info   ][gc,stats       ] Allocation pacing accrued:
[4.485s][info   ][gc,stats       ]      10 of    12 ms ( 81.7%): thread3
[4.485s][info   ][gc,stats       ]      10 of    12 ms ( 81.7%): <total>
[4.485s][info   ][gc,stats       ]       1 of    12 ms (  4.5%): <average total>
[4.485s][info   ][gc,stats       ]      10 of    12 ms ( 81.7%): <average non-zero>
[4.485s][info   ][gc,stats       ]
[4.507s][info   ][safepoint,stats] ShenandoahDegeneratedGC      [             18               1 ][            56000      43700    7171500    7271200 ]               1
[4.508s][info   ][gc,stats       ]
[4.508s][info   ][gc,stats       ] All times are wall-clock times, except per-root-class counters, that are sum over
[4.508s][info   ][gc,stats       ] all workers. Dividing the <total> over the root stage time estimates parallelism.
[4.508s][info   ][gc,stats       ]
[4.508s][info   ][gc,stats       ]   Finish Mark                      1218 us
[4.508s][info   ][gc,stats       ] Pause Degenerated GC (G)           7437 us
[4.508s][info   ][gc,stats       ] Pause Degenerated GC (N)           7113 us
[4.508s][info   ][gc,stats       ]     System Purge                   5527 us
[4.508s][info   ][gc,stats       ]       Weak References                64 us, parallelism: 0.61x
[4.508s][info   ][gc,stats       ]         WRP: <total>                 39 us
[4.508s][info   ][gc,stats       ]         WRP: Weak References         39 us, workers (us):  39,   0,   0,
[4.508s][info   ][gc,stats       ]       Unload Classes               5194 us, parallelism: 0.44x
[4.508s][info   ][gc,stats       ]         DCU: <total>               2295 us
[4.508s][info   ][gc,stats       ]         DCU: Unload Code Caches     2295 us, workers (us): 744, 780, 771,
[4.508s][info   ][gc,stats       ]       Weak Roots                    235 us, parallelism: 2.51x
[4.508s][info   ][gc,stats       ]         DWR: <total>                589 us
[4.508s][info   ][gc,stats       ]         DWR: VM Weak Roots          589 us, workers (us): 198, 197, 193,
[4.508s][info   ][gc,stats       ]       CLDG                            1 us
[4.508s][info   ][gc,stats       ]   Update Region States                1 us
[4.508s][info   ][gc,stats       ]   Manage GC/TLABs                     6 us
[4.508s][info   ][gc,stats       ]   Choose Collection Set               9 us
[4.508s][info   ][gc,stats       ]   Rebuild Free Set                    2 us
[4.508s][info   ][gc,stats       ]   Cleanup                             3 us
[4.508s][info   ][gc,stats       ]
[4.508s][info   ][gc,stats       ] Allocation pacing accrued:
[4.508s][info   ][gc,stats       ]       0 of    23 ms (  0.0%): <total>
[4.508s][info   ][gc,stats       ]       0 of    23 ms (  0.0%): <average total>
[4.508s][info   ][gc,stats       ]
[4.509s][info   ][safepoint,stats] ShenandoahInitMark           [             18               1 ][            48700      37100      43900     129700 ]               1
[4.523s][info   ][safepoint,stats] ShenandoahFinalMarkStartEvac [             18               1 ][            19100      37100     150800     207000 ]               1
[4.526s][info   ][safepoint,stats] ShenandoahFinalRoots         [             18               2 ][            14700      27500      26000      68200 ]               1
[4.526s][info   ][gc,stats       ]
[4.526s][info   ][gc,stats       ] All times are wall-clock times, except per-root-class counters, that are sum over
[4.526s][info   ][gc,stats       ] all workers. Dividing the <total> over the root stage time estimates parallelism.
[4.526s][info   ][gc,stats       ]
[4.526s][info   ][gc,stats       ] Concurrent Reset                     49 us
[4.526s][info   ][gc,stats       ] Pause Init Mark (G)                 191 us
[4.526s][info   ][gc,stats       ] Pause Init Mark (N)                  18 us
[4.526s][info   ][gc,stats       ]   Update Region States                1 us
[4.526s][info   ][gc,stats       ] Concurrent Mark Roots               839 us, parallelism: 0.91x
[4.526s][info   ][gc,stats       ]   CMR: <total>                      762 us
[4.526s][info   ][gc,stats       ]   CMR: Thread Roots                 471 us, workers (us): 471, ---, ---,
[4.526s][info   ][gc,stats       ]   CMR: VM Strong Roots               22 us, workers (us):  22, ---, ---,
[4.526s][info   ][gc,stats       ]   CMR: CLDG Roots                   269 us, workers (us): 269, ---, ---,
[4.526s][info   ][gc,stats       ] Concurrent Marking                12639 us
[4.526s][info   ][gc,stats       ] Pause Final Mark (G)                288 us
[4.526s][info   ][gc,stats       ] Pause Final Mark (N)                121 us
[4.526s][info   ][gc,stats       ]   Finish Mark                        87 us
[4.526s][info   ][gc,stats       ]   Update Region States                2 us
[4.526s][info   ][gc,stats       ]   Choose Collection Set               9 us
[4.526s][info   ][gc,stats       ]   Rebuild Free Set                    3 us
[4.526s][info   ][gc,stats       ] Concurrent Weak References          108 us, parallelism: 0.57x
[4.527s][info   ][gc,stats       ]   CWRF: <total>                      62 us
[4.527s][info   ][gc,stats       ]   CWRF: Weak References              62 us, workers (us):  62, ---, ---,
[4.527s][info   ][gc,stats       ] Concurrent Weak Roots               614 us
[4.527s][info   ][gc,stats       ]   Roots                             539 us, parallelism: 0.88x
[4.527s][info   ][gc,stats       ]     CWR: <total>                    473 us
[4.527s][info   ][gc,stats       ]     CWR: Code Cache Roots           177 us, workers (us): 177, ---, ---,
[4.527s][info   ][gc,stats       ]     CWR: VM Weak Roots              283 us, workers (us): 283, ---, ---,
[4.527s][info   ][gc,stats       ]     CWR: CLDG Roots                  12 us, workers (us):  12, ---, ---,
[4.527s][info   ][gc,stats       ]   Rendezvous                         71 us
[4.527s][info   ][gc,stats       ] Concurrent Cleanup                   34 us
[4.527s][info   ][gc,stats       ] Concurrent Class Unloading         2542 us
[4.527s][info   ][gc,stats       ]   Unlink Stale                     2443 us
[4.527s][info   ][gc,stats       ]     System Dictionary                 9 us
[4.527s][info   ][gc,stats       ]     Weak Class Links                  0 us
[4.527s][info   ][gc,stats       ]     Code Roots                     2432 us
[4.527s][info   ][gc,stats       ]   Rendezvous                         48 us
[4.527s][info   ][gc,stats       ]   Purge Unlinked                     45 us
[4.527s][info   ][gc,stats       ]     Code Roots                       38 us
[4.527s][info   ][gc,stats       ]     CLDG                              6 us
[4.527s][info   ][gc,stats       ]     Exception Caches                  0 us
[4.527s][info   ][gc,stats       ] Pause Final Roots (G)               118 us
[4.527s][info   ][gc,stats       ] Pause Final Roots (N)                 4 us
[4.527s][info   ][gc,stats       ]
[4.527s][info   ][gc,stats       ] Allocation pacing accrued:
[4.527s][info   ][gc,stats       ]       0 of    19 ms (  0.0%): <total>
[4.527s][info   ][gc,stats       ]       0 of    19 ms (  0.0%): <average total>
[4.527s][info   ][gc,stats       ]
[4.532s][info   ][safepoint,stats] ShenandoahInitMark           [             18               1 ][            58200      17000      62600     137800 ]               1
[4.546s][info   ][safepoint,stats] ShenandoahFinalMarkStartEvac [             18               1 ][            25200      34500     107700     167400 ]               1
[4.549s][info   ][safepoint,stats] ShenandoahFinalRoots         [             18               1 ][            25200      20700      19800      65700 ]               1
[4.549s][info   ][gc,stats       ]
[4.549s][info   ][gc,stats       ] All times are wall-clock times, except per-root-class counters, that are sum over
[4.549s][info   ][gc,stats       ] all workers. Dividing the <total> over the root stage time estimates parallelism.
[4.549s][info   ][gc,stats       ]
[4.549s][info   ][gc,stats       ] Concurrent Reset                     40 us
[4.549s][info   ][gc,stats       ] Pause Init Mark (G)                 190 us
[4.549s][info   ][gc,stats       ] Pause Init Mark (N)                  12 us
[4.549s][info   ][gc,stats       ]   Update Region States                0 us
[4.549s][info   ][gc,stats       ] Concurrent Mark Roots              1020 us, parallelism: 0.92x
[4.549s][info   ][gc,stats       ]   CMR: <total>                      941 us
[4.549s][info   ][gc,stats       ]   CMR: Thread Roots                 419 us, workers (us): 419, ---, ---,
[4.549s][info   ][gc,stats       ]   CMR: VM Strong Roots               38 us, workers (us):  38, ---, ---,
[4.549s][info   ][gc,stats       ]   CMR: CLDG Roots                   484 us, workers (us): 484, ---, ---,
[4.550s][info   ][gc,stats       ] Concurrent Marking                12702 us
[4.550s][info   ][gc,stats       ] Pause Final Mark (G)                237 us
[4.550s][info   ][gc,stats       ] Pause Final Mark (N)                 88 us
[4.550s][info   ][gc,stats       ]   Finish Mark                        68 us
[4.550s][info   ][gc,stats       ]   Update Region States                2 us
[4.550s][info   ][gc,stats       ]   Choose Collection Set               3 us
[4.550s][info   ][gc,stats       ]   Rebuild Free Set                    3 us
[4.550s][info   ][gc,stats       ] Concurrent Weak References           83 us, parallelism: 0.33x
[4.550s][info   ][gc,stats       ]   CWRF: <total>                      27 us
[4.550s][info   ][gc,stats       ]   CWRF: Weak References              27 us, workers (us):  27, ---, ---,
[4.550s][info   ][gc,stats       ] Concurrent Weak Roots               399 us
[4.550s][info   ][gc,stats       ]   Roots                             318 us, parallelism: 0.85x
[4.550s][info   ][gc,stats       ]     CWR: <total>                    271 us
[4.550s][info   ][gc,stats       ]     CWR: Code Cache Roots           129 us, workers (us): 129, ---, ---,
[4.550s][info   ][gc,stats       ]     CWR: VM Weak Roots              136 us, workers (us): 136, ---, ---,
[4.550s][info   ][gc,stats       ]     CWR: CLDG Roots                   5 us, workers (us):   5, ---, ---,
[4.550s][info   ][gc,stats       ]   Rendezvous                         76 us
[4.550s][info   ][gc,stats       ] Concurrent Cleanup                    2 us
[4.550s][info   ][gc,stats       ] Concurrent Class Unloading         2601 us
[4.550s][info   ][gc,stats       ]   Unlink Stale                     2463 us
[4.550s][info   ][gc,stats       ]     System Dictionary                 4 us
[4.550s][info   ][gc,stats       ]     Weak Class Links                  0 us
[4.550s][info   ][gc,stats       ]     Code Roots                     2457 us
[4.550s][info   ][gc,stats       ]   Rendezvous                         76 us
[4.550s][info   ][gc,stats       ]   Purge Unlinked                     56 us
[4.550s][info   ][gc,stats       ]     Code Roots                       51 us
[4.550s][info   ][gc,stats       ]     CLDG                              4 us
[4.550s][info   ][gc,stats       ]     Exception Caches                  0 us
[4.550s][info   ][gc,stats       ] Pause Final Roots (G)               123 us
[4.550s][info   ][gc,stats       ] Pause Final Roots (N)                 5 us
[4.550s][info   ][gc,stats       ] Pacing                            35546 us
[4.550s][info   ][gc,stats       ]
[4.550s][info   ][gc,stats       ] Allocation pacing accrued:
[4.550s][info   ][gc,stats       ]      36 of    23 ms (153.9%): thread3
[4.550s][info   ][gc,stats       ]      36 of    23 ms (153.9%): <total>
[4.550s][info   ][gc,stats       ]       2 of    23 ms (  8.5%): <average total>
[4.550s][info   ][gc,stats       ]      36 of    23 ms (153.9%): <average non-zero>
[4.550s][info   ][gc,stats       ]
[4.551s][info   ][safepoint,stats] ShenandoahInitMark           [             18               1 ][            34300      17400      26400      78100 ]               1
[4.564s][info   ][safepoint,stats] ShenandoahFinalMarkStartEvac [             18               1 ][            24700      21500     208100     254300 ]               1
[4.567s][info   ][safepoint,stats] ShenandoahFinalRoots         [             18               1 ][            18600      21200      22800      62600 ]               1
[4.567s][info   ][gc,stats       ]
[4.567s][info   ][gc,stats       ] All times are wall-clock times, except per-root-class counters, that are sum over
[4.567s][info   ][gc,stats       ] all workers. Dividing the <total> over the root stage time estimates parallelism.
[4.567s][info   ][gc,stats       ]
[4.567s][info   ][gc,stats       ] Concurrent Reset                     55 us
[4.567s][info   ][gc,stats       ] Pause Init Mark (G)                 119 us
[4.567s][info   ][gc,stats       ] Pause Init Mark (N)                  15 us
[4.567s][info   ][gc,stats       ]   Update Region States                1 us
[4.567s][info   ][gc,stats       ] Concurrent Mark Roots               530 us, parallelism: 0.87x
[4.567s][info   ][gc,stats       ]   CMR: <total>                      462 us
[4.567s][info   ][gc,stats       ]   CMR: Thread Roots                 212 us, workers (us): 212, ---, ---,
[4.567s][info   ][gc,stats       ]   CMR: VM Strong Roots               24 us, workers (us):  24, ---, ---,
[4.567s][info   ][gc,stats       ]   CMR: CLDG Roots                   227 us, workers (us): 227, ---, ---,
[4.567s][info   ][gc,stats       ] Concurrent Marking                12156 us
[4.567s][info   ][gc,stats       ] Pause Final Mark (G)                331 us
[4.567s][info   ][gc,stats       ] Pause Final Mark (N)                126 us
[4.567s][info   ][gc,stats       ]   Finish Mark                       104 us
[4.567s][info   ][gc,stats       ]   Update Region States                1 us
[4.567s][info   ][gc,stats       ]   Choose Collection Set               8 us
[4.567s][info   ][gc,stats       ]   Rebuild Free Set                    3 us
[4.567s][info   ][gc,stats       ] Concurrent Weak References           49 us, parallelism: 0.63x
[4.567s][info   ][gc,stats       ]   CWRF: <total>                      31 us
[4.567s][info   ][gc,stats       ]   CWRF: Weak References              31 us, workers (us):  31, ---, ---,
[4.567s][info   ][gc,stats       ] Concurrent Weak Roots               387 us
[4.567s][info   ][gc,stats       ]   Roots                             321 us, parallelism: 0.90x
[4.567s][info   ][gc,stats       ]     CWR: <total>                    290 us
[4.567s][info   ][gc,stats       ]     CWR: Code Cache Roots           146 us, workers (us): 146, ---, ---,
[4.567s][info   ][gc,stats       ]     CWR: VM Weak Roots              137 us, workers (us): 137, ---, ---,
[4.567s][info   ][gc,stats       ]     CWR: CLDG Roots                   7 us, workers (us):   7, ---, ---,
[4.567s][info   ][gc,stats       ]   Rendezvous                         62 us
[4.567s][info   ][gc,stats       ] Concurrent Cleanup                   77 us
[4.567s][info   ][gc,stats       ] Concurrent Class Unloading         2192 us
[4.567s][info   ][gc,stats       ]   Unlink Stale                     2062 us
[4.567s][info   ][gc,stats       ]     System Dictionary                 4 us
[4.567s][info   ][gc,stats       ]     Weak Class Links                  0 us
[4.567s][info   ][gc,stats       ]     Code Roots                     2056 us
[4.567s][info   ][gc,stats       ]   Rendezvous                         81 us
[4.567s][info   ][gc,stats       ]   Purge Unlinked                     45 us
[4.567s][info   ][gc,stats       ]     Code Roots                       40 us
[4.567s][info   ][gc,stats       ]     CLDG                              4 us
[4.567s][info   ][gc,stats       ]     Exception Caches                  0 us
[4.567s][info   ][gc,stats       ] Pause Final Roots (G)               119 us
[4.567s][info   ][gc,stats       ] Pause Final Roots (N)                 4 us
[4.567s][info   ][gc,stats       ] Pacing                            13116 us
[4.567s][info   ][gc,stats       ]
[4.567s][info   ][gc,stats       ] Allocation pacing accrued:
[4.567s][info   ][gc,stats       ]      13 of    17 ms ( 75.1%): thread3
[4.567s][info   ][gc,stats       ]      13 of    17 ms ( 75.1%): <total>
[4.567s][info   ][gc,stats       ]       1 of    17 ms (  4.2%): <average total>
[4.567s][info   ][gc,stats       ]      13 of    17 ms ( 75.1%): <average non-zero>
[4.567s][info   ][gc,stats       ]
[4.608s][info   ][safepoint,stats] ShenandoahDegeneratedGC      [             18               1 ][            46000      37800   27285800   27369600 ]               1
[4.608s][info   ][gc,stats       ]
[4.608s][info   ][gc,stats       ] All times are wall-clock times, except per-root-class counters, that are sum over
[4.608s][info   ][gc,stats       ] all workers. Dividing the <total> over the root stage time estimates parallelism.
[4.608s][info   ][gc,stats       ]
[4.608s][info   ][gc,stats       ] Pause Degenerated GC (G)          27459 us
[4.608s][info   ][gc,stats       ] Pause Degenerated GC (N)          27256 us
[4.608s][info   ][gc,stats       ]   Degen STW Mark                   4655 us, parallelism: 2.95x
[4.608s][info   ][gc,stats       ]     DSM: <total>                  13720 us
[4.608s][info   ][gc,stats       ]     DSM: Thread Roots               120 us, workers (us):  48,  37,  36,
[4.608s][info   ][gc,stats       ]     DSM: VM Strong Roots             35 us, workers (us):  18,   0,  17,
[4.608s][info   ][gc,stats       ]     DSM: CLDG Roots                 231 us, workers (us):   1, 228,   2,
[4.608s][info   ][gc,stats       ]     DSM: Parallel Mark            13334 us, workers (us): 4509, 4310, 4515,
[4.608s][info   ][gc,stats       ]     System Purge                   5470 us
[4.608s][info   ][gc,stats       ]       Weak References                54 us, parallelism: 0.73x
[4.608s][info   ][gc,stats       ]         WRP: <total>                 40 us
[4.608s][info   ][gc,stats       ]         WRP: Weak References         40 us, workers (us):   8,  30,   2,
[4.608s][info   ][gc,stats       ]       Unload Classes               5176 us, parallelism: 0.43x
[4.608s][info   ][gc,stats       ]         DCU: <total>               2230 us
[4.608s][info   ][gc,stats       ]         DCU: Unload Code Caches     2230 us, workers (us): 750, 767, 712,
[4.608s][info   ][gc,stats       ]       Weak Roots                    206 us, parallelism: 2.52x
[4.608s][info   ][gc,stats       ]         DWR: <total>                520 us
[4.608s][info   ][gc,stats       ]         DWR: VM Weak Roots          520 us, workers (us): 182, 169, 170,
[4.608s][info   ][gc,stats       ]       CLDG                            0 us
[4.608s][info   ][gc,stats       ]   Update Region States                1 us
[4.608s][info   ][gc,stats       ]   Manage GC/TLABs                     6 us
[4.608s][info   ][gc,stats       ]   Choose Collection Set               3 us
[4.608s][info   ][gc,stats       ]   Rebuild Free Set                    2 us
[4.608s][info   ][gc,stats       ]   Cleanup                             0 us
[4.608s][info   ][gc,stats       ]   Pre Heap Dump                       1 us
[4.608s][info   ][gc,stats       ]   Prepare                            50 us
[4.608s][info   ][gc,stats       ]   Mark                             9509 us, parallelism: 1.17x
[4.608s][info   ][gc,stats       ]     FM: <total>                   11133 us
[4.608s][info   ][gc,stats       ]     FM: Thread Roots                104 us, workers (us):  36,  27,  42,
[4.608s][info   ][gc,stats       ]     FM: VM Strong Roots              27 us, workers (us):   0,  24,   3,
[4.608s][info   ][gc,stats       ]     FM: CLDG Roots                  173 us, workers (us): 166,   2,   5,
[4.608s][info   ][gc,stats       ]     FM: Parallel Mark             10829 us, workers (us): 3522, 3652, 3655,
[4.608s][info   ][gc,stats       ]     System Purge                   5731 us
[4.608s][info   ][gc,stats       ]       Weak References                65 us, parallelism: 0.71x
[4.608s][info   ][gc,stats       ]         WRP: <total>                 46 us
[4.608s][info   ][gc,stats       ]         WRP: Weak References         46 us, workers (us):  34,   4,   8,
[4.608s][info   ][gc,stats       ]       Unload Classes               5411 us, parallelism: 0.38x
[4.608s][info   ][gc,stats       ]         CU: <total>                2034 us
[4.608s][info   ][gc,stats       ]         CU: Unload Code Caches     2034 us, workers (us): 660, 687, 688,
[4.608s][info   ][gc,stats       ]       Weak Roots                    217 us, parallelism: 2.37x
[4.608s][info   ][gc,stats       ]         WR: <total>                 516 us
[4.608s][info   ][gc,stats       ]         WR: VM Weak Roots           516 us, workers (us): 177, 171, 167,
[4.608s][info   ][gc,stats       ]       CLDG                            1 us
[4.608s][info   ][gc,stats       ]   Calculate Addresses              2519 us
[4.608s][info   ][gc,stats       ]     Regular Objects                2515 us
[4.608s][info   ][gc,stats       ]     Humongous Objects                 1 us
[4.608s][info   ][gc,stats       ]   Adjust Pointers                  3100 us
[4.608s][info   ][gc,stats       ]     FA: <total>                    1539 us
[4.608s][info   ][gc,stats       ]     FA: Thread Roots                 56 us, workers (us):   1,  53,   2,
[4.608s][info   ][gc,stats       ]     FA: Code Cache Roots           1197 us, workers (us): 375, 110, 713,
[4.608s][info   ][gc,stats       ]     FA: VM Strong Roots               9 us, workers (us):   4,   4,   1,
[4.608s][info   ][gc,stats       ]     FA: VM Weak Roots               220 us, workers (us):  76,  76,  68,
[4.608s][info   ][gc,stats       ]     FA: CLDG Roots                   57 us, workers (us):  11,  41,   6,
[4.608s][info   ][gc,stats       ]   Copy Objects                     1645 us
[4.608s][info   ][gc,stats       ]     Regular Objects                1598 us
[4.608s][info   ][gc,stats       ]     Humongous Objects                 1 us
[4.608s][info   ][gc,stats       ]     Reset Complete Bitmap            36 us
[4.608s][info   ][gc,stats       ]     Rebuild Region Sets               6 us
[4.608s][info   ][gc,stats       ]   Post Heap Dump                      1 us
[4.608s][info   ][gc,stats       ]
[4.608s][info   ][gc,stats       ] Allocation pacing accrued:
[4.608s][info   ][gc,stats       ]       0 of    41 ms (  0.0%): <total>
[4.608s][info   ][gc,stats       ]       0 of    41 ms (  0.0%): <average total>
[4.608s][info   ][gc,stats       ]
[4.610s][info   ][safepoint,stats] ShenandoahInitMark           [             18               1 ][            46200      20100      26100      92400 ]               1
[4.624s][info   ][safepoint,stats] ShenandoahFinalMarkStartEvac [             18               1 ][            25300      32500     112900     170700 ]               1
[4.627s][info   ][safepoint,stats] ShenandoahFinalRoots         [             18               1 ][            14600      30300      20300      65200 ]               1
[4.627s][info   ][gc,stats       ]
[4.627s][info   ][gc,stats       ] All times are wall-clock times, except per-root-class counters, that are sum over
[4.627s][info   ][gc,stats       ] all workers. Dividing the <total> over the root stage time estimates parallelism.
[4.627s][info   ][gc,stats       ]
[4.627s][info   ][gc,stats       ] Concurrent Reset                     52 us
[4.627s][info   ][gc,stats       ] Pause Init Mark (G)                 138 us
[4.627s][info   ][gc,stats       ] Pause Init Mark (N)                  14 us
[4.627s][info   ][gc,stats       ]   Update Region States                0 us
[4.627s][info   ][gc,stats       ] Concurrent Mark Roots               694 us, parallelism: 0.91x
[4.627s][info   ][gc,stats       ]   CMR: <total>                      629 us
[4.627s][info   ][gc,stats       ]   CMR: Thread Roots                 399 us, workers (us): 399, ---, ---,
[4.627s][info   ][gc,stats       ]   CMR: VM Strong Roots               19 us, workers (us):  19, ---, ---,
[4.627s][info   ][gc,stats       ]   CMR: CLDG Roots                   211 us, workers (us): 211, ---, ---,
[4.627s][info   ][gc,stats       ] Concurrent Marking                12870 us
[4.627s][info   ][gc,stats       ] Pause Final Mark (G)                259 us
[4.627s][info   ][gc,stats       ] Pause Final Mark (N)                 93 us
[4.627s][info   ][gc,stats       ]   Finish Mark                        69 us
[4.627s][info   ][gc,stats       ]   Update Region States                1 us
[4.628s][info   ][gc,stats       ]   Choose Collection Set               5 us
[4.628s][info   ][gc,stats       ]   Rebuild Free Set                    2 us
[4.628s][info   ][gc,stats       ] Concurrent Weak References           88 us, parallelism: 0.33x
[4.628s][info   ][gc,stats       ]   CWRF: <total>                      29 us
[4.628s][info   ][gc,stats       ]   CWRF: Weak References              29 us, workers (us):  29, ---, ---,
[4.628s][info   ][gc,stats       ] Concurrent Weak Roots               609 us
[4.628s][info   ][gc,stats       ]   Roots                             512 us, parallelism: 0.83x
[4.628s][info   ][gc,stats       ]     CWR: <total>                    425 us
[4.628s][info   ][gc,stats       ]     CWR: Code Cache Roots           131 us, workers (us): 131, ---, ---,
[4.628s][info   ][gc,stats       ]     CWR: VM Weak Roots              282 us, workers (us): 282, ---, ---,
[4.628s][info   ][gc,stats       ]     CWR: CLDG Roots                  12 us, workers (us):  12, ---, ---,
[4.628s][info   ][gc,stats       ]   Rendezvous                         92 us
[4.628s][info   ][gc,stats       ] Concurrent Cleanup                   35 us
[4.628s][info   ][gc,stats       ] Concurrent Class Unloading         2163 us
[4.628s][info   ][gc,stats       ]   Unlink Stale                     2065 us
[4.628s][info   ][gc,stats       ]     System Dictionary                 4 us
[4.628s][info   ][gc,stats       ]     Weak Class Links                  0 us
[4.628s][info   ][gc,stats       ]     Code Roots                     2060 us
[4.628s][info   ][gc,stats       ]   Rendezvous                         48 us
[4.628s][info   ][gc,stats       ]   Purge Unlinked                     44 us
[4.628s][info   ][gc,stats       ]     Code Roots                       36 us
[4.628s][info   ][gc,stats       ]     CLDG                              6 us
[4.628s][info   ][gc,stats       ]     Exception Caches                  0 us
[4.628s][info   ][gc,stats       ] Pause Final Roots (G)               177 us
[4.628s][info   ][gc,stats       ] Pause Final Roots (N)                 5 us
[4.628s][info   ][gc,stats       ] Pacing                             2322 us
[4.628s][info   ][gc,stats       ]
[4.628s][info   ][gc,stats       ] Allocation pacing accrued:
[4.628s][info   ][gc,stats       ]       2 of    20 ms ( 11.7%): thread3
[4.628s][info   ][gc,stats       ]       2 of    20 ms ( 11.7%): <total>
[4.628s][info   ][gc,stats       ]       0 of    20 ms (  0.7%): <average total>
[4.628s][info   ][gc,stats       ]       2 of    20 ms ( 11.7%): <average non-zero>
[4.628s][info   ][gc,stats       ]
[4.644s][info   ][safepoint,stats] ShenandoahInitMark           [             18               2 ][            47000      47000      66700     160700 ]               1
[4.645s][info   ][gc,stats       ]
[4.645s][info   ][gc,stats       ] All times are wall-clock times, except per-root-class counters, that are sum over
[4.645s][info   ][gc,stats       ] all workers. Dividing the <total> over the root stage time estimates parallelism.
[4.645s][info   ][gc,stats       ]
[4.645s][info   ][gc,stats       ] Concurrent Reset                     82 us
[4.645s][info   ][gc,stats       ] Pause Init Mark (G)                 255 us
[4.645s][info   ][gc,stats       ] Pause Init Mark (N)                  33 us
[4.645s][info   ][gc,stats       ]   Update Region States                1 us
[4.645s][info   ][gc,stats       ] Concurrent Mark Roots               623 us, parallelism: 0.87x
[4.645s][info   ][gc,stats       ]   CMR: <total>                      540 us
[4.645s][info   ][gc,stats       ]   CMR: Thread Roots                 225 us, workers (us): 225, ---, ---,
[4.645s][info   ][gc,stats       ]   CMR: VM Strong Roots               33 us, workers (us):  33, ---, ---,
[4.645s][info   ][gc,stats       ]   CMR: CLDG Roots                   282 us, workers (us): 282, ---, ---,
[4.645s][info   ][gc,stats       ] Pacing                            27280 us
[4.645s][info   ][gc,stats       ]
[4.645s][info   ][gc,stats       ] Allocation pacing accrued:
[4.645s][info   ][gc,stats       ]      27 of    17 ms (157.4%): thread3
[4.645s][info   ][gc,stats       ]      27 of    17 ms (157.4%): <total>
[4.645s][info   ][gc,stats       ]       2 of    17 ms (  8.7%): <average total>
[4.645s][info   ][gc,stats       ]      27 of    17 ms (157.4%): <average non-zero>
[4.645s][info   ][gc,stats       ]
[4.671s][info   ][safepoint,stats] ShenandoahDegeneratedGC      [             18               1 ][            34100      57500   11315500   11407100 ]               1
[4.672s][info   ][gc,stats       ]
[4.672s][info   ][gc,stats       ] All times are wall-clock times, except per-root-class counters, that are sum over
[4.672s][info   ][gc,stats       ] all workers. Dividing the <total> over the root stage time estimates parallelism.
[4.672s][info   ][gc,stats       ]
[4.672s][info   ][gc,stats       ] Pause Degenerated GC (G)          11523 us
[4.672s][info   ][gc,stats       ] Pause Degenerated GC (N)          11289 us
[4.672s][info   ][gc,stats       ]   Degen STW Mark                   5057 us, parallelism: 2.94x
[4.672s][info   ][gc,stats       ]     DSM: <total>                  14850 us
[4.672s][info   ][gc,stats       ]     DSM: Thread Roots               205 us, workers (us): 104,  45,  57,
[4.672s][info   ][gc,stats       ]     DSM: VM Strong Roots             50 us, workers (us):  10,   0,  39,
[4.672s][info   ][gc,stats       ]     DSM: CLDG Roots                 247 us, workers (us):   2, 236,   8,
[4.672s][info   ][gc,stats       ]     DSM: Parallel Mark            14349 us, workers (us): 4841, 4678, 4830,
[4.672s][info   ][gc,stats       ]     System Purge                   5798 us
[4.672s][info   ][gc,stats       ]       Weak References                73 us, parallelism: 0.64x
[4.672s][info   ][gc,stats       ]         WRP: <total>                 47 us
[4.672s][info   ][gc,stats       ]         WRP: Weak References         47 us, workers (us):  14,  30,   3,
[4.672s][info   ][gc,stats       ]       Unload Classes               5463 us, parallelism: 0.46x
[4.672s][info   ][gc,stats       ]         DCU: <total>               2517 us
[4.672s][info   ][gc,stats       ]         DCU: Unload Code Caches     2517 us, workers (us): 829, 773, 914,
[4.672s][info   ][gc,stats       ]       Weak Roots                    225 us, parallelism: 2.27x
[4.672s][info   ][gc,stats       ]         DWR: <total>                511 us
[4.672s][info   ][gc,stats       ]         DWR: VM Weak Roots          511 us, workers (us): 176, 166, 169,
[4.672s][info   ][gc,stats       ]       CLDG                            1 us
[4.672s][info   ][gc,stats       ]   Update Region States                2 us
[4.672s][info   ][gc,stats       ]   Manage GC/TLABs                     7 us
[4.672s][info   ][gc,stats       ]   Choose Collection Set              10 us
[4.672s][info   ][gc,stats       ]   Rebuild Free Set                    2 us
[4.672s][info   ][gc,stats       ]   Cleanup                             1 us
[4.672s][info   ][gc,stats       ]
[4.672s][info   ][gc,stats       ] Allocation pacing accrued:
[4.672s][info   ][gc,stats       ]       0 of    27 ms (  0.0%): <total>
[4.672s][info   ][gc,stats       ]       0 of    27 ms (  0.0%): <average total>
[4.672s][info   ][gc,stats       ]
[4.673s][info   ][safepoint,stats] ShenandoahInitMark           [             18               1 ][            56300      30100      30400     116800 ]               1
[4.686s][info   ][safepoint,stats] ShenandoahFinalMarkStartEvac [             18               1 ][            20200      73100     135200     228500 ]               1
[4.690s][info   ][safepoint,stats] ShenandoahFinalRoots         [             18               1 ][            25100      47100      30400     102600 ]               1
[4.690s][info   ][gc,stats       ]
[4.690s][info   ][gc,stats       ] All times are wall-clock times, except per-root-class counters, that are sum over
[4.690s][info   ][gc,stats       ] all workers. Dividing the <total> over the root stage time estimates parallelism.
[4.690s][info   ][gc,stats       ]
[4.690s][info   ][gc,stats       ] Concurrent Reset                     43 us
[4.690s][info   ][gc,stats       ] Pause Init Mark (G)                 158 us
[4.690s][info   ][gc,stats       ] Pause Init Mark (N)                  14 us
[4.690s][info   ][gc,stats       ]   Update Region States                0 us
[4.690s][info   ][gc,stats       ] Concurrent Mark Roots               496 us, parallelism: 0.91x
[4.690s][info   ][gc,stats       ]   CMR: <total>                      452 us
[4.690s][info   ][gc,stats       ]   CMR: Thread Roots                 210 us, workers (us): 210, ---, ---,
[4.690s][info   ][gc,stats       ]   CMR: VM Strong Roots               21 us, workers (us):  21, ---, ---,
[4.690s][info   ][gc,stats       ]   CMR: CLDG Roots                   221 us, workers (us): 221, ---, ---,
[4.690s][info   ][gc,stats       ] Concurrent Marking                12246 us
[4.690s][info   ][gc,stats       ] Pause Final Mark (G)                342 us
[4.690s][info   ][gc,stats       ] Pause Final Mark (N)                103 us
[4.690s][info   ][gc,stats       ]   Finish Mark                        68 us
[4.690s][info   ][gc,stats       ]   Update Region States                2 us
[4.690s][info   ][gc,stats       ]   Choose Collection Set              10 us
[4.690s][info   ][gc,stats       ]   Rebuild Free Set                    3 us
[4.690s][info   ][gc,stats       ] Concurrent Weak References          113 us, parallelism: 0.56x
[4.690s][info   ][gc,stats       ]   CWRF: <total>                      63 us
[4.690s][info   ][gc,stats       ]   CWRF: Weak References              63 us, workers (us):  63, ---, ---,
[4.690s][info   ][gc,stats       ] Concurrent Weak Roots               647 us
[4.690s][info   ][gc,stats       ]   Roots                             538 us, parallelism: 0.87x
[4.690s][info   ][gc,stats       ]     CWR: <total>                    469 us
[4.690s][info   ][gc,stats       ]     CWR: Code Cache Roots           173 us, workers (us): 173, ---, ---,
[4.690s][info   ][gc,stats       ]     CWR: VM Weak Roots              284 us, workers (us): 284, ---, ---,
[4.690s][info   ][gc,stats       ]     CWR: CLDG Roots                  12 us, workers (us):  12, ---, ---,
[4.690s][info   ][gc,stats       ]   Rendezvous                        105 us
[4.690s][info   ][gc,stats       ] Concurrent Cleanup                   38 us
[4.690s][info   ][gc,stats       ] Concurrent Class Unloading         2584 us
[4.690s][info   ][gc,stats       ]   Unlink Stale                     2440 us
[4.690s][info   ][gc,stats       ]     System Dictionary                 4 us
[4.690s][info   ][gc,stats       ]     Weak Class Links                  0 us
[4.690s][info   ][gc,stats       ]     Code Roots                     2435 us
[4.690s][info   ][gc,stats       ]   Rendezvous                         59 us
[4.690s][info   ][gc,stats       ]   Purge Unlinked                     78 us
[4.690s][info   ][gc,stats       ]     Code Roots                       70 us
[4.690s][info   ][gc,stats       ]     CLDG                              7 us
[4.690s][info   ][gc,stats       ]     Exception Caches                  0 us
[4.690s][info   ][gc,stats       ] Pause Final Roots (G)               212 us
[4.690s][info   ][gc,stats       ] Pause Final Roots (N)                 6 us
[4.690s][info   ][gc,stats       ]
[4.690s][info   ][gc,stats       ] Allocation pacing accrued:
[4.690s][info   ][gc,stats       ]       0 of    18 ms (  0.0%): <total>
[4.690s][info   ][gc,stats       ]       0 of    18 ms (  0.0%): <average total>
[4.690s][info   ][gc,stats       ]
[4.692s][info   ][safepoint,stats] ShenandoahInitMark           [             18               2 ][            91200      19700      33200     144100 ]               1
[4.706s][info   ][safepoint,stats] ShenandoahFinalMarkStartEvac [             18               1 ][            21500      77500     147700     246700 ]               1
[4.709s][info   ][safepoint,stats] ShenandoahFinalRoots         [             18               1 ][            15200      43100      32000      90300 ]               1
[4.709s][info   ][gc,stats       ]
[4.709s][info   ][gc,stats       ] All times are wall-clock times, except per-root-class counters, that are sum over
[4.709s][info   ][gc,stats       ] all workers. Dividing the <total> over the root stage time estimates parallelism.
[4.709s][info   ][gc,stats       ]
[4.709s][info   ][gc,stats       ] Concurrent Reset                     30 us
[4.709s][info   ][gc,stats       ] Pause Init Mark (G)                 186 us
[4.709s][info   ][gc,stats       ] Pause Init Mark (N)                  14 us
[4.709s][info   ][gc,stats       ]   Update Region States                0 us
[4.709s][info   ][gc,stats       ] Concurrent Mark Roots               533 us, parallelism: 0.92x
[4.709s][info   ][gc,stats       ]   CMR: <total>                      488 us
[4.709s][info   ][gc,stats       ]   CMR: Thread Roots                 216 us, workers (us): 216, ---, ---,
[4.709s][info   ][gc,stats       ]   CMR: VM Strong Roots               26 us, workers (us):  26, ---, ---,
[4.709s][info   ][gc,stats       ]   CMR: CLDG Roots                   246 us, workers (us): 246, ---, ---,
[4.709s][info   ][gc,stats       ] Concurrent Marking                12310 us
[4.709s][info   ][gc,stats       ] Pause Final Mark (G)                351 us
[4.709s][info   ][gc,stats       ] Pause Final Mark (N)                115 us
[4.709s][info   ][gc,stats       ]   Finish Mark                        85 us
[4.709s][info   ][gc,stats       ]   Update Region States                2 us
[4.709s][info   ][gc,stats       ]   Choose Collection Set               4 us
[4.709s][info   ][gc,stats       ]   Rebuild Free Set                    4 us
[4.709s][info   ][gc,stats       ] Concurrent Weak References          122 us, parallelism: 0.50x
[4.709s][info   ][gc,stats       ]   CWRF: <total>                      61 us
[4.709s][info   ][gc,stats       ]   CWRF: Weak References              61 us, workers (us):  61, ---, ---,
[4.709s][info   ][gc,stats       ] Concurrent Weak Roots               628 us
[4.709s][info   ][gc,stats       ]   Roots                             537 us, parallelism: 0.87x
[4.709s][info   ][gc,stats       ]     CWR: <total>                    465 us
[4.709s][info   ][gc,stats       ]     CWR: Code Cache Roots           171 us, workers (us): 171, ---, ---,
[4.709s][info   ][gc,stats       ]     CWR: VM Weak Roots              282 us, workers (us): 282, ---, ---,
[4.709s][info   ][gc,stats       ]     CWR: CLDG Roots                  12 us, workers (us):  12, ---, ---,
[4.709s][info   ][gc,stats       ]   Rendezvous                         86 us
[4.709s][info   ][gc,stats       ] Concurrent Cleanup                    2 us
[4.709s][info   ][gc,stats       ] Concurrent Class Unloading         2618 us
[4.709s][info   ][gc,stats       ]   Unlink Stale                     2421 us
[4.709s][info   ][gc,stats       ]     System Dictionary                 4 us
[4.709s][info   ][gc,stats       ]     Weak Class Links                  0 us
[4.709s][info   ][gc,stats       ]     Code Roots                     2415 us
[4.709s][info   ][gc,stats       ]   Rendezvous                        107 us
[4.709s][info   ][gc,stats       ]   Purge Unlinked                     83 us
[4.709s][info   ][gc,stats       ]     Code Roots                       75 us
[4.709s][info   ][gc,stats       ]     CLDG                              7 us
[4.709s][info   ][gc,stats       ]     Exception Caches                  0 us
[4.709s][info   ][gc,stats       ] Pause Final Roots (G)               172 us
[4.709s][info   ][gc,stats       ] Pause Final Roots (N)                 4 us
[4.710s][info   ][gc,stats       ] Pacing                            30561 us
[4.710s][info   ][gc,stats       ]
[4.710s][info   ][gc,stats       ] Allocation pacing accrued:
[4.710s][info   ][gc,stats       ]      31 of    19 ms (158.6%): thread3
[4.710s][info   ][gc,stats       ]      31 of    19 ms (158.6%): <total>
[4.710s][info   ][gc,stats       ]       2 of    19 ms (  8.8%): <average total>
[4.710s][info   ][gc,stats       ]      31 of    19 ms (158.6%): <average non-zero>
[4.710s][info   ][gc,stats       ]
[4.712s][info   ][safepoint,stats] ShenandoahInitMark           [             18               1 ][            24800      22300      34900      82000 ]               1
[4.724s][info   ][gc,stats       ]
[4.724s][info   ][gc,stats       ] All times are wall-clock times, except per-root-class counters, that are sum over
[4.724s][info   ][gc,stats       ] all workers. Dividing the <total> over the root stage time estimates parallelism.
[4.724s][info   ][gc,stats       ]
[4.724s][info   ][gc,stats       ] Concurrent Reset                     51 us
[4.724s][info   ][gc,stats       ] Pause Init Mark (G)                 134 us
[4.724s][info   ][gc,stats       ] Pause Init Mark (N)                  15 us
[4.724s][info   ][gc,stats       ]   Update Region States                1 us
[4.724s][info   ][gc,stats       ] Concurrent Mark Roots               525 us, parallelism: 0.88x
[4.724s][info   ][gc,stats       ]   CMR: <total>                      462 us
[4.724s][info   ][gc,stats       ]   CMR: Thread Roots                 213 us, workers (us): 213, ---, ---,
[4.724s][info   ][gc,stats       ]   CMR: VM Strong Roots               22 us, workers (us):  22, ---, ---,
[4.724s][info   ][gc,stats       ]   CMR: CLDG Roots                   226 us, workers (us): 226, ---, ---,
[4.724s][info   ][gc,stats       ] Concurrent Marking                11677 us
[4.724s][info   ][gc,stats       ] Pacing                            13095 us
[4.724s][info   ][gc,stats       ]
[4.724s][info   ][gc,stats       ] Allocation pacing accrued:
[4.724s][info   ][gc,stats       ]      13 of    14 ms ( 90.4%): thread3
[4.724s][info   ][gc,stats       ]      13 of    14 ms ( 90.4%): <total>
[4.724s][info   ][gc,stats       ]       1 of    14 ms (  5.0%): <average total>
[4.724s][info   ][gc,stats       ]      13 of    14 ms ( 90.4%): <average non-zero>
[4.724s][info   ][gc,stats       ]
[4.746s][info   ][safepoint,stats] ShenandoahDegeneratedGC      [             18               1 ][            72800      43800    6750000    6866600 ]               1
[4.747s][info   ][gc,stats       ]
[4.747s][info   ][gc,stats       ] All times are wall-clock times, except per-root-class counters, that are sum over
[4.747s][info   ][gc,stats       ] all workers. Dividing the <total> over the root stage time estimates parallelism.
[4.747s][info   ][gc,stats       ]
[4.747s][info   ][gc,stats       ]   Finish Mark                       420 us
[4.747s][info   ][gc,stats       ] Pause Degenerated GC (G)           6979 us
[4.747s][info   ][gc,stats       ] Pause Degenerated GC (N)           6719 us
[4.747s][info   ][gc,stats       ]     System Purge                   6015 us
[4.747s][info   ][gc,stats       ]       Weak References               138 us, parallelism: 0.63x
[4.747s][info   ][gc,stats       ]         WRP: <total>                 86 us
[4.747s][info   ][gc,stats       ]         WRP: Weak References         86 us, workers (us):  86,   0,   0,
[4.747s][info   ][gc,stats       ]       Unload Classes               5444 us, parallelism: 0.52x
[4.747s][info   ][gc,stats       ]         DCU: <total>               2843 us
[4.747s][info   ][gc,stats       ]         DCU: Unload Code Caches     2843 us, workers (us): 1003, 943, 896,
[4.747s][info   ][gc,stats       ]       Weak Roots                    396 us, parallelism: 2.37x
[4.747s][info   ][gc,stats       ]         DWR: <total>                939 us
[4.747s][info   ][gc,stats       ]         DWR: VM Weak Roots          939 us, workers (us): 312, 314, 313,
[4.747s][info   ][gc,stats       ]       CLDG                            1 us
[4.747s][info   ][gc,stats       ]   Update Region States                1 us
[4.747s][info   ][gc,stats       ]   Manage GC/TLABs                     7 us
[4.747s][info   ][gc,stats       ]   Choose Collection Set               9 us
[4.747s][info   ][gc,stats       ]   Rebuild Free Set                    2 us
[4.747s][info   ][gc,stats       ]   Cleanup                             1 us
[4.747s][info   ][gc,stats       ]
[4.747s][info   ][gc,stats       ] Allocation pacing accrued:
[4.747s][info   ][gc,stats       ]       0 of    23 ms (  0.0%): <total>
[4.747s][info   ][gc,stats       ]       0 of    23 ms (  0.0%): <average total>
[4.747s][info   ][gc,stats       ]
[4.749s][info   ][safepoint,stats] ShenandoahInitMark           [             18               1 ][            40100      33900      38000     112000 ]               1
[4.762s][info   ][safepoint,stats] ShenandoahFinalMarkStartEvac [             18               1 ][            20500      46500     176900     243900 ]               1
[4.766s][info   ][safepoint,stats] ShenandoahFinalRoots         [             18               1 ][            26400      39500      28700      94600 ]               1
[4.766s][info   ][gc,stats       ]
[4.766s][info   ][gc,stats       ] All times are wall-clock times, except per-root-class counters, that are sum over
[4.766s][info   ][gc,stats       ] all workers. Dividing the <total> over the root stage time estimates parallelism.
[4.766s][info   ][gc,stats       ]
[4.766s][info   ][gc,stats       ] Concurrent Reset                     64 us
[4.766s][info   ][gc,stats       ] Pause Init Mark (G)                 189 us
[4.766s][info   ][gc,stats       ] Pause Init Mark (N)                  19 us
[4.766s][info   ][gc,stats       ]   Update Region States                1 us
[4.766s][info   ][gc,stats       ] Concurrent Mark Roots               534 us, parallelism: 0.88x
[4.766s][info   ][gc,stats       ]   CMR: <total>                      472 us
[4.766s][info   ][gc,stats       ]   CMR: Thread Roots                 216 us, workers (us): 216, ---, ---,
[4.766s][info   ][gc,stats       ]   CMR: VM Strong Roots               24 us, workers (us):  24, ---, ---,
[4.766s][info   ][gc,stats       ]   CMR: CLDG Roots                   231 us, workers (us): 231, ---, ---,
[4.766s][info   ][gc,stats       ] Concurrent Marking                12429 us
[4.766s][info   ][gc,stats       ] Pause Final Mark (G)                358 us
[4.766s][info   ][gc,stats       ] Pause Final Mark (N)                146 us
[4.766s][info   ][gc,stats       ]   Finish Mark                       108 us
[4.766s][info   ][gc,stats       ]   Update Region States                2 us
[4.766s][info   ][gc,stats       ]   Choose Collection Set              11 us
[4.766s][info   ][gc,stats       ]   Rebuild Free Set                    4 us
[4.766s][info   ][gc,stats       ] Concurrent Weak References          111 us, parallelism: 0.57x
[4.766s][info   ][gc,stats       ]   CWRF: <total>                      63 us
[4.766s][info   ][gc,stats       ]   CWRF: Weak References              63 us, workers (us):  63, ---, ---,
[4.766s][info   ][gc,stats       ] Concurrent Weak Roots               612 us
[4.766s][info   ][gc,stats       ]   Roots                             542 us, parallelism: 0.88x
[4.766s][info   ][gc,stats       ]     CWR: <total>                    476 us
[4.766s][info   ][gc,stats       ]     CWR: Code Cache Roots           171 us, workers (us): 171, ---, ---,
[4.766s][info   ][gc,stats       ]     CWR: VM Weak Roots              294 us, workers (us): 294, ---, ---,
[4.766s][info   ][gc,stats       ]     CWR: CLDG Roots                  11 us, workers (us):  11, ---, ---,
[4.766s][info   ][gc,stats       ]   Rendezvous                         67 us
[4.766s][info   ][gc,stats       ] Concurrent Cleanup                   81 us
[4.766s][info   ][gc,stats       ] Concurrent Class Unloading         2773 us
[4.766s][info   ][gc,stats       ]   Unlink Stale                     2631 us
[4.766s][info   ][gc,stats       ]     System Dictionary                 5 us
[4.766s][info   ][gc,stats       ]     Weak Class Links                  0 us
[4.766s][info   ][gc,stats       ]     Code Roots                     2624 us
[4.766s][info   ][gc,stats       ]   Rendezvous                         75 us
[4.766s][info   ][gc,stats       ]   Purge Unlinked                     62 us
[4.766s][info   ][gc,stats       ]     Code Roots                       57 us
[4.766s][info   ][gc,stats       ]     CLDG                              4 us
[4.766s][info   ][gc,stats       ]     Exception Caches                  0 us
[4.766s][info   ][gc,stats       ] Pause Final Roots (G)               156 us
[4.766s][info   ][gc,stats       ] Pause Final Roots (N)                 5 us
[4.766s][info   ][gc,stats       ]
[4.766s][info   ][gc,stats       ] Allocation pacing accrued:
[4.766s][info   ][gc,stats       ]       0 of    19 ms (  0.0%): <total>
[4.766s][info   ][gc,stats       ]       0 of    19 ms (  0.0%): <average total>
[4.766s][info   ][gc,stats       ]
[4.772s][info   ][safepoint,stats] ShenandoahInitMark           [             18               2 ][           156400      36700      66800     259900 ]               1
[4.785s][info   ][safepoint,stats] VM Operation                 [ threads: total initial_running ][ time:       sync    cleanup       vmop      total ] page_trap_count
[4.785s][info   ][safepoint,stats] ShenandoahFinalMarkStartEvac [             18               1 ][            19400      43300     134500     197200 ]               1
[4.788s][info   ][safepoint,stats] ShenandoahFinalRoots         [             18               1 ][            15600      24500      20800      60900 ]               1
[4.788s][info   ][gc,stats       ]
[4.788s][info   ][gc,stats       ] All times are wall-clock times, except per-root-class counters, that are sum over
[4.788s][info   ][gc,stats       ] all workers. Dividing the <total> over the root stage time estimates parallelism.
[4.788s][info   ][gc,stats       ]
[4.788s][info   ][gc,stats       ] Concurrent Reset                     31 us
[4.788s][info   ][gc,stats       ] Pause Init Mark (G)                 328 us
[4.788s][info   ][gc,stats       ] Pause Init Mark (N)                  35 us
[4.788s][info   ][gc,stats       ]   Update Region States                1 us
[4.788s][info   ][gc,stats       ] Concurrent Mark Roots               527 us, parallelism: 0.89x
[4.788s][info   ][gc,stats       ]   CMR: <total>                      469 us
[4.788s][info   ][gc,stats       ]   CMR: Thread Roots                 195 us, workers (us): 195, ---, ---,
[4.788s][info   ][gc,stats       ]   CMR: VM Strong Roots               29 us, workers (us):  29, ---, ---,
[4.788s][info   ][gc,stats       ]   CMR: CLDG Roots                   246 us, workers (us): 246, ---, ---,
[4.788s][info   ][gc,stats       ] Concurrent Marking                12156 us
[4.788s][info   ][gc,stats       ] Pause Final Mark (G)                291 us
[4.788s][info   ][gc,stats       ] Pause Final Mark (N)                106 us
[4.788s][info   ][gc,stats       ]   Finish Mark                        76 us
[4.788s][info   ][gc,stats       ]   Update Region States                2 us
[4.788s][info   ][gc,stats       ]   Choose Collection Set               4 us
[4.788s][info   ][gc,stats       ]   Rebuild Free Set                    4 us
[4.788s][info   ][gc,stats       ] Concurrent Weak References          113 us, parallelism: 0.56x
[4.788s][info   ][gc,stats       ]   CWRF: <total>                      63 us
[4.788s][info   ][gc,stats       ]   CWRF: Weak References              63 us, workers (us):  63, ---, ---,
[4.788s][info   ][gc,stats       ] Concurrent Weak Roots               641 us
[4.788s][info   ][gc,stats       ]   Roots                             547 us, parallelism: 0.88x
[4.788s][info   ][gc,stats       ]     CWR: <total>                    479 us
[4.788s][info   ][gc,stats       ]     CWR: Code Cache Roots           186 us, workers (us): 186, ---, ---,
[4.788s][info   ][gc,stats       ]     CWR: VM Weak Roots              282 us, workers (us): 282, ---, ---,
[4.788s][info   ][gc,stats       ]     CWR: CLDG Roots                  12 us, workers (us):  12, ---, ---,
[4.788s][info   ][gc,stats       ]   Rendezvous                         89 us
[4.788s][info   ][gc,stats       ] Concurrent Cleanup                    2 us
[4.788s][info   ][gc,stats       ] Concurrent Class Unloading         2542 us
[4.788s][info   ][gc,stats       ]   Unlink Stale                     2374 us
[4.788s][info   ][gc,stats       ]     System Dictionary                 4 us
[4.788s][info   ][gc,stats       ]     Weak Class Links                  0 us
[4.788s][info   ][gc,stats       ]     Code Roots                     2368 us
[4.788s][info   ][gc,stats       ]   Rendezvous                         87 us
[4.789s][info   ][gc,stats       ]   Purge Unlinked                     74 us
[4.789s][info   ][gc,stats       ]     Code Roots                       69 us
[4.789s][info   ][gc,stats       ]     CLDG                              4 us
[4.789s][info   ][gc,stats       ]     Exception Caches                  0 us
[4.789s][info   ][gc,stats       ] Pause Final Roots (G)               131 us
[4.789s][info   ][gc,stats       ] Pause Final Roots (N)                 5 us
[4.789s][info   ][gc,stats       ] Pacing                            34073 us
[4.789s][info   ][gc,stats       ]
[4.789s][info   ][gc,stats       ] Allocation pacing accrued:
[4.789s][info   ][gc,stats       ]      34 of    23 ms (151.4%): thread3
[4.789s][info   ][gc,stats       ]      34 of    23 ms (151.4%): <total>
[4.789s][info   ][gc,stats       ]       2 of    23 ms (  8.4%): <average total>
[4.789s][info   ][gc,stats       ]      34 of    23 ms (151.4%): <average non-zero>
[4.789s][info   ][gc,stats       ]
[4.791s][info   ][safepoint,stats] ShenandoahInitMark           [             18               1 ][            35300      18200      26000      79500 ]               1
[4.804s][info   ][gc,stats       ]
[4.804s][info   ][gc,stats       ] All times are wall-clock times, except per-root-class counters, that are sum over
[4.804s][info   ][gc,stats       ] all workers. Dividing the <total> over the root stage time estimates parallelism.
[4.804s][info   ][gc,stats       ]
[4.804s][info   ][gc,stats       ] Concurrent Reset                     53 us
[4.804s][info   ][gc,stats       ] Pause Init Mark (G)                 126 us
[4.804s][info   ][gc,stats       ] Pause Init Mark (N)                  13 us
[4.804s][info   ][gc,stats       ]   Update Region States                1 us
[4.804s][info   ][gc,stats       ] Concurrent Mark Roots               703 us, parallelism: 0.89x
[4.804s][info   ][gc,stats       ]   CMR: <total>                      627 us
[4.804s][info   ][gc,stats       ]   CMR: Thread Roots                 383 us, workers (us): 383, ---, ---,
[4.804s][info   ][gc,stats       ]   CMR: VM Strong Roots               22 us, workers (us):  22, ---, ---,
[4.804s][info   ][gc,stats       ]   CMR: CLDG Roots                   222 us, workers (us): 222, ---, ---,
[4.804s][info   ][gc,stats       ] Concurrent Marking                12252 us
[4.804s][info   ][gc,stats       ] Pacing                            14047 us
[4.804s][info   ][gc,stats       ]
[4.804s][info   ][gc,stats       ] Allocation pacing accrued:
[4.804s][info   ][gc,stats       ]      14 of    15 ms ( 92.0%): thread3
[4.804s][info   ][gc,stats       ]      14 of    15 ms ( 92.0%): <total>
[4.804s][info   ][gc,stats       ]       1 of    15 ms (  5.1%): <average total>
[4.804s][info   ][gc,stats       ]      14 of    15 ms ( 92.0%): <average non-zero>
[4.804s][info   ][gc,stats       ]
[4.826s][info   ][safepoint,stats] ShenandoahDegeneratedGC      [             18               1 ][            57300      43200    6281200    6381700 ]               1
[4.826s][info   ][gc,stats       ]
[4.826s][info   ][gc,stats       ] All times are wall-clock times, except per-root-class counters, that are sum over
[4.826s][info   ][gc,stats       ] all workers. Dividing the <total> over the root stage time estimates parallelism.
[4.826s][info   ][gc,stats       ]
[4.826s][info   ][gc,stats       ]   Finish Mark                        48 us
[4.826s][info   ][gc,stats       ] Pause Degenerated GC (G)           6525 us
[4.826s][info   ][gc,stats       ] Pause Degenerated GC (N)           6249 us
[4.826s][info   ][gc,stats       ]     System Purge                   5667 us
[4.826s][info   ][gc,stats       ]       Weak References                69 us, parallelism: 0.75x
[4.826s][info   ][gc,stats       ]         WRP: <total>                 51 us
[4.826s][info   ][gc,stats       ]         WRP: Weak References         51 us, workers (us):  43,   8,   0,
[4.826s][info   ][gc,stats       ]       Unload Classes               5300 us, parallelism: 0.42x
[4.826s][info   ][gc,stats       ]         DCU: <total>               2203 us
[4.826s][info   ][gc,stats       ]         DCU: Unload Code Caches     2203 us, workers (us): 712, 749, 742,
[4.826s][info   ][gc,stats       ]       Weak Roots                    262 us, parallelism: 2.54x
[4.826s][info   ][gc,stats       ]         DWR: <total>                665 us
[4.826s][info   ][gc,stats       ]         DWR: VM Weak Roots          665 us, workers (us): 233, 217, 216,
[4.826s][info   ][gc,stats       ]       CLDG                            1 us
[4.826s][info   ][gc,stats       ]   Update Region States                2 us
[4.826s][info   ][gc,stats       ]   Manage GC/TLABs                    11 us
[4.826s][info   ][gc,stats       ]   Choose Collection Set              10 us
[4.826s][info   ][gc,stats       ]   Rebuild Free Set                    2 us
[4.826s][info   ][gc,stats       ]   Cleanup                             1 us
[4.826s][info   ][gc,stats       ]
[4.826s][info   ][gc,stats       ] Allocation pacing accrued:
[4.827s][info   ][gc,stats       ]       0 of    23 ms (  0.0%): <total>
[4.827s][info   ][gc,stats       ]       0 of    23 ms (  0.0%): <average total>
[4.827s][info   ][gc,stats       ]
[4.829s][info   ][safepoint,stats] ShenandoahInitMark           [             18               1 ][            38500      31400      42600     112500 ]               1
[4.842s][info   ][safepoint,stats] ShenandoahFinalMarkStartEvac [             18               1 ][            19400      53100     159500     232000 ]               1
[4.845s][info   ][safepoint,stats] ShenandoahFinalRoots         [             18               2 ][            16100      24900      20400      61400 ]               1
[4.845s][info   ][gc,stats       ]
[4.845s][info   ][gc,stats       ] All times are wall-clock times, except per-root-class counters, that are sum over
[4.845s][info   ][gc,stats       ] all workers. Dividing the <total> over the root stage time estimates parallelism.
[4.845s][info   ][gc,stats       ]
[4.845s][info   ][gc,stats       ] Concurrent Reset                     58 us
[4.845s][info   ][gc,stats       ] Pause Init Mark (G)                 166 us
[4.845s][info   ][gc,stats       ] Pause Init Mark (N)                  18 us
[4.845s][info   ][gc,stats       ]   Update Region States                1 us
[4.845s][info   ][gc,stats       ] Concurrent Mark Roots               551 us, parallelism: 0.88x
[4.845s][info   ][gc,stats       ]   CMR: <total>                      482 us
[4.845s][info   ][gc,stats       ]   CMR: Thread Roots                 232 us, workers (us): 232, ---, ---,
[4.845s][info   ][gc,stats       ]   CMR: VM Strong Roots               24 us, workers (us):  24, ---, ---,
[4.845s][info   ][gc,stats       ]   CMR: CLDG Roots                   226 us, workers (us): 226, ---, ---,
[4.845s][info   ][gc,stats       ] Concurrent Marking                12109 us
[4.845s][info   ][gc,stats       ] Pause Final Mark (G)                327 us
[4.845s][info   ][gc,stats       ] Pause Final Mark (N)                133 us
[4.845s][info   ][gc,stats       ]   Finish Mark                        93 us
[4.845s][info   ][gc,stats       ]   Update Region States                3 us
[4.845s][info   ][gc,stats       ]   Choose Collection Set              12 us
[4.845s][info   ][gc,stats       ]   Rebuild Free Set                    4 us
[4.845s][info   ][gc,stats       ] Concurrent Weak References          134 us, parallelism: 0.60x
[4.845s][info   ][gc,stats       ]   CWRF: <total>                      80 us
[4.845s][info   ][gc,stats       ]   CWRF: Weak References              80 us, workers (us):  80, ---, ---,
[4.845s][info   ][gc,stats       ] Concurrent Weak Roots               683 us
[4.845s][info   ][gc,stats       ]   Roots                             567 us, parallelism: 0.87x
[4.845s][info   ][gc,stats       ]     CWR: <total>                    494 us
[4.845s][info   ][gc,stats       ]     CWR: Code Cache Roots           229 us, workers (us): 229, ---, ---,
[4.845s][info   ][gc,stats       ]     CWR: VM Weak Roots              247 us, workers (us): 247, ---, ---,
[4.845s][info   ][gc,stats       ]     CWR: CLDG Roots                  18 us, workers (us):  18, ---, ---,
[4.845s][info   ][gc,stats       ]   Rendezvous                        112 us
[4.845s][info   ][gc,stats       ] Concurrent Cleanup                   68 us
[4.845s][info   ][gc,stats       ] Concurrent Class Unloading         2621 us
[4.845s][info   ][gc,stats       ]   Unlink Stale                     2468 us
[4.845s][info   ][gc,stats       ]     System Dictionary                12 us
[4.845s][info   ][gc,stats       ]     Weak Class Links                  0 us
[4.845s][info   ][gc,stats       ]     Code Roots                     2453 us
[4.846s][info   ][gc,stats       ]   Rendezvous                         80 us
[4.846s][info   ][gc,stats       ]   Purge Unlinked                     69 us
[4.846s][info   ][gc,stats       ]     Code Roots                       63 us
[4.846s][info   ][gc,stats       ]     CLDG                              4 us
[4.846s][info   ][gc,stats       ]     Exception Caches                  0 us
[4.846s][info   ][gc,stats       ] Pause Final Roots (G)               125 us
[4.846s][info   ][gc,stats       ] Pause Final Roots (N)                 5 us
[4.846s][info   ][gc,stats       ] Pacing                             8096 us
[4.846s][info   ][gc,stats       ]
[4.846s][info   ][gc,stats       ] Allocation pacing accrued:
[4.846s][info   ][gc,stats       ]       8 of    19 ms ( 42.5%): thread3
[4.846s][info   ][gc,stats       ]       8 of    19 ms ( 42.5%): <total>
[4.846s][info   ][gc,stats       ]       0 of    19 ms (  2.4%): <average total>
[4.846s][info   ][gc,stats       ]       8 of    19 ms ( 42.5%): <average non-zero>
[4.846s][info   ][gc,stats       ]
[4.852s][info   ][safepoint,stats] ShenandoahInitMark           [             18               1 ][           119000      52700      83600     255300 ]               1
[4.865s][info   ][safepoint,stats] ShenandoahFinalMarkStartEvac [             18               1 ][            20200      36100     148600     204900 ]               1
[4.869s][info   ][safepoint,stats] ShenandoahFinalRoots         [             18               2 ][            26700      44500      30500     101700 ]               1
[4.869s][info   ][gc,stats       ]
[4.869s][info   ][gc,stats       ] All times are wall-clock times, except per-root-class counters, that are sum over
[4.869s][info   ][gc,stats       ] all workers. Dividing the <total> over the root stage time estimates parallelism.
[4.869s][info   ][gc,stats       ]
[4.869s][info   ][gc,stats       ] Concurrent Reset                     55 us
[4.869s][info   ][gc,stats       ] Pause Init Mark (G)                 340 us
[4.869s][info   ][gc,stats       ] Pause Init Mark (N)                  42 us
[4.869s][info   ][gc,stats       ]   Update Region States                2 us
[4.869s][info   ][gc,stats       ] Concurrent Mark Roots               694 us, parallelism: 0.92x
[4.869s][info   ][gc,stats       ]   CMR: <total>                      637 us
[4.869s][info   ][gc,stats       ]   CMR: Thread Roots                 226 us, workers (us): 226, ---, ---,
[4.869s][info   ][gc,stats       ]   CMR: VM Strong Roots               47 us, workers (us):  47, ---, ---,
[4.869s][info   ][gc,stats       ]   CMR: CLDG Roots                   364 us, workers (us): 364, ---, ---,
[4.869s][info   ][gc,stats       ] Concurrent Marking                12056 us
[4.869s][info   ][gc,stats       ] Pause Final Mark (G)                309 us
[4.869s][info   ][gc,stats       ] Pause Final Mark (N)                125 us
[4.869s][info   ][gc,stats       ]   Finish Mark                        90 us
[4.869s][info   ][gc,stats       ]   Update Region States                2 us
[4.869s][info   ][gc,stats       ]   Choose Collection Set               9 us
[4.869s][info   ][gc,stats       ]   Rebuild Free Set                    3 us
[4.869s][info   ][gc,stats       ] Concurrent Weak References          134 us, parallelism: 0.47x
[4.869s][info   ][gc,stats       ]   CWRF: <total>                      63 us
[4.869s][info   ][gc,stats       ]   CWRF: Weak References              63 us, workers (us):  63, ---, ---,
[4.869s][info   ][gc,stats       ] Concurrent Weak Roots               637 us
[4.869s][info   ][gc,stats       ]   Roots                             546 us, parallelism: 0.87x
[4.869s][info   ][gc,stats       ]     CWR: <total>                    475 us
[4.869s][info   ][gc,stats       ]     CWR: Code Cache Roots           169 us, workers (us): 169, ---, ---,
[4.869s][info   ][gc,stats       ]     CWR: VM Weak Roots              294 us, workers (us): 294, ---, ---,
[4.869s][info   ][gc,stats       ]     CWR: CLDG Roots                  11 us, workers (us):  11, ---, ---,
[4.869s][info   ][gc,stats       ]   Rendezvous                         86 us
[4.869s][info   ][gc,stats       ] Concurrent Cleanup                   38 us
[4.869s][info   ][gc,stats       ] Concurrent Class Unloading         2657 us
[4.869s][info   ][gc,stats       ]   Unlink Stale                     2470 us
[4.869s][info   ][gc,stats       ]     System Dictionary                 4 us
[4.869s][info   ][gc,stats       ]     Weak Class Links                  0 us
[4.869s][info   ][gc,stats       ]     Code Roots                     2464 us
[4.869s][info   ][gc,stats       ]   Rendezvous                        119 us
[4.869s][info   ][gc,stats       ]   Purge Unlinked                     59 us
[4.869s][info   ][gc,stats       ]     Code Roots                       54 us
[4.869s][info   ][gc,stats       ]     CLDG                              4 us
[4.869s][info   ][gc,stats       ]     Exception Caches                  0 us
[4.869s][info   ][gc,stats       ] Pause Final Roots (G)               163 us
[4.869s][info   ][gc,stats       ] Pause Final Roots (N)                 6 us
[4.869s][info   ][gc,stats       ] Pacing                            28685 us
[4.869s][info   ][gc,stats       ]
[4.869s][info   ][gc,stats       ] Allocation pacing accrued:
[4.869s][info   ][gc,stats       ]      29 of    23 ms (123.0%): thread3
[4.869s][info   ][gc,stats       ]      29 of    23 ms (123.0%): <total>
[4.869s][info   ][gc,stats       ]       2 of    23 ms (  6.8%): <average total>
[4.869s][info   ][gc,stats       ]      29 of    23 ms (123.0%): <average non-zero>
[4.869s][info   ][gc,stats       ]
[4.871s][info   ][safepoint,stats] ShenandoahInitMark           [             18               1 ][            51000      30600      38600     120200 ]               1
[4.871s][info   ][gc,stats       ]
[4.871s][info   ][gc,stats       ] All times are wall-clock times, except per-root-class counters, that are sum over
[4.871s][info   ][gc,stats       ] all workers. Dividing the <total> over the root stage time estimates parallelism.
[4.871s][info   ][gc,stats       ]
[4.871s][info   ][gc,stats       ] Concurrent Reset                     73 us
[4.871s][info   ][gc,stats       ] Pause Init Mark (G)                 197 us
[4.871s][info   ][gc,stats       ] Pause Init Mark (N)                  19 us
[4.871s][info   ][gc,stats       ]   Update Region States                0 us
[4.871s][info   ][gc,stats       ] Concurrent Mark Roots               532 us, parallelism: 0.87x
[4.871s][info   ][gc,stats       ]   CMR: <total>                      465 us
[4.871s][info   ][gc,stats       ]   CMR: Thread Roots                 227 us, workers (us): 227, ---, ---,
[4.871s][info   ][gc,stats       ]   CMR: VM Strong Roots               29 us, workers (us):  29, ---, ---,
[4.871s][info   ][gc,stats       ]   CMR: CLDG Roots                   209 us, workers (us): 209, ---, ---,
[4.871s][info   ][gc,stats       ]
[4.871s][info   ][gc,stats       ] Allocation pacing accrued:
[4.871s][info   ][gc,stats       ]       0 of     3 ms (  0.0%): <total>
[4.871s][info   ][gc,stats       ]       0 of     3 ms (  0.0%): <average total>
[4.871s][info   ][gc,stats       ]
[4.895s][info   ][safepoint,stats] ShenandoahDegeneratedGC      [             18               1 ][           115900      46500   11274800   11437200 ]               1
[4.895s][info   ][gc,stats       ]
[4.895s][info   ][gc,stats       ] All times are wall-clock times, except per-root-class counters, that are sum over
[4.895s][info   ][gc,stats       ] all workers. Dividing the <total> over the root stage time estimates parallelism.
[4.895s][info   ][gc,stats       ]
[4.895s][info   ][gc,stats       ] Pause Degenerated GC (G)          11536 us
[4.895s][info   ][gc,stats       ] Pause Degenerated GC (N)          11247 us
[4.895s][info   ][gc,stats       ]   Degen STW Mark                   4721 us, parallelism: 2.93x
[4.895s][info   ][gc,stats       ]     DSM: <total>                  13827 us
[4.895s][info   ][gc,stats       ]     DSM: Thread Roots               217 us, workers (us):  78,  78,  61,
[4.895s][info   ][gc,stats       ]     DSM: VM Strong Roots             42 us, workers (us):  16,   1,  25,
[4.895s][info   ][gc,stats       ]     DSM: CLDG Roots                 328 us, workers (us):   5, 314,   9,
[4.895s][info   ][gc,stats       ]     DSM: Parallel Mark            13240 us, workers (us): 4515, 4219, 4506,
[4.895s][info   ][gc,stats       ]     System Purge                   6110 us
[4.895s][info   ][gc,stats       ]       Weak References                92 us, parallelism: 0.76x
[4.895s][info   ][gc,stats       ]         WRP: <total>                 70 us
[4.895s][info   ][gc,stats       ]         WRP: Weak References         70 us, workers (us):  54,  15,   0,
[4.895s][info   ][gc,stats       ]       Unload Classes               5702 us, parallelism: 0.51x
[4.895s][info   ][gc,stats       ]         DCU: <total>               2925 us
[4.895s][info   ][gc,stats       ]         DCU: Unload Code Caches     2925 us, workers (us): 967, 926, 1033,
[4.895s][info   ][gc,stats       ]       Weak Roots                    278 us, parallelism: 2.35x
[4.895s][info   ][gc,stats       ]         DWR: <total>                655 us
[4.895s][info   ][gc,stats       ]         DWR: VM Weak Roots          655 us, workers (us): 228, 214, 213,
[4.895s][info   ][gc,stats       ]       CLDG                            1 us
[4.895s][info   ][gc,stats       ]   Update Region States                2 us
[4.895s][info   ][gc,stats       ]   Manage GC/TLABs                     8 us
[4.895s][info   ][gc,stats       ]   Choose Collection Set              11 us
[4.895s][info   ][gc,stats       ]   Rebuild Free Set                    2 us
[4.895s][info   ][gc,stats       ]   Cleanup                             1 us
[4.895s][info   ][gc,stats       ]
[4.896s][info   ][gc,stats       ] Allocation pacing accrued:
[4.896s][info   ][gc,stats       ]       0 of    24 ms (  0.0%): <total>
[4.896s][info   ][gc,stats       ]       0 of    24 ms (  0.0%): <average total>
[4.896s][info   ][gc,stats       ]
[4.898s][info   ][safepoint,stats] ShenandoahInitMark           [             18               1 ][            57400      45100      62600     165100 ]               1
[4.912s][info   ][safepoint,stats] ShenandoahFinalMarkStartEvac [             18               0 ][            13700      58800     210200     282700 ]               0
[4.916s][info   ][safepoint,stats] ShenandoahFinalRoots         [             18               0 ][             8800      36200      23100      68100 ]               0
[4.916s][info   ][gc,stats       ]
[4.916s][info   ][gc,stats       ] All times are wall-clock times, except per-root-class counters, that are sum over
[4.916s][info   ][gc,stats       ] all workers. Dividing the <total> over the root stage time estimates parallelism.
[4.916s][info   ][gc,stats       ]
[4.916s][info   ][gc,stats       ] Concurrent Reset                    135 us
[4.916s][info   ][gc,stats       ] Pause Init Mark (G)                 238 us
[4.916s][info   ][gc,stats       ] Pause Init Mark (N)                  26 us
[4.916s][info   ][gc,stats       ]   Update Region States                2 us
[4.916s][info   ][gc,stats       ] Concurrent Mark Roots               906 us, parallelism: 0.90x
[4.916s][info   ][gc,stats       ]   CMR: <total>                      814 us
[4.916s][info   ][gc,stats       ]   CMR: Thread Roots                 462 us, workers (us): 462, ---, ---,
[4.916s][info   ][gc,stats       ]   CMR: VM Strong Roots               24 us, workers (us):  24, ---, ---,
[4.916s][info   ][gc,stats       ]   CMR: CLDG Roots                   328 us, workers (us): 328, ---, ---,
[4.917s][info   ][gc,stats       ] Concurrent Marking                13146 us
[4.917s][info   ][gc,stats       ] Pause Final Mark (G)                436 us
[4.917s][info   ][gc,stats       ] Pause Final Mark (N)                193 us
[4.917s][info   ][gc,stats       ]   Finish Mark                       140 us
[4.917s][info   ][gc,stats       ]   Update Region States                4 us
[4.917s][info   ][gc,stats       ]   Choose Collection Set              16 us
[4.917s][info   ][gc,stats       ]   Rebuild Free Set                    5 us
[4.917s][info   ][gc,stats       ] Concurrent Weak References           92 us, parallelism: 0.37x
[4.917s][info   ][gc,stats       ]   CWRF: <total>                      34 us
[4.917s][info   ][gc,stats       ]   CWRF: Weak References              34 us, workers (us):  34, ---, ---,
[4.917s][info   ][gc,stats       ] Concurrent Weak Roots               748 us
[4.917s][info   ][gc,stats       ]   Roots                             690 us, parallelism: 0.86x
[4.917s][info   ][gc,stats       ]     CWR: <total>                    591 us
[4.917s][info   ][gc,stats       ]     CWR: Code Cache Roots           211 us, workers (us): 211, ---, ---,
[4.917s][info   ][gc,stats       ]     CWR: VM Weak Roots              363 us, workers (us): 363, ---, ---,
[4.917s][info   ][gc,stats       ]     CWR: CLDG Roots                  16 us, workers (us):  16, ---, ---,
[4.917s][info   ][gc,stats       ]   Rendezvous                         52 us
[4.917s][info   ][gc,stats       ] Concurrent Cleanup                   81 us
[4.917s][info   ][gc,stats       ] Concurrent Class Unloading         2829 us
[4.917s][info   ][gc,stats       ]   Unlink Stale                     2642 us
[4.917s][info   ][gc,stats       ]     System Dictionary                 5 us
[4.917s][info   ][gc,stats       ]     Weak Class Links                  0 us
[4.917s][info   ][gc,stats       ]     Code Roots                     2635 us
[4.917s][info   ][gc,stats       ]   Rendezvous                         84 us
[4.917s][info   ][gc,stats       ]   Purge Unlinked                     96 us
[4.917s][info   ][gc,stats       ]     Code Roots                       91 us
[4.917s][info   ][gc,stats       ]     CLDG                              4 us
[4.917s][info   ][gc,stats       ]     Exception Caches                  0 us
[4.917s][info   ][gc,stats       ] Pause Final Roots (G)               158 us
[4.917s][info   ][gc,stats       ] Pause Final Roots (N)                 9 us
[4.917s][info   ][gc,stats       ] Pacing                            16126 us
[4.917s][info   ][gc,stats       ]
[4.917s][info   ][gc,stats       ] Allocation pacing accrued:
[4.917s][info   ][gc,stats       ]      16 of    21 ms ( 76.4%): thread3
[4.917s][info   ][gc,stats       ]      16 of    21 ms ( 76.4%): <total>
[4.917s][info   ][gc,stats       ]       1 of    21 ms (  4.2%): <average total>
[4.917s][info   ][gc,stats       ]      16 of    21 ms ( 76.4%): <average non-zero>
[4.917s][info   ][gc,stats       ]
[4.919s][info   ][safepoint,stats] ShenandoahInitMark           [             18               0 ][             9700      33800      30300      73800 ]               0
[4.932s][info   ][safepoint,stats] ShenandoahFinalMarkStartEvac [             18               1 ][            20800      23600      94900     139300 ]               0
[4.936s][info   ][safepoint,stats] ShenandoahFinalRoots         [             18               1 ][            17600      47000      72300     136900 ]               1
[4.936s][info   ][gc,stats       ]
[4.936s][info   ][gc,stats       ] All times are wall-clock times, except per-root-class counters, that are sum over
[4.936s][info   ][gc,stats       ] all workers. Dividing the <total> over the root stage time estimates parallelism.
[4.936s][info   ][gc,stats       ]
[4.936s][info   ][gc,stats       ] Concurrent Reset                     83 us
[4.936s][info   ][gc,stats       ] Pause Init Mark (G)                 170 us
[4.936s][info   ][gc,stats       ] Pause Init Mark (N)                  20 us
[4.936s][info   ][gc,stats       ]   Update Region States                1 us
[4.936s][info   ][gc,stats       ] Concurrent Mark Roots               692 us, parallelism: 0.89x
[4.936s][info   ][gc,stats       ]   CMR: <total>                      618 us
[4.936s][info   ][gc,stats       ]   CMR: Thread Roots                 306 us, workers (us): 306, ---, ---,
[4.936s][info   ][gc,stats       ]   CMR: VM Strong Roots               26 us, workers (us):  26, ---, ---,
[4.936s][info   ][gc,stats       ]   CMR: CLDG Roots                   286 us, workers (us): 286, ---, ---,
[4.936s][info   ][gc,stats       ] Concurrent Marking                12197 us
[4.936s][info   ][gc,stats       ] Pause Final Mark (G)                194 us
[4.936s][info   ][gc,stats       ] Pause Final Mark (N)                 72 us
[4.936s][info   ][gc,stats       ]   Finish Mark                        42 us
[4.936s][info   ][gc,stats       ]   Update Region States                2 us
[4.936s][info   ][gc,stats       ]   Choose Collection Set              14 us
[4.936s][info   ][gc,stats       ]   Rebuild Free Set                    2 us
[4.936s][info   ][gc,stats       ] Concurrent Weak References           63 us, parallelism: 0.59x
[4.936s][info   ][gc,stats       ]   CWRF: <total>                      37 us
[4.936s][info   ][gc,stats       ]   CWRF: Weak References              37 us, workers (us):  37, ---, ---,
[4.936s][info   ][gc,stats       ] Concurrent Weak Roots               409 us
[4.936s][info   ][gc,stats       ]   Roots                             337 us, parallelism: 0.86x
[4.936s][info   ][gc,stats       ]     CWR: <total>                    290 us
[4.936s][info   ][gc,stats       ]     CWR: Code Cache Roots           146 us, workers (us): 146, ---, ---,
[4.936s][info   ][gc,stats       ]     CWR: VM Weak Roots              136 us, workers (us): 136, ---, ---,
[4.936s][info   ][gc,stats       ]     CWR: CLDG Roots                   9 us, workers (us):   9, ---, ---,
[4.936s][info   ][gc,stats       ]   Rendezvous                         67 us
[4.936s][info   ][gc,stats       ] Concurrent Cleanup                   48 us
[4.936s][info   ][gc,stats       ] Concurrent Class Unloading         3031 us
[4.936s][info   ][gc,stats       ]   Unlink Stale                     2865 us
[4.936s][info   ][gc,stats       ]     System Dictionary                 7 us
[4.936s][info   ][gc,stats       ]     Weak Class Links                  0 us
[4.936s][info   ][gc,stats       ]     Code Roots                     2854 us
[4.936s][info   ][gc,stats       ]   Rendezvous                         90 us
[4.936s][info   ][gc,stats       ]   Purge Unlinked                     70 us
[4.936s][info   ][gc,stats       ]     Code Roots                       65 us
[4.936s][info   ][gc,stats       ]     CLDG                              4 us
[4.936s][info   ][gc,stats       ]     Exception Caches                  0 us
[4.936s][info   ][gc,stats       ] Pause Final Roots (G)               224 us
[4.936s][info   ][gc,stats       ] Pause Final Roots (N)                 7 us
[4.936s][info   ][gc,stats       ] Pacing                            14014 us
[4.936s][info   ][gc,stats       ]
[4.936s][info   ][gc,stats       ] Allocation pacing accrued:
[4.936s][info   ][gc,stats       ]      14 of    19 ms ( 72.6%): thread3
[4.936s][info   ][gc,stats       ]      14 of    19 ms ( 72.6%): <total>
[4.936s][info   ][gc,stats       ]       1 of    19 ms (  4.0%): <average total>
[4.936s][info   ][gc,stats       ]      14 of    19 ms ( 72.6%): <average non-zero>
[4.936s][info   ][gc,stats       ]
[4.938s][info   ][safepoint,stats] ShenandoahInitMark           [             18               1 ][            29800      32400      41800     104000 ]               1
[4.948s][info   ][gc,stats       ]
[4.948s][info   ][gc,stats       ] All times are wall-clock times, except per-root-class counters, that are sum over
[4.948s][info   ][gc,stats       ] all workers. Dividing the <total> over the root stage time estimates parallelism.
[4.948s][info   ][gc,stats       ]
[4.948s][info   ][gc,stats       ] Concurrent Reset                     59 us
[4.948s][info   ][gc,stats       ] Pause Init Mark (G)                 169 us
[4.948s][info   ][gc,stats       ] Pause Init Mark (N)                  16 us
[4.948s][info   ][gc,stats       ]   Update Region States                0 us
[4.948s][info   ][gc,stats       ] Concurrent Mark Roots               539 us, parallelism: 0.88x
[4.948s][info   ][gc,stats       ]   CMR: <total>                      476 us
[4.948s][info   ][gc,stats       ]   CMR: Thread Roots                 229 us, workers (us): 229, ---, ---,
[4.948s][info   ][gc,stats       ]   CMR: VM Strong Roots               23 us, workers (us):  23, ---, ---,
[4.948s][info   ][gc,stats       ]   CMR: CLDG Roots                   224 us, workers (us): 224, ---, ---,
[4.948s][info   ][gc,stats       ] Concurrent Marking                 9771 us
[4.948s][info   ][gc,stats       ] Pacing                            11097 us
[4.948s][info   ][gc,stats       ]
[4.948s][info   ][gc,stats       ] Allocation pacing accrued:
[4.948s][info   ][gc,stats       ]      11 of    12 ms ( 90.3%): thread3
[4.948s][info   ][gc,stats       ]      11 of    12 ms ( 90.3%): <total>
[4.948s][info   ][gc,stats       ]       1 of    12 ms (  5.0%): <average total>
[4.948s][info   ][gc,stats       ]      11 of    12 ms ( 90.3%): <average non-zero>
[4.948s][info   ][gc,stats       ]
[4.971s][info   ][safepoint,stats] ShenandoahDegeneratedGC      [             18               1 ][            92200      40800    7235500    7368500 ]               1
[4.971s][info   ][gc,stats       ]
[4.971s][info   ][gc,stats       ] All times are wall-clock times, except per-root-class counters, that are sum over
[4.971s][info   ][gc,stats       ] all workers. Dividing the <total> over the root stage time estimates parallelism.
[4.971s][info   ][gc,stats       ]
[4.971s][info   ][gc,stats       ]   Finish Mark                      1128 us
[4.971s][info   ][gc,stats       ] Pause Degenerated GC (G)           7450 us
[4.971s][info   ][gc,stats       ] Pause Degenerated GC (N)           7203 us
[4.971s][info   ][gc,stats       ]     System Purge                   5776 us
[4.971s][info   ][gc,stats       ]       Weak References               102 us, parallelism: 0.61x
[4.971s][info   ][gc,stats       ]         WRP: <total>                 62 us
[4.971s][info   ][gc,stats       ]         WRP: Weak References         62 us, workers (us):  61,   1,   0,
[4.971s][info   ][gc,stats       ]       Unload Classes               5370 us, parallelism: 0.43x
[4.971s][info   ][gc,stats       ]         DCU: <total>               2298 us
[4.971s][info   ][gc,stats       ]         DCU: Unload Code Caches     2298 us, workers (us): 766, 802, 729,
[4.971s][info   ][gc,stats       ]       Weak Roots                    269 us, parallelism: 2.43x
[4.971s][info   ][gc,stats       ]         DWR: <total>                655 us
[4.971s][info   ][gc,stats       ]         DWR: VM Weak Roots          655 us, workers (us): 217, 223, 215,
[4.971s][info   ][gc,stats       ]       CLDG                            1 us
[4.971s][info   ][gc,stats       ]   Update Region States                2 us
[4.971s][info   ][gc,stats       ]   Manage GC/TLABs                     8 us
[4.971s][info   ][gc,stats       ]   Choose Collection Set              11 us
[4.971s][info   ][gc,stats       ]   Rebuild Free Set                    2 us
[4.971s][info   ][gc,stats       ]   Cleanup                             1 us
[4.971s][info   ][gc,stats       ]
[4.971s][info   ][gc,stats       ] Allocation pacing accrued:
[4.971s][info   ][gc,stats       ]       0 of    23 ms (  0.0%): <total>
[4.971s][info   ][gc,stats       ]       0 of    23 ms (  0.0%): <average total>
[4.971s][info   ][gc,stats       ]
[4.973s][info   ][safepoint,stats] ShenandoahInitMark           [             18               1 ][            37100      24500      35900      97500 ]               1
[4.986s][info   ][safepoint,stats] ShenandoahFinalMarkStartEvac [             18               1 ][            16000      56000     136400     208400 ]               1
[4.989s][info   ][safepoint,stats] ShenandoahFinalRoots         [             18               1 ][            18700      43900      29800      92400 ]               1
[4.989s][info   ][gc,stats       ]
[4.989s][info   ][gc,stats       ] All times are wall-clock times, except per-root-class counters, that are sum over
[4.989s][info   ][gc,stats       ] all workers. Dividing the <total> over the root stage time estimates parallelism.
[4.989s][info   ][gc,stats       ]
[4.989s][info   ][gc,stats       ] Concurrent Reset                     52 us
[4.989s][info   ][gc,stats       ] Pause Init Mark (G)                 152 us
[4.989s][info   ][gc,stats       ] Pause Init Mark (N)                  14 us
[4.989s][info   ][gc,stats       ]   Update Region States                1 us
[4.989s][info   ][gc,stats       ] Concurrent Mark Roots               517 us, parallelism: 0.89x
[4.989s][info   ][gc,stats       ]   CMR: <total>                      459 us
[4.989s][info   ][gc,stats       ]   CMR: Thread Roots                 215 us, workers (us): 215, ---, ---,
[4.989s][info   ][gc,stats       ]   CMR: VM Strong Roots               22 us, workers (us):  22, ---, ---,
[4.989s][info   ][gc,stats       ]   CMR: CLDG Roots                   221 us, workers (us): 221, ---, ---,
[4.989s][info   ][gc,stats       ] Concurrent Marking                12170 us
[4.989s][info   ][gc,stats       ] Pause Final Mark (G)                293 us
[4.989s][info   ][gc,stats       ] Pause Final Mark (N)                 99 us
[4.989s][info   ][gc,stats       ]   Finish Mark                        72 us
[4.989s][info   ][gc,stats       ]   Update Region States                1 us
[4.989s][info   ][gc,stats       ]   Choose Collection Set               8 us
[4.989s][info   ][gc,stats       ]   Rebuild Free Set                    2 us
[4.989s][info   ][gc,stats       ] Concurrent Weak References          109 us, parallelism: 0.58x
[4.989s][info   ][gc,stats       ]   CWRF: <total>                      64 us
[4.989s][info   ][gc,stats       ]   CWRF: Weak References              64 us, workers (us):  64, ---, ---,
[4.989s][info   ][gc,stats       ] Concurrent Weak Roots               607 us
[4.989s][info   ][gc,stats       ]   Roots                             514 us, parallelism: 0.91x
[4.989s][info   ][gc,stats       ]     CWR: <total>                    467 us
[4.989s][info   ][gc,stats       ]     CWR: Code Cache Roots           171 us, workers (us): 171, ---, ---,
[4.989s][info   ][gc,stats       ]     CWR: VM Weak Roots              281 us, workers (us): 281, ---, ---,
[4.989s][info   ][gc,stats       ]     CWR: CLDG Roots                  14 us, workers (us):  14, ---, ---,
[4.989s][info   ][gc,stats       ]   Rendezvous                         89 us
[4.989s][info   ][gc,stats       ] Concurrent Cleanup                   38 us
[4.989s][info   ][gc,stats       ] Concurrent Class Unloading         2193 us
[4.989s][info   ][gc,stats       ]   Unlink Stale                     2064 us
[4.989s][info   ][gc,stats       ]     System Dictionary                16 us
[4.989s][info   ][gc,stats       ]     Weak Class Links                  0 us
[4.989s][info   ][gc,stats       ]     Code Roots                     2046 us
[4.989s][info   ][gc,stats       ]   Rendezvous                         64 us
[4.989s][info   ][gc,stats       ]   Purge Unlinked                     61 us
[4.989s][info   ][gc,stats       ]     Code Roots                       56 us
[4.989s][info   ][gc,stats       ]     CLDG                              4 us
[4.989s][info   ][gc,stats       ]     Exception Caches                  0 us
[4.989s][info   ][gc,stats       ] Pause Final Roots (G)               165 us
[4.989s][info   ][gc,stats       ] Pause Final Roots (N)                 5 us
[4.989s][info   ][gc,stats       ]
[4.989s][info   ][gc,stats       ] Allocation pacing accrued:
[4.989s][info   ][gc,stats       ]       0 of    18 ms (  0.0%): <total>
[4.989s][info   ][gc,stats       ]       0 of    18 ms (  0.0%): <average total>
[4.989s][info   ][gc,stats       ]
[4.996s][info   ][safepoint,stats] ShenandoahInitMark           [             18               1 ][           103700      44200      49300     197200 ]               1
[5.009s][info   ][safepoint,stats] ShenandoahFinalMarkStartEvac [             18               1 ][            26200      58100     124500     208800 ]               1
[5.012s][info   ][safepoint,stats] ShenandoahFinalRoots         [             18               2 ][            30600      23000      24500      78100 ]               1
[5.012s][info   ][gc,stats       ]
[5.012s][info   ][gc,stats       ] All times are wall-clock times, except per-root-class counters, that are sum over
[5.012s][info   ][gc,stats       ] all workers. Dividing the <total> over the root stage time estimates parallelism.
[5.012s][info   ][gc,stats       ]
[5.012s][info   ][gc,stats       ] Concurrent Reset                     40 us
[5.012s][info   ][gc,stats       ] Pause Init Mark (G)                 257 us
[5.012s][info   ][gc,stats       ] Pause Init Mark (N)                  19 us
[5.012s][info   ][gc,stats       ]   Update Region States                1 us
[5.012s][info   ][gc,stats       ] Concurrent Mark Roots               504 us, parallelism: 0.90x
[5.012s][info   ][gc,stats       ]   CMR: <total>                      453 us
[5.012s][info   ][gc,stats       ]   CMR: Thread Roots                 202 us, workers (us): 202, ---, ---,
[5.012s][info   ][gc,stats       ]   CMR: VM Strong Roots               25 us, workers (us):  25, ---, ---,
[5.012s][info   ][gc,stats       ]   CMR: CLDG Roots                   225 us, workers (us): 225, ---, ---,
[5.012s][info   ][gc,stats       ] Concurrent Marking                12327 us
[5.012s][info   ][gc,stats       ] Pause Final Mark (G)                292 us
[5.012s][info   ][gc,stats       ] Pause Final Mark (N)                 96 us
[5.012s][info   ][gc,stats       ]   Finish Mark                        72 us
[5.012s][info   ][gc,stats       ]   Update Region States                1 us
[5.012s][info   ][gc,stats       ]   Choose Collection Set               6 us
[5.012s][info   ][gc,stats       ]   Rebuild Free Set                    2 us
[5.012s][info   ][gc,stats       ] Concurrent Weak References           75 us, parallelism: 0.41x
[5.012s][info   ][gc,stats       ]   CWRF: <total>                      31 us
[5.012s][info   ][gc,stats       ]   CWRF: Weak References              31 us, workers (us):  31, ---, ---,
[5.012s][info   ][gc,stats       ] Concurrent Weak Roots               459 us
[5.012s][info   ][gc,stats       ]   Roots                             370 us, parallelism: 0.79x
[5.012s][info   ][gc,stats       ]     CWR: <total>                    294 us
[5.012s][info   ][gc,stats       ]     CWR: Code Cache Roots           148 us, workers (us): 148, ---, ---,
[5.012s][info   ][gc,stats       ]     CWR: VM Weak Roots              136 us, workers (us): 136, ---, ---,
[5.012s][info   ][gc,stats       ]     CWR: CLDG Roots                  10 us, workers (us):  10, ---, ---,
[5.012s][info   ][gc,stats       ]   Rendezvous                         81 us
[5.012s][info   ][gc,stats       ] Concurrent Cleanup                   46 us
[5.012s][info   ][gc,stats       ] Concurrent Class Unloading         2308 us
[5.012s][info   ][gc,stats       ]   Unlink Stale                     2194 us
[5.012s][info   ][gc,stats       ]     System Dictionary                 8 us
[5.012s][info   ][gc,stats       ]     Weak Class Links                  0 us
[5.012s][info   ][gc,stats       ]     Code Roots                     2184 us
[5.012s][info   ][gc,stats       ]   Rendezvous                         59 us
[5.012s][info   ][gc,stats       ]   Purge Unlinked                     48 us
[5.012s][info   ][gc,stats       ]     Code Roots                       45 us
[5.012s][info   ][gc,stats       ]     CLDG                              2 us
[5.012s][info   ][gc,stats       ]     Exception Caches                  0 us
[5.012s][info   ][gc,stats       ] Pause Final Roots (G)               141 us
[5.012s][info   ][gc,stats       ] Pause Final Roots (N)                 6 us
[5.012s][info   ][gc,stats       ] Pacing                            36153 us
[5.012s][info   ][gc,stats       ]
[5.012s][info   ][gc,stats       ] Allocation pacing accrued:
[5.012s][info   ][gc,stats       ]      36 of    23 ms (155.7%): thread3
[5.012s][info   ][gc,stats       ]      36 of    23 ms (155.7%): <total>
[5.012s][info   ][gc,stats       ]       2 of    23 ms (  8.6%): <average total>
[5.012s][info   ][gc,stats       ]      36 of    23 ms (155.7%): <average non-zero>
[5.012s][info   ][gc,stats       ]
[5.014s][info   ][safepoint,stats] ShenandoahInitMark           [             18               1 ][            35500      23400      36300      95200 ]               1
[5.026s][info   ][safepoint,stats] ShenandoahFinalMarkStartEvac [             18               1 ][            18100      40500     143200     201800 ]               1
[5.030s][info   ][safepoint,stats] ShenandoahFinalRoots         [             18               1 ][            26100      49000      41400     116500 ]               1
[5.030s][info   ][gc,stats       ]
[5.030s][info   ][gc,stats       ] All times are wall-clock times, except per-root-class counters, that are sum over
[5.030s][info   ][gc,stats       ] all workers. Dividing the <total> over the root stage time estimates parallelism.
[5.030s][info   ][gc,stats       ]
[5.030s][info   ][gc,stats       ] Concurrent Reset                     53 us
[5.030s][info   ][gc,stats       ] Pause Init Mark (G)                 149 us
[5.030s][info   ][gc,stats       ] Pause Init Mark (N)                  15 us
[5.030s][info   ][gc,stats       ]   Update Region States                0 us
[5.030s][info   ][gc,stats       ] Concurrent Mark Roots               525 us, parallelism: 0.90x
[5.030s][info   ][gc,stats       ]   CMR: <total>                      471 us
[5.030s][info   ][gc,stats       ]   CMR: Thread Roots                 223 us, workers (us): 223, ---, ---,
[5.030s][info   ][gc,stats       ]   CMR: VM Strong Roots               23 us, workers (us):  23, ---, ---,
[5.030s][info   ][gc,stats       ]   CMR: CLDG Roots                   225 us, workers (us): 225, ---, ---,
[5.030s][info   ][gc,stats       ] Concurrent Marking                11933 us
[5.030s][info   ][gc,stats       ] Pause Final Mark (G)                287 us
[5.030s][info   ][gc,stats       ] Pause Final Mark (N)                107 us
[5.030s][info   ][gc,stats       ]   Finish Mark                        86 us
[5.030s][info   ][gc,stats       ]   Update Region States                1 us
[5.030s][info   ][gc,stats       ]   Choose Collection Set               6 us
[5.030s][info   ][gc,stats       ]   Rebuild Free Set                    2 us
[5.030s][info   ][gc,stats       ] Concurrent Weak References           77 us, parallelism: 0.38x
[5.030s][info   ][gc,stats       ]   CWRF: <total>                      29 us
[5.030s][info   ][gc,stats       ]   CWRF: Weak References              29 us, workers (us):  29, ---, ---,
[5.030s][info   ][gc,stats       ] Concurrent Weak Roots               423 us
[5.030s][info   ][gc,stats       ]   Roots                             326 us, parallelism: 0.84x
[5.030s][info   ][gc,stats       ]     CWR: <total>                    273 us
[5.030s][info   ][gc,stats       ]     CWR: Code Cache Roots           129 us, workers (us): 129, ---, ---,
[5.030s][info   ][gc,stats       ]     CWR: VM Weak Roots              136 us, workers (us): 136, ---, ---,
[5.030s][info   ][gc,stats       ]     CWR: CLDG Roots                   8 us, workers (us):   8, ---, ---,
[5.030s][info   ][gc,stats       ]   Rendezvous                         93 us
[5.030s][info   ][gc,stats       ] Concurrent Cleanup                   38 us
[5.030s][info   ][gc,stats       ] Concurrent Class Unloading         2387 us
[5.030s][info   ][gc,stats       ]   Unlink Stale                     2222 us
[5.030s][info   ][gc,stats       ]     System Dictionary                12 us
[5.030s][info   ][gc,stats       ]     Weak Class Links                  0 us
[5.030s][info   ][gc,stats       ]     Code Roots                     2207 us
[5.030s][info   ][gc,stats       ]   Rendezvous                        102 us
[5.030s][info   ][gc,stats       ]   Purge Unlinked                     58 us
[5.030s][info   ][gc,stats       ]     Code Roots                       53 us
[5.030s][info   ][gc,stats       ]     CLDG                              4 us
[5.030s][info   ][gc,stats       ]     Exception Caches                  0 us
[5.030s][info   ][gc,stats       ] Pause Final Roots (G)               186 us
[5.030s][info   ][gc,stats       ] Pause Final Roots (N)                 5 us
[5.030s][info   ][gc,stats       ] Pacing                            13150 us
[5.030s][info   ][gc,stats       ]
[5.030s][info   ][gc,stats       ] Allocation pacing accrued:
[5.030s][info   ][gc,stats       ]      13 of    18 ms ( 74.9%): thread3
[5.030s][info   ][gc,stats       ]      13 of    18 ms ( 74.9%): <total>
[5.030s][info   ][gc,stats       ]       1 of    18 ms (  4.2%): <average total>
[5.030s][info   ][gc,stats       ]      13 of    18 ms ( 74.9%): <average non-zero>
[5.030s][info   ][gc,stats       ]
[5.044s][info   ][safepoint,stats] ShenandoahInitMark           [             18               1 ][            68400      37500      49100     155000 ]               1
[5.058s][info   ][safepoint,stats] VM Operation                 [ threads: total initial_running ][ time:       sync    cleanup       vmop      total ] page_trap_count
[5.058s][info   ][safepoint,stats] ShenandoahFinalMarkStartEvac [             18               1 ][            19900      38700     133600     192200 ]               1
[5.062s][info   ][safepoint,stats] ShenandoahFinalRoots         [             18               1 ][            19200      37000      35900      92100 ]               1
[5.062s][info   ][gc,stats       ]
[5.062s][info   ][gc,stats       ] All times are wall-clock times, except per-root-class counters, that are sum over
[5.062s][info   ][gc,stats       ] all workers. Dividing the <total> over the root stage time estimates parallelism.
[5.062s][info   ][gc,stats       ]
[5.062s][info   ][gc,stats       ] Concurrent Reset                     81 us
[5.062s][info   ][gc,stats       ] Pause Init Mark (G)                 226 us
[5.062s][info   ][gc,stats       ] Pause Init Mark (N)                  22 us
[5.062s][info   ][gc,stats       ]   Update Region States                1 us
[5.062s][info   ][gc,stats       ] Concurrent Mark Roots               739 us, parallelism: 0.92x
[5.062s][info   ][gc,stats       ]   CMR: <total>                      679 us
[5.062s][info   ][gc,stats       ]   CMR: Thread Roots                 381 us, workers (us): 381, ---, ---,
[5.062s][info   ][gc,stats       ]   CMR: VM Strong Roots               30 us, workers (us):  30, ---, ---,
[5.062s][info   ][gc,stats       ]   CMR: CLDG Roots                   268 us, workers (us): 268, ---, ---,
[5.062s][info   ][gc,stats       ] Concurrent Marking                12681 us
[5.062s][info   ][gc,stats       ] Pause Final Mark (G)                289 us
[5.062s][info   ][gc,stats       ] Pause Final Mark (N)                108 us
[5.062s][info   ][gc,stats       ]   Finish Mark                        75 us
[5.062s][info   ][gc,stats       ]   Update Region States                2 us
[5.062s][info   ][gc,stats       ]   Choose Collection Set               7 us
[5.062s][info   ][gc,stats       ]   Rebuild Free Set                    2 us
[5.062s][info   ][gc,stats       ] Concurrent Weak References           74 us, parallelism: 0.43x
[5.062s][info   ][gc,stats       ]   CWRF: <total>                      32 us
[5.062s][info   ][gc,stats       ]   CWRF: Weak References              32 us, workers (us):  32, ---, ---,
[5.062s][info   ][gc,stats       ] Concurrent Weak Roots               622 us
[5.062s][info   ][gc,stats       ]   Roots                             534 us, parallelism: 0.88x
[5.062s][info   ][gc,stats       ]     CWR: <total>                    469 us
[5.062s][info   ][gc,stats       ]     CWR: Code Cache Roots           175 us, workers (us): 175, ---, ---,
[5.062s][info   ][gc,stats       ]     CWR: VM Weak Roots              282 us, workers (us): 282, ---, ---,
[5.062s][info   ][gc,stats       ]     CWR: CLDG Roots                  13 us, workers (us):  13, ---, ---,
[5.062s][info   ][gc,stats       ]   Rendezvous                         82 us
[5.062s][info   ][gc,stats       ] Concurrent Cleanup                   43 us
[5.062s][info   ][gc,stats       ] Concurrent Class Unloading         3232 us
[5.062s][info   ][gc,stats       ]   Unlink Stale                     3028 us
[5.062s][info   ][gc,stats       ]     System Dictionary                 8 us
[5.062s][info   ][gc,stats       ]     Weak Class Links                  0 us
[5.062s][info   ][gc,stats       ]     Code Roots                     3017 us
[5.062s][info   ][gc,stats       ]   Rendezvous                        121 us
[5.062s][info   ][gc,stats       ]   Purge Unlinked                     74 us
[5.062s][info   ][gc,stats       ]     Code Roots                       67 us
[5.062s][info   ][gc,stats       ]     CLDG                              6 us
[5.062s][info   ][gc,stats       ]     Exception Caches                  1 us
[5.062s][info   ][gc,stats       ] Pause Final Roots (G)               195 us
[5.062s][info   ][gc,stats       ] Pause Final Roots (N)                 6 us
[5.062s][info   ][gc,stats       ] Pacing                            27724 us
[5.062s][info   ][gc,stats       ]
[5.062s][info   ][gc,stats       ] Allocation pacing accrued:
[5.062s][info   ][gc,stats       ]      28 of    32 ms ( 85.4%): thread3
[5.062s][info   ][gc,stats       ]      28 of    32 ms ( 85.4%): <total>
[5.062s][info   ][gc,stats       ]       2 of    32 ms (  4.7%): <average total>
[5.062s][info   ][gc,stats       ]      28 of    32 ms ( 85.4%): <average non-zero>
[5.062s][info   ][gc,stats       ]
[5.075s][info   ][safepoint,stats] ShenandoahInitMark           [             18               1 ][            88100      29100      34700     151900 ]               1
[5.075s][info   ][gc,stats       ]
[5.075s][info   ][gc,stats       ] All times are wall-clock times, except per-root-class counters, that are sum over
[5.075s][info   ][gc,stats       ] all workers. Dividing the <total> over the root stage time estimates parallelism.
[5.076s][info   ][gc,stats       ]
[5.076s][info   ][gc,stats       ] Concurrent Reset                     59 us
[5.076s][info   ][gc,stats       ] Pause Init Mark (G)                 232 us
[5.076s][info   ][gc,stats       ] Pause Init Mark (N)                  19 us
[5.076s][info   ][gc,stats       ]   Update Region States                1 us
[5.076s][info   ][gc,stats       ] Concurrent Mark Roots               505 us, parallelism: 0.85x
[5.076s][info   ][gc,stats       ]   CMR: <total>                      429 us
[5.076s][info   ][gc,stats       ]   CMR: Thread Roots                 225 us, workers (us): 225, ---, ---,
[5.076s][info   ][gc,stats       ]   CMR: VM Strong Roots               22 us, workers (us):  22, ---, ---,
[5.076s][info   ][gc,stats       ]   CMR: CLDG Roots                   181 us, workers (us): 181, ---, ---,
[5.076s][info   ][gc,stats       ] Pacing                            13087 us
[5.076s][info   ][gc,stats       ]
[5.076s][info   ][gc,stats       ] Allocation pacing accrued:
[5.076s][info   ][gc,stats       ]      13 of    13 ms ( 98.4%): thread3
[5.076s][info   ][gc,stats       ]      13 of    13 ms ( 98.4%): <total>
[5.076s][info   ][gc,stats       ]       1 of    13 ms (  5.5%): <average total>
[5.076s][info   ][gc,stats       ]      13 of    13 ms ( 98.4%): <average non-zero>
[5.076s][info   ][gc,stats       ]
[5.101s][info   ][safepoint,stats] ShenandoahDegeneratedGC      [             18               1 ][            63400      33700   11619100   11716200 ]               1
[5.101s][info   ][gc,stats       ]
[5.102s][info   ][gc,stats       ] All times are wall-clock times, except per-root-class counters, that are sum over
[5.102s][info   ][gc,stats       ] all workers. Dividing the <total> over the root stage time estimates parallelism.
[5.102s][info   ][gc,stats       ]
[5.102s][info   ][gc,stats       ] Pause Degenerated GC (G)          11846 us
[5.102s][info   ][gc,stats       ] Pause Degenerated GC (N)          11564 us
[5.102s][info   ][gc,stats       ]   Degen STW Mark                   4771 us, parallelism: 2.94x
[5.102s][info   ][gc,stats       ]     DSM: <total>                  14017 us
[5.102s][info   ][gc,stats       ]     DSM: Thread Roots               113 us, workers (us):  46,  36,  31,
[5.102s][info   ][gc,stats       ]     DSM: VM Strong Roots             28 us, workers (us):   1,  17,  11,
[5.102s][info   ][gc,stats       ]     DSM: CLDG Roots                 238 us, workers (us): 230,   5,   2,
[5.102s][info   ][gc,stats       ]     DSM: Parallel Mark            13638 us, workers (us): 4408, 4614, 4616,
[5.102s][info   ][gc,stats       ]     System Purge                   6368 us
[5.102s][info   ][gc,stats       ]       Weak References                81 us, parallelism: 0.69x
[5.102s][info   ][gc,stats       ]         WRP: <total>                 56 us
[5.102s][info   ][gc,stats       ]         WRP: Weak References         56 us, workers (us):  42,   3,  11,
[5.102s][info   ][gc,stats       ]       Unload Classes               6037 us, parallelism: 0.38x
[5.102s][info   ][gc,stats       ]         DCU: <total>               2266 us
[5.102s][info   ][gc,stats       ]         DCU: Unload Code Caches     2266 us, workers (us): 763, 781, 722,
[5.102s][info   ][gc,stats       ]       Weak Roots                    214 us, parallelism: 2.43x
[5.102s][info   ][gc,stats       ]         DWR: <total>                522 us
[5.102s][info   ][gc,stats       ]         DWR: VM Weak Roots          522 us, workers (us): 179, 173, 169,
[5.102s][info   ][gc,stats       ]       CLDG                            1 us
[5.102s][info   ][gc,stats       ]   Update Region States                2 us
[5.102s][info   ][gc,stats       ]   Manage GC/TLABs                     8 us
[5.102s][info   ][gc,stats       ]   Choose Collection Set              12 us
[5.102s][info   ][gc,stats       ]   Rebuild Free Set                    2 us
[5.102s][info   ][gc,stats       ]   Cleanup                             3 us
[5.102s][info   ][gc,stats       ]
[5.102s][info   ][gc,stats       ] Allocation pacing accrued:
[5.102s][info   ][gc,stats       ]       0 of    26 ms (  0.0%): <total>
[5.102s][info   ][gc,stats       ]       0 of    26 ms (  0.0%): <average total>
[5.102s][info   ][gc,stats       ]
[5.104s][info   ][safepoint,stats] ShenandoahInitMark           [             18               1 ][            69600      23600      41200     134400 ]               1
thread: thread1, costs 1002 ms
[5.118s][info   ][safepoint,stats] ShenandoahFinalMarkStartEvac [             18               1 ][            17500     110000     148700     276200 ]               1
[5.121s][info   ][safepoint,stats] ShenandoahFinalRoots         [             18               1 ][            25400      39800      20400      85600 ]               1
[5.121s][info   ][gc,stats       ]
[5.121s][info   ][gc,stats       ] All times are wall-clock times, except per-root-class counters, that are sum over
[5.121s][info   ][gc,stats       ] all workers. Dividing the <total> over the root stage time estimates parallelism.
[5.121s][info   ][gc,stats       ]
[5.121s][info   ][gc,stats       ] Concurrent Reset                     67 us
[5.121s][info   ][gc,stats       ] Pause Init Mark (G)                 219 us
[5.121s][info   ][gc,stats       ] Pause Init Mark (N)                  17 us
[5.121s][info   ][gc,stats       ]   Update Region States                1 us
[5.121s][info   ][gc,stats       ] Concurrent Mark Roots               529 us, parallelism: 0.87x
[5.121s][info   ][gc,stats       ]   CMR: <total>                      460 us
[5.121s][info   ][gc,stats       ]   CMR: Thread Roots                 213 us, workers (us): 213, ---, ---,
[5.121s][info   ][gc,stats       ]   CMR: VM Strong Roots               23 us, workers (us):  23, ---, ---,
[5.121s][info   ][gc,stats       ]   CMR: CLDG Roots                   224 us, workers (us): 224, ---, ---,
[5.121s][info   ][gc,stats       ] Concurrent Marking                13199 us
[5.121s][info   ][gc,stats       ] Pause Final Mark (G)                365 us
[5.121s][info   ][gc,stats       ] Pause Final Mark (N)                119 us
[5.121s][info   ][gc,stats       ]   Finish Mark                        77 us
[5.121s][info   ][gc,stats       ]   Update Region States                3 us
[5.121s][info   ][gc,stats       ]   Choose Collection Set              16 us
[5.121s][info   ][gc,stats       ]   Rebuild Free Set                    5 us
[5.121s][info   ][gc,stats       ] Concurrent Weak References           96 us, parallelism: 0.35x
[5.121s][info   ][gc,stats       ]   CWRF: <total>                      33 us
[5.121s][info   ][gc,stats       ]   CWRF: Weak References              33 us, workers (us):  33, ---, ---,
[5.121s][info   ][gc,stats       ] Concurrent Weak Roots               520 us
[5.121s][info   ][gc,stats       ]   Roots                             395 us, parallelism: 0.82x
[5.121s][info   ][gc,stats       ]     CWR: <total>                    324 us
[5.121s][info   ][gc,stats       ]     CWR: Code Cache Roots           176 us, workers (us): 176, ---, ---,
[5.121s][info   ][gc,stats       ]     CWR: VM Weak Roots              138 us, workers (us): 138, ---, ---,
[5.121s][info   ][gc,stats       ]     CWR: CLDG Roots                  10 us, workers (us):  10, ---, ---,
[5.121s][info   ][gc,stats       ]   Rendezvous                        118 us
[5.121s][info   ][gc,stats       ] Concurrent Cleanup                   42 us
[5.121s][info   ][gc,stats       ] Concurrent Class Unloading         2366 us
[5.122s][info   ][gc,stats       ]   Unlink Stale                     2098 us
[5.122s][info   ][gc,stats       ]     System Dictionary                 8 us
[5.122s][info   ][gc,stats       ]     Weak Class Links                  0 us
[5.122s][info   ][gc,stats       ]     Code Roots                     2089 us
[5.122s][info   ][gc,stats       ]   Rendezvous                        140 us
[5.122s][info   ][gc,stats       ]   Purge Unlinked                    120 us
[5.122s][info   ][gc,stats       ]     Code Roots                      112 us
[5.122s][info   ][gc,stats       ]     CLDG                              7 us
[5.122s][info   ][gc,stats       ]     Exception Caches                  0 us
[5.122s][info   ][gc,stats       ] Pause Final Roots (G)               196 us
[5.122s][info   ][gc,stats       ] Pause Final Roots (N)                 5 us
[5.122s][info   ][gc,stats       ] Pacing                             2419 us
[5.122s][info   ][gc,stats       ]
[5.122s][info   ][gc,stats       ] Allocation pacing accrued:
[5.122s][info   ][gc,stats       ]       2 of    20 ms ( 12.2%): thread3
[5.122s][info   ][gc,stats       ]       2 of    20 ms ( 12.2%): <total>
[5.122s][info   ][gc,stats       ]       0 of    20 ms (  0.7%): <average total>
[5.122s][info   ][gc,stats       ]       2 of    20 ms ( 12.2%): <average non-zero>
[5.122s][info   ][gc,stats       ]
[5.138s][info   ][safepoint,stats] ShenandoahInitMark           [             18               1 ][            51400      44000      72000     167400 ]               1
[5.139s][info   ][gc,stats       ]
[5.139s][info   ][gc,stats       ] All times are wall-clock times, except per-root-class counters, that are sum over
[5.139s][info   ][gc,stats       ] all workers. Dividing the <total> over the root stage time estimates parallelism.
[5.139s][info   ][gc,stats       ]
[5.139s][info   ][gc,stats       ] Concurrent Reset                     88 us
[5.139s][info   ][gc,stats       ] Pause Init Mark (G)                 271 us
[5.139s][info   ][gc,stats       ] Pause Init Mark (N)                  34 us
[5.139s][info   ][gc,stats       ]   Update Region States                1 us
[5.139s][info   ][gc,stats       ] Concurrent Mark Roots              1062 us, parallelism: 0.92x
[5.139s][info   ][gc,stats       ]   CMR: <total>                      977 us
[5.139s][info   ][gc,stats       ]   CMR: Thread Roots                 468 us, workers (us): 468, ---, ---,
[5.139s][info   ][gc,stats       ]   CMR: VM Strong Roots               41 us, workers (us):  41, ---, ---,
[5.139s][info   ][gc,stats       ]   CMR: CLDG Roots                   468 us, workers (us): 468, ---, ---,
[5.139s][info   ][gc,stats       ] Pacing                            28191 us
[5.139s][info   ][gc,stats       ]
[5.139s][info   ][gc,stats       ] Allocation pacing accrued:
[5.139s][info   ][gc,stats       ]      28 of    18 ms (159.2%): thread3
[5.139s][info   ][gc,stats       ]      28 of    18 ms (159.2%): <total>
[5.139s][info   ][gc,stats       ]       2 of    18 ms (  8.8%): <average total>
[5.139s][info   ][gc,stats       ]      28 of    18 ms (159.2%): <average non-zero>
[5.139s][info   ][gc,stats       ]
[5.165s][info   ][safepoint,stats] ShenandoahDegeneratedGC      [             18               1 ][           207000      62100   11110300   11379400 ]               1
[5.165s][info   ][gc,stats       ]
[5.165s][info   ][gc,stats       ] All times are wall-clock times, except per-root-class counters, that are sum over
[5.165s][info   ][gc,stats       ] all workers. Dividing the <total> over the root stage time estimates parallelism.
[5.165s][info   ][gc,stats       ]
[5.165s][info   ][gc,stats       ] Pause Degenerated GC (G)          11494 us
[5.166s][info   ][gc,stats       ] Pause Degenerated GC (N)          11063 us
[5.166s][info   ][gc,stats       ]   Degen STW Mark                   4840 us, parallelism: 2.95x
[5.166s][info   ][gc,stats       ]     DSM: <total>                  14297 us
[5.166s][info   ][gc,stats       ]     DSM: Thread Roots               145 us, workers (us):  47,  49,  49,
[5.166s][info   ][gc,stats       ]     DSM: VM Strong Roots             50 us, workers (us):  23,   1,  25,
[5.166s][info   ][gc,stats       ]     DSM: CLDG Roots                 254 us, workers (us):   7, 242,   5,
[5.166s][info   ][gc,stats       ]     DSM: Parallel Mark            13848 us, workers (us): 4688, 4475, 4685,
[5.166s][info   ][gc,stats       ]     System Purge                   5758 us
[5.166s][info   ][gc,stats       ]       Weak References                84 us, parallelism: 0.57x
[5.166s][info   ][gc,stats       ]         WRP: <total>                 48 us
[5.166s][info   ][gc,stats       ]         WRP: Weak References         48 us, workers (us):  16,  31,   0,
[5.166s][info   ][gc,stats       ]       Unload Classes               5379 us, parallelism: 0.52x
[5.166s][info   ][gc,stats       ]         DCU: <total>               2783 us
[5.166s][info   ][gc,stats       ]         DCU: Unload Code Caches     2783 us, workers (us): 1020, 900, 864,
[5.166s][info   ][gc,stats       ]       Weak Roots                    261 us, parallelism: 2.33x
[5.166s][info   ][gc,stats       ]         DWR: <total>                609 us
[5.166s][info   ][gc,stats       ]         DWR: VM Weak Roots          609 us, workers (us): 208, 201, 200,
[5.166s][info   ][gc,stats       ]       CLDG                            1 us
[5.166s][info   ][gc,stats       ]   Update Region States                1 us
[5.166s][info   ][gc,stats       ]   Manage GC/TLABs                     7 us
[5.166s][info   ][gc,stats       ]   Choose Collection Set               8 us
[5.166s][info   ][gc,stats       ]   Rebuild Free Set                    2 us
[5.166s][info   ][gc,stats       ]   Cleanup                             1 us
[5.166s][info   ][gc,stats       ]
[5.166s][info   ][gc,stats       ] Allocation pacing accrued:
[5.166s][info   ][gc,stats       ]       0 of    26 ms (  0.0%): <total>
[5.166s][info   ][gc,stats       ]       0 of    26 ms (  0.0%): <average total>
[5.166s][info   ][gc,stats       ]
[5.167s][info   ][safepoint,stats] ShenandoahInitMark           [             18               1 ][            37700      24500      38500     100700 ]               1
[5.181s][info   ][safepoint,stats] ShenandoahFinalMarkStartEvac [             18               1 ][            15100      33000     106100     154200 ]               1
[5.184s][info   ][safepoint,stats] ShenandoahFinalRoots         [             18               1 ][            16000      20800      23300      60100 ]               1
[5.184s][info   ][gc,stats       ]
[5.184s][info   ][gc,stats       ] All times are wall-clock times, except per-root-class counters, that are sum over
[5.184s][info   ][gc,stats       ] all workers. Dividing the <total> over the root stage time estimates parallelism.
[5.184s][info   ][gc,stats       ]
[5.184s][info   ][gc,stats       ] Concurrent Reset                     61 us
[5.184s][info   ][gc,stats       ] Pause Init Mark (G)                 163 us
[5.184s][info   ][gc,stats       ] Pause Init Mark (N)                  16 us
[5.184s][info   ][gc,stats       ]   Update Region States                0 us
[5.184s][info   ][gc,stats       ] Concurrent Mark Roots               522 us, parallelism: 0.89x
[5.184s][info   ][gc,stats       ]   CMR: <total>                      463 us
[5.184s][info   ][gc,stats       ]   CMR: Thread Roots                 218 us, workers (us): 218, ---, ---,
[5.184s][info   ][gc,stats       ]   CMR: VM Strong Roots               21 us, workers (us):  21, ---, ---,
[5.184s][info   ][gc,stats       ]   CMR: CLDG Roots                   224 us, workers (us): 224, ---, ---,
[5.184s][info   ][gc,stats       ] Concurrent Marking                12634 us
[5.184s][info   ][gc,stats       ] Pause Final Mark (G)                206 us
[5.184s][info   ][gc,stats       ] Pause Final Mark (N)                 80 us
[5.184s][info   ][gc,stats       ]   Finish Mark                        56 us
[5.184s][info   ][gc,stats       ]   Update Region States                1 us
[5.184s][info   ][gc,stats       ]   Choose Collection Set               8 us
[5.184s][info   ][gc,stats       ]   Rebuild Free Set                    2 us
[5.184s][info   ][gc,stats       ] Concurrent Weak References           58 us, parallelism: 0.59x
[5.184s][info   ][gc,stats       ]   CWRF: <total>                      34 us
[5.184s][info   ][gc,stats       ]   CWRF: Weak References              34 us, workers (us):  34, ---, ---,
[5.184s][info   ][gc,stats       ] Concurrent Weak Roots               351 us
[5.184s][info   ][gc,stats       ]   Roots                             305 us, parallelism: 0.90x
[5.184s][info   ][gc,stats       ]     CWR: <total>                    275 us
[5.184s][info   ][gc,stats       ]     CWR: Code Cache Roots           129 us, workers (us): 129, ---, ---,
[5.184s][info   ][gc,stats       ]     CWR: VM Weak Roots              135 us, workers (us): 135, ---, ---,
[5.184s][info   ][gc,stats       ]     CWR: CLDG Roots                  11 us, workers (us):  11, ---, ---,
[5.184s][info   ][gc,stats       ]   Rendezvous                         43 us
[5.184s][info   ][gc,stats       ] Concurrent Cleanup                   73 us
[5.184s][info   ][gc,stats       ] Concurrent Class Unloading         2125 us
[5.184s][info   ][gc,stats       ]   Unlink Stale                     2043 us
[5.184s][info   ][gc,stats       ]     System Dictionary                 4 us
[5.184s][info   ][gc,stats       ]     Weak Class Links                  0 us
[5.184s][info   ][gc,stats       ]     Code Roots                     2038 us
[5.184s][info   ][gc,stats       ]   Rendezvous                         43 us
[5.184s][info   ][gc,stats       ]   Purge Unlinked                     35 us
[5.184s][info   ][gc,stats       ]     Code Roots                       31 us
[5.184s][info   ][gc,stats       ]     CLDG                              3 us
[5.184s][info   ][gc,stats       ]     Exception Caches                  0 us
[5.184s][info   ][gc,stats       ] Pause Final Roots (G)               117 us
[5.184s][info   ][gc,stats       ] Pause Final Roots (N)                 4 us
[5.184s][info   ][gc,stats       ]
[5.184s][info   ][gc,stats       ] Allocation pacing accrued:
[5.184s][info   ][gc,stats       ]       0 of    18 ms (  0.0%): <total>
[5.184s][info   ][gc,stats       ]       0 of    18 ms (  0.0%): <average total>
[5.184s][info   ][gc,stats       ]
[5.200s][info   ][safepoint,stats] ShenandoahInitMark           [             18               1 ][            42400      24900      83400     150700 ]               1
[5.214s][info   ][safepoint,stats] ShenandoahFinalMarkStartEvac [             18               1 ][            23700     103700     315700     443100 ]               1
[5.218s][info   ][safepoint,stats] ShenandoahFinalRoots         [             18               1 ][            15500      44900      31800      92200 ]               1
[5.218s][info   ][gc,stats       ]
[5.218s][info   ][gc,stats       ] All times are wall-clock times, except per-root-class counters, that are sum over
[5.218s][info   ][gc,stats       ] all workers. Dividing the <total> over the root stage time estimates parallelism.
[5.218s][info   ][gc,stats       ]
[5.218s][info   ][gc,stats       ] Concurrent Reset                     78 us
[5.218s][info   ][gc,stats       ] Pause Init Mark (G)                 248 us
[5.218s][info   ][gc,stats       ] Pause Init Mark (N)                  33 us
[5.218s][info   ][gc,stats       ]   Update Region States                1 us
[5.218s][info   ][gc,stats       ] Concurrent Mark Roots              1037 us, parallelism: 0.91x
[5.218s][info   ][gc,stats       ]   CMR: <total>                      945 us
[5.218s][info   ][gc,stats       ]   CMR: Thread Roots                 398 us, workers (us): 398, ---, ---,
[5.218s][info   ][gc,stats       ]   CMR: VM Strong Roots               42 us, workers (us):  42, ---, ---,
[5.218s][info   ][gc,stats       ]   CMR: CLDG Roots                   505 us, workers (us): 505, ---, ---,
[5.218s][info   ][gc,stats       ] Concurrent Marking                13032 us
[5.218s][info   ][gc,stats       ] Pause Final Mark (G)                568 us
[5.218s][info   ][gc,stats       ] Pause Final Mark (N)                132 us
[5.218s][info   ][gc,stats       ]   Finish Mark                       102 us
[5.218s][info   ][gc,stats       ]   Update Region States                2 us
[5.218s][info   ][gc,stats       ]   Choose Collection Set               7 us
[5.218s][info   ][gc,stats       ]   Rebuild Free Set                    5 us
[5.218s][info   ][gc,stats       ] Concurrent Weak References           66 us, parallelism: 0.61x
[5.218s][info   ][gc,stats       ]   CWRF: <total>                      41 us
[5.218s][info   ][gc,stats       ]   CWRF: Weak References              41 us, workers (us):  41, ---, ---,
[5.218s][info   ][gc,stats       ] Concurrent Weak Roots               554 us
[5.218s][info   ][gc,stats       ]   Roots                             473 us, parallelism: 0.87x
[5.218s][info   ][gc,stats       ]     CWR: <total>                    413 us
[5.218s][info   ][gc,stats       ]     CWR: Code Cache Roots           129 us, workers (us): 129, ---, ---,
[5.218s][info   ][gc,stats       ]     CWR: VM Weak Roots              274 us, workers (us): 274, ---, ---,
[5.218s][info   ][gc,stats       ]     CWR: CLDG Roots                  10 us, workers (us):  10, ---, ---,
[5.218s][info   ][gc,stats       ]   Rendezvous                         76 us
[5.218s][info   ][gc,stats       ] Concurrent Cleanup                   34 us
[5.218s][info   ][gc,stats       ] Concurrent Class Unloading         2607 us
[5.218s][info   ][gc,stats       ]   Unlink Stale                     2436 us
[5.218s][info   ][gc,stats       ]     System Dictionary                 4 us
[5.218s][info   ][gc,stats       ]     Weak Class Links                  0 us
[5.218s][info   ][gc,stats       ]     Code Roots                     2430 us
[5.218s][info   ][gc,stats       ]   Rendezvous                         84 us
[5.218s][info   ][gc,stats       ]   Purge Unlinked                     80 us
[5.218s][info   ][gc,stats       ]     Code Roots                       72 us
[5.218s][info   ][gc,stats       ]     CLDG                              7 us
[5.218s][info   ][gc,stats       ]     Exception Caches                  0 us
[5.218s][info   ][gc,stats       ] Pause Final Roots (G)               172 us
[5.218s][info   ][gc,stats       ] Pause Final Roots (N)                 6 us
[5.218s][info   ][gc,stats       ] Pacing                            41341 us
[5.218s][info   ][gc,stats       ]
[5.218s][info   ][gc,stats       ] Allocation pacing accrued:
[5.218s][info   ][gc,stats       ]      41 of    35 ms (119.7%): thread3
[5.218s][info   ][gc,stats       ]      41 of    35 ms (119.7%): <total>
[5.218s][info   ][gc,stats       ]       2 of    35 ms (  6.7%): <average total>
[5.218s][info   ][gc,stats       ]      41 of    35 ms (119.7%): <average non-zero>
[5.218s][info   ][gc,stats       ]
[5.241s][info   ][safepoint,stats] ShenandoahDegeneratedGC      [             18               1 ][           105600      45600   11531600   11682800 ]               1
[5.241s][info   ][gc,stats       ]
[5.241s][info   ][gc,stats       ] All times are wall-clock times, except per-root-class counters, that are sum over
[5.241s][info   ][gc,stats       ] all workers. Dividing the <total> over the root stage time estimates parallelism.
[5.241s][info   ][gc,stats       ]
[5.241s][info   ][gc,stats       ] Pause Degenerated GC (G)          11775 us
[5.241s][info   ][gc,stats       ] Pause Degenerated GC (N)          11481 us
[5.241s][info   ][gc,stats       ]   Degen STW Mark                   4865 us, parallelism: 2.95x
[5.241s][info   ][gc,stats       ]     DSM: <total>                  14372 us
[5.241s][info   ][gc,stats       ]     DSM: Thread Roots               176 us, workers (us):  65,  61,  51,
[5.241s][info   ][gc,stats       ]     DSM: VM Strong Roots             50 us, workers (us):  25,   1,  24,
[5.241s][info   ][gc,stats       ]     DSM: CLDG Roots                 480 us, workers (us):   6, 468,   7,
[5.241s][info   ][gc,stats       ]     DSM: Parallel Mark            13666 us, workers (us): 4702, 4262, 4703,
[5.241s][info   ][gc,stats       ]     System Purge                   6280 us
[5.241s][info   ][gc,stats       ]       Weak References                68 us, parallelism: 0.57x
[5.241s][info   ][gc,stats       ]         WRP: <total>                 39 us
[5.241s][info   ][gc,stats       ]         WRP: Weak References         39 us, workers (us):  11,  28,   0,
[5.241s][info   ][gc,stats       ]       Unload Classes               5891 us, parallelism: 0.45x
[5.241s][info   ][gc,stats       ]         DCU: <total>               2661 us
[5.241s][info   ][gc,stats       ]         DCU: Unload Code Caches     2661 us, workers (us): 905, 887, 869,
[5.241s][info   ][gc,stats       ]       Weak Roots                    286 us, parallelism: 2.18x
[5.241s][info   ][gc,stats       ]         DWR: <total>                623 us
[5.241s][info   ][gc,stats       ]         DWR: VM Weak Roots          623 us, workers (us): 199, 197, 228,
[5.241s][info   ][gc,stats       ]       CLDG                            1 us
[5.241s][info   ][gc,stats       ]   Update Region States                1 us
[5.241s][info   ][gc,stats       ]   Manage GC/TLABs                     7 us
[5.241s][info   ][gc,stats       ]   Choose Collection Set               6 us
[5.241s][info   ][gc,stats       ]   Rebuild Free Set                    2 us
[5.241s][info   ][gc,stats       ]   Cleanup                             1 us
[5.241s][info   ][gc,stats       ]
[5.241s][info   ][gc,stats       ] Allocation pacing accrued:
[5.241s][info   ][gc,stats       ]       0 of    23 ms (  0.0%): <total>
[5.241s][info   ][gc,stats       ]       0 of    23 ms (  0.0%): <average total>
[5.241s][info   ][gc,stats       ]
[5.243s][info   ][safepoint,stats] ShenandoahInitMark           [             18               1 ][            36400      24300      35400      96100 ]               1
[5.257s][info   ][safepoint,stats] ShenandoahFinalMarkStartEvac [             18               1 ][            15700      46900     119900     182500 ]               1
[5.260s][info   ][safepoint,stats] ShenandoahFinalRoots         [             18               1 ][            21700      53400      35300     110400 ]               1
[5.260s][info   ][gc,stats       ]
[5.260s][info   ][gc,stats       ] All times are wall-clock times, except per-root-class counters, that are sum over
[5.260s][info   ][gc,stats       ] all workers. Dividing the <total> over the root stage time estimates parallelism.
[5.260s][info   ][gc,stats       ]
[5.260s][info   ][gc,stats       ] Concurrent Reset                     64 us
[5.260s][info   ][gc,stats       ] Pause Init Mark (G)                 152 us
[5.260s][info   ][gc,stats       ] Pause Init Mark (N)                  14 us
[5.260s][info   ][gc,stats       ]   Update Region States                0 us
[5.260s][info   ][gc,stats       ] Concurrent Mark Roots               594 us, parallelism: 0.87x
[5.260s][info   ][gc,stats       ]   CMR: <total>                      515 us
[5.260s][info   ][gc,stats       ]   CMR: Thread Roots                 277 us, workers (us): 277, ---, ---,
[5.260s][info   ][gc,stats       ]   CMR: VM Strong Roots               20 us, workers (us):  20, ---, ---,
[5.260s][info   ][gc,stats       ]   CMR: CLDG Roots                   217 us, workers (us): 217, ---, ---,
[5.260s][info   ][gc,stats       ] Concurrent Marking                12299 us
[5.260s][info   ][gc,stats       ] Pause Final Mark (G)                266 us
[5.260s][info   ][gc,stats       ] Pause Final Mark (N)                 94 us
[5.260s][info   ][gc,stats       ]   Finish Mark                        68 us
[5.260s][info   ][gc,stats       ]   Update Region States                1 us
[5.260s][info   ][gc,stats       ]   Choose Collection Set               7 us
[5.260s][info   ][gc,stats       ]   Rebuild Free Set                    2 us
[5.260s][info   ][gc,stats       ] Concurrent Weak References           82 us, parallelism: 0.35x
[5.260s][info   ][gc,stats       ]   CWRF: <total>                      29 us
[5.260s][info   ][gc,stats       ]   CWRF: Weak References              29 us, workers (us):  29, ---, ---,
[5.260s][info   ][gc,stats       ] Concurrent Weak Roots               603 us
[5.260s][info   ][gc,stats       ]   Roots                             534 us, parallelism: 0.88x
[5.260s][info   ][gc,stats       ]     CWR: <total>                    468 us
[5.260s][info   ][gc,stats       ]     CWR: Code Cache Roots           174 us, workers (us): 174, ---, ---,
[5.260s][info   ][gc,stats       ]     CWR: VM Weak Roots              283 us, workers (us): 283, ---, ---,
[5.260s][info   ][gc,stats       ]     CWR: CLDG Roots                  12 us, workers (us):  12, ---, ---,
[5.260s][info   ][gc,stats       ]   Rendezvous                         64 us
[5.260s][info   ][gc,stats       ] Concurrent Cleanup                   35 us
[5.260s][info   ][gc,stats       ] Concurrent Class Unloading         2438 us
[5.260s][info   ][gc,stats       ]   Unlink Stale                     2244 us
[5.260s][info   ][gc,stats       ]     System Dictionary                 8 us
[5.260s][info   ][gc,stats       ]     Weak Class Links                  0 us
[5.260s][info   ][gc,stats       ]     Code Roots                     2232 us
[5.260s][info   ][gc,stats       ]   Rendezvous                        108 us
[5.260s][info   ][gc,stats       ]   Purge Unlinked                     80 us
[5.260s][info   ][gc,stats       ]     Code Roots                       74 us
[5.260s][info   ][gc,stats       ]     CLDG                              5 us
[5.260s][info   ][gc,stats       ]     Exception Caches                  0 us
[5.260s][info   ][gc,stats       ] Pause Final Roots (G)               214 us
[5.260s][info   ][gc,stats       ] Pause Final Roots (N)                 7 us
[5.260s][info   ][gc,stats       ] Pacing                             3135 us
[5.260s][info   ][gc,stats       ]
[5.260s][info   ][gc,stats       ] Allocation pacing accrued:
[5.260s][info   ][gc,stats       ]       3 of    19 ms ( 16.6%): thread3
[5.260s][info   ][gc,stats       ]       3 of    19 ms ( 16.6%): <total>
[5.260s][info   ][gc,stats       ]       0 of    19 ms (  0.9%): <average total>
[5.260s][info   ][gc,stats       ]       3 of    19 ms ( 16.6%): <average non-zero>
[5.260s][info   ][gc,stats       ]
[5.277s][info   ][gc,stats       ]
[5.277s][info   ][gc,stats       ] All times are wall-clock times, except per-root-class counters, that are sum over
[5.277s][info   ][gc,stats       ] all workers. Dividing the <total> over the root stage time estimates parallelism.
[5.277s][info   ][gc,stats       ]
[5.277s][info   ][gc,stats       ] Pacing                            27650 us
[5.277s][info   ][gc,stats       ]
[5.277s][info   ][gc,stats       ] Allocation pacing accrued:
[5.277s][info   ][gc,stats       ]      28 of    16 ms (169.3%): thread3
[5.277s][info   ][gc,stats       ]      28 of    16 ms (169.3%): <total>
[5.277s][info   ][gc,stats       ]       2 of    16 ms (  9.4%): <average total>
[5.277s][info   ][gc,stats       ]      28 of    16 ms (169.3%): <average non-zero>
[5.277s][info   ][gc,stats       ]
[5.305s][info   ][safepoint,stats] ShenandoahDegeneratedGC      [             18               1 ][            51300      72300   12152500   12276100 ]               1
[5.305s][info   ][gc,stats       ]
[5.305s][info   ][gc,stats       ] All times are wall-clock times, except per-root-class counters, that are sum over
[5.305s][info   ][gc,stats       ] all workers. Dividing the <total> over the root stage time estimates parallelism.
[5.305s][info   ][gc,stats       ]
[5.305s][info   ][gc,stats       ] Pause Degenerated GC (G)          12387 us
[5.305s][info   ][gc,stats       ] Pause Degenerated GC (N)          12104 us
[5.305s][info   ][gc,stats       ]   Degen STW Mark                   5218 us, parallelism: 2.91x
[5.305s][info   ][gc,stats       ]     DSM: <total>                  15181 us
[5.305s][info   ][gc,stats       ]     DSM: Thread Roots               101 us, workers (us):  52,  46,   3,
[5.305s][info   ][gc,stats       ]     DSM: VM Strong Roots             67 us, workers (us):   0,  36,  30,
[5.305s][info   ][gc,stats       ]     DSM: CLDG Roots                 246 us, workers (us): 240,   2,   3,
[5.305s][info   ][gc,stats       ]     DSM: Parallel Mark            14768 us, workers (us): 4792, 4987, 4989,
[5.305s][info   ][gc,stats       ]     System Purge                   6517 us
[5.305s][info   ][gc,stats       ]       Weak References                90 us, parallelism: 0.57x
[5.305s][info   ][gc,stats       ]         WRP: <total>                 51 us
[5.305s][info   ][gc,stats       ]         WRP: Weak References         51 us, workers (us):  39,   3,   9,
[5.305s][info   ][gc,stats       ]       Unload Classes               6151 us, parallelism: 0.37x
[5.305s][info   ][gc,stats       ]         DCU: <total>               2253 us
[5.305s][info   ][gc,stats       ]         DCU: Unload Code Caches     2253 us, workers (us): 738, 784, 731,
[5.305s][info   ][gc,stats       ]       Weak Roots                    239 us, parallelism: 2.19x
[5.305s][info   ][gc,stats       ]         DWR: <total>                522 us
[5.305s][info   ][gc,stats       ]         DWR: VM Weak Roots          522 us, workers (us): 185, 170, 167,
[5.305s][info   ][gc,stats       ]       CLDG                            1 us
[5.305s][info   ][gc,stats       ]   Update Region States                2 us
[5.305s][info   ][gc,stats       ]   Manage GC/TLABs                     8 us
[5.305s][info   ][gc,stats       ]   Choose Collection Set              10 us
[5.305s][info   ][gc,stats       ]   Rebuild Free Set                    2 us
[5.305s][info   ][gc,stats       ]   Cleanup                             1 us
[5.305s][info   ][gc,stats       ]
[5.305s][info   ][gc,stats       ] Allocation pacing accrued:
[5.305s][info   ][gc,stats       ]       0 of    29 ms (  0.0%): <total>
[5.305s][info   ][gc,stats       ]       0 of    29 ms (  0.0%): <average total>
[5.305s][info   ][gc,stats       ]
[5.307s][info   ][safepoint,stats] ShenandoahInitMark           [             18               1 ][            96200      34900      54600     185700 ]               1
[5.322s][info   ][safepoint,stats] ShenandoahFinalMarkStartEvac [             18               1 ][            20200      76600     273500     370300 ]               1
[5.326s][info   ][safepoint,stats] ShenandoahFinalRoots         [             18               1 ][            18000      48800      48100     114900 ]               1
[5.326s][info   ][gc,stats       ]
[5.326s][info   ][gc,stats       ] All times are wall-clock times, except per-root-class counters, that are sum over
[5.326s][info   ][gc,stats       ] all workers. Dividing the <total> over the root stage time estimates parallelism.
[5.326s][info   ][gc,stats       ]
[5.326s][info   ][gc,stats       ] Concurrent Reset                     44 us
[5.326s][info   ][gc,stats       ] Pause Init Mark (G)                 243 us
[5.326s][info   ][gc,stats       ] Pause Init Mark (N)                  17 us
[5.326s][info   ][gc,stats       ]   Update Region States                0 us
[5.326s][info   ][gc,stats       ] Concurrent Mark Roots               761 us, parallelism: 0.93x
[5.326s][info   ][gc,stats       ]   CMR: <total>                      706 us
[5.326s][info   ][gc,stats       ]   CMR: Thread Roots                 213 us, workers (us): 213, ---, ---,
[5.326s][info   ][gc,stats       ]   CMR: VM Strong Roots               44 us, workers (us):  44, ---, ---,
[5.326s][info   ][gc,stats       ]   CMR: CLDG Roots                   450 us, workers (us): 450, ---, ---,
[5.326s][info   ][gc,stats       ] Concurrent Marking                13770 us
[5.326s][info   ][gc,stats       ] Pause Final Mark (G)                486 us
[5.326s][info   ][gc,stats       ] Pause Final Mark (N)                159 us
[5.326s][info   ][gc,stats       ]   Finish Mark                        67 us
[5.326s][info   ][gc,stats       ]   Update Region States                2 us
[5.326s][info   ][gc,stats       ]   Choose Collection Set              12 us
[5.326s][info   ][gc,stats       ]   Rebuild Free Set                    4 us
[5.326s][info   ][gc,stats       ] Concurrent Weak References           98 us, parallelism: 0.67x
[5.326s][info   ][gc,stats       ]   CWRF: <total>                      66 us
[5.326s][info   ][gc,stats       ]   CWRF: Weak References              66 us, workers (us):  66, ---, ---,
[5.326s][info   ][gc,stats       ] Concurrent Weak Roots               447 us
[5.326s][info   ][gc,stats       ]   Roots                             339 us, parallelism: 0.88x
[5.326s][info   ][gc,stats       ]     CWR: <total>                    298 us
[5.326s][info   ][gc,stats       ]     CWR: Code Cache Roots           149 us, workers (us): 149, ---, ---,
[5.326s][info   ][gc,stats       ]     CWR: VM Weak Roots              139 us, workers (us): 139, ---, ---,
[5.326s][info   ][gc,stats       ]     CWR: CLDG Roots                   9 us, workers (us):   9, ---, ---,
[5.326s][info   ][gc,stats       ]   Rendezvous                        101 us
[5.326s][info   ][gc,stats       ] Concurrent Cleanup                   45 us
[5.326s][info   ][gc,stats       ] Concurrent Class Unloading         2911 us
[5.326s][info   ][gc,stats       ]   Unlink Stale                     2722 us
[5.326s][info   ][gc,stats       ]     System Dictionary                 4 us
[5.326s][info   ][gc,stats       ]     Weak Class Links                  0 us
[5.326s][info   ][gc,stats       ]     Code Roots                     2715 us
[5.326s][info   ][gc,stats       ]   Rendezvous                         83 us
[5.326s][info   ][gc,stats       ]   Purge Unlinked                     97 us
[5.326s][info   ][gc,stats       ]     Code Roots                       88 us
[5.326s][info   ][gc,stats       ]     CLDG                              7 us
[5.326s][info   ][gc,stats       ]     Exception Caches                  0 us
[5.326s][info   ][gc,stats       ] Pause Final Roots (G)               195 us
[5.326s][info   ][gc,stats       ] Pause Final Roots (N)                 7 us
[5.326s][info   ][gc,stats       ] Pacing                            14587 us
[5.326s][info   ][gc,stats       ]
[5.326s][info   ][gc,stats       ] Allocation pacing accrued:
[5.326s][info   ][gc,stats       ]      15 of    21 ms ( 68.7%): thread3
[5.326s][info   ][gc,stats       ]      15 of    21 ms ( 68.7%): <total>
[5.326s][info   ][gc,stats       ]       1 of    21 ms (  3.8%): <average total>
[5.326s][info   ][gc,stats       ]      15 of    21 ms ( 68.7%): <average non-zero>
[5.326s][info   ][gc,stats       ]
[5.350s][info   ][safepoint,stats] ShenandoahDegeneratedGC      [             18               1 ][           112100      49800   11530000   11691900 ]               1
[5.350s][info   ][gc,stats       ]
[5.350s][info   ][gc,stats       ] All times are wall-clock times, except per-root-class counters, that are sum over
[5.350s][info   ][gc,stats       ] all workers. Dividing the <total> over the root stage time estimates parallelism.
[5.350s][info   ][gc,stats       ]
[5.350s][info   ][gc,stats       ] Pause Degenerated GC (G)          11786 us
[5.350s][info   ][gc,stats       ] Pause Degenerated GC (N)          11484 us
[5.350s][info   ][gc,stats       ]   Degen STW Mark                   4975 us, parallelism: 2.95x
[5.350s][info   ][gc,stats       ]     DSM: <total>                  14652 us
[5.350s][info   ][gc,stats       ]     DSM: Thread Roots               172 us, workers (us):  63,  58,  51,
[5.350s][info   ][gc,stats       ]     DSM: VM Strong Roots             43 us, workers (us):   1,  29,  14,
[5.350s][info   ][gc,stats       ]     DSM: CLDG Roots                 593 us, workers (us): 583,   2,   7,
[5.350s][info   ][gc,stats       ]     DSM: Parallel Mark            13844 us, workers (us): 4243, 4799, 4802,
[5.350s][info   ][gc,stats       ]     System Purge                   6213 us
[5.350s][info   ][gc,stats       ]       Weak References                82 us, parallelism: 0.57x
[5.350s][info   ][gc,stats       ]         WRP: <total>                 47 us
[5.350s][info   ][gc,stats       ]         WRP: Weak References         47 us, workers (us):   6,  40,   0,
[5.350s][info   ][gc,stats       ]       Unload Classes               5837 us, parallelism: 0.41x
[5.350s][info   ][gc,stats       ]         DCU: <total>               2369 us
[5.350s][info   ][gc,stats       ]         DCU: Unload Code Caches     2369 us, workers (us): 771, 824, 773,
[5.350s][info   ][gc,stats       ]       Weak Roots                    259 us, parallelism: 2.37x
[5.350s][info   ][gc,stats       ]         DWR: <total>                616 us
[5.350s][info   ][gc,stats       ]         DWR: VM Weak Roots          616 us, workers (us): 212, 205, 199,
[5.350s][info   ][gc,stats       ]       CLDG                            1 us
[5.350s][info   ][gc,stats       ]   Update Region States                1 us
[5.350s][info   ][gc,stats       ]   Manage GC/TLABs                     8 us
[5.350s][info   ][gc,stats       ]   Choose Collection Set               9 us
[5.350s][info   ][gc,stats       ]   Rebuild Free Set                    2 us
[5.350s][info   ][gc,stats       ]   Cleanup                             1 us
[5.350s][info   ][gc,stats       ]
[5.350s][info   ][gc,stats       ] Allocation pacing accrued:
[5.350s][info   ][gc,stats       ]       0 of    24 ms (  0.0%): <total>
[5.350s][info   ][gc,stats       ]       0 of    24 ms (  0.0%): <average total>
[5.350s][info   ][gc,stats       ]
[5.352s][info   ][safepoint,stats] ShenandoahInitMark           [             18               1 ][            36900      31600      37700     106200 ]               1
[5.366s][info   ][safepoint,stats] ShenandoahFinalMarkStartEvac [             18               1 ][            20700      76100     161400     258200 ]               1
[5.370s][info   ][safepoint,stats] ShenandoahFinalRoots         [             18               1 ][            20300      37500      30100      87900 ]               1
[5.370s][info   ][gc,stats       ]
[5.370s][info   ][gc,stats       ] All times are wall-clock times, except per-root-class counters, that are sum over
[5.370s][info   ][gc,stats       ] all workers. Dividing the <total> over the root stage time estimates parallelism.
[5.370s][info   ][gc,stats       ]
[5.370s][info   ][gc,stats       ] Concurrent Reset                     55 us
[5.370s][info   ][gc,stats       ] Pause Init Mark (G)                 161 us
[5.370s][info   ][gc,stats       ] Pause Init Mark (N)                  15 us
[5.370s][info   ][gc,stats       ]   Update Region States                1 us
[5.370s][info   ][gc,stats       ] Concurrent Mark Roots               526 us, parallelism: 0.89x
[5.370s][info   ][gc,stats       ]   CMR: <total>                      467 us
[5.370s][info   ][gc,stats       ]   CMR: Thread Roots                 217 us, workers (us): 217, ---, ---,
[5.370s][info   ][gc,stats       ]   CMR: VM Strong Roots               24 us, workers (us):  24, ---, ---,
[5.370s][info   ][gc,stats       ]   CMR: CLDG Roots                   226 us, workers (us): 226, ---, ---,
[5.370s][info   ][gc,stats       ] Concurrent Marking                12712 us
[5.370s][info   ][gc,stats       ] Pause Final Mark (G)                362 us
[5.370s][info   ][gc,stats       ] Pause Final Mark (N)                128 us
[5.370s][info   ][gc,stats       ]   Finish Mark                        88 us
[5.370s][info   ][gc,stats       ]   Update Region States                2 us
[5.370s][info   ][gc,stats       ]   Choose Collection Set              11 us
[5.370s][info   ][gc,stats       ]   Rebuild Free Set                    6 us
[5.370s][info   ][gc,stats       ] Concurrent Weak References           59 us, parallelism: 0.53x
[5.370s][info   ][gc,stats       ]   CWRF: <total>                      31 us
[5.370s][info   ][gc,stats       ]   CWRF: Weak References              31 us, workers (us):  31, ---, ---,
[5.370s][info   ][gc,stats       ] Concurrent Weak Roots               428 us
[5.370s][info   ][gc,stats       ]   Roots                             338 us, parallelism: 0.87x
[5.370s][info   ][gc,stats       ]     CWR: <total>                    296 us
[5.370s][info   ][gc,stats       ]     CWR: Code Cache Roots           141 us, workers (us): 141, ---, ---,
[5.370s][info   ][gc,stats       ]     CWR: VM Weak Roots              146 us, workers (us): 146, ---, ---,
[5.370s][info   ][gc,stats       ]     CWR: CLDG Roots                  10 us, workers (us):  10, ---, ---,
[5.370s][info   ][gc,stats       ]   Rendezvous                         83 us
[5.370s][info   ][gc,stats       ] Concurrent Cleanup                   44 us
[5.370s][info   ][gc,stats       ] Concurrent Class Unloading         2998 us
[5.370s][info   ][gc,stats       ]   Unlink Stale                     2730 us
[5.370s][info   ][gc,stats       ]     System Dictionary                12 us
[5.370s][info   ][gc,stats       ]     Weak Class Links                  0 us
[5.370s][info   ][gc,stats       ]     Code Roots                     2715 us
[5.370s][info   ][gc,stats       ]   Rendezvous                        151 us
[5.370s][info   ][gc,stats       ]   Purge Unlinked                    109 us
[5.370s][info   ][gc,stats       ]     Code Roots                      101 us
[5.370s][info   ][gc,stats       ]     CLDG                              7 us
[5.370s][info   ][gc,stats       ]     Exception Caches                  0 us
[5.370s][info   ][gc,stats       ] Pause Final Roots (G)               166 us
[5.370s][info   ][gc,stats       ] Pause Final Roots (N)                 5 us
[5.370s][info   ][gc,stats       ] Pacing                             3133 us
[5.370s][info   ][gc,stats       ]
[5.370s][info   ][gc,stats       ] Allocation pacing accrued:
[5.370s][info   ][gc,stats       ]       3 of    20 ms ( 16.0%): thread3
[5.370s][info   ][gc,stats       ]       3 of    20 ms ( 16.0%): <total>
[5.370s][info   ][gc,stats       ]       0 of    20 ms (  0.9%): <average total>
[5.370s][info   ][gc,stats       ]       3 of    20 ms ( 16.0%): <average non-zero>
[5.370s][info   ][gc,stats       ]
[5.386s][info   ][safepoint,stats] ShenandoahInitMark           [             18               1 ][            47600      31100      37600     116300 ]               1
[5.387s][info   ][gc,stats       ]
[5.387s][info   ][gc,stats       ] All times are wall-clock times, except per-root-class counters, that are sum over
[5.387s][info   ][gc,stats       ] all workers. Dividing the <total> over the root stage time estimates parallelism.
[5.387s][info   ][gc,stats       ]
[5.387s][info   ][gc,stats       ] Concurrent Reset                     60 us
[5.387s][info   ][gc,stats       ] Pause Init Mark (G)                 183 us
[5.387s][info   ][gc,stats       ] Pause Init Mark (N)                  18 us
[5.387s][info   ][gc,stats       ]   Update Region States                0 us
[5.387s][info   ][gc,stats       ] Concurrent Mark Roots               496 us, parallelism: 0.90x
[5.387s][info   ][gc,stats       ]   CMR: <total>                      446 us
[5.387s][info   ][gc,stats       ]   CMR: Thread Roots                 233 us, workers (us): 233, ---, ---,
[5.387s][info   ][gc,stats       ]   CMR: VM Strong Roots               23 us, workers (us):  23, ---, ---,
[5.387s][info   ][gc,stats       ]   CMR: CLDG Roots                   190 us, workers (us): 190, ---, ---,
[5.387s][info   ][gc,stats       ] Pacing                            27085 us
[5.387s][info   ][gc,stats       ]
[5.387s][info   ][gc,stats       ] Allocation pacing accrued:
[5.387s][info   ][gc,stats       ]      27 of    17 ms (157.9%): thread3
[5.387s][info   ][gc,stats       ]      27 of    17 ms (157.9%): <total>
[5.387s][info   ][gc,stats       ]       2 of    17 ms (  8.8%): <average total>
[5.387s][info   ][gc,stats       ]      27 of    17 ms (157.9%): <average non-zero>
[5.387s][info   ][gc,stats       ]
[5.413s][info   ][safepoint,stats] ShenandoahDegeneratedGC      [             18               1 ][            39000      32500   11007400   11078900 ]               1
[5.413s][info   ][gc,stats       ]
[5.414s][info   ][gc,stats       ] All times are wall-clock times, except per-root-class counters, that are sum over
[5.414s][info   ][gc,stats       ] all workers. Dividing the <total> over the root stage time estimates parallelism.
[5.414s][info   ][gc,stats       ]
[5.414s][info   ][gc,stats       ] Pause Degenerated GC (G)          11182 us
[5.414s][info   ][gc,stats       ] Pause Degenerated GC (N)          10961 us
[5.414s][info   ][gc,stats       ]   Degen STW Mark                   4771 us, parallelism: 2.95x
[5.414s][info   ][gc,stats       ]     DSM: <total>                  14057 us
[5.414s][info   ][gc,stats       ]     DSM: Thread Roots               127 us, workers (us):  42,  38,  47,
[5.414s][info   ][gc,stats       ]     DSM: VM Strong Roots             27 us, workers (us):   0,  17,   9,
[5.414s][info   ][gc,stats       ]     DSM: CLDG Roots                 240 us, workers (us): 234,   4,   2,
[5.414s][info   ][gc,stats       ]     DSM: Parallel Mark            13662 us, workers (us): 4412, 4624, 4626,
[5.414s][info   ][gc,stats       ]     System Purge                   5833 us
[5.414s][info   ][gc,stats       ]       Weak References                76 us, parallelism: 0.66x
[5.414s][info   ][gc,stats       ]         WRP: <total>                 50 us
[5.414s][info   ][gc,stats       ]         WRP: Weak References         50 us, workers (us):  37,  13,   0,
[5.414s][info   ][gc,stats       ]       Unload Classes               5397 us, parallelism: 0.50x
[5.414s][info   ][gc,stats       ]         DCU: <total>               2703 us
[5.414s][info   ][gc,stats       ]         DCU: Unload Code Caches     2703 us, workers (us): 920, 894, 889,
[5.414s][info   ][gc,stats       ]       Weak Roots                    323 us, parallelism: 2.42x
[5.414s][info   ][gc,stats       ]         DWR: <total>                781 us
[5.414s][info   ][gc,stats       ]         DWR: VM Weak Roots          781 us, workers (us): 273, 258, 250,
[5.414s][info   ][gc,stats       ]       CLDG                            1 us
[5.414s][info   ][gc,stats       ]   Update Region States                2 us
[5.414s][info   ][gc,stats       ]   Manage GC/TLABs                     8 us
[5.414s][info   ][gc,stats       ]   Choose Collection Set              10 us
[5.414s][info   ][gc,stats       ]   Rebuild Free Set                    2 us
[5.414s][info   ][gc,stats       ]   Cleanup                             1 us
[5.414s][info   ][gc,stats       ]
[5.414s][info   ][gc,stats       ] Allocation pacing accrued:
[5.414s][info   ][gc,stats       ]       0 of    27 ms (  0.0%): <total>
[5.414s][info   ][gc,stats       ]       0 of    27 ms (  0.0%): <average total>
[5.414s][info   ][gc,stats       ]
[5.415s][info   ][safepoint,stats] ShenandoahInitMark           [             18               1 ][            37500      25700      41300     104500 ]               1
[5.428s][info   ][safepoint,stats] VM Operation                 [ threads: total initial_running ][ time:       sync    cleanup       vmop      total ] page_trap_count
[5.428s][info   ][safepoint,stats] ShenandoahFinalMarkStartEvac [             18               1 ][            15600      57800     137300     210700 ]               1
[5.431s][info   ][safepoint,stats] ShenandoahFinalRoots         [             18               1 ][            22000      38800      33000      93800 ]               1
[5.431s][info   ][gc,stats       ]
[5.431s][info   ][gc,stats       ] All times are wall-clock times, except per-root-class counters, that are sum over
[5.431s][info   ][gc,stats       ] all workers. Dividing the <total> over the root stage time estimates parallelism.
[5.431s][info   ][gc,stats       ]
[5.431s][info   ][gc,stats       ] Concurrent Reset                     51 us
[5.431s][info   ][gc,stats       ] Pause Init Mark (G)                 170 us
[5.431s][info   ][gc,stats       ] Pause Init Mark (N)                  18 us
[5.431s][info   ][gc,stats       ]   Update Region States                1 us
[5.431s][info   ][gc,stats       ] Concurrent Mark Roots               548 us, parallelism: 0.86x
[5.431s][info   ][gc,stats       ]   CMR: <total>                      470 us
[5.431s][info   ][gc,stats       ]   CMR: Thread Roots                 219 us, workers (us): 219, ---, ---,
[5.431s][info   ][gc,stats       ]   CMR: VM Strong Roots               25 us, workers (us):  25, ---, ---,
[5.431s][info   ][gc,stats       ]   CMR: CLDG Roots                   225 us, workers (us): 225, ---, ---,
[5.431s][info   ][gc,stats       ] Concurrent Marking                11939 us
[5.431s][info   ][gc,stats       ] Pause Final Mark (G)                303 us
[5.431s][info   ][gc,stats       ] Pause Final Mark (N)                100 us
[5.431s][info   ][gc,stats       ]   Finish Mark                        75 us
[5.431s][info   ][gc,stats       ]   Update Region States                1 us
[5.431s][info   ][gc,stats       ]   Choose Collection Set               7 us
[5.431s][info   ][gc,stats       ]   Rebuild Free Set                    2 us
[5.431s][info   ][gc,stats       ] Concurrent Weak References           96 us, parallelism: 0.34x
[5.431s][info   ][gc,stats       ]   CWRF: <total>                      32 us
[5.431s][info   ][gc,stats       ]   CWRF: Weak References              32 us, workers (us):  32, ---, ---,
[5.431s][info   ][gc,stats       ] Concurrent Weak Roots               457 us
[5.431s][info   ][gc,stats       ]   Roots                             346 us, parallelism: 0.80x
[5.431s][info   ][gc,stats       ]     CWR: <total>                    275 us
[5.431s][info   ][gc,stats       ]     CWR: Code Cache Roots           130 us, workers (us): 130, ---, ---,
[5.431s][info   ][gc,stats       ]     CWR: VM Weak Roots              137 us, workers (us): 137, ---, ---,
[5.431s][info   ][gc,stats       ]     CWR: CLDG Roots                   8 us, workers (us):   8, ---, ---,
[5.431s][info   ][gc,stats       ]   Rendezvous                        103 us
[5.431s][info   ][gc,stats       ] Concurrent Cleanup                   41 us
[5.431s][info   ][gc,stats       ] Concurrent Class Unloading         2188 us
[5.431s][info   ][gc,stats       ]   Unlink Stale                     2063 us
[5.431s][info   ][gc,stats       ]     System Dictionary                 8 us
[5.431s][info   ][gc,stats       ]     Weak Class Links                  0 us
[5.431s][info   ][gc,stats       ]     Code Roots                     2053 us
[5.431s][info   ][gc,stats       ]   Rendezvous                         61 us
[5.431s][info   ][gc,stats       ]   Purge Unlinked                     57 us
[5.431s][info   ][gc,stats       ]     Code Roots                       52 us
[5.431s][info   ][gc,stats       ]     CLDG                              5 us
[5.431s][info   ][gc,stats       ]     Exception Caches                  0 us
[5.431s][info   ][gc,stats       ] Pause Final Roots (G)               183 us
[5.431s][info   ][gc,stats       ] Pause Final Roots (N)                 6 us
[5.431s][info   ][gc,stats       ]
[5.431s][info   ][gc,stats       ] Allocation pacing accrued:
[5.431s][info   ][gc,stats       ]       0 of    18 ms (  0.0%): <total>
[5.431s][info   ][gc,stats       ]       0 of    18 ms (  0.0%): <average total>
[5.431s][info   ][gc,stats       ]
[5.435s][info   ][safepoint,stats] ShenandoahInitMark           [             18               1 ][           135300      26500      53500     215300 ]               1
[5.447s][info   ][safepoint,stats] ShenandoahFinalMarkStartEvac [             18               1 ][            15300      42900      96600     154800 ]               1
[5.451s][info   ][safepoint,stats] ShenandoahFinalRoots         [             18               1 ][            22600      16800      54300      93700 ]               1
[5.451s][info   ][gc,stats       ]
[5.451s][info   ][gc,stats       ] All times are wall-clock times, except per-root-class counters, that are sum over
[5.451s][info   ][gc,stats       ] all workers. Dividing the <total> over the root stage time estimates parallelism.
[5.451s][info   ][gc,stats       ]
[5.451s][info   ][gc,stats       ] Concurrent Reset                     40 us
[5.451s][info   ][gc,stats       ] Pause Init Mark (G)                 301 us
[5.451s][info   ][gc,stats       ] Pause Init Mark (N)                  18 us
[5.451s][info   ][gc,stats       ]   Update Region States                0 us
[5.451s][info   ][gc,stats       ] Concurrent Mark Roots               845 us, parallelism: 0.92x
[5.451s][info   ][gc,stats       ]   CMR: <total>                      778 us
[5.451s][info   ][gc,stats       ]   CMR: Thread Roots                 220 us, workers (us): 220, ---, ---,
[5.451s][info   ][gc,stats       ]   CMR: VM Strong Roots               45 us, workers (us):  45, ---, ---,
[5.451s][info   ][gc,stats       ]   CMR: CLDG Roots                   514 us, workers (us): 514, ---, ---,
[5.451s][info   ][gc,stats       ] Concurrent Marking                11860 us
[5.451s][info   ][gc,stats       ] Pause Final Mark (G)                230 us
[5.451s][info   ][gc,stats       ] Pause Final Mark (N)                 71 us
[5.451s][info   ][gc,stats       ]   Finish Mark                        53 us
[5.451s][info   ][gc,stats       ]   Update Region States                1 us
[5.451s][info   ][gc,stats       ]   Choose Collection Set               2 us
[5.451s][info   ][gc,stats       ]   Rebuild Free Set                    2 us
[5.451s][info   ][gc,stats       ] Concurrent Weak References           82 us, parallelism: 0.42x
[5.451s][info   ][gc,stats       ]   CWRF: <total>                      34 us
[5.451s][info   ][gc,stats       ]   CWRF: Weak References              34 us, workers (us):  34, ---, ---,
[5.451s][info   ][gc,stats       ] Concurrent Weak Roots               609 us
[5.451s][info   ][gc,stats       ]   Roots                             523 us, parallelism: 0.89x
[5.451s][info   ][gc,stats       ]     CWR: <total>                    467 us
[5.451s][info   ][gc,stats       ]     CWR: Code Cache Roots           173 us, workers (us): 173, ---, ---,
[5.451s][info   ][gc,stats       ]     CWR: VM Weak Roots              280 us, workers (us): 280, ---, ---,
[5.451s][info   ][gc,stats       ]     CWR: CLDG Roots                  14 us, workers (us):  14, ---, ---,
[5.451s][info   ][gc,stats       ]   Rendezvous                         83 us
[5.451s][info   ][gc,stats       ] Concurrent Cleanup                    2 us
[5.451s][info   ][gc,stats       ] Concurrent Class Unloading         2310 us
[5.451s][info   ][gc,stats       ]   Unlink Stale                     2205 us
[5.451s][info   ][gc,stats       ]     System Dictionary                10 us
[5.451s][info   ][gc,stats       ]     Weak Class Links                  0 us
[5.451s][info   ][gc,stats       ]     Code Roots                     2192 us
[5.451s][info   ][gc,stats       ]   Rendezvous                         58 us
[5.451s][info   ][gc,stats       ]   Purge Unlinked                     42 us
[5.451s][info   ][gc,stats       ]     Code Roots                       40 us
[5.451s][info   ][gc,stats       ]     CLDG                              2 us
[5.451s][info   ][gc,stats       ]     Exception Caches                  0 us
[5.451s][info   ][gc,stats       ] Pause Final Roots (G)               153 us
[5.451s][info   ][gc,stats       ] Pause Final Roots (N)                 5 us
[5.451s][info   ][gc,stats       ] Pacing                            32509 us
[5.451s][info   ][gc,stats       ]
[5.451s][info   ][gc,stats       ] Allocation pacing accrued:
[5.451s][info   ][gc,stats       ]      33 of    20 ms (165.1%): thread3
[5.451s][info   ][gc,stats       ]      33 of    20 ms (165.1%): <total>
[5.451s][info   ][gc,stats       ]       2 of    20 ms (  9.2%): <average total>
[5.451s][info   ][gc,stats       ]      33 of    20 ms (165.1%): <average non-zero>
[5.451s][info   ][gc,stats       ]
[5.452s][info   ][safepoint,stats] ShenandoahInitMark           [             18               1 ][            35600      38300      35200     109100 ]               1
[5.466s][info   ][gc,stats       ]
[5.466s][info   ][gc,stats       ] All times are wall-clock times, except per-root-class counters, that are sum over
[5.466s][info   ][gc,stats       ] all workers. Dividing the <total> over the root stage time estimates parallelism.
[5.466s][info   ][gc,stats       ]
[5.466s][info   ][gc,stats       ] Concurrent Reset                     55 us
[5.466s][info   ][gc,stats       ] Pause Init Mark (G)                 164 us
[5.466s][info   ][gc,stats       ] Pause Init Mark (N)                  14 us
[5.466s][info   ][gc,stats       ]   Update Region States                0 us
[5.466s][info   ][gc,stats       ] Concurrent Mark Roots               524 us, parallelism: 0.87x
[5.466s][info   ][gc,stats       ]   CMR: <total>                      457 us
[5.466s][info   ][gc,stats       ]   CMR: Thread Roots                 214 us, workers (us): 214, ---, ---,
[5.466s][info   ][gc,stats       ]   CMR: VM Strong Roots               21 us, workers (us):  21, ---, ---,
[5.466s][info   ][gc,stats       ]   CMR: CLDG Roots                   221 us, workers (us): 221, ---, ---,
[5.466s][info   ][gc,stats       ] Concurrent Marking                12687 us
[5.466s][info   ][gc,stats       ] Pacing                            12188 us
[5.466s][info   ][gc,stats       ]
[5.466s][info   ][gc,stats       ] Allocation pacing accrued:
[5.466s][info   ][gc,stats       ]      12 of    15 ms ( 83.1%): thread3
[5.466s][info   ][gc,stats       ]      12 of    15 ms ( 83.1%): <total>
[5.466s][info   ][gc,stats       ]       1 of    15 ms (  4.6%): <average total>
[5.466s][info   ][gc,stats       ]      12 of    15 ms ( 83.1%): <average non-zero>
[5.466s][info   ][gc,stats       ]
[5.488s][info   ][safepoint,stats] ShenandoahDegeneratedGC      [             18               1 ][            70000      49700    6587900    6707600 ]               1
[5.488s][info   ][gc,stats       ]
[5.488s][info   ][gc,stats       ] All times are wall-clock times, except per-root-class counters, that are sum over
[5.488s][info   ][gc,stats       ] all workers. Dividing the <total> over the root stage time estimates parallelism.
[5.488s][info   ][gc,stats       ]
[5.488s][info   ][gc,stats       ]   Finish Mark                        87 us
[5.488s][info   ][gc,stats       ] Pause Degenerated GC (G)           6796 us
[5.488s][info   ][gc,stats       ] Pause Degenerated GC (N)           6554 us
[5.488s][info   ][gc,stats       ]     System Purge                   6154 us
[5.488s][info   ][gc,stats       ]       Weak References                96 us, parallelism: 0.46x
[5.488s][info   ][gc,stats       ]         WRP: <total>                 44 us
[5.488s][info   ][gc,stats       ]         WRP: Weak References         44 us, workers (us):  43,   1,   0,
[5.488s][info   ][gc,stats       ]       Unload Classes               5680 us, parallelism: 0.47x
[5.488s][info   ][gc,stats       ]         DCU: <total>               2688 us
[5.488s][info   ][gc,stats       ]         DCU: Unload Code Caches     2688 us, workers (us): 925, 904, 859,
[5.488s][info   ][gc,stats       ]       Weak Roots                    343 us, parallelism: 2.47x
[5.488s][info   ][gc,stats       ]         DWR: <total>                846 us
[5.488s][info   ][gc,stats       ]         DWR: VM Weak Roots          846 us, workers (us): 282, 289, 274,
[5.488s][info   ][gc,stats       ]       CLDG                            1 us
[5.488s][info   ][gc,stats       ]   Update Region States                2 us
[5.488s][info   ][gc,stats       ]   Manage GC/TLABs                     8 us
[5.488s][info   ][gc,stats       ]   Choose Collection Set              10 us
[5.488s][info   ][gc,stats       ]   Rebuild Free Set                    2 us
[5.488s][info   ][gc,stats       ]   Cleanup                             3 us
[5.488s][info   ][gc,stats       ]
[5.488s][info   ][gc,stats       ] Allocation pacing accrued:
[5.488s][info   ][gc,stats       ]       0 of    22 ms (  0.0%): <total>
[5.488s][info   ][gc,stats       ]       0 of    22 ms (  0.0%): <average total>
[5.488s][info   ][gc,stats       ]
[5.497s][info   ][safepoint,stats] ShenandoahInitMark           [             18               1 ][            57800      32400      62200     152400 ]               1
[5.513s][info   ][safepoint,stats] ShenandoahFinalMarkStartEvac [             18               1 ][            15400      47100     117400     179900 ]               1
[5.516s][info   ][safepoint,stats] ShenandoahFinalRoots         [             18               2 ][            17300      30900      32200      80400 ]               1
[5.516s][info   ][gc,stats       ]
[5.516s][info   ][gc,stats       ] All times are wall-clock times, except per-root-class counters, that are sum over
[5.516s][info   ][gc,stats       ] all workers. Dividing the <total> over the root stage time estimates parallelism.
[5.516s][info   ][gc,stats       ]
[5.516s][info   ][gc,stats       ] Concurrent Reset                     71 us
[5.516s][info   ][gc,stats       ] Pause Init Mark (G)                 230 us
[5.516s][info   ][gc,stats       ] Pause Init Mark (N)                  32 us
[5.516s][info   ][gc,stats       ]   Update Region States                1 us
[5.516s][info   ][gc,stats       ] Concurrent Mark Roots              1080 us, parallelism: 0.91x
[5.516s][info   ][gc,stats       ]   CMR: <total>                      986 us
[5.516s][info   ][gc,stats       ]   CMR: Thread Roots                 444 us, workers (us): 444, ---, ---,
[5.516s][info   ][gc,stats       ]   CMR: VM Strong Roots               44 us, workers (us):  44, ---, ---,
[5.516s][info   ][gc,stats       ]   CMR: CLDG Roots                   498 us, workers (us): 498, ---, ---,
[5.516s][info   ][gc,stats       ] Concurrent Marking                13669 us
[5.516s][info   ][gc,stats       ] Pause Final Mark (G)                260 us
[5.516s][info   ][gc,stats       ] Pause Final Mark (N)                 85 us
[5.516s][info   ][gc,stats       ]   Finish Mark                        46 us
[5.516s][info   ][gc,stats       ]   Update Region States                3 us
[5.516s][info   ][gc,stats       ]   Choose Collection Set              15 us
[5.516s][info   ][gc,stats       ]   Rebuild Free Set                    3 us
[5.516s][info   ][gc,stats       ] Concurrent Weak References           80 us, parallelism: 0.53x
[5.516s][info   ][gc,stats       ]   CWRF: <total>                      42 us
[5.516s][info   ][gc,stats       ]   CWRF: Weak References              42 us, workers (us):  42, ---, ---,
[5.516s][info   ][gc,stats       ] Concurrent Weak Roots               434 us
[5.516s][info   ][gc,stats       ]   Roots                             371 us, parallelism: 0.86x
[5.516s][info   ][gc,stats       ]     CWR: <total>                    317 us
[5.516s][info   ][gc,stats       ]     CWR: Code Cache Roots           163 us, workers (us): 163, ---, ---,
[5.516s][info   ][gc,stats       ]     CWR: VM Weak Roots              142 us, workers (us): 142, ---, ---,
[5.516s][info   ][gc,stats       ]     CWR: CLDG Roots                  12 us, workers (us):  12, ---, ---,
[5.516s][info   ][gc,stats       ]   Rendezvous                         60 us
[5.516s][info   ][gc,stats       ] Concurrent Cleanup                   93 us
[5.516s][info   ][gc,stats       ] Concurrent Class Unloading         2526 us
[5.516s][info   ][gc,stats       ]   Unlink Stale                     2335 us
[5.516s][info   ][gc,stats       ]     System Dictionary                 8 us
[5.516s][info   ][gc,stats       ]     Weak Class Links                  0 us
[5.516s][info   ][gc,stats       ]     Code Roots                     2325 us
[5.516s][info   ][gc,stats       ]   Rendezvous                        101 us
[5.516s][info   ][gc,stats       ]   Purge Unlinked                     82 us
[5.516s][info   ][gc,stats       ]     Code Roots                       77 us
[5.516s][info   ][gc,stats       ]     CLDG                              5 us
[5.516s][info   ][gc,stats       ]     Exception Caches                  0 us
[5.516s][info   ][gc,stats       ] Pause Final Roots (G)               153 us
[5.516s][info   ][gc,stats       ] Pause Final Roots (N)                 6 us
[5.516s][info   ][gc,stats       ] Pacing                            20314 us
[5.516s][info   ][gc,stats       ]
[5.516s][info   ][gc,stats       ] Allocation pacing accrued:
[5.516s][info   ][gc,stats       ]      20 of    28 ms ( 72.8%): thread3
[5.516s][info   ][gc,stats       ]      20 of    28 ms ( 72.8%): <total>
[5.516s][info   ][gc,stats       ]       1 of    28 ms (  4.0%): <average total>
[5.516s][info   ][gc,stats       ]      20 of    28 ms ( 72.8%): <average non-zero>
[5.516s][info   ][gc,stats       ]
[5.529s][info   ][safepoint,stats] ShenandoahInitMark           [             18               1 ][            69500      25900      73300     168700 ]               1
[5.543s][info   ][safepoint,stats] ShenandoahFinalMarkStartEvac [             18               1 ][            15800      57600     139200     212600 ]               1
[5.547s][info   ][safepoint,stats] ShenandoahFinalRoots         [             18               1 ][            20000      45400      36600     102000 ]               1
[5.547s][info   ][gc,stats       ]
[5.547s][info   ][gc,stats       ] All times are wall-clock times, except per-root-class counters, that are sum over
[5.547s][info   ][gc,stats       ] all workers. Dividing the <total> over the root stage time estimates parallelism.
[5.547s][info   ][gc,stats       ]
[5.547s][info   ][gc,stats       ] Concurrent Reset                     51 us
[5.547s][info   ][gc,stats       ] Pause Init Mark (G)                 294 us
[5.547s][info   ][gc,stats       ] Pause Init Mark (N)                  25 us
[5.547s][info   ][gc,stats       ]   Update Region States                1 us
[5.547s][info   ][gc,stats       ] Concurrent Mark Roots               585 us, parallelism: 0.91x
[5.547s][info   ][gc,stats       ]   CMR: <total>                      530 us
[5.547s][info   ][gc,stats       ]   CMR: Thread Roots                 231 us, workers (us): 231, ---, ---,
[5.547s][info   ][gc,stats       ]   CMR: VM Strong Roots               32 us, workers (us):  32, ---, ---,
[5.547s][info   ][gc,stats       ]   CMR: CLDG Roots                   267 us, workers (us): 267, ---, ---,
[5.547s][info   ][gc,stats       ] Concurrent Marking                12834 us
[5.547s][info   ][gc,stats       ] Pause Final Mark (G)                303 us
[5.547s][info   ][gc,stats       ] Pause Final Mark (N)                116 us
[5.547s][info   ][gc,stats       ]   Finish Mark                        78 us
[5.547s][info   ][gc,stats       ]   Update Region States                2 us
[5.547s][info   ][gc,stats       ]   Choose Collection Set              11 us
[5.547s][info   ][gc,stats       ]   Rebuild Free Set                    4 us
[5.547s][info   ][gc,stats       ] Concurrent Weak References          113 us, parallelism: 0.57x
[5.547s][info   ][gc,stats       ]   CWRF: <total>                      65 us
[5.547s][info   ][gc,stats       ]   CWRF: Weak References              65 us, workers (us):  65, ---, ---,
[5.547s][info   ][gc,stats       ] Concurrent Weak Roots               637 us
[5.547s][info   ][gc,stats       ]   Roots                             543 us, parallelism: 0.87x
[5.547s][info   ][gc,stats       ]     CWR: <total>                    470 us
[5.547s][info   ][gc,stats       ]     CWR: Code Cache Roots           171 us, workers (us): 171, ---, ---,
[5.547s][info   ][gc,stats       ]     CWR: VM Weak Roots              284 us, workers (us): 284, ---, ---,
[5.547s][info   ][gc,stats       ]     CWR: CLDG Roots                  14 us, workers (us):  14, ---, ---,
[5.547s][info   ][gc,stats       ]   Rendezvous                         90 us
[5.547s][info   ][gc,stats       ] Concurrent Cleanup                   42 us
[5.547s][info   ][gc,stats       ] Concurrent Class Unloading         2683 us
[5.547s][info   ][gc,stats       ]   Unlink Stale                     2467 us
[5.547s][info   ][gc,stats       ]     System Dictionary                 9 us
[5.547s][info   ][gc,stats       ]     Weak Class Links                  0 us
[5.547s][info   ][gc,stats       ]     Code Roots                     2453 us
[5.547s][info   ][gc,stats       ]   Rendezvous                        125 us
[5.547s][info   ][gc,stats       ]   Purge Unlinked                     84 us
[5.547s][info   ][gc,stats       ]     Code Roots                       78 us
[5.547s][info   ][gc,stats       ]     CLDG                              5 us
[5.547s][info   ][gc,stats       ]     Exception Caches                  0 us
[5.547s][info   ][gc,stats       ] Pause Final Roots (G)               176 us
[5.547s][info   ][gc,stats       ] Pause Final Roots (N)                 6 us
[5.547s][info   ][gc,stats       ] Pacing                            27600 us
[5.547s][info   ][gc,stats       ]
[5.547s][info   ][gc,stats       ] Allocation pacing accrued:
[5.547s][info   ][gc,stats       ]      28 of    31 ms ( 88.7%): thread3
[5.547s][info   ][gc,stats       ]      28 of    31 ms ( 88.7%): <total>
[5.547s][info   ][gc,stats       ]       2 of    31 ms (  4.9%): <average total>
[5.547s][info   ][gc,stats       ]      28 of    31 ms ( 88.7%): <average non-zero>
[5.547s][info   ][gc,stats       ]
[5.550s][info   ][safepoint,stats] ShenandoahInitMark           [             18               1 ][            40400      49100      68800     158300 ]               1
[5.562s][info   ][gc,stats       ]
[5.562s][info   ][gc,stats       ] All times are wall-clock times, except per-root-class counters, that are sum over
[5.562s][info   ][gc,stats       ] all workers. Dividing the <total> over the root stage time estimates parallelism.
[5.562s][info   ][gc,stats       ]
[5.562s][info   ][gc,stats       ] Concurrent Reset                     95 us
[5.562s][info   ][gc,stats       ] Pause Init Mark (G)                 249 us
[5.562s][info   ][gc,stats       ] Pause Init Mark (N)                  30 us
[5.562s][info   ][gc,stats       ]   Update Region States                1 us
[5.562s][info   ][gc,stats       ] Concurrent Mark Roots               786 us, parallelism: 0.90x
[5.562s][info   ][gc,stats       ]   CMR: <total>                      710 us
[5.562s][info   ][gc,stats       ]   CMR: Thread Roots                 369 us, workers (us): 369, ---, ---,
[5.562s][info   ][gc,stats       ]   CMR: VM Strong Roots               28 us, workers (us):  28, ---, ---,
[5.562s][info   ][gc,stats       ]   CMR: CLDG Roots                   313 us, workers (us): 313, ---, ---,
[5.562s][info   ][gc,stats       ] Concurrent Marking                11383 us
[5.562s][info   ][gc,stats       ] Pacing                            11295 us
[5.562s][info   ][gc,stats       ]
[5.562s][info   ][gc,stats       ] Allocation pacing accrued:
[5.562s][info   ][gc,stats       ]      11 of    15 ms ( 76.9%): thread3
[5.562s][info   ][gc,stats       ]      11 of    15 ms ( 76.9%): <total>
[5.562s][info   ][gc,stats       ]       1 of    15 ms (  4.3%): <average total>
[5.562s][info   ][gc,stats       ]      11 of    15 ms ( 76.9%): <average non-zero>
[5.562s][info   ][gc,stats       ]
[5.585s][info   ][safepoint,stats] ShenandoahDegeneratedGC      [             18               1 ][            50500      26100    7882200    7958800 ]               1
[5.585s][info   ][gc,stats       ]
[5.585s][info   ][gc,stats       ] All times are wall-clock times, except per-root-class counters, that are sum over
[5.585s][info   ][gc,stats       ] all workers. Dividing the <total> over the root stage time estimates parallelism.
[5.585s][info   ][gc,stats       ]
[5.585s][info   ][gc,stats       ]   Finish Mark                       950 us
[5.585s][info   ][gc,stats       ] Pause Degenerated GC (G)           8029 us
[5.585s][info   ][gc,stats       ] Pause Degenerated GC (N)           7852 us
[5.585s][info   ][gc,stats       ]     System Purge                   6640 us
[5.585s][info   ][gc,stats       ]       Weak References                87 us, parallelism: 0.50x
[5.585s][info   ][gc,stats       ]         WRP: <total>                 43 us
[5.585s][info   ][gc,stats       ]         WRP: Weak References         43 us, workers (us):  42,   0,   0,
[5.585s][info   ][gc,stats       ]       Unload Classes               6225 us, parallelism: 0.45x
[5.585s][info   ][gc,stats       ]         DCU: <total>               2808 us
[5.585s][info   ][gc,stats       ]         DCU: Unload Code Caches     2808 us, workers (us): 931, 924, 953,
[5.585s][info   ][gc,stats       ]       Weak Roots                    291 us, parallelism: 2.37x
[5.585s][info   ][gc,stats       ]         DWR: <total>                692 us
[5.585s][info   ][gc,stats       ]         DWR: VM Weak Roots          692 us, workers (us): 238, 232, 222,
[5.585s][info   ][gc,stats       ]       CLDG                            1 us
[5.585s][info   ][gc,stats       ]   Update Region States                2 us
[5.585s][info   ][gc,stats       ]   Manage GC/TLABs                     8 us
[5.585s][info   ][gc,stats       ]   Choose Collection Set              11 us
[5.585s][info   ][gc,stats       ]   Rebuild Free Set                    2 us
[5.585s][info   ][gc,stats       ]   Cleanup                             1 us
[5.585s][info   ][gc,stats       ]
[5.585s][info   ][gc,stats       ] Allocation pacing accrued:
[5.585s][info   ][gc,stats       ]       0 of    24 ms (  0.0%): <total>
[5.585s][info   ][gc,stats       ]       0 of    24 ms (  0.0%): <average total>
[5.585s][info   ][gc,stats       ]
[5.587s][info   ][safepoint,stats] ShenandoahInitMark           [             18               1 ][            41900      47700      54800     144400 ]               1
[5.603s][info   ][safepoint,stats] ShenandoahFinalMarkStartEvac [             18               1 ][            15800      41900     119300     177000 ]               1
[5.606s][info   ][safepoint,stats] ShenandoahFinalRoots         [             18               1 ][            19700      42300      39600     101600 ]               1
[5.606s][info   ][gc,stats       ]
[5.606s][info   ][gc,stats       ] All times are wall-clock times, except per-root-class counters, that are sum over
[5.606s][info   ][gc,stats       ] all workers. Dividing the <total> over the root stage time estimates parallelism.
[5.606s][info   ][gc,stats       ]
[5.606s][info   ][gc,stats       ] Concurrent Reset                     91 us
[5.606s][info   ][gc,stats       ] Pause Init Mark (G)                 225 us
[5.606s][info   ][gc,stats       ] Pause Init Mark (N)                  27 us
[5.606s][info   ][gc,stats       ]   Update Region States                1 us
[5.606s][info   ][gc,stats       ] Concurrent Mark Roots              1002 us, parallelism: 0.92x
[5.606s][info   ][gc,stats       ]   CMR: <total>                      920 us
[5.606s][info   ][gc,stats       ]   CMR: Thread Roots                 424 us, workers (us): 424, ---, ---,
[5.606s][info   ][gc,stats       ]   CMR: VM Strong Roots               38 us, workers (us):  38, ---, ---,
[5.606s][info   ][gc,stats       ]   CMR: CLDG Roots                   458 us, workers (us): 458, ---, ---,
[5.606s][info   ][gc,stats       ] Concurrent Marking                13914 us
[5.606s][info   ][gc,stats       ] Pause Final Mark (G)                247 us
[5.606s][info   ][gc,stats       ] Pause Final Mark (N)                 94 us
[5.606s][info   ][gc,stats       ]   Finish Mark                        72 us
[5.606s][info   ][gc,stats       ]   Update Region States                1 us
[5.606s][info   ][gc,stats       ]   Choose Collection Set               6 us
[5.606s][info   ][gc,stats       ]   Rebuild Free Set                    2 us
[5.606s][info   ][gc,stats       ] Concurrent Weak References          132 us, parallelism: 0.54x
[5.606s][info   ][gc,stats       ]   CWRF: <total>                      71 us
[5.606s][info   ][gc,stats       ]   CWRF: Weak References              71 us, workers (us):  71, ---, ---,
[5.606s][info   ][gc,stats       ] Concurrent Weak Roots               397 us
[5.606s][info   ][gc,stats       ]   Roots                             328 us, parallelism: 0.85x
[5.606s][info   ][gc,stats       ]     CWR: <total>                    279 us
[5.606s][info   ][gc,stats       ]     CWR: Code Cache Roots           130 us, workers (us): 130, ---, ---,
[5.606s][info   ][gc,stats       ]     CWR: VM Weak Roots              139 us, workers (us): 139, ---, ---,
[5.606s][info   ][gc,stats       ]     CWR: CLDG Roots                   9 us, workers (us):   9, ---, ---,
[5.606s][info   ][gc,stats       ]   Rendezvous                         66 us
[5.606s][info   ][gc,stats       ] Concurrent Cleanup                   36 us
[5.606s][info   ][gc,stats       ] Concurrent Class Unloading         2746 us
[5.606s][info   ][gc,stats       ]   Unlink Stale                     2573 us
[5.606s][info   ][gc,stats       ]     System Dictionary                 4 us
[5.606s][info   ][gc,stats       ]     Weak Class Links                  0 us
[5.606s][info   ][gc,stats       ]     Code Roots                     2567 us
[5.606s][info   ][gc,stats       ]   Rendezvous                         59 us
[5.606s][info   ][gc,stats       ]   Purge Unlinked                    108 us
[5.606s][info   ][gc,stats       ]     Code Roots                      100 us
[5.606s][info   ][gc,stats       ]     CLDG                              7 us
[5.606s][info   ][gc,stats       ]     Exception Caches                  0 us
[5.606s][info   ][gc,stats       ] Pause Final Roots (G)               206 us
[5.606s][info   ][gc,stats       ] Pause Final Roots (N)                 9 us
[5.606s][info   ][gc,stats       ]
[5.606s][info   ][gc,stats       ] Allocation pacing accrued:
[5.606s][info   ][gc,stats       ]       0 of    21 ms (  0.0%): <total>
[5.606s][info   ][gc,stats       ]       0 of    21 ms (  0.0%): <average total>
[5.606s][info   ][gc,stats       ]
[5.608s][info   ][safepoint,stats] ShenandoahInitMark           [             18               1 ][            53200      28900      45600     127700 ]               1
[5.622s][info   ][safepoint,stats] ShenandoahFinalMarkStartEvac [             18               1 ][            19200      18600      84500     122300 ]               1
[5.625s][info   ][safepoint,stats] ShenandoahFinalRoots         [             18               1 ][            17300      43400      33600      94300 ]               1
[5.625s][info   ][gc,stats       ]
[5.625s][info   ][gc,stats       ] All times are wall-clock times, except per-root-class counters, that are sum over
[5.625s][info   ][gc,stats       ] all workers. Dividing the <total> over the root stage time estimates parallelism.
[5.625s][info   ][gc,stats       ]
[5.625s][info   ][gc,stats       ] Concurrent Reset                     38 us
[5.625s][info   ][gc,stats       ] Pause Init Mark (G)                 176 us
[5.625s][info   ][gc,stats       ] Pause Init Mark (N)                  18 us
[5.625s][info   ][gc,stats       ]   Update Region States                1 us
[5.625s][info   ][gc,stats       ] Concurrent Mark Roots               520 us, parallelism: 0.90x
[5.625s][info   ][gc,stats       ]   CMR: <total>                      466 us
[5.625s][info   ][gc,stats       ]   CMR: Thread Roots                 197 us, workers (us): 197, ---, ---,
[5.625s][info   ][gc,stats       ]   CMR: VM Strong Roots               24 us, workers (us):  24, ---, ---,
[5.625s][info   ][gc,stats       ]   CMR: CLDG Roots                   245 us, workers (us): 245, ---, ---,
[5.625s][info   ][gc,stats       ] Concurrent Marking                12672 us
[5.625s][info   ][gc,stats       ] Pause Final Mark (G)                169 us
[5.625s][info   ][gc,stats       ] Pause Final Mark (N)                 58 us
[5.625s][info   ][gc,stats       ]   Finish Mark                        38 us
[5.625s][info   ][gc,stats       ]   Update Region States                1 us
[5.625s][info   ][gc,stats       ]   Choose Collection Set               3 us
[5.625s][info   ][gc,stats       ]   Rebuild Free Set                    3 us
[5.625s][info   ][gc,stats       ] Concurrent Weak References           63 us, parallelism: 0.56x
[5.625s][info   ][gc,stats       ]   CWRF: <total>                      35 us
[5.625s][info   ][gc,stats       ]   CWRF: Weak References              35 us, workers (us):  35, ---, ---,
[5.625s][info   ][gc,stats       ] Concurrent Weak Roots               413 us
[5.625s][info   ][gc,stats       ]   Roots                             345 us, parallelism: 0.88x
[5.625s][info   ][gc,stats       ]     CWR: <total>                    303 us
[5.625s][info   ][gc,stats       ]     CWR: Code Cache Roots           156 us, workers (us): 156, ---, ---,
[5.625s][info   ][gc,stats       ]     CWR: VM Weak Roots              135 us, workers (us): 135, ---, ---,
[5.625s][info   ][gc,stats       ]     CWR: CLDG Roots                  11 us, workers (us):  11, ---, ---,
[5.625s][info   ][gc,stats       ]   Rendezvous                         63 us
[5.625s][info   ][gc,stats       ] Concurrent Cleanup                    2 us
[5.625s][info   ][gc,stats       ] Concurrent Class Unloading         2350 us
[5.625s][info   ][gc,stats       ]   Unlink Stale                     2204 us
[5.625s][info   ][gc,stats       ]     System Dictionary                 4 us
[5.625s][info   ][gc,stats       ]     Weak Class Links                  0 us
[5.625s][info   ][gc,stats       ]     Code Roots                     2197 us
[5.625s][info   ][gc,stats       ]   Rendezvous                         80 us
[5.625s][info   ][gc,stats       ]   Purge Unlinked                     61 us
[5.625s][info   ][gc,stats       ]     Code Roots                       55 us
[5.625s][info   ][gc,stats       ]     CLDG                              5 us
[5.625s][info   ][gc,stats       ]     Exception Caches                  0 us
[5.625s][info   ][gc,stats       ] Pause Final Roots (G)               157 us
[5.625s][info   ][gc,stats       ] Pause Final Roots (N)                 6 us
[5.625s][info   ][gc,stats       ] Pacing                            34354 us
[5.625s][info   ][gc,stats       ]
[5.625s][info   ][gc,stats       ] Allocation pacing accrued:
[5.625s][info   ][gc,stats       ]      34 of    19 ms (184.9%): thread3
[5.625s][info   ][gc,stats       ]      34 of    19 ms (184.9%): <total>
[5.625s][info   ][gc,stats       ]       2 of    19 ms ( 10.3%): <average total>
[5.625s][info   ][gc,stats       ]      34 of    19 ms (184.9%): <average non-zero>
[5.625s][info   ][gc,stats       ]
[5.626s][info   ][safepoint,stats] ShenandoahInitMark           [             18               1 ][            25700      21500      35200      82400 ]               1
[5.640s][info   ][safepoint,stats] ShenandoahFinalMarkStartEvac [             18               1 ][            15200      28400     124300     167900 ]               1
[5.643s][info   ][safepoint,stats] ShenandoahFinalRoots         [             18               1 ][            15800      41500      30200      87500 ]               1
[5.643s][info   ][gc,stats       ]
[5.643s][info   ][gc,stats       ] All times are wall-clock times, except per-root-class counters, that are sum over
[5.643s][info   ][gc,stats       ] all workers. Dividing the <total> over the root stage time estimates parallelism.
[5.643s][info   ][gc,stats       ]
[5.643s][info   ][gc,stats       ] Concurrent Reset                     54 us
[5.643s][info   ][gc,stats       ] Pause Init Mark (G)                 125 us
[5.643s][info   ][gc,stats       ] Pause Init Mark (N)                  15 us
[5.643s][info   ][gc,stats       ]   Update Region States                0 us
[5.643s][info   ][gc,stats       ] Concurrent Mark Roots               542 us, parallelism: 0.86x
[5.643s][info   ][gc,stats       ]   CMR: <total>                      468 us
[5.643s][info   ][gc,stats       ]   CMR: Thread Roots                 216 us, workers (us): 216, ---, ---,
[5.643s][info   ][gc,stats       ]   CMR: VM Strong Roots               23 us, workers (us):  23, ---, ---,
[5.643s][info   ][gc,stats       ]   CMR: CLDG Roots                   229 us, workers (us): 229, ---, ---,
[5.643s][info   ][gc,stats       ] Concurrent Marking                12437 us
[5.643s][info   ][gc,stats       ] Pause Final Mark (G)                240 us
[5.643s][info   ][gc,stats       ] Pause Final Mark (N)                 99 us
[5.643s][info   ][gc,stats       ]   Finish Mark                        77 us
[5.643s][info   ][gc,stats       ]   Update Region States                1 us
[5.643s][info   ][gc,stats       ]   Choose Collection Set               8 us
[5.643s][info   ][gc,stats       ]   Rebuild Free Set                    2 us
[5.643s][info   ][gc,stats       ] Concurrent Weak References          117 us, parallelism: 0.54x
[5.643s][info   ][gc,stats       ]   CWRF: <total>                      63 us
[5.643s][info   ][gc,stats       ]   CWRF: Weak References              63 us, workers (us):  63, ---, ---,
[5.643s][info   ][gc,stats       ] Concurrent Weak Roots               693 us
[5.643s][info   ][gc,stats       ]   Roots                             607 us, parallelism: 0.90x
[5.643s][info   ][gc,stats       ]     CWR: <total>                    547 us
[5.643s][info   ][gc,stats       ]     CWR: Code Cache Roots           250 us, workers (us): 250, ---, ---,
[5.643s][info   ][gc,stats       ]     CWR: VM Weak Roots              282 us, workers (us): 282, ---, ---,
[5.643s][info   ][gc,stats       ]     CWR: CLDG Roots                  14 us, workers (us):  14, ---, ---,
[5.643s][info   ][gc,stats       ]   Rendezvous                         82 us
[5.643s][info   ][gc,stats       ] Concurrent Cleanup                   74 us
[5.643s][info   ][gc,stats       ] Concurrent Class Unloading         2304 us
[5.643s][info   ][gc,stats       ]   Unlink Stale                     2154 us
[5.643s][info   ][gc,stats       ]     System Dictionary                10 us
[5.643s][info   ][gc,stats       ]     Weak Class Links                  0 us
[5.643s][info   ][gc,stats       ]     Code Roots                     2142 us
[5.643s][info   ][gc,stats       ]   Rendezvous                         81 us
[5.643s][info   ][gc,stats       ]   Purge Unlinked                     63 us
[5.643s][info   ][gc,stats       ]     Code Roots                       58 us
[5.643s][info   ][gc,stats       ]     CLDG                              4 us
[5.643s][info   ][gc,stats       ]     Exception Caches                  0 us
[5.643s][info   ][gc,stats       ] Pause Final Roots (G)               154 us
[5.643s][info   ][gc,stats       ] Pause Final Roots (N)                 5 us
[5.643s][info   ][gc,stats       ] Pacing                            13053 us
[5.643s][info   ][gc,stats       ]
[5.643s][info   ][gc,stats       ] Allocation pacing accrued:
[5.643s][info   ][gc,stats       ]      13 of    18 ms ( 71.8%): thread3
[5.643s][info   ][gc,stats       ]      13 of    18 ms ( 71.8%): <total>
[5.643s][info   ][gc,stats       ]       1 of    18 ms (  4.0%): <average total>
[5.643s][info   ][gc,stats       ]      13 of    18 ms ( 71.8%): <average non-zero>
[5.643s][info   ][gc,stats       ]
[5.686s][info   ][safepoint,stats] ShenandoahDegeneratedGC      [             18               1 ][            72500      32400   29201400   29306300 ]               1
[5.686s][info   ][gc,stats       ]
[5.686s][info   ][gc,stats       ] All times are wall-clock times, except per-root-class counters, that are sum over
[5.686s][info   ][gc,stats       ] all workers. Dividing the <total> over the root stage time estimates parallelism.
[5.686s][info   ][gc,stats       ]
[5.686s][info   ][gc,stats       ] Pause Degenerated GC (G)          29389 us
[5.686s][info   ][gc,stats       ] Pause Degenerated GC (N)          29175 us
[5.686s][info   ][gc,stats       ]   Degen STW Mark                   4801 us, parallelism: 2.94x
[5.686s][info   ][gc,stats       ]     DSM: <total>                  14093 us
[5.686s][info   ][gc,stats       ]     DSM: Thread Roots               111 us, workers (us):  37,  39,  35,
[5.686s][info   ][gc,stats       ]     DSM: VM Strong Roots             24 us, workers (us):   1,  11,  12,
[5.686s][info   ][gc,stats       ]     DSM: CLDG Roots                 260 us, workers (us): 254,   2,   5,
[5.686s][info   ][gc,stats       ]     DSM: Parallel Mark            13699 us, workers (us): 4408, 4645, 4645,
[5.686s][info   ][gc,stats       ]     System Purge                   6497 us
[5.686s][info   ][gc,stats       ]       Weak References               109 us, parallelism: 0.46x
[5.686s][info   ][gc,stats       ]         WRP: <total>                 51 us
[5.686s][info   ][gc,stats       ]         WRP: Weak References         51 us, workers (us):  39,  11,   0,
[5.686s][info   ][gc,stats       ]       Unload Classes               6111 us, parallelism: 0.45x
[5.686s][info   ][gc,stats       ]         DCU: <total>               2757 us
[5.686s][info   ][gc,stats       ]         DCU: Unload Code Caches     2757 us, workers (us): 869, 975, 913,
[5.686s][info   ][gc,stats       ]       Weak Roots                    239 us, parallelism: 2.12x
[5.686s][info   ][gc,stats       ]         DWR: <total>                507 us
[5.686s][info   ][gc,stats       ]         DWR: VM Weak Roots          507 us, workers (us): 176, 164, 166,
[5.686s][info   ][gc,stats       ]       CLDG                            1 us
[5.686s][info   ][gc,stats       ]   Update Region States                2 us
[5.686s][info   ][gc,stats       ]   Manage GC/TLABs                     8 us
[5.686s][info   ][gc,stats       ]   Choose Collection Set               4 us
[5.686s][info   ][gc,stats       ]   Rebuild Free Set                    3 us
[5.686s][info   ][gc,stats       ]   Cleanup                             1 us
[5.686s][info   ][gc,stats       ]   Pre Heap Dump                       0 us
[5.686s][info   ][gc,stats       ]   Prepare                            75 us
[5.686s][info   ][gc,stats       ]   Mark                            10119 us, parallelism: 1.19x
[5.686s][info   ][gc,stats       ]     FM: <total>                   12035 us
[5.686s][info   ][gc,stats       ]     FM: Thread Roots                149 us, workers (us):  55,  49,  45,
[5.686s][info   ][gc,stats       ]     FM: VM Strong Roots              35 us, workers (us):   1,  23,  11,
[5.686s][info   ][gc,stats       ]     FM: CLDG Roots                  377 us, workers (us): 368,   3,   7,
[5.686s][info   ][gc,stats       ]     FM: Parallel Mark             11473 us, workers (us): 3599, 3935, 3939,
[5.686s][info   ][gc,stats       ]     System Purge                   6029 us
[5.686s][info   ][gc,stats       ]       Weak References                62 us, parallelism: 0.74x
[5.686s][info   ][gc,stats       ]         WRP: <total>                 45 us
[5.686s][info   ][gc,stats       ]         WRP: Weak References         45 us, workers (us):  32,  13,   0,
[5.686s][info   ][gc,stats       ]       Unload Classes               5593 us, parallelism: 0.51x
[5.686s][info   ][gc,stats       ]         CU: <total>                2867 us
[5.686s][info   ][gc,stats       ]         CU: Unload Code Caches     2867 us, workers (us): 906, 948, 1013,
[5.686s][info   ][gc,stats       ]       Weak Roots                    337 us, parallelism: 2.35x
[5.686s][info   ][gc,stats       ]         WR: <total>                 792 us
[5.686s][info   ][gc,stats       ]         WR: VM Weak Roots           792 us, workers (us): 298, 274, 220,
[5.686s][info   ][gc,stats       ]       CLDG                            1 us
[5.686s][info   ][gc,stats       ]   Calculate Addresses              2772 us
[5.686s][info   ][gc,stats       ]     Regular Objects                2767 us
[5.686s][info   ][gc,stats       ]     Humongous Objects                 1 us
[5.686s][info   ][gc,stats       ]   Adjust Pointers                  2923 us
[5.686s][info   ][gc,stats       ]     FA: <total>                    1228 us
[5.686s][info   ][gc,stats       ]     FA: Thread Roots                 60 us, workers (us):   1,   1,  57,
[5.686s][info   ][gc,stats       ]     FA: Code Cache Roots            884 us, workers (us): 382, 384, 117,
[5.686s][info   ][gc,stats       ]     FA: VM Strong Roots               8 us, workers (us):   7,   1,   0,
[5.686s][info   ][gc,stats       ]     FA: VM Weak Roots               218 us, workers (us):  74,  72,  72,
[5.686s][info   ][gc,stats       ]     FA: CLDG Roots                   59 us, workers (us):   8,  10,  41,
[5.686s][info   ][gc,stats       ]   Copy Objects                     1625 us
[5.686s][info   ][gc,stats       ]     Regular Objects                1578 us
[5.686s][info   ][gc,stats       ]     Humongous Objects                 1 us
[5.686s][info   ][gc,stats       ]     Reset Complete Bitmap            38 us
[5.686s][info   ][gc,stats       ]     Rebuild Region Sets               5 us
[5.686s][info   ][gc,stats       ]   Post Heap Dump                      1 us
[5.686s][info   ][gc,stats       ]
[5.686s][info   ][gc,stats       ] Allocation pacing accrued:
[5.686s][info   ][gc,stats       ]       0 of    43 ms (  0.0%): <total>
[5.686s][info   ][gc,stats       ]       0 of    43 ms (  0.0%): <average total>
[5.686s][info   ][gc,stats       ]
[5.688s][info   ][safepoint,stats] ShenandoahInitMark           [             18               1 ][            45600      38700      54300     138600 ]               1
[5.702s][info   ][safepoint,stats] ShenandoahFinalMarkStartEvac [             18               1 ][            26700      27200      97800     151700 ]               1
[5.705s][info   ][safepoint,stats] ShenandoahFinalRoots         [             18               2 ][            28500      43700      44200     116400 ]               1
[5.705s][info   ][gc,stats       ]
[5.705s][info   ][gc,stats       ] All times are wall-clock times, except per-root-class counters, that are sum over
[5.705s][info   ][gc,stats       ] all workers. Dividing the <total> over the root stage time estimates parallelism.
[5.705s][info   ][gc,stats       ]
[5.705s][info   ][gc,stats       ] Concurrent Reset                     88 us
[5.705s][info   ][gc,stats       ] Pause Init Mark (G)                 257 us
[5.705s][info   ][gc,stats       ] Pause Init Mark (N)                  30 us
[5.705s][info   ][gc,stats       ]   Update Region States                2 us
[5.705s][info   ][gc,stats       ] Concurrent Mark Roots               625 us, parallelism: 0.89x
[5.705s][info   ][gc,stats       ]   CMR: <total>                      554 us
[5.705s][info   ][gc,stats       ]   CMR: Thread Roots                 236 us, workers (us): 236, ---, ---,
[5.705s][info   ][gc,stats       ]   CMR: VM Strong Roots               43 us, workers (us):  43, ---, ---,
[5.705s][info   ][gc,stats       ]   CMR: CLDG Roots                   274 us, workers (us): 274, ---, ---,
[5.705s][info   ][gc,stats       ] Concurrent Marking                13350 us
[5.705s][info   ][gc,stats       ] Pause Final Mark (G)                226 us
[5.705s][info   ][gc,stats       ] Pause Final Mark (N)                 80 us
[5.705s][info   ][gc,stats       ]   Finish Mark                        56 us
[5.705s][info   ][gc,stats       ]   Update Region States                2 us
[5.705s][info   ][gc,stats       ]   Choose Collection Set               8 us
[5.705s][info   ][gc,stats       ]   Rebuild Free Set                    2 us
[5.705s][info   ][gc,stats       ] Concurrent Weak References           82 us, parallelism: 0.49x
[5.705s][info   ][gc,stats       ]   CWRF: <total>                      40 us
[5.705s][info   ][gc,stats       ]   CWRF: Weak References              40 us, workers (us):  40, ---, ---,
[5.705s][info   ][gc,stats       ] Concurrent Weak Roots               441 us
[5.705s][info   ][gc,stats       ]   Roots                             356 us, parallelism: 0.85x
[5.705s][info   ][gc,stats       ]     CWR: <total>                    302 us
[5.705s][info   ][gc,stats       ]     CWR: Code Cache Roots           152 us, workers (us): 152, ---, ---,
[5.705s][info   ][gc,stats       ]     CWR: VM Weak Roots              138 us, workers (us): 138, ---, ---,
[5.705s][info   ][gc,stats       ]     CWR: CLDG Roots                  12 us, workers (us):  12, ---, ---,
[5.705s][info   ][gc,stats       ]   Rendezvous                         81 us
[5.705s][info   ][gc,stats       ] Concurrent Cleanup                   39 us
[5.705s][info   ][gc,stats       ] Concurrent Class Unloading         2254 us
[5.705s][info   ][gc,stats       ]   Unlink Stale                     2145 us
[5.705s][info   ][gc,stats       ]     System Dictionary                 4 us
[5.705s][info   ][gc,stats       ]     Weak Class Links                  0 us
[5.705s][info   ][gc,stats       ]     Code Roots                     2138 us
[5.705s][info   ][gc,stats       ]   Rendezvous                         55 us
[5.705s][info   ][gc,stats       ]   Purge Unlinked                     48 us
[5.705s][info   ][gc,stats       ]     Code Roots                       45 us
[5.705s][info   ][gc,stats       ]     CLDG                              2 us
[5.705s][info   ][gc,stats       ]     Exception Caches                  0 us
[5.705s][info   ][gc,stats       ] Pause Final Roots (G)               178 us
[5.705s][info   ][gc,stats       ] Pause Final Roots (N)                 5 us
[5.705s][info   ][gc,stats       ] Pacing                            16087 us
[5.705s][info   ][gc,stats       ]
[5.705s][info   ][gc,stats       ] Allocation pacing accrued:
[5.705s][info   ][gc,stats       ]      16 of    19 ms ( 84.3%): thread3
[5.705s][info   ][gc,stats       ]      16 of    19 ms ( 84.3%): <total>
[5.705s][info   ][gc,stats       ]       1 of    19 ms (  4.7%): <average total>
[5.705s][info   ][gc,stats       ]      16 of    19 ms ( 84.3%): <average non-zero>
[5.705s][info   ][gc,stats       ]
[5.706s][info   ][safepoint,stats] ShenandoahInitMark           [             18               1 ][            32200      30600      50100     112900 ]               1
[5.720s][info   ][safepoint,stats] ShenandoahFinalMarkStartEvac [             18               1 ][            26000      44000     149200     219200 ]               1
[5.723s][info   ][safepoint,stats] VM Operation                 [ threads: total initial_running ][ time:       sync    cleanup       vmop      total ] page_trap_count
[5.723s][info   ][safepoint,stats] ShenandoahFinalRoots         [             18               1 ][            17000      30800      44700      92500 ]               1
[5.723s][info   ][gc,stats       ]
[5.723s][info   ][gc,stats       ] All times are wall-clock times, except per-root-class counters, that are sum over
[5.723s][info   ][gc,stats       ] all workers. Dividing the <total> over the root stage time estimates parallelism.
[5.723s][info   ][gc,stats       ]
[5.723s][info   ][gc,stats       ] Concurrent Reset                     63 us
[5.723s][info   ][gc,stats       ] Pause Init Mark (G)                 214 us
[5.724s][info   ][gc,stats       ] Pause Init Mark (N)                  21 us
[5.724s][info   ][gc,stats       ]   Update Region States                0 us
[5.724s][info   ][gc,stats       ] Concurrent Mark Roots               627 us, parallelism: 0.90x
[5.724s][info   ][gc,stats       ]   CMR: <total>                      564 us
[5.724s][info   ][gc,stats       ]   CMR: Thread Roots                 246 us, workers (us): 246, ---, ---,
[5.724s][info   ][gc,stats       ]   CMR: VM Strong Roots               31 us, workers (us):  31, ---, ---,
[5.724s][info   ][gc,stats       ]   CMR: CLDG Roots                   287 us, workers (us): 287, ---, ---,
[5.724s][info   ][gc,stats       ] Concurrent Marking                12578 us
[5.724s][info   ][gc,stats       ] Pause Final Mark (G)                305 us
[5.724s][info   ][gc,stats       ] Pause Final Mark (N)                119 us
[5.724s][info   ][gc,stats       ]   Finish Mark                        86 us
[5.724s][info   ][gc,stats       ]   Update Region States                2 us
[5.724s][info   ][gc,stats       ]   Choose Collection Set              10 us
[5.724s][info   ][gc,stats       ]   Rebuild Free Set                    4 us
[5.724s][info   ][gc,stats       ] Concurrent Weak References          130 us, parallelism: 0.54x
[5.724s][info   ][gc,stats       ]   CWRF: <total>                      70 us
[5.724s][info   ][gc,stats       ]   CWRF: Weak References              70 us, workers (us):  70, ---, ---,
[5.724s][info   ][gc,stats       ] Concurrent Weak Roots               433 us
[5.724s][info   ][gc,stats       ]   Roots                             362 us, parallelism: 0.89x
[5.724s][info   ][gc,stats       ]     CWR: <total>                    321 us
[5.724s][info   ][gc,stats       ]     CWR: Code Cache Roots           161 us, workers (us): 161, ---, ---,
[5.724s][info   ][gc,stats       ]     CWR: VM Weak Roots              151 us, workers (us): 151, ---, ---,
[5.724s][info   ][gc,stats       ]     CWR: CLDG Roots                  10 us, workers (us):  10, ---, ---,
[5.724s][info   ][gc,stats       ]   Rendezvous                         63 us
[5.724s][info   ][gc,stats       ] Concurrent Cleanup                   59 us
[5.724s][info   ][gc,stats       ] Concurrent Class Unloading         2514 us
[5.724s][info   ][gc,stats       ]   Unlink Stale                     2283 us
[5.724s][info   ][gc,stats       ]     System Dictionary                14 us
[5.724s][info   ][gc,stats       ]     Weak Class Links                  1 us
[5.724s][info   ][gc,stats       ]     Code Roots                     2266 us
[5.724s][info   ][gc,stats       ]   Rendezvous                        140 us
[5.724s][info   ][gc,stats       ]   Purge Unlinked                     82 us
[5.724s][info   ][gc,stats       ]     Code Roots                       73 us
[5.724s][info   ][gc,stats       ]     CLDG                              7 us
[5.724s][info   ][gc,stats       ]     Exception Caches                  0 us
[5.724s][info   ][gc,stats       ] Pause Final Roots (G)               185 us
[5.724s][info   ][gc,stats       ] Pause Final Roots (N)                 6 us
[5.724s][info   ][gc,stats       ] Pacing                            14137 us
[5.724s][info   ][gc,stats       ]
[5.724s][info   ][gc,stats       ] Allocation pacing accrued:
[5.724s][info   ][gc,stats       ]      14 of    19 ms ( 75.4%): thread3
[5.724s][info   ][gc,stats       ]      14 of    19 ms ( 75.4%): <total>
[5.724s][info   ][gc,stats       ]       1 of    19 ms (  4.2%): <average total>
[5.724s][info   ][gc,stats       ]      14 of    19 ms ( 75.4%): <average non-zero>
[5.724s][info   ][gc,stats       ]
[5.737s][info   ][safepoint,stats] ShenandoahInitMark           [             18               1 ][           119500      65600      55000     240100 ]               1
[5.737s][info   ][gc,stats       ]
[5.737s][info   ][gc,stats       ] All times are wall-clock times, except per-root-class counters, that are sum over
[5.737s][info   ][gc,stats       ] all workers. Dividing the <total> over the root stage time estimates parallelism.
[5.737s][info   ][gc,stats       ]
[5.737s][info   ][gc,stats       ] Concurrent Reset                     61 us
[5.737s][info   ][gc,stats       ] Pause Init Mark (G)                 322 us
[5.737s][info   ][gc,stats       ] Pause Init Mark (N)                  29 us
[5.737s][info   ][gc,stats       ]   Update Region States                1 us
[5.737s][info   ][gc,stats       ] Concurrent Mark Roots               554 us, parallelism: 0.89x
[5.737s][info   ][gc,stats       ]   CMR: <total>                      495 us
[5.737s][info   ][gc,stats       ]   CMR: Thread Roots                 198 us, workers (us): 198, ---, ---,
[5.737s][info   ][gc,stats       ]   CMR: VM Strong Roots               40 us, workers (us):  40, ---, ---,
[5.737s][info   ][gc,stats       ]   CMR: CLDG Roots                   257 us, workers (us): 257, ---, ---,
[5.737s][info   ][gc,stats       ] Pacing                            13468 us
[5.737s][info   ][gc,stats       ]
[5.737s][info   ][gc,stats       ] Allocation pacing accrued:
[5.737s][info   ][gc,stats       ]      13 of    14 ms ( 99.2%): thread3
[5.737s][info   ][gc,stats       ]      13 of    14 ms ( 99.2%): <total>
[5.737s][info   ][gc,stats       ]       1 of    14 ms (  5.5%): <average total>
[5.737s][info   ][gc,stats       ]      13 of    14 ms ( 99.2%): <average non-zero>
[5.737s][info   ][gc,stats       ]
[5.763s][info   ][safepoint,stats] ShenandoahDegeneratedGC      [             18               1 ][            58800      26300   10787500   10872600 ]               1
[5.763s][info   ][gc,stats       ]
[5.763s][info   ][gc,stats       ] All times are wall-clock times, except per-root-class counters, that are sum over
[5.763s][info   ][gc,stats       ] all workers. Dividing the <total> over the root stage time estimates parallelism.
[5.763s][info   ][gc,stats       ]
[5.763s][info   ][gc,stats       ] Pause Degenerated GC (G)          10962 us
[5.763s][info   ][gc,stats       ] Pause Degenerated GC (N)          10765 us
[5.763s][info   ][gc,stats       ]   Degen STW Mark                   4537 us, parallelism: 2.95x
[5.763s][info   ][gc,stats       ]     DSM: <total>                  13377 us
[5.763s][info   ][gc,stats       ]     DSM: Thread Roots               202 us, workers (us):  53,  59,  90,
[5.763s][info   ][gc,stats       ]     DSM: VM Strong Roots             23 us, workers (us):   0,  23,   1,
[5.763s][info   ][gc,stats       ]     DSM: CLDG Roots                 258 us, workers (us): 252,   4,   2,
[5.763s][info   ][gc,stats       ]     DSM: Parallel Mark            12893 us, workers (us): 4158, 4376, 4360,
[5.763s][info   ][gc,stats       ]     System Purge                   5919 us
[5.763s][info   ][gc,stats       ]       Weak References                62 us, parallelism: 0.71x
[5.763s][info   ][gc,stats       ]         WRP: <total>                 44 us
[5.763s][info   ][gc,stats       ]         WRP: Weak References         44 us, workers (us):  31,  12,   0,
[5.763s][info   ][gc,stats       ]       Unload Classes               5579 us, parallelism: 0.50x
[5.763s][info   ][gc,stats       ]         DCU: <total>               2790 us
[5.763s][info   ][gc,stats       ]         DCU: Unload Code Caches     2790 us, workers (us): 954, 904, 932,
[5.763s][info   ][gc,stats       ]       Weak Roots                    239 us, parallelism: 2.18x
[5.763s][info   ][gc,stats       ]         DWR: <total>                521 us
[5.763s][info   ][gc,stats       ]         DWR: VM Weak Roots          521 us, workers (us): 175, 170, 175,
[5.763s][info   ][gc,stats       ]       CLDG                            1 us
[5.763s][info   ][gc,stats       ]   Update Region States                2 us
[5.763s][info   ][gc,stats       ]   Manage GC/TLABs                     8 us
[5.763s][info   ][gc,stats       ]   Choose Collection Set              10 us
[5.763s][info   ][gc,stats       ]   Rebuild Free Set                    2 us
[5.763s][info   ][gc,stats       ]   Cleanup                             1 us
[5.764s][info   ][gc,stats       ]
[5.764s][info   ][gc,stats       ] Allocation pacing accrued:
[5.764s][info   ][gc,stats       ]       0 of    26 ms (  0.0%): <total>
[5.764s][info   ][gc,stats       ]       0 of    26 ms (  0.0%): <average total>
[5.764s][info   ][gc,stats       ]
[5.765s][info   ][safepoint,stats] ShenandoahInitMark           [             18               1 ][            36000      22700      25400      84100 ]               1
[5.780s][info   ][safepoint,stats] ShenandoahFinalMarkStartEvac [             18               1 ][            16100      27700     122400     166200 ]               1
[5.785s][info   ][safepoint,stats] ShenandoahFinalRoots         [             18               1 ][            21900      29800      34200      85900 ]               1
[5.785s][info   ][gc,stats       ]
[5.785s][info   ][gc,stats       ] All times are wall-clock times, except per-root-class counters, that are sum over
[5.785s][info   ][gc,stats       ] all workers. Dividing the <total> over the root stage time estimates parallelism.
[5.785s][info   ][gc,stats       ]
[5.785s][info   ][gc,stats       ] Concurrent Reset                     62 us
[5.785s][info   ][gc,stats       ] Pause Init Mark (G)                 152 us
[5.785s][info   ][gc,stats       ] Pause Init Mark (N)                  14 us
[5.785s][info   ][gc,stats       ]   Update Region States                0 us
[5.785s][info   ][gc,stats       ] Concurrent Mark Roots               612 us, parallelism: 0.91x
[5.785s][info   ][gc,stats       ]   CMR: <total>                      557 us
[5.785s][info   ][gc,stats       ]   CMR: Thread Roots                 313 us, workers (us): 313, ---, ---,
[5.785s][info   ][gc,stats       ]   CMR: VM Strong Roots               23 us, workers (us):  23, ---, ---,
[5.785s][info   ][gc,stats       ]   CMR: CLDG Roots                   222 us, workers (us): 222, ---, ---,
[5.785s][info   ][gc,stats       ] Concurrent Marking                13430 us
[5.785s][info   ][gc,stats       ] Pause Final Mark (G)                236 us
[5.785s][info   ][gc,stats       ] Pause Final Mark (N)                 99 us
[5.785s][info   ][gc,stats       ]   Finish Mark                        72 us
[5.785s][info   ][gc,stats       ]   Update Region States                2 us
[5.785s][info   ][gc,stats       ]   Choose Collection Set               8 us
[5.785s][info   ][gc,stats       ]   Rebuild Free Set                    2 us
[5.785s][info   ][gc,stats       ] Concurrent Weak References           73 us, parallelism: 0.55x
[5.785s][info   ][gc,stats       ]   CWRF: <total>                      40 us
[5.785s][info   ][gc,stats       ]   CWRF: Weak References              40 us, workers (us):  40, ---, ---,
[5.785s][info   ][gc,stats       ] Concurrent Weak Roots               792 us
[5.785s][info   ][gc,stats       ]   Roots                             677 us, parallelism: 0.87x
[5.785s][info   ][gc,stats       ]     CWR: <total>                    586 us
[5.785s][info   ][gc,stats       ]     CWR: Code Cache Roots           220 us, workers (us): 220, ---, ---,
[5.785s][info   ][gc,stats       ]     CWR: VM Weak Roots              344 us, workers (us): 344, ---, ---,
[5.785s][info   ][gc,stats       ]     CWR: CLDG Roots                  22 us, workers (us):  22, ---, ---,
[5.785s][info   ][gc,stats       ]   Rendezvous                        107 us
[5.785s][info   ][gc,stats       ] Concurrent Cleanup                   53 us
[5.785s][info   ][gc,stats       ] Concurrent Class Unloading         3900 us
[5.785s][info   ][gc,stats       ]   Unlink Stale                     3564 us
[5.785s][info   ][gc,stats       ]     System Dictionary                10 us
[5.785s][info   ][gc,stats       ]     Weak Class Links                  0 us
[5.785s][info   ][gc,stats       ]     Code Roots                     3550 us
[5.785s][info   ][gc,stats       ]   Rendezvous                        218 us
[5.785s][info   ][gc,stats       ]   Purge Unlinked                    108 us
[5.785s][info   ][gc,stats       ]     Code Roots                       99 us
[5.785s][info   ][gc,stats       ]     CLDG                              7 us
[5.785s][info   ][gc,stats       ]     Exception Caches                  0 us
[5.785s][info   ][gc,stats       ] Pause Final Roots (G)               159 us
[5.785s][info   ][gc,stats       ] Pause Final Roots (N)                 8 us
[5.785s][info   ][gc,stats       ] Pacing                            18426 us
[5.785s][info   ][gc,stats       ]
[5.785s][info   ][gc,stats       ] Allocation pacing accrued:
[5.785s][info   ][gc,stats       ]      18 of    21 ms ( 85.9%): thread3
[5.785s][info   ][gc,stats       ]      18 of    21 ms ( 85.9%): <total>
[5.785s][info   ][gc,stats       ]       1 of    21 ms (  4.8%): <average total>
[5.785s][info   ][gc,stats       ]      18 of    21 ms ( 85.9%): <average non-zero>
[5.785s][info   ][gc,stats       ]
[5.787s][info   ][safepoint,stats] ShenandoahInitMark           [             18               1 ][            36400      51500      65700     153600 ]               1
[5.800s][info   ][safepoint,stats] ShenandoahFinalMarkStartEvac [             18               1 ][            35100      22300     130900     188300 ]               1
[5.803s][info   ][safepoint,stats] ShenandoahFinalRoots         [             18               2 ][            16700      22800      19400      58900 ]               1
[5.803s][info   ][gc,stats       ]
[5.803s][info   ][gc,stats       ] All times are wall-clock times, except per-root-class counters, that are sum over
[5.803s][info   ][gc,stats       ] all workers. Dividing the <total> over the root stage time estimates parallelism.
[5.803s][info   ][gc,stats       ]
[5.803s][info   ][gc,stats       ] Concurrent Reset                     99 us
[5.803s][info   ][gc,stats       ] Pause Init Mark (G)                 261 us
[5.803s][info   ][gc,stats       ] Pause Init Mark (N)                  32 us
[5.803s][info   ][gc,stats       ]   Update Region States                1 us
[5.803s][info   ][gc,stats       ] Concurrent Mark Roots               804 us, parallelism: 0.92x
[5.803s][info   ][gc,stats       ]   CMR: <total>                      738 us
[5.803s][info   ][gc,stats       ]   CMR: Thread Roots                 332 us, workers (us): 332, ---, ---,
[5.803s][info   ][gc,stats       ]   CMR: VM Strong Roots               44 us, workers (us):  44, ---, ---,
[5.803s][info   ][gc,stats       ]   CMR: CLDG Roots                   362 us, workers (us): 362, ---, ---,
[5.803s][info   ][gc,stats       ] Concurrent Marking                12018 us
[5.803s][info   ][gc,stats       ] Pause Final Mark (G)                247 us
[5.803s][info   ][gc,stats       ] Pause Final Mark (N)                 96 us
[5.803s][info   ][gc,stats       ]   Finish Mark                        73 us
[5.803s][info   ][gc,stats       ]   Update Region States                1 us
[5.803s][info   ][gc,stats       ]   Choose Collection Set               7 us
[5.803s][info   ][gc,stats       ]   Rebuild Free Set                    2 us
[5.803s][info   ][gc,stats       ] Concurrent Weak References           65 us, parallelism: 0.49x
[5.803s][info   ][gc,stats       ]   CWRF: <total>                      32 us
[5.803s][info   ][gc,stats       ]   CWRF: Weak References              32 us, workers (us):  32, ---, ---,
[5.803s][info   ][gc,stats       ] Concurrent Weak Roots               388 us
[5.803s][info   ][gc,stats       ]   Roots                             321 us, parallelism: 0.87x
[5.803s][info   ][gc,stats       ]     CWR: <total>                    279 us
[5.803s][info   ][gc,stats       ]     CWR: Code Cache Roots           138 us, workers (us): 138, ---, ---,
[5.803s][info   ][gc,stats       ]     CWR: VM Weak Roots              134 us, workers (us): 134, ---, ---,
[5.803s][info   ][gc,stats       ]     CWR: CLDG Roots                   7 us, workers (us):   7, ---, ---,
[5.803s][info   ][gc,stats       ]   Rendezvous                         63 us
[5.803s][info   ][gc,stats       ] Concurrent Cleanup                  106 us
[5.803s][info   ][gc,stats       ] Concurrent Class Unloading         2717 us
[5.803s][info   ][gc,stats       ]   Unlink Stale                     2589 us
[5.803s][info   ][gc,stats       ]     System Dictionary                 5 us
[5.803s][info   ][gc,stats       ]     Weak Class Links                  0 us
[5.803s][info   ][gc,stats       ]     Code Roots                     2582 us
[5.803s][info   ][gc,stats       ]   Rendezvous                         66 us
[5.803s][info   ][gc,stats       ]   Purge Unlinked                     58 us
[5.803s][info   ][gc,stats       ]     Code Roots                       53 us
[5.803s][info   ][gc,stats       ]     CLDG                              4 us
[5.803s][info   ][gc,stats       ]     Exception Caches                  0 us
[5.803s][info   ][gc,stats       ] Pause Final Roots (G)               139 us
[5.803s][info   ][gc,stats       ] Pause Final Roots (N)                 4 us
[5.803s][info   ][gc,stats       ] Pacing                            13030 us
[5.803s][info   ][gc,stats       ]
[5.803s][info   ][gc,stats       ] Allocation pacing accrued:
[5.803s][info   ][gc,stats       ]      13 of    19 ms ( 70.4%): thread3
[5.803s][info   ][gc,stats       ]      13 of    19 ms ( 70.4%): <total>
[5.803s][info   ][gc,stats       ]       1 of    19 ms (  3.9%): <average total>
[5.804s][info   ][gc,stats       ]      13 of    19 ms ( 70.4%): <average non-zero>
[5.804s][info   ][gc,stats       ]
[5.817s][info   ][safepoint,stats] ShenandoahInitMark           [             18               1 ][            75400      28900      65500     169800 ]               1
[5.829s][info   ][safepoint,stats] ShenandoahFinalMarkStartEvac [             18               1 ][            21800      37800     118300     177900 ]               1
[5.833s][info   ][safepoint,stats] ShenandoahFinalRoots         [             18               2 ][            42600      19600      37600      99800 ]               1
[5.833s][info   ][gc,stats       ]
[5.833s][info   ][gc,stats       ] All times are wall-clock times, except per-root-class counters, that are sum over
[5.833s][info   ][gc,stats       ] all workers. Dividing the <total> over the root stage time estimates parallelism.
[5.833s][info   ][gc,stats       ]
[5.833s][info   ][gc,stats       ] Concurrent Reset                     46 us
[5.833s][info   ][gc,stats       ] Pause Init Mark (G)                 251 us
[5.833s][info   ][gc,stats       ] Pause Init Mark (N)                  17 us
[5.833s][info   ][gc,stats       ]   Update Region States                1 us
[5.833s][info   ][gc,stats       ] Concurrent Mark Roots               558 us, parallelism: 0.87x
[5.833s][info   ][gc,stats       ]   CMR: <total>                      486 us
[5.833s][info   ][gc,stats       ]   CMR: Thread Roots                 218 us, workers (us): 218, ---, ---,
[5.833s][info   ][gc,stats       ]   CMR: VM Strong Roots               26 us, workers (us):  26, ---, ---,
[5.833s][info   ][gc,stats       ]   CMR: CLDG Roots                   242 us, workers (us): 242, ---, ---,
[5.833s][info   ][gc,stats       ] Concurrent Marking                11951 us
[5.833s][info   ][gc,stats       ] Pause Final Mark (G)                280 us
[5.833s][info   ][gc,stats       ] Pause Final Mark (N)                 85 us
[5.833s][info   ][gc,stats       ]   Finish Mark                        50 us
[5.833s][info   ][gc,stats       ]   Update Region States                3 us
[5.833s][info   ][gc,stats       ]   Choose Collection Set              10 us
[5.833s][info   ][gc,stats       ]   Rebuild Free Set                    3 us
[5.833s][info   ][gc,stats       ] Concurrent Weak References           92 us, parallelism: 0.44x
[5.833s][info   ][gc,stats       ]   CWRF: <total>                      41 us
[5.833s][info   ][gc,stats       ]   CWRF: Weak References              41 us, workers (us):  41, ---, ---,
[5.833s][info   ][gc,stats       ] Concurrent Weak Roots               428 us
[5.833s][info   ][gc,stats       ]   Roots                             325 us, parallelism: 0.86x
[5.833s][info   ][gc,stats       ]     CWR: <total>                    280 us
[5.833s][info   ][gc,stats       ]     CWR: Code Cache Roots           132 us, workers (us): 132, ---, ---,
[5.833s][info   ][gc,stats       ]     CWR: VM Weak Roots              138 us, workers (us): 138, ---, ---,
[5.833s][info   ][gc,stats       ]     CWR: CLDG Roots                  10 us, workers (us):  10, ---, ---,
[5.833s][info   ][gc,stats       ]   Rendezvous                         99 us
[5.833s][info   ][gc,stats       ] Concurrent Cleanup                   40 us
[5.833s][info   ][gc,stats       ] Concurrent Class Unloading         2739 us
[5.833s][info   ][gc,stats       ]   Unlink Stale                     2598 us
[5.833s][info   ][gc,stats       ]     System Dictionary                10 us
[5.833s][info   ][gc,stats       ]     Weak Class Links                  0 us
[5.833s][info   ][gc,stats       ]     Code Roots                     2586 us
[5.833s][info   ][gc,stats       ]   Rendezvous                         87 us
[5.833s][info   ][gc,stats       ]   Purge Unlinked                     48 us
[5.833s][info   ][gc,stats       ]     Code Roots                       45 us
[5.833s][info   ][gc,stats       ]     CLDG                              2 us
[5.833s][info   ][gc,stats       ]     Exception Caches                  0 us
[5.833s][info   ][gc,stats       ] Pause Final Roots (G)               171 us
[5.833s][info   ][gc,stats       ] Pause Final Roots (N)                 5 us
[5.833s][info   ][gc,stats       ] Pacing                            27510 us
[5.833s][info   ][gc,stats       ]
[5.833s][info   ][gc,stats       ] Allocation pacing accrued:
[5.833s][info   ][gc,stats       ]      28 of    30 ms ( 92.8%): thread3
[5.833s][info   ][gc,stats       ]      28 of    30 ms ( 92.8%): <total>
[5.833s][info   ][gc,stats       ]       2 of    30 ms (  5.2%): <average total>
[5.833s][info   ][gc,stats       ]      28 of    30 ms ( 92.8%): <average non-zero>
[5.833s][info   ][gc,stats       ]
[5.834s][info   ][safepoint,stats] ShenandoahInitMark           [             18               1 ][            26200      31300      29500      87000 ]               1
[5.847s][info   ][safepoint,stats] ShenandoahFinalMarkStartEvac [             18               1 ][            14600      24000      90300     128900 ]               1
[5.850s][info   ][safepoint,stats] ShenandoahFinalRoots         [             18               1 ][            16400      23800      20300      60500 ]               1
[5.850s][info   ][gc,stats       ]
[5.850s][info   ][gc,stats       ] All times are wall-clock times, except per-root-class counters, that are sum over
[5.850s][info   ][gc,stats       ] all workers. Dividing the <total> over the root stage time estimates parallelism.
[5.850s][info   ][gc,stats       ]
[5.850s][info   ][gc,stats       ] Concurrent Reset                     55 us
[5.850s][info   ][gc,stats       ] Pause Init Mark (G)                 142 us
[5.850s][info   ][gc,stats       ] Pause Init Mark (N)                  15 us
[5.850s][info   ][gc,stats       ]   Update Region States                0 us
[5.850s][info   ][gc,stats       ] Concurrent Mark Roots               530 us, parallelism: 0.88x
[5.850s][info   ][gc,stats       ]   CMR: <total>                      468 us
[5.850s][info   ][gc,stats       ]   CMR: Thread Roots                 217 us, workers (us): 217, ---, ---,
[5.850s][info   ][gc,stats       ]   CMR: VM Strong Roots               23 us, workers (us):  23, ---, ---,
[5.850s][info   ][gc,stats       ]   CMR: CLDG Roots                   227 us, workers (us): 227, ---, ---,
[5.850s][info   ][gc,stats       ] Concurrent Marking                11872 us
[5.850s][info   ][gc,stats       ] Pause Final Mark (G)                189 us
[5.850s][info   ][gc,stats       ] Pause Final Mark (N)                 76 us
[5.850s][info   ][gc,stats       ]   Finish Mark                        53 us
[5.850s][info   ][gc,stats       ]   Update Region States                1 us
[5.850s][info   ][gc,stats       ]   Choose Collection Set               7 us
[5.850s][info   ][gc,stats       ]   Rebuild Free Set                    2 us
[5.850s][info   ][gc,stats       ] Concurrent Weak References           81 us, parallelism: 0.40x
[5.850s][info   ][gc,stats       ]   CWRF: <total>                      33 us
[5.850s][info   ][gc,stats       ]   CWRF: Weak References              33 us, workers (us):  33, ---, ---,
[5.850s][info   ][gc,stats       ] Concurrent Weak Roots               392 us
[5.850s][info   ][gc,stats       ]   Roots                             327 us, parallelism: 0.84x
[5.850s][info   ][gc,stats       ]     CWR: <total>                    275 us
[5.850s][info   ][gc,stats       ]     CWR: Code Cache Roots           128 us, workers (us): 128, ---, ---,
[5.850s][info   ][gc,stats       ]     CWR: VM Weak Roots              138 us, workers (us): 138, ---, ---,
[5.850s][info   ][gc,stats       ]     CWR: CLDG Roots                   9 us, workers (us):   9, ---, ---,
[5.850s][info   ][gc,stats       ]   Rendezvous                         61 us
[5.850s][info   ][gc,stats       ] Concurrent Cleanup                   69 us
[5.850s][info   ][gc,stats       ] Concurrent Class Unloading         2330 us
[5.850s][info   ][gc,stats       ]   Unlink Stale                     2180 us
[5.850s][info   ][gc,stats       ]     System Dictionary                 4 us
[5.850s][info   ][gc,stats       ]     Weak Class Links                  0 us
[5.850s][info   ][gc,stats       ]     Code Roots                     2173 us
[5.850s][info   ][gc,stats       ]   Rendezvous                         81 us
[5.850s][info   ][gc,stats       ]   Purge Unlinked                     64 us
[5.850s][info   ][gc,stats       ]     Code Roots                       59 us
[5.850s][info   ][gc,stats       ]     CLDG                              4 us
[5.850s][info   ][gc,stats       ]     Exception Caches                  0 us
[5.850s][info   ][gc,stats       ] Pause Final Roots (G)               130 us
[5.850s][info   ][gc,stats       ] Pause Final Roots (N)                 4 us
[5.850s][info   ][gc,stats       ] Pacing                            13070 us
[5.850s][info   ][gc,stats       ]
[5.850s][info   ][gc,stats       ] Allocation pacing accrued:
[5.850s][info   ][gc,stats       ]      13 of    17 ms ( 76.2%): thread3
[5.850s][info   ][gc,stats       ]      13 of    17 ms ( 76.2%): <total>
[5.850s][info   ][gc,stats       ]       1 of    17 ms (  4.2%): <average total>
[5.850s][info   ][gc,stats       ]      13 of    17 ms ( 76.2%): <average non-zero>
[5.850s][info   ][gc,stats       ]
[5.852s][info   ][safepoint,stats] ShenandoahInitMark           [             18               1 ][            34900      18600      25600      79100 ]               1
[5.866s][info   ][safepoint,stats] ShenandoahFinalMarkStartEvac [             18               1 ][            15500      23600     114100     153200 ]               1
[5.869s][info   ][safepoint,stats] ShenandoahFinalRoots         [             18               1 ][            15400      22800      38000      76200 ]               1
[5.869s][info   ][gc,stats       ]
[5.869s][info   ][gc,stats       ] All times are wall-clock times, except per-root-class counters, that are sum over
[5.869s][info   ][gc,stats       ] all workers. Dividing the <total> over the root stage time estimates parallelism.
[5.869s][info   ][gc,stats       ]
[5.869s][info   ][gc,stats       ] Concurrent Reset                     62 us
[5.869s][info   ][gc,stats       ] Pause Init Mark (G)                 133 us
[5.869s][info   ][gc,stats       ] Pause Init Mark (N)                  14 us
[5.869s][info   ][gc,stats       ]   Update Region States                0 us
[5.869s][info   ][gc,stats       ] Concurrent Mark Roots               541 us, parallelism: 0.86x
[5.869s][info   ][gc,stats       ]   CMR: <total>                      464 us
[5.869s][info   ][gc,stats       ]   CMR: Thread Roots                 215 us, workers (us): 215, ---, ---,
[5.869s][info   ][gc,stats       ]   CMR: VM Strong Roots               23 us, workers (us):  23, ---, ---,
[5.869s][info   ][gc,stats       ]   CMR: CLDG Roots                   226 us, workers (us): 226, ---, ---,
[5.869s][info   ][gc,stats       ] Concurrent Marking                12516 us
[5.869s][info   ][gc,stats       ] Pause Final Mark (G)                326 us
[5.869s][info   ][gc,stats       ] Pause Final Mark (N)                 98 us
[5.869s][info   ][gc,stats       ]   Finish Mark                        78 us
[5.869s][info   ][gc,stats       ]   Update Region States                1 us
[5.869s][info   ][gc,stats       ]   Choose Collection Set               5 us
[5.869s][info   ][gc,stats       ]   Rebuild Free Set                    2 us
[5.869s][info   ][gc,stats       ] Concurrent Weak References          100 us, parallelism: 0.32x
[5.869s][info   ][gc,stats       ]   CWRF: <total>                      32 us
[5.869s][info   ][gc,stats       ]   CWRF: Weak References              32 us, workers (us):  32, ---, ---,
[5.869s][info   ][gc,stats       ] Concurrent Weak Roots               426 us
[5.869s][info   ][gc,stats       ]   Roots                             349 us, parallelism: 0.83x
[5.869s][info   ][gc,stats       ]     CWR: <total>                    289 us
[5.869s][info   ][gc,stats       ]     CWR: Code Cache Roots           139 us, workers (us): 139, ---, ---,
[5.869s][info   ][gc,stats       ]     CWR: VM Weak Roots              139 us, workers (us): 139, ---, ---,
[5.869s][info   ][gc,stats       ]     CWR: CLDG Roots                  11 us, workers (us):  11, ---, ---,
[5.869s][info   ][gc,stats       ]   Rendezvous                         71 us
[5.869s][info   ][gc,stats       ] Concurrent Cleanup                   36 us
[5.869s][info   ][gc,stats       ] Concurrent Class Unloading         2218 us
[5.869s][info   ][gc,stats       ]   Unlink Stale                     2072 us
[5.869s][info   ][gc,stats       ]     System Dictionary                 4 us
[5.869s][info   ][gc,stats       ]     Weak Class Links                  0 us
[5.869s][info   ][gc,stats       ]     Code Roots                     2066 us
[5.869s][info   ][gc,stats       ]   Rendezvous                         75 us
[5.869s][info   ][gc,stats       ]   Purge Unlinked                     65 us
[5.869s][info   ][gc,stats       ]     Code Roots                       56 us
[5.869s][info   ][gc,stats       ]     CLDG                              7 us
[5.869s][info   ][gc,stats       ]     Exception Caches                  0 us
[5.869s][info   ][gc,stats       ] Pause Final Roots (G)               142 us
[5.869s][info   ][gc,stats       ] Pause Final Roots (N)                 4 us
[5.869s][info   ][gc,stats       ] Pacing                            13077 us
[5.869s][info   ][gc,stats       ]
[5.869s][info   ][gc,stats       ] Allocation pacing accrued:
[5.869s][info   ][gc,stats       ]      13 of    19 ms ( 69.9%): thread3
[5.869s][info   ][gc,stats       ]      13 of    19 ms ( 69.9%): <total>
[5.869s][info   ][gc,stats       ]       1 of    19 ms (  3.9%): <average total>
[5.869s][info   ][gc,stats       ]      13 of    19 ms ( 69.9%): <average non-zero>
[5.869s][info   ][gc,stats       ]
[5.870s][info   ][safepoint,stats] ShenandoahInitMark           [             18               1 ][            28000      31000      33100      92100 ]               1
[5.880s][info   ][gc,stats       ]
[5.880s][info   ][gc,stats       ] All times are wall-clock times, except per-root-class counters, that are sum over
[5.880s][info   ][gc,stats       ] all workers. Dividing the <total> over the root stage time estimates parallelism.
[5.880s][info   ][gc,stats       ]
[5.880s][info   ][gc,stats       ] Concurrent Reset                     59 us
[5.880s][info   ][gc,stats       ] Pause Init Mark (G)                 174 us
[5.880s][info   ][gc,stats       ] Pause Init Mark (N)                  17 us
[5.880s][info   ][gc,stats       ]   Update Region States                0 us
[5.880s][info   ][gc,stats       ] Concurrent Mark Roots               543 us, parallelism: 0.86x
[5.880s][info   ][gc,stats       ]   CMR: <total>                      466 us
[5.880s][info   ][gc,stats       ]   CMR: Thread Roots                 217 us, workers (us): 217, ---, ---,
[5.880s][info   ][gc,stats       ]   CMR: VM Strong Roots               23 us, workers (us):  23, ---, ---,
[5.880s][info   ][gc,stats       ]   CMR: CLDG Roots                   226 us, workers (us): 226, ---, ---,
[5.880s][info   ][gc,stats       ] Concurrent Marking                 9129 us
[5.880s][info   ][gc,stats       ] Pacing                            10616 us
[5.880s][info   ][gc,stats       ]
[5.880s][info   ][gc,stats       ] Allocation pacing accrued:
[5.880s][info   ][gc,stats       ]      11 of    11 ms ( 93.7%): thread3
[5.880s][info   ][gc,stats       ]      11 of    11 ms ( 93.7%): <total>
[5.880s][info   ][gc,stats       ]       1 of    11 ms (  5.2%): <average total>
[5.880s][info   ][gc,stats       ]      11 of    11 ms ( 93.7%): <average non-zero>
[5.880s][info   ][gc,stats       ]
[5.903s][info   ][safepoint,stats] ShenandoahDegeneratedGC      [             18               1 ][            53200      27800    7408000    7489000 ]               1
[5.903s][info   ][gc,stats       ]
[5.904s][info   ][gc,stats       ] All times are wall-clock times, except per-root-class counters, that are sum over
[5.904s][info   ][gc,stats       ] all workers. Dividing the <total> over the root stage time estimates parallelism.
[5.904s][info   ][gc,stats       ]
[5.904s][info   ][gc,stats       ]   Finish Mark                      1252 us
[5.904s][info   ][gc,stats       ] Pause Degenerated GC (G)           7579 us
[5.904s][info   ][gc,stats       ] Pause Degenerated GC (N)           7377 us
[5.904s][info   ][gc,stats       ]     System Purge                   5820 us
[5.904s][info   ][gc,stats       ]       Weak References               121 us, parallelism: 0.56x
[5.904s][info   ][gc,stats       ]         WRP: <total>                 67 us
[5.904s][info   ][gc,stats       ]         WRP: Weak References         67 us, workers (us):  66,   1,   0,
[5.904s][info   ][gc,stats       ]       Unload Classes               5384 us, parallelism: 0.46x
[5.904s][info   ][gc,stats       ]         DCU: <total>               2470 us
[5.904s][info   ][gc,stats       ]         DCU: Unload Code Caches     2470 us, workers (us): 822, 846, 803,
[5.904s][info   ][gc,stats       ]       Weak Roots                    277 us, parallelism: 2.30x
[5.904s][info   ][gc,stats       ]         DWR: <total>                637 us
[5.904s][info   ][gc,stats       ]         DWR: VM Weak Roots          637 us, workers (us): 217, 211, 209,
[5.904s][info   ][gc,stats       ]       CLDG                            1 us
[5.904s][info   ][gc,stats       ]   Update Region States                2 us
[5.904s][info   ][gc,stats       ]   Manage GC/TLABs                     8 us
[5.904s][info   ][gc,stats       ]   Choose Collection Set              11 us
[5.904s][info   ][gc,stats       ]   Rebuild Free Set                    2 us
[5.904s][info   ][gc,stats       ]   Cleanup                             1 us
[5.904s][info   ][gc,stats       ]
[5.904s][info   ][gc,stats       ] Allocation pacing accrued:
[5.904s][info   ][gc,stats       ]       0 of    23 ms (  0.0%): <total>
[5.904s][info   ][gc,stats       ]       0 of    23 ms (  0.0%): <average total>
[5.904s][info   ][gc,stats       ]
[5.905s][info   ][safepoint,stats] ShenandoahInitMark           [             18               1 ][            67300      41100      47800     156200 ]               1
[5.918s][info   ][safepoint,stats] ShenandoahFinalMarkStartEvac [             18               1 ][            36600      55100     147600     239300 ]               1
[5.921s][info   ][safepoint,stats] ShenandoahFinalRoots         [             18               1 ][            20600      36200      20900      77700 ]               1
[5.922s][info   ][gc,stats       ]
[5.922s][info   ][gc,stats       ] All times are wall-clock times, except per-root-class counters, that are sum over
[5.922s][info   ][gc,stats       ] all workers. Dividing the <total> over the root stage time estimates parallelism.
[5.922s][info   ][gc,stats       ]
[5.922s][info   ][gc,stats       ] Concurrent Reset                     54 us
[5.922s][info   ][gc,stats       ] Pause Init Mark (G)                 209 us
[5.922s][info   ][gc,stats       ] Pause Init Mark (N)                  14 us
[5.922s][info   ][gc,stats       ]   Update Region States                0 us
[5.922s][info   ][gc,stats       ] Concurrent Mark Roots               550 us, parallelism: 0.86x
[5.922s][info   ][gc,stats       ]   CMR: <total>                      471 us
[5.922s][info   ][gc,stats       ]   CMR: Thread Roots                 224 us, workers (us): 224, ---, ---,
[5.922s][info   ][gc,stats       ]   CMR: VM Strong Roots               22 us, workers (us):  22, ---, ---,
[5.922s][info   ][gc,stats       ]   CMR: CLDG Roots                   225 us, workers (us): 225, ---, ---,
[5.922s][info   ][gc,stats       ] Concurrent Marking                12437 us
[5.922s][info   ][gc,stats       ] Pause Final Mark (G)                314 us
[5.922s][info   ][gc,stats       ] Pause Final Mark (N)                129 us
[5.922s][info   ][gc,stats       ]   Finish Mark                       102 us
[5.922s][info   ][gc,stats       ]   Update Region States                1 us
[5.922s][info   ][gc,stats       ]   Choose Collection Set               8 us
[5.922s][info   ][gc,stats       ]   Rebuild Free Set                    3 us
[5.922s][info   ][gc,stats       ] Concurrent Weak References           79 us, parallelism: 0.44x
[5.922s][info   ][gc,stats       ]   CWRF: <total>                      34 us
[5.922s][info   ][gc,stats       ]   CWRF: Weak References              34 us, workers (us):  34, ---, ---,
[5.922s][info   ][gc,stats       ] Concurrent Weak Roots               459 us
[5.922s][info   ][gc,stats       ]   Roots                             379 us, parallelism: 0.86x
[5.922s][info   ][gc,stats       ]     CWR: <total>                    325 us
[5.922s][info   ][gc,stats       ]     CWR: Code Cache Roots           164 us, workers (us): 164, ---, ---,
[5.922s][info   ][gc,stats       ]     CWR: VM Weak Roots              147 us, workers (us): 147, ---, ---,
[5.922s][info   ][gc,stats       ]     CWR: CLDG Roots                  14 us, workers (us):  14, ---, ---,
[5.922s][info   ][gc,stats       ]   Rendezvous                         77 us
[5.922s][info   ][gc,stats       ] Concurrent Cleanup                   88 us
[5.922s][info   ][gc,stats       ] Concurrent Class Unloading         2319 us
[5.922s][info   ][gc,stats       ]   Unlink Stale                     2183 us
[5.922s][info   ][gc,stats       ]     System Dictionary                 9 us
[5.922s][info   ][gc,stats       ]     Weak Class Links                  0 us
[5.922s][info   ][gc,stats       ]     Code Roots                     2172 us
[5.922s][info   ][gc,stats       ]   Rendezvous                         76 us
[5.922s][info   ][gc,stats       ]   Purge Unlinked                     56 us
[5.922s][info   ][gc,stats       ]     Code Roots                       52 us
[5.922s][info   ][gc,stats       ]     CLDG                              4 us
[5.922s][info   ][gc,stats       ]     Exception Caches                  0 us
[5.922s][info   ][gc,stats       ] Pause Final Roots (G)               175 us
[5.922s][info   ][gc,stats       ] Pause Final Roots (N)                 5 us
[5.922s][info   ][gc,stats       ]
[5.922s][info   ][gc,stats       ] Allocation pacing accrued:
[5.922s][info   ][gc,stats       ]       0 of    18 ms (  0.0%): <total>
[5.922s][info   ][gc,stats       ]       0 of    18 ms (  0.0%): <average total>
[5.922s][info   ][gc,stats       ]
[5.928s][info   ][safepoint,stats] ShenandoahInitMark           [             18               2 ][            82900      39100      69700     191700 ]               1
[5.942s][info   ][safepoint,stats] ShenandoahFinalMarkStartEvac [             18               1 ][            35000      49700     114400     199100 ]               1
[5.945s][info   ][safepoint,stats] ShenandoahFinalRoots         [             18               1 ][            17200      26100      29700      73000 ]               1
[5.945s][info   ][gc,stats       ]
[5.945s][info   ][gc,stats       ] All times are wall-clock times, except per-root-class counters, that are sum over
[5.945s][info   ][gc,stats       ] all workers. Dividing the <total> over the root stage time estimates parallelism.
[5.945s][info   ][gc,stats       ]
[5.945s][info   ][gc,stats       ] Concurrent Reset                     42 us
[5.945s][info   ][gc,stats       ] Pause Init Mark (G)                 259 us
[5.945s][info   ][gc,stats       ] Pause Init Mark (N)                  39 us
[5.945s][info   ][gc,stats       ]   Update Region States                1 us
[5.945s][info   ][gc,stats       ] Concurrent Mark Roots               530 us, parallelism: 0.91x
[5.945s][info   ][gc,stats       ]   CMR: <total>                      481 us
[5.945s][info   ][gc,stats       ]   CMR: Thread Roots                 200 us, workers (us): 200, ---, ---,
[5.945s][info   ][gc,stats       ]   CMR: VM Strong Roots               31 us, workers (us):  31, ---, ---,
[5.945s][info   ][gc,stats       ]   CMR: CLDG Roots                   250 us, workers (us): 250, ---, ---,
[5.945s][info   ][gc,stats       ] Concurrent Marking                12646 us
[5.945s][info   ][gc,stats       ] Pause Final Mark (G)                290 us
[5.945s][info   ][gc,stats       ] Pause Final Mark (N)                 89 us
[5.945s][info   ][gc,stats       ]   Finish Mark                        67 us
[5.945s][info   ][gc,stats       ]   Update Region States                1 us
[5.945s][info   ][gc,stats       ]   Choose Collection Set               6 us
[5.945s][info   ][gc,stats       ]   Rebuild Free Set                    2 us
[5.945s][info   ][gc,stats       ] Concurrent Weak References          104 us, parallelism: 0.32x
[5.945s][info   ][gc,stats       ]   CWRF: <total>                      33 us
[5.945s][info   ][gc,stats       ]   CWRF: Weak References              33 us, workers (us):  33, ---, ---,
[5.945s][info   ][gc,stats       ] Concurrent Weak Roots               619 us
[5.945s][info   ][gc,stats       ]   Roots                             551 us, parallelism: 0.85x
[5.945s][info   ][gc,stats       ]     CWR: <total>                    466 us
[5.945s][info   ][gc,stats       ]     CWR: Code Cache Roots           170 us, workers (us): 170, ---, ---,
[5.945s][info   ][gc,stats       ]     CWR: VM Weak Roots              284 us, workers (us): 284, ---, ---,
[5.945s][info   ][gc,stats       ]     CWR: CLDG Roots                  13 us, workers (us):  13, ---, ---,
[5.945s][info   ][gc,stats       ]   Rendezvous                         63 us
[5.945s][info   ][gc,stats       ] Concurrent Cleanup                   38 us
[5.945s][info   ][gc,stats       ] Concurrent Class Unloading         2306 us
[5.945s][info   ][gc,stats       ]   Unlink Stale                     2134 us
[5.945s][info   ][gc,stats       ]     System Dictionary                 4 us
[5.945s][info   ][gc,stats       ]     Weak Class Links                  0 us
[5.945s][info   ][gc,stats       ]     Code Roots                     2128 us
[5.945s][info   ][gc,stats       ]   Rendezvous                        104 us
[5.945s][info   ][gc,stats       ]   Purge Unlinked                     63 us
[5.945s][info   ][gc,stats       ]     Code Roots                       58 us
[5.945s][info   ][gc,stats       ]     CLDG                              4 us
[5.945s][info   ][gc,stats       ]     Exception Caches                  0 us
[5.945s][info   ][gc,stats       ] Pause Final Roots (G)               157 us
[5.945s][info   ][gc,stats       ] Pause Final Roots (N)                12 us
[5.945s][info   ][gc,stats       ] Pacing                            34071 us
[5.945s][info   ][gc,stats       ]
[5.945s][info   ][gc,stats       ] Allocation pacing accrued:
[5.945s][info   ][gc,stats       ]      34 of    23 ms (145.9%): thread3
[5.945s][info   ][gc,stats       ]      34 of    23 ms (145.9%): <total>
[5.945s][info   ][gc,stats       ]       2 of    23 ms (  8.1%): <average total>
[5.945s][info   ][gc,stats       ]      34 of    23 ms (145.9%): <average non-zero>
[5.945s][info   ][gc,stats       ]
[5.947s][info   ][safepoint,stats] ShenandoahInitMark           [             18               1 ][            56200      40700      34800     131700 ]               1
[5.961s][info   ][safepoint,stats] ShenandoahFinalMarkStartEvac [             18               1 ][            35400      32800     138400     206600 ]               1
[5.964s][info   ][safepoint,stats] ShenandoahFinalRoots         [             18               1 ][            20400      40200      51200     111800 ]               1
[5.964s][info   ][gc,stats       ]
[5.964s][info   ][gc,stats       ] All times are wall-clock times, except per-root-class counters, that are sum over
[5.964s][info   ][gc,stats       ] all workers. Dividing the <total> over the root stage time estimates parallelism.
[5.964s][info   ][gc,stats       ]
[5.964s][info   ][gc,stats       ] Concurrent Reset                     76 us
[5.964s][info   ][gc,stats       ] Pause Init Mark (G)                 188 us
[5.964s][info   ][gc,stats       ] Pause Init Mark (N)                  17 us
[5.964s][info   ][gc,stats       ]   Update Region States                1 us
[5.964s][info   ][gc,stats       ] Concurrent Mark Roots              1409 us, parallelism: 0.94x
[5.964s][info   ][gc,stats       ]   CMR: <total>                     1324 us
[5.964s][info   ][gc,stats       ]   CMR: Thread Roots                 733 us, workers (us): 733, ---, ---,
[5.964s][info   ][gc,stats       ]   CMR: VM Strong Roots               27 us, workers (us):  27, ---, ---,
[5.964s][info   ][gc,stats       ]   CMR: CLDG Roots                   564 us, workers (us): 564, ---, ---,
[5.964s][info   ][gc,stats       ] Concurrent Marking                12051 us
[5.964s][info   ][gc,stats       ] Pause Final Mark (G)                286 us
[5.964s][info   ][gc,stats       ] Pause Final Mark (N)                112 us
[5.964s][info   ][gc,stats       ]   Finish Mark                        88 us
[5.964s][info   ][gc,stats       ]   Update Region States                1 us
[5.964s][info   ][gc,stats       ]   Choose Collection Set               6 us
[5.964s][info   ][gc,stats       ]   Rebuild Free Set                    1 us
[5.964s][info   ][gc,stats       ] Concurrent Weak References           92 us, parallelism: 0.44x
[5.964s][info   ][gc,stats       ]   CWRF: <total>                      40 us
[5.964s][info   ][gc,stats       ]   CWRF: Weak References              40 us, workers (us):  40, ---, ---,
[5.964s][info   ][gc,stats       ] Concurrent Weak Roots               444 us
[5.964s][info   ][gc,stats       ]   Roots                             347 us, parallelism: 0.83x
[5.964s][info   ][gc,stats       ]     CWR: <total>                    288 us
[5.964s][info   ][gc,stats       ]     CWR: Code Cache Roots           139 us, workers (us): 139, ---, ---,
[5.964s][info   ][gc,stats       ]     CWR: VM Weak Roots              137 us, workers (us): 137, ---, ---,
[5.964s][info   ][gc,stats       ]     CWR: CLDG Roots                  12 us, workers (us):  12, ---, ---,
[5.964s][info   ][gc,stats       ]   Rendezvous                         89 us
[5.964s][info   ][gc,stats       ] Concurrent Cleanup                   45 us
[5.964s][info   ][gc,stats       ] Concurrent Class Unloading         2314 us
[5.964s][info   ][gc,stats       ]   Unlink Stale                     2164 us
[5.964s][info   ][gc,stats       ]     System Dictionary                13 us
[5.964s][info   ][gc,stats       ]     Weak Class Links                  0 us
[5.964s][info   ][gc,stats       ]     Code Roots                     2149 us
[5.964s][info   ][gc,stats       ]   Rendezvous                         81 us
[5.964s][info   ][gc,stats       ]   Purge Unlinked                     60 us
[5.964s][info   ][gc,stats       ]     Code Roots                       55 us
[5.964s][info   ][gc,stats       ]     CLDG                              5 us
[5.964s][info   ][gc,stats       ]     Exception Caches                  0 us
[5.964s][info   ][gc,stats       ] Pause Final Roots (G)               217 us
[5.964s][info   ][gc,stats       ] Pause Final Roots (N)                 7 us
[5.964s][info   ][gc,stats       ] Pacing                            14435 us
[5.964s][info   ][gc,stats       ]
[5.964s][info   ][gc,stats       ] Allocation pacing accrued:
[5.964s][info   ][gc,stats       ]      14 of    19 ms ( 75.4%): thread3
[5.964s][info   ][gc,stats       ]      14 of    19 ms ( 75.4%): <total>
[5.964s][info   ][gc,stats       ]       1 of    19 ms (  4.2%): <average total>
[5.964s][info   ][gc,stats       ]      14 of    19 ms ( 75.4%): <average non-zero>
[5.964s][info   ][gc,stats       ]
[5.975s][info   ][safepoint,stats] ShenandoahInitMark           [             18               1 ][            49600      16200      32100      97900 ]               1
[5.976s][info   ][gc,stats       ]
[5.976s][info   ][gc,stats       ] All times are wall-clock times, except per-root-class counters, that are sum over
[5.976s][info   ][gc,stats       ] all workers. Dividing the <total> over the root stage time estimates parallelism.
[5.976s][info   ][gc,stats       ]
[5.976s][info   ][gc,stats       ] Concurrent Reset                     47 us
[5.976s][info   ][gc,stats       ] Pause Init Mark (G)                 160 us
[5.976s][info   ][gc,stats       ] Pause Init Mark (N)                  16 us
[5.976s][info   ][gc,stats       ]   Update Region States                0 us
[5.976s][info   ][gc,stats       ] Concurrent Mark Roots               525 us, parallelism: 0.87x
[5.976s][info   ][gc,stats       ]   CMR: <total>                      456 us
[5.976s][info   ][gc,stats       ]   CMR: Thread Roots                 232 us, workers (us): 232, ---, ---,
[5.976s][info   ][gc,stats       ]   CMR: VM Strong Roots               24 us, workers (us):  24, ---, ---,
[5.976s][info   ][gc,stats       ]   CMR: CLDG Roots                   199 us, workers (us): 199, ---, ---,
[5.976s][info   ][gc,stats       ] Pacing                            10996 us
[5.976s][info   ][gc,stats       ]
[5.976s][info   ][gc,stats       ] Allocation pacing accrued:
[5.976s][info   ][gc,stats       ]      11 of    11 ms ( 96.9%): thread3
[5.976s][info   ][gc,stats       ]      11 of    11 ms ( 96.9%): <total>
[5.976s][info   ][gc,stats       ]       1 of    11 ms (  5.4%): <average total>
[5.976s][info   ][gc,stats       ]      11 of    11 ms ( 96.9%): <average non-zero>
[5.976s][info   ][gc,stats       ]
[6.002s][info   ][safepoint,stats] VM Operation                 [ threads: total initial_running ][ time:       sync    cleanup       vmop      total ] page_trap_count
[6.002s][info   ][safepoint,stats] ShenandoahDegeneratedGC      [             18               1 ][            85600      27200   10937800   11050600 ]               1
[6.002s][info   ][gc,stats       ]
[6.002s][info   ][gc,stats       ] All times are wall-clock times, except per-root-class counters, that are sum over
[6.002s][info   ][gc,stats       ] all workers. Dividing the <total> over the root stage time estimates parallelism.
[6.002s][info   ][gc,stats       ]
[6.002s][info   ][gc,stats       ] Pause Degenerated GC (G)          11133 us
[6.002s][info   ][gc,stats       ] Pause Degenerated GC (N)          10914 us
[6.002s][info   ][gc,stats       ]   Degen STW Mark                   4718 us, parallelism: 2.95x
[6.002s][info   ][gc,stats       ]     DSM: <total>                  13933 us
[6.002s][info   ][gc,stats       ]     DSM: Thread Roots               132 us, workers (us):  44,  54,  34,
[6.002s][info   ][gc,stats       ]     DSM: VM Strong Roots             29 us, workers (us):   1,   9,  19,
[6.002s][info   ][gc,stats       ]     DSM: CLDG Roots                 335 us, workers (us): 327,   2,   6,
[6.002s][info   ][gc,stats       ]     DSM: Parallel Mark            13437 us, workers (us): 4276, 4582, 4579,
[6.002s][info   ][gc,stats       ]     System Purge                   5875 us
[6.002s][info   ][gc,stats       ]       Weak References                53 us, parallelism: 0.91x
[6.002s][info   ][gc,stats       ]         WRP: <total>                 48 us
[6.002s][info   ][gc,stats       ]         WRP: Weak References         48 us, workers (us):  34,  14,   1,
[6.002s][info   ][gc,stats       ]       Unload Classes               5565 us, parallelism: 0.43x
[6.002s][info   ][gc,stats       ]         DCU: <total>               2393 us
[6.002s][info   ][gc,stats       ]         DCU: Unload Code Caches     2393 us, workers (us): 830, 783, 780,
[6.002s][info   ][gc,stats       ]       Weak Roots                    221 us, parallelism: 2.45x
[6.002s][info   ][gc,stats       ]         DWR: <total>                541 us
[6.002s][info   ][gc,stats       ]         DWR: VM Weak Roots          541 us, workers (us): 198, 188, 155,
[6.002s][info   ][gc,stats       ]       CLDG                            1 us
[6.002s][info   ][gc,stats       ]   Update Region States                2 us
[6.002s][info   ][gc,stats       ]   Manage GC/TLABs                     8 us
[6.002s][info   ][gc,stats       ]   Choose Collection Set              10 us
[6.002s][info   ][gc,stats       ]   Rebuild Free Set                    2 us
[6.002s][info   ][gc,stats       ]   Cleanup                             1 us
[6.002s][info   ][gc,stats       ]
[6.002s][info   ][gc,stats       ] Allocation pacing accrued:
[6.002s][info   ][gc,stats       ]       0 of    26 ms (  0.0%): <total>
[6.002s][info   ][gc,stats       ]       0 of    26 ms (  0.0%): <average total>
[6.002s][info   ][gc,stats       ]
[6.004s][info   ][safepoint,stats] ShenandoahInitMark           [             18               1 ][            36900      20700      27400      85000 ]               1
[6.017s][info   ][safepoint,stats] ShenandoahFinalMarkStartEvac [             18               1 ][            15500      27600      99900     143000 ]               1
[6.020s][info   ][safepoint,stats] ShenandoahFinalRoots         [             18               2 ][            15400      21300      22600      59300 ]               1
[6.020s][info   ][gc,stats       ]
[6.020s][info   ][gc,stats       ] All times are wall-clock times, except per-root-class counters, that are sum over
[6.020s][info   ][gc,stats       ] all workers. Dividing the <total> over the root stage time estimates parallelism.
[6.020s][info   ][gc,stats       ]
[6.020s][info   ][gc,stats       ] Concurrent Reset                     47 us
[6.020s][info   ][gc,stats       ] Pause Init Mark (G)                 134 us
[6.020s][info   ][gc,stats       ] Pause Init Mark (N)                  14 us
[6.020s][info   ][gc,stats       ]   Update Region States                0 us
[6.020s][info   ][gc,stats       ] Concurrent Mark Roots               540 us, parallelism: 0.87x
[6.020s][info   ][gc,stats       ]   CMR: <total>                      470 us
[6.020s][info   ][gc,stats       ]   CMR: Thread Roots                 222 us, workers (us): 222, ---, ---,
[6.020s][info   ][gc,stats       ]   CMR: VM Strong Roots               23 us, workers (us):  23, ---, ---,
[6.020s][info   ][gc,stats       ]   CMR: CLDG Roots                   225 us, workers (us): 225, ---, ---,
[6.020s][info   ][gc,stats       ] Concurrent Marking                12070 us
[6.020s][info   ][gc,stats       ] Pause Final Mark (G)                222 us
[6.020s][info   ][gc,stats       ] Pause Final Mark (N)                 83 us
[6.021s][info   ][gc,stats       ]   Finish Mark                        54 us
[6.021s][info   ][gc,stats       ]   Update Region States                1 us
[6.021s][info   ][gc,stats       ]   Choose Collection Set              11 us
[6.021s][info   ][gc,stats       ]   Rebuild Free Set                    2 us
[6.021s][info   ][gc,stats       ] Concurrent Weak References           89 us, parallelism: 0.41x
[6.021s][info   ][gc,stats       ]   CWRF: <total>                      36 us
[6.021s][info   ][gc,stats       ]   CWRF: Weak References              36 us, workers (us):  36, ---, ---,
[6.021s][info   ][gc,stats       ] Concurrent Weak Roots               627 us
[6.021s][info   ][gc,stats       ]   Roots                             552 us, parallelism: 0.89x
[6.021s][info   ][gc,stats       ]     CWR: <total>                    493 us
[6.021s][info   ][gc,stats       ]     CWR: Code Cache Roots           333 us, workers (us): 333, ---, ---,
[6.021s][info   ][gc,stats       ]     CWR: VM Weak Roots              143 us, workers (us): 143, ---, ---,
[6.021s][info   ][gc,stats       ]     CWR: CLDG Roots                  17 us, workers (us):  17, ---, ---,
[6.021s][info   ][gc,stats       ]   Rendezvous                         71 us
[6.021s][info   ][gc,stats       ] Concurrent Cleanup                   71 us
[6.021s][info   ][gc,stats       ] Concurrent Class Unloading         2310 us
[6.021s][info   ][gc,stats       ]   Unlink Stale                     2119 us
[6.021s][info   ][gc,stats       ]     System Dictionary                 4 us
[6.021s][info   ][gc,stats       ]     Weak Class Links                  0 us
[6.021s][info   ][gc,stats       ]     Code Roots                     2113 us
[6.021s][info   ][gc,stats       ]   Rendezvous                         51 us
[6.021s][info   ][gc,stats       ]   Purge Unlinked                    133 us
[6.021s][info   ][gc,stats       ]     Code Roots                      121 us
[6.021s][info   ][gc,stats       ]     CLDG                             10 us
[6.021s][info   ][gc,stats       ]     Exception Caches                  0 us
[6.021s][info   ][gc,stats       ] Pause Final Roots (G)               150 us
[6.021s][info   ][gc,stats       ] Pause Final Roots (N)                 7 us
[6.021s][info   ][gc,stats       ]
[6.021s][info   ][gc,stats       ] Allocation pacing accrued:
[6.021s][info   ][gc,stats       ]       0 of    19 ms (  0.0%): <total>
[6.021s][info   ][gc,stats       ]       0 of    19 ms (  0.0%): <average total>
[6.021s][info   ][gc,stats       ]
[6.023s][info   ][safepoint,stats] ShenandoahInitMark           [             18               1 ][            74900      24400      33400     132700 ]               1
[6.036s][info   ][safepoint,stats] ShenandoahFinalMarkStartEvac [             18               1 ][            16400      46300     127000     189700 ]               1
[6.039s][info   ][safepoint,stats] ShenandoahFinalRoots         [             18               1 ][            22700      36500      30100      89300 ]               1
[6.039s][info   ][gc,stats       ]
[6.039s][info   ][gc,stats       ] All times are wall-clock times, except per-root-class counters, that are sum over
[6.039s][info   ][gc,stats       ] all workers. Dividing the <total> over the root stage time estimates parallelism.
[6.039s][info   ][gc,stats       ]
[6.040s][info   ][gc,stats       ] Concurrent Reset                     39 us
[6.040s][info   ][gc,stats       ] Pause Init Mark (G)                 182 us
[6.040s][info   ][gc,stats       ] Pause Init Mark (N)                  18 us
[6.040s][info   ][gc,stats       ]   Update Region States                0 us
[6.040s][info   ][gc,stats       ] Concurrent Mark Roots               506 us, parallelism: 0.91x
[6.040s][info   ][gc,stats       ]   CMR: <total>                      461 us
[6.040s][info   ][gc,stats       ]   CMR: Thread Roots                 200 us, workers (us): 200, ---, ---,
[6.040s][info   ][gc,stats       ]   CMR: VM Strong Roots               26 us, workers (us):  26, ---, ---,
[6.040s][info   ][gc,stats       ]   CMR: CLDG Roots                   235 us, workers (us): 235, ---, ---,
[6.040s][info   ][gc,stats       ] Concurrent Marking                11984 us
[6.040s][info   ][gc,stats       ] Pause Final Mark (G)                283 us
[6.040s][info   ][gc,stats       ] Pause Final Mark (N)                103 us
[6.040s][info   ][gc,stats       ]   Finish Mark                        72 us
[6.040s][info   ][gc,stats       ]   Update Region States                2 us
[6.040s][info   ][gc,stats       ]   Choose Collection Set               4 us
[6.040s][info   ][gc,stats       ]   Rebuild Free Set                    4 us
[6.040s][info   ][gc,stats       ] Concurrent Weak References          113 us, parallelism: 0.58x
[6.040s][info   ][gc,stats       ]   CWRF: <total>                      66 us
[6.040s][info   ][gc,stats       ]   CWRF: Weak References              66 us, workers (us):  66, ---, ---,
[6.040s][info   ][gc,stats       ] Concurrent Weak Roots               656 us
[6.040s][info   ][gc,stats       ]   Roots                             534 us, parallelism: 0.88x
[6.040s][info   ][gc,stats       ]     CWR: <total>                    470 us
[6.040s][info   ][gc,stats       ]     CWR: Code Cache Roots           176 us, workers (us): 176, ---, ---,
[6.040s][info   ][gc,stats       ]     CWR: VM Weak Roots              284 us, workers (us): 284, ---, ---,
[6.040s][info   ][gc,stats       ]     CWR: CLDG Roots                  11 us, workers (us):  11, ---, ---,
[6.040s][info   ][gc,stats       ]   Rendezvous                        118 us
[6.040s][info   ][gc,stats       ] Concurrent Cleanup                    2 us
[6.040s][info   ][gc,stats       ] Concurrent Class Unloading         2624 us
[6.040s][info   ][gc,stats       ]   Unlink Stale                     2486 us
[6.040s][info   ][gc,stats       ]     System Dictionary                 4 us
[6.040s][info   ][gc,stats       ]     Weak Class Links                  0 us
[6.040s][info   ][gc,stats       ]     Code Roots                     2480 us
[6.040s][info   ][gc,stats       ]   Rendezvous                         49 us
[6.040s][info   ][gc,stats       ]   Purge Unlinked                     81 us
[6.040s][info   ][gc,stats       ]     Code Roots                       72 us
[6.040s][info   ][gc,stats       ]     CLDG                              7 us
[6.040s][info   ][gc,stats       ]     Exception Caches                  0 us
[6.040s][info   ][gc,stats       ] Pause Final Roots (G)               190 us
[6.040s][info   ][gc,stats       ] Pause Final Roots (N)                 8 us
[6.040s][info   ][gc,stats       ] Pacing                            31398 us
[6.040s][info   ][gc,stats       ]
[6.040s][info   ][gc,stats       ] Allocation pacing accrued:
[6.040s][info   ][gc,stats       ]      31 of    19 ms (166.1%): thread3
[6.040s][info   ][gc,stats       ]      31 of    19 ms (166.1%): <total>
[6.040s][info   ][gc,stats       ]       2 of    19 ms (  9.2%): <average total>
[6.040s][info   ][gc,stats       ]      31 of    19 ms (166.1%): <average non-zero>
[6.040s][info   ][gc,stats       ]
[6.041s][info   ][safepoint,stats] ShenandoahInitMark           [             18               1 ][            25900      18500      27000      71400 ]               1
[6.042s][info   ][gc,stats       ]
[6.042s][info   ][gc,stats       ] All times are wall-clock times, except per-root-class counters, that are sum over
[6.042s][info   ][gc,stats       ] all workers. Dividing the <total> over the root stage time estimates parallelism.
[6.042s][info   ][gc,stats       ]
[6.042s][info   ][gc,stats       ] Concurrent Reset                     54 us
[6.042s][info   ][gc,stats       ] Pause Init Mark (G)                 127 us
[6.042s][info   ][gc,stats       ] Pause Init Mark (N)                  13 us
[6.042s][info   ][gc,stats       ]   Update Region States                1 us
[6.042s][info   ][gc,stats       ] Concurrent Mark Roots               483 us, parallelism: 0.86x
[6.042s][info   ][gc,stats       ]   CMR: <total>                      414 us
[6.042s][info   ][gc,stats       ]   CMR: Thread Roots                 212 us, workers (us): 212, ---, ---,
[6.042s][info   ][gc,stats       ]   CMR: VM Strong Roots               19 us, workers (us):  19, ---, ---,
[6.042s][info   ][gc,stats       ]   CMR: CLDG Roots                   182 us, workers (us): 182, ---, ---,
[6.042s][info   ][gc,stats       ]
[6.042s][info   ][gc,stats       ] Allocation pacing accrued:
[6.042s][info   ][gc,stats       ]       0 of     2 ms (  0.0%): <total>
[6.042s][info   ][gc,stats       ]       0 of     2 ms (  0.0%): <average total>
[6.042s][info   ][gc,stats       ]
[6.066s][info   ][safepoint,stats] ShenandoahDegeneratedGC      [             18               1 ][            80200      26400   11077700   11184300 ]               1
[6.066s][info   ][gc,stats       ]
[6.066s][info   ][gc,stats       ] All times are wall-clock times, except per-root-class counters, that are sum over
[6.066s][info   ][gc,stats       ] all workers. Dividing the <total> over the root stage time estimates parallelism.
[6.066s][info   ][gc,stats       ]
[6.066s][info   ][gc,stats       ] Pause Degenerated GC (G)          11278 us
[6.066s][info   ][gc,stats       ] Pause Degenerated GC (N)          11050 us
[6.066s][info   ][gc,stats       ]   Degen STW Mark                   4395 us, parallelism: 2.94x
[6.066s][info   ][gc,stats       ]     DSM: <total>                  12927 us
[6.066s][info   ][gc,stats       ]     DSM: Thread Roots               126 us, workers (us):  48,  45,  34,
[6.066s][info   ][gc,stats       ]     DSM: VM Strong Roots             24 us, workers (us):   0,  20,   4,
[6.066s][info   ][gc,stats       ]     DSM: CLDG Roots                 236 us, workers (us): 229,   1,   5,
[6.066s][info   ][gc,stats       ]     DSM: Parallel Mark            12541 us, workers (us): 4040, 4249, 4252,
[6.066s][info   ][gc,stats       ]     System Purge                   6240 us
[6.066s][info   ][gc,stats       ]       Weak References                88 us, parallelism: 0.62x
[6.066s][info   ][gc,stats       ]         WRP: <total>                 55 us
[6.066s][info   ][gc,stats       ]         WRP: Weak References         55 us, workers (us):  40,  12,   3,
[6.066s][info   ][gc,stats       ]       Unload Classes               5878 us, parallelism: 0.38x
[6.066s][info   ][gc,stats       ]         DCU: <total>               2251 us
[6.066s][info   ][gc,stats       ]         DCU: Unload Code Caches     2251 us, workers (us): 739, 792, 720,
[6.066s][info   ][gc,stats       ]       Weak Roots                    237 us, parallelism: 2.14x
[6.066s][info   ][gc,stats       ]         DWR: <total>                506 us
[6.066s][info   ][gc,stats       ]         DWR: VM Weak Roots          506 us, workers (us): 173, 172, 161,
[6.066s][info   ][gc,stats       ]       CLDG                            1 us
[6.066s][info   ][gc,stats       ]   Update Region States                2 us
[6.066s][info   ][gc,stats       ]   Manage GC/TLABs                     8 us
[6.066s][info   ][gc,stats       ]   Choose Collection Set              10 us
[6.066s][info   ][gc,stats       ]   Rebuild Free Set                    2 us
[6.066s][info   ][gc,stats       ]   Cleanup                             1 us
[6.066s][info   ][gc,stats       ]
[6.066s][info   ][gc,stats       ] Allocation pacing accrued:
[6.066s][info   ][gc,stats       ]       0 of    25 ms (  0.0%): <total>
[6.067s][info   ][gc,stats       ]       0 of    25 ms (  0.0%): <average total>
[6.067s][info   ][gc,stats       ]
[6.068s][info   ][safepoint,stats] ShenandoahInitMark           [             18               1 ][            36200      24100      25800      86100 ]               1
[6.082s][info   ][safepoint,stats] ShenandoahFinalMarkStartEvac [             18               1 ][            23900      49600     231400     304900 ]               1
[6.085s][info   ][safepoint,stats] ShenandoahFinalRoots         [             18               1 ][            15800      21200      19200      56200 ]               1
[6.085s][info   ][gc,stats       ]
[6.085s][info   ][gc,stats       ] All times are wall-clock times, except per-root-class counters, that are sum over
[6.085s][info   ][gc,stats       ] all workers. Dividing the <total> over the root stage time estimates parallelism.
[6.085s][info   ][gc,stats       ]
[6.085s][info   ][gc,stats       ] Concurrent Reset                     53 us
[6.085s][info   ][gc,stats       ] Pause Init Mark (G)                 139 us
[6.085s][info   ][gc,stats       ] Pause Init Mark (N)                  14 us
[6.085s][info   ][gc,stats       ]   Update Region States                1 us
[6.085s][info   ][gc,stats       ] Concurrent Mark Roots               651 us, parallelism: 0.90x
[6.085s][info   ][gc,stats       ]   CMR: <total>                      587 us
[6.085s][info   ][gc,stats       ]   CMR: Thread Roots                 338 us, workers (us): 338, ---, ---,
[6.085s][info   ][gc,stats       ]   CMR: VM Strong Roots               22 us, workers (us):  22, ---, ---,
[6.085s][info   ][gc,stats       ]   CMR: CLDG Roots                   227 us, workers (us): 227, ---, ---,
[6.085s][info   ][gc,stats       ] Concurrent Marking                12516 us
[6.085s][info   ][gc,stats       ] Pause Final Mark (G)                455 us
[6.085s][info   ][gc,stats       ] Pause Final Mark (N)                194 us
[6.085s][info   ][gc,stats       ]   Finish Mark                       144 us
[6.085s][info   ][gc,stats       ]   Update Region States                3 us
[6.085s][info   ][gc,stats       ]   Choose Collection Set              13 us
[6.085s][info   ][gc,stats       ]   Rebuild Free Set                    4 us
[6.085s][info   ][gc,stats       ] Concurrent Weak References          113 us, parallelism: 0.25x
[6.085s][info   ][gc,stats       ]   CWRF: <total>                      28 us
[6.085s][info   ][gc,stats       ]   CWRF: Weak References              28 us, workers (us):  28, ---, ---,
[6.085s][info   ][gc,stats       ] Concurrent Weak Roots               799 us
[6.085s][info   ][gc,stats       ]   Roots                             712 us, parallelism: 0.83x
[6.085s][info   ][gc,stats       ]     CWR: <total>                    589 us
[6.085s][info   ][gc,stats       ]     CWR: Code Cache Roots           214 us, workers (us): 214, ---, ---,
[6.085s][info   ][gc,stats       ]     CWR: VM Weak Roots              358 us, workers (us): 358, ---, ---,
[6.085s][info   ][gc,stats       ]     CWR: CLDG Roots                  17 us, workers (us):  17, ---, ---,
[6.085s][info   ][gc,stats       ]   Rendezvous                         80 us
[6.085s][info   ][gc,stats       ] Concurrent Cleanup                   37 us
[6.085s][info   ][gc,stats       ] Concurrent Class Unloading         2242 us
[6.085s][info   ][gc,stats       ]   Unlink Stale                     2076 us
[6.085s][info   ][gc,stats       ]     System Dictionary                 4 us
[6.085s][info   ][gc,stats       ]     Weak Class Links                  0 us
[6.085s][info   ][gc,stats       ]     Code Roots                     2071 us
[6.085s][info   ][gc,stats       ]   Rendezvous                         68 us
[6.085s][info   ][gc,stats       ]   Purge Unlinked                     93 us
[6.085s][info   ][gc,stats       ]     Code Roots                       88 us
[6.085s][info   ][gc,stats       ]     CLDG                              4 us
[6.085s][info   ][gc,stats       ]     Exception Caches                  0 us
[6.085s][info   ][gc,stats       ] Pause Final Roots (G)               122 us
[6.085s][info   ][gc,stats       ] Pause Final Roots (N)                 4 us
[6.085s][info   ][gc,stats       ]
[6.085s][info   ][gc,stats       ] Allocation pacing accrued:
[6.085s][info   ][gc,stats       ]       0 of    19 ms (  0.0%): <total>
[6.085s][info   ][gc,stats       ]       0 of    19 ms (  0.0%): <average total>
[6.085s][info   ][gc,stats       ]
[6.087s][info   ][safepoint,stats] ShenandoahInitMark           [             18               1 ][           106600      37800      61700     206100 ]               1
[6.100s][info   ][safepoint,stats] ShenandoahFinalMarkStartEvac [             18               1 ][            15100      37700     109300     162100 ]               1
[6.103s][info   ][safepoint,stats] ShenandoahFinalRoots         [             18               1 ][            17000      31800      21600      70400 ]               1
[6.103s][info   ][gc,stats       ]
[6.103s][info   ][gc,stats       ] All times are wall-clock times, except per-root-class counters, that are sum over
[6.103s][info   ][gc,stats       ] all workers. Dividing the <total> over the root stage time estimates parallelism.
[6.103s][info   ][gc,stats       ]
[6.103s][info   ][gc,stats       ] Concurrent Reset                     45 us
[6.103s][info   ][gc,stats       ] Pause Init Mark (G)                 263 us
[6.103s][info   ][gc,stats       ] Pause Init Mark (N)                  30 us
[6.103s][info   ][gc,stats       ]   Update Region States                1 us
[6.103s][info   ][gc,stats       ] Concurrent Mark Roots               650 us, parallelism: 0.90x
[6.103s][info   ][gc,stats       ]   CMR: <total>                      587 us
[6.103s][info   ][gc,stats       ]   CMR: Thread Roots                 225 us, workers (us): 225, ---, ---,
[6.103s][info   ][gc,stats       ]   CMR: VM Strong Roots               36 us, workers (us):  36, ---, ---,
[6.103s][info   ][gc,stats       ]   CMR: CLDG Roots                   325 us, workers (us): 325, ---, ---,
[6.103s][info   ][gc,stats       ] Concurrent Marking                11816 us
[6.103s][info   ][gc,stats       ] Pause Final Mark (G)                223 us
[6.103s][info   ][gc,stats       ] Pause Final Mark (N)                 92 us
[6.103s][info   ][gc,stats       ]   Finish Mark                        69 us
[6.103s][info   ][gc,stats       ]   Update Region States                4 us
[6.103s][info   ][gc,stats       ]   Choose Collection Set               5 us
[6.103s][info   ][gc,stats       ]   Rebuild Free Set                    2 us
[6.103s][info   ][gc,stats       ] Concurrent Weak References           95 us, parallelism: 0.42x
[6.103s][info   ][gc,stats       ]   CWRF: <total>                      40 us
[6.103s][info   ][gc,stats       ]   CWRF: Weak References              40 us, workers (us):  40, ---, ---,
[6.103s][info   ][gc,stats       ] Concurrent Weak Roots               427 us
[6.103s][info   ][gc,stats       ]   Roots                             330 us, parallelism: 0.80x
[6.103s][info   ][gc,stats       ]     CWR: <total>                    262 us
[6.103s][info   ][gc,stats       ]     CWR: Code Cache Roots           118 us, workers (us): 118, ---, ---,
[6.103s][info   ][gc,stats       ]     CWR: VM Weak Roots              137 us, workers (us): 137, ---, ---,
[6.103s][info   ][gc,stats       ]     CWR: CLDG Roots                   7 us, workers (us):   7, ---, ---,
[6.103s][info   ][gc,stats       ]   Rendezvous                         89 us
[6.103s][info   ][gc,stats       ] Concurrent Cleanup                   42 us
[6.103s][info   ][gc,stats       ] Concurrent Class Unloading         2238 us
[6.103s][info   ][gc,stats       ]   Unlink Stale                     2099 us
[6.103s][info   ][gc,stats       ]     System Dictionary                 7 us
[6.103s][info   ][gc,stats       ]     Weak Class Links                  0 us
[6.103s][info   ][gc,stats       ]     Code Roots                     2089 us
[6.103s][info   ][gc,stats       ]   Rendezvous                         71 us
[6.103s][info   ][gc,stats       ]   Purge Unlinked                     63 us
[6.103s][info   ][gc,stats       ]     Code Roots                       58 us
[6.103s][info   ][gc,stats       ]     CLDG                              4 us
[6.103s][info   ][gc,stats       ]     Exception Caches                  0 us
[6.103s][info   ][gc,stats       ] Pause Final Roots (G)               183 us
[6.103s][info   ][gc,stats       ] Pause Final Roots (N)                 5 us
[6.103s][info   ][gc,stats       ] Pacing                            17987 us
[6.103s][info   ][gc,stats       ]
[6.103s][info   ][gc,stats       ] Allocation pacing accrued:
[6.103s][info   ][gc,stats       ]      31 of    18 ms (174.0%): thread3
[6.103s][info   ][gc,stats       ]      31 of    18 ms (174.0%): <total>
[6.103s][info   ][gc,stats       ]       2 of    18 ms (  9.7%): <average total>
[6.103s][info   ][gc,stats       ]      31 of    18 ms (174.0%): <average non-zero>
[6.103s][info   ][gc,stats       ]
[6.119s][info   ][safepoint,stats] ShenandoahInitMark           [             18               1 ][            59700      29400      66400     155500 ]               1
[6.132s][info   ][safepoint,stats] ShenandoahFinalMarkStartEvac [             18               1 ][            15900      60600     115000     191500 ]               1
thread: thread1, costs 1014 ms
[6.135s][info   ][safepoint,stats] ShenandoahFinalRoots         [             18               1 ][            24500      21200      42200      87900 ]               1
[6.135s][info   ][gc,stats       ]
[6.136s][info   ][gc,stats       ] All times are wall-clock times, except per-root-class counters, that are sum over
[6.136s][info   ][gc,stats       ] all workers. Dividing the <total> over the root stage time estimates parallelism.
[6.136s][info   ][gc,stats       ]
[6.136s][info   ][gc,stats       ] Concurrent Reset                     52 us
[6.136s][info   ][gc,stats       ] Pause Init Mark (G)                 239 us
[6.136s][info   ][gc,stats       ] Pause Init Mark (N)                  28 us
[6.136s][info   ][gc,stats       ]   Update Region States                1 us
[6.136s][info   ][gc,stats       ] Concurrent Mark Roots               521 us, parallelism: 0.87x
[6.136s][info   ][gc,stats       ]   CMR: <total>                      456 us
[6.136s][info   ][gc,stats       ]   CMR: Thread Roots                 195 us, workers (us): 195, ---, ---,
[6.136s][info   ][gc,stats       ]   CMR: VM Strong Roots               26 us, workers (us):  26, ---, ---,
[6.136s][info   ][gc,stats       ]   CMR: CLDG Roots                   236 us, workers (us): 236, ---, ---,
[6.136s][info   ][gc,stats       ] Concurrent Marking                12024 us
[6.136s][info   ][gc,stats       ] Pause Final Mark (G)                265 us
[6.136s][info   ][gc,stats       ] Pause Final Mark (N)                 78 us
[6.136s][info   ][gc,stats       ]   Finish Mark                        54 us
[6.136s][info   ][gc,stats       ]   Update Region States                2 us
[6.136s][info   ][gc,stats       ]   Choose Collection Set               7 us
[6.136s][info   ][gc,stats       ]   Rebuild Free Set                    2 us
[6.136s][info   ][gc,stats       ] Concurrent Weak References           77 us, parallelism: 0.50x
[6.136s][info   ][gc,stats       ]   CWRF: <total>                      38 us
[6.136s][info   ][gc,stats       ]   CWRF: Weak References              38 us, workers (us):  38, ---, ---,
[6.136s][info   ][gc,stats       ] Concurrent Weak Roots               831 us
[6.136s][info   ][gc,stats       ]   Roots                             701 us, parallelism: 0.91x
[6.136s][info   ][gc,stats       ]     CWR: <total>                    640 us
[6.136s][info   ][gc,stats       ]     CWR: Code Cache Roots           180 us, workers (us): 180, ---, ---,
[6.136s][info   ][gc,stats       ]     CWR: VM Weak Roots              448 us, workers (us): 448, ---, ---,
[6.136s][info   ][gc,stats       ]     CWR: CLDG Roots                  12 us, workers (us):  12, ---, ---,
[6.136s][info   ][gc,stats       ]   Rendezvous                        126 us
[6.136s][info   ][gc,stats       ] Concurrent Cleanup                   41 us
[6.136s][info   ][gc,stats       ] Concurrent Class Unloading         2370 us
[6.136s][info   ][gc,stats       ]   Unlink Stale                     2190 us
[6.136s][info   ][gc,stats       ]     System Dictionary                 9 us
[6.136s][info   ][gc,stats       ]     Weak Class Links                  0 us
[6.136s][info   ][gc,stats       ]     Code Roots                     2177 us
[6.136s][info   ][gc,stats       ]   Rendezvous                         94 us
[6.136s][info   ][gc,stats       ]   Purge Unlinked                     75 us
[6.136s][info   ][gc,stats       ]     Code Roots                       72 us
[6.136s][info   ][gc,stats       ]     CLDG                              3 us
[6.136s][info   ][gc,stats       ]     Exception Caches                  0 us
[6.136s][info   ][gc,stats       ] Pause Final Roots (G)               177 us
[6.136s][info   ][gc,stats       ] Pause Final Roots (N)                 6 us
[6.136s][info   ][gc,stats       ] Pacing                            27493 us
[6.136s][info   ][gc,stats       ]
[6.136s][info   ][gc,stats       ] Allocation pacing accrued:
[6.136s][info   ][gc,stats       ]      27 of    33 ms ( 83.9%): thread3
[6.136s][info   ][gc,stats       ]      27 of    33 ms ( 83.9%): <total>
[6.136s][info   ][gc,stats       ]       2 of    33 ms (  4.7%): <average total>
[6.136s][info   ][gc,stats       ]      27 of    33 ms ( 83.9%): <average non-zero>
[6.136s][info   ][gc,stats       ]
[6.138s][info   ][safepoint,stats] ShenandoahInitMark           [             18               1 ][            31500      44100      47300     122900 ]               1
[6.151s][info   ][gc,stats       ]
[6.151s][info   ][gc,stats       ] All times are wall-clock times, except per-root-class counters, that are sum over
[6.151s][info   ][gc,stats       ] all workers. Dividing the <total> over the root stage time estimates parallelism.
[6.151s][info   ][gc,stats       ]
[6.151s][info   ][gc,stats       ] Concurrent Reset                     54 us
[6.151s][info   ][gc,stats       ] Pause Init Mark (G)                 199 us
[6.151s][info   ][gc,stats       ] Pause Init Mark (N)                  19 us
[6.151s][info   ][gc,stats       ]   Update Region States                1 us
[6.151s][info   ][gc,stats       ] Concurrent Mark Roots               802 us, parallelism: 0.91x
[6.151s][info   ][gc,stats       ]   CMR: <total>                      728 us
[6.151s][info   ][gc,stats       ]   CMR: Thread Roots                 244 us, workers (us): 244, ---, ---,
[6.151s][info   ][gc,stats       ]   CMR: VM Strong Roots               42 us, workers (us):  42, ---, ---,
[6.151s][info   ][gc,stats       ]   CMR: CLDG Roots                   441 us, workers (us): 441, ---, ---,
[6.151s][info   ][gc,stats       ] Concurrent Marking                12295 us
[6.151s][info   ][gc,stats       ] Pacing                            14120 us
[6.151s][info   ][gc,stats       ]
[6.151s][info   ][gc,stats       ] Allocation pacing accrued:
[6.151s][info   ][gc,stats       ]      14 of    15 ms ( 91.5%): thread3
[6.151s][info   ][gc,stats       ]      14 of    15 ms ( 91.5%): <total>
[6.151s][info   ][gc,stats       ]       1 of    15 ms (  5.1%): <average total>
[6.151s][info   ][gc,stats       ]      14 of    15 ms ( 91.5%): <average non-zero>
[6.151s][info   ][gc,stats       ]
[6.175s][info   ][safepoint,stats] ShenandoahDegeneratedGC      [             18               1 ][            67800      42800    8119900    8230500 ]               1
[6.175s][info   ][gc,stats       ]
[6.175s][info   ][gc,stats       ] All times are wall-clock times, except per-root-class counters, that are sum over
[6.175s][info   ][gc,stats       ] all workers. Dividing the <total> over the root stage time estimates parallelism.
[6.175s][info   ][gc,stats       ]
[6.175s][info   ][gc,stats       ]   Finish Mark                       550 us
[6.175s][info   ][gc,stats       ] Pause Degenerated GC (G)           8340 us
[6.175s][info   ][gc,stats       ] Pause Degenerated GC (N)           8075 us
[6.175s][info   ][gc,stats       ]     System Purge                   6942 us
[6.175s][info   ][gc,stats       ]       Weak References               102 us, parallelism: 0.71x
[6.175s][info   ][gc,stats       ]         WRP: <total>                 72 us
[6.175s][info   ][gc,stats       ]         WRP: Weak References         72 us, workers (us):  72,   0,   0,
[6.175s][info   ][gc,stats       ]       Unload Classes               6450 us, parallelism: 0.56x
[6.175s][info   ][gc,stats       ]         DCU: <total>               3580 us
[6.175s][info   ][gc,stats       ]         DCU: Unload Code Caches     3580 us, workers (us): 1217, 1186, 1176,
[6.175s][info   ][gc,stats       ]       Weak Roots                    353 us, parallelism: 2.29x
[6.175s][info   ][gc,stats       ]         DWR: <total>                808 us
[6.175s][info   ][gc,stats       ]         DWR: VM Weak Roots          808 us, workers (us): 268, 253, 287,
[6.175s][info   ][gc,stats       ]       CLDG                            1 us
[6.175s][info   ][gc,stats       ]   Update Region States                2 us
[6.175s][info   ][gc,stats       ]   Manage GC/TLABs                     8 us
[6.176s][info   ][gc,stats       ]   Choose Collection Set              11 us
[6.176s][info   ][gc,stats       ]   Rebuild Free Set                    2 us
[6.176s][info   ][gc,stats       ]   Cleanup                             1 us
[6.176s][info   ][gc,stats       ]
[6.176s][info   ][gc,stats       ] Allocation pacing accrued:
[6.176s][info   ][gc,stats       ]       0 of    24 ms (  0.0%): <total>
[6.176s][info   ][gc,stats       ]       0 of    24 ms (  0.0%): <average total>
[6.176s][info   ][gc,stats       ]
[6.177s][info   ][safepoint,stats] ShenandoahInitMark           [             18               1 ][            37000      23300      37400      97700 ]               1
[6.191s][info   ][safepoint,stats] ShenandoahFinalMarkStartEvac [             18               1 ][            19500      47000     180500     247000 ]               1
[6.194s][info   ][safepoint,stats] ShenandoahFinalRoots         [             18               1 ][            38600      31700      34600     104900 ]               1
[6.194s][info   ][gc,stats       ]
[6.194s][info   ][gc,stats       ] All times are wall-clock times, except per-root-class counters, that are sum over
[6.194s][info   ][gc,stats       ] all workers. Dividing the <total> over the root stage time estimates parallelism.
[6.194s][info   ][gc,stats       ]
[6.194s][info   ][gc,stats       ] Concurrent Reset                     53 us
[6.194s][info   ][gc,stats       ] Pause Init Mark (G)                 164 us
[6.194s][info   ][gc,stats       ] Pause Init Mark (N)                  15 us
[6.194s][info   ][gc,stats       ]   Update Region States                1 us
[6.194s][info   ][gc,stats       ] Concurrent Mark Roots               530 us, parallelism: 0.84x
[6.194s][info   ][gc,stats       ]   CMR: <total>                      445 us
[6.194s][info   ][gc,stats       ]   CMR: Thread Roots                 196 us, workers (us): 196, ---, ---,
[6.194s][info   ][gc,stats       ]   CMR: VM Strong Roots               22 us, workers (us):  22, ---, ---,
[6.194s][info   ][gc,stats       ]   CMR: CLDG Roots                   226 us, workers (us): 226, ---, ---,
[6.194s][info   ][gc,stats       ] Concurrent Marking                13077 us
[6.194s][info   ][gc,stats       ] Pause Final Mark (G)                318 us
[6.194s][info   ][gc,stats       ] Pause Final Mark (N)                138 us
[6.194s][info   ][gc,stats       ]   Finish Mark                       109 us
[6.194s][info   ][gc,stats       ]   Update Region States                1 us
[6.194s][info   ][gc,stats       ]   Choose Collection Set               7 us
[6.194s][info   ][gc,stats       ]   Rebuild Free Set                    2 us
[6.194s][info   ][gc,stats       ] Concurrent Weak References           68 us, parallelism: 0.59x
[6.194s][info   ][gc,stats       ]   CWRF: <total>                      40 us
[6.194s][info   ][gc,stats       ]   CWRF: Weak References              40 us, workers (us):  40, ---, ---,
[6.194s][info   ][gc,stats       ] Concurrent Weak Roots               602 us
[6.194s][info   ][gc,stats       ]   Roots                             516 us, parallelism: 0.91x
[6.194s][info   ][gc,stats       ]     CWR: <total>                    471 us
[6.194s][info   ][gc,stats       ]     CWR: Code Cache Roots           175 us, workers (us): 175, ---, ---,
[6.194s][info   ][gc,stats       ]     CWR: VM Weak Roots              281 us, workers (us): 281, ---, ---,
[6.194s][info   ][gc,stats       ]     CWR: CLDG Roots                  15 us, workers (us):  15, ---, ---,
[6.194s][info   ][gc,stats       ]   Rendezvous                         82 us
[6.194s][info   ][gc,stats       ] Concurrent Cleanup                   42 us
[6.194s][info   ][gc,stats       ] Concurrent Class Unloading         2315 us
[6.194s][info   ][gc,stats       ]   Unlink Stale                     2149 us
[6.194s][info   ][gc,stats       ]     System Dictionary                 4 us
[6.194s][info   ][gc,stats       ]     Weak Class Links                  0 us
[6.194s][info   ][gc,stats       ]     Code Roots                     2142 us
[6.194s][info   ][gc,stats       ]   Rendezvous                         73 us
[6.194s][info   ][gc,stats       ]   Purge Unlinked                     85 us
[6.194s][info   ][gc,stats       ]     Code Roots                       76 us
[6.194s][info   ][gc,stats       ]     CLDG                              7 us
[6.194s][info   ][gc,stats       ]     Exception Caches                  0 us
[6.194s][info   ][gc,stats       ] Pause Final Roots (G)               234 us
[6.194s][info   ][gc,stats       ] Pause Final Roots (N)                 6 us
[6.194s][info   ][gc,stats       ]
[6.194s][info   ][gc,stats       ] Allocation pacing accrued:
[6.194s][info   ][gc,stats       ]       0 of    19 ms (  0.0%): <total>
[6.194s][info   ][gc,stats       ]       0 of    19 ms (  0.0%): <average total>
[6.194s][info   ][gc,stats       ]
[6.199s][info   ][safepoint,stats] ShenandoahInitMark           [             18               1 ][            96200      28000     351000     475200 ]               1
[6.214s][info   ][safepoint,stats] ShenandoahFinalMarkStartEvac [             18               1 ][            19400      76700     134500     230600 ]               1
[6.218s][info   ][safepoint,stats] ShenandoahFinalRoots         [             18               2 ][            16600      38100      37500      92200 ]               1
[6.218s][info   ][gc,stats       ]
[6.218s][info   ][gc,stats       ] All times are wall-clock times, except per-root-class counters, that are sum over
[6.218s][info   ][gc,stats       ] all workers. Dividing the <total> over the root stage time estimates parallelism.
[6.218s][info   ][gc,stats       ]
[6.218s][info   ][gc,stats       ] Concurrent Reset                     44 us
[6.218s][info   ][gc,stats       ] Pause Init Mark (G)                 593 us
[6.218s][info   ][gc,stats       ] Pause Init Mark (N)                  19 us
[6.218s][info   ][gc,stats       ]   Update Region States                0 us
[6.218s][info   ][gc,stats       ] Concurrent Mark Roots               973 us, parallelism: 0.92x
[6.218s][info   ][gc,stats       ]   CMR: <total>                      892 us
[6.218s][info   ][gc,stats       ]   CMR: Thread Roots                 333 us, workers (us): 333, ---, ---,
[6.218s][info   ][gc,stats       ]   CMR: VM Strong Roots               45 us, workers (us):  45, ---, ---,
[6.218s][info   ][gc,stats       ]   CMR: CLDG Roots                   514 us, workers (us): 514, ---, ---,
[6.218s][info   ][gc,stats       ] Concurrent Marking                13764 us
[6.218s][info   ][gc,stats       ] Pause Final Mark (G)                320 us
[6.218s][info   ][gc,stats       ] Pause Final Mark (N)                 92 us
[6.218s][info   ][gc,stats       ]   Finish Mark                        56 us
[6.219s][info   ][gc,stats       ]   Update Region States                3 us
[6.219s][info   ][gc,stats       ]   Choose Collection Set              10 us
[6.219s][info   ][gc,stats       ]   Rebuild Free Set                    3 us
[6.219s][info   ][gc,stats       ] Concurrent Weak References          116 us, parallelism: 0.58x
[6.219s][info   ][gc,stats       ]   CWRF: <total>                      67 us
[6.219s][info   ][gc,stats       ]   CWRF: Weak References              67 us, workers (us):  67, ---, ---,
[6.219s][info   ][gc,stats       ] Concurrent Weak Roots               814 us
[6.219s][info   ][gc,stats       ]   Roots                             722 us, parallelism: 0.89x
[6.219s][info   ][gc,stats       ]     CWR: <total>                    643 us
[6.219s][info   ][gc,stats       ]     CWR: Code Cache Roots           223 us, workers (us): 223, ---, ---,
[6.219s][info   ][gc,stats       ]     CWR: VM Weak Roots              370 us, workers (us): 370, ---, ---,
[6.219s][info   ][gc,stats       ]     CWR: CLDG Roots                  51 us, workers (us):  51, ---, ---,
[6.219s][info   ][gc,stats       ]   Rendezvous                         80 us
[6.219s][info   ][gc,stats       ] Concurrent Cleanup                   67 us
[6.219s][info   ][gc,stats       ] Concurrent Class Unloading         2634 us
[6.219s][info   ][gc,stats       ]   Unlink Stale                     2421 us
[6.219s][info   ][gc,stats       ]     System Dictionary                11 us
[6.219s][info   ][gc,stats       ]     Weak Class Links                  0 us
[6.219s][info   ][gc,stats       ]     Code Roots                     2406 us
[6.219s][info   ][gc,stats       ]   Rendezvous                        115 us
[6.219s][info   ][gc,stats       ]   Purge Unlinked                     86 us
[6.219s][info   ][gc,stats       ]     Code Roots                       81 us
[6.219s][info   ][gc,stats       ]     CLDG                              5 us
[6.219s][info   ][gc,stats       ]     Exception Caches                  0 us
[6.219s][info   ][gc,stats       ] Pause Final Roots (G)               174 us
[6.219s][info   ][gc,stats       ] Pause Final Roots (N)                 7 us
[6.219s][info   ][gc,stats       ] Pacing                            33778 us
[6.219s][info   ][gc,stats       ]
[6.219s][info   ][gc,stats       ] Allocation pacing accrued:
[6.219s][info   ][gc,stats       ]      34 of    24 ms (140.0%): thread3
[6.219s][info   ][gc,stats       ]      34 of    24 ms (140.0%): <total>
[6.219s][info   ][gc,stats       ]       2 of    24 ms (  7.8%): <average total>
[6.219s][info   ][gc,stats       ]      34 of    24 ms (140.0%): <average non-zero>
[6.219s][info   ][gc,stats       ]
[6.242s][info   ][safepoint,stats] ShenandoahDegeneratedGC      [             18               1 ][           155500      37700   11230900   11424100 ]               1
[6.242s][info   ][gc,stats       ]
[6.242s][info   ][gc,stats       ] All times are wall-clock times, except per-root-class counters, that are sum over
[6.242s][info   ][gc,stats       ] all workers. Dividing the <total> over the root stage time estimates parallelism.
[6.242s][info   ][gc,stats       ]
[6.242s][info   ][gc,stats       ] Pause Degenerated GC (G)          11522 us
[6.243s][info   ][gc,stats       ] Pause Degenerated GC (N)          11199 us
[6.243s][info   ][gc,stats       ]   Degen STW Mark                   5132 us, parallelism: 2.95x
[6.243s][info   ][gc,stats       ]     DSM: <total>                  15151 us
[6.243s][info   ][gc,stats       ]     DSM: Thread Roots               204 us, workers (us):  96,  56,  52,
[6.243s][info   ][gc,stats       ]     DSM: VM Strong Roots             48 us, workers (us):  15,  32,   1,
[6.243s][info   ][gc,stats       ]     DSM: CLDG Roots                 618 us, workers (us):   2,   4, 611,
[6.243s][info   ][gc,stats       ]     DSM: Parallel Mark            14282 us, workers (us): 4945, 4955, 4382,
[6.243s][info   ][gc,stats       ]     System Purge                   5766 us
[6.243s][info   ][gc,stats       ]       Weak References                71 us, parallelism: 0.54x
[6.243s][info   ][gc,stats       ]         WRP: <total>                 38 us
[6.243s][info   ][gc,stats       ]         WRP: Weak References         38 us, workers (us):  13,   2,  23,
[6.243s][info   ][gc,stats       ]       Unload Classes               5393 us, parallelism: 0.51x
[6.243s][info   ][gc,stats       ]         DCU: <total>               2777 us
[6.243s][info   ][gc,stats       ]         DCU: Unload Code Caches     2777 us, workers (us): 918, 927, 932,
[6.243s][info   ][gc,stats       ]       Weak Roots                    266 us, parallelism: 2.39x
[6.243s][info   ][gc,stats       ]         DWR: <total>                638 us
[6.243s][info   ][gc,stats       ]         DWR: VM Weak Roots          638 us, workers (us): 217, 214, 206,
[6.243s][info   ][gc,stats       ]       CLDG                            1 us
[6.243s][info   ][gc,stats       ]   Update Region States                2 us
[6.243s][info   ][gc,stats       ]   Manage GC/TLABs                     8 us
[6.243s][info   ][gc,stats       ]   Choose Collection Set               8 us
[6.243s][info   ][gc,stats       ]   Rebuild Free Set                    2 us
[6.243s][info   ][gc,stats       ]   Cleanup                             1 us
[6.243s][info   ][gc,stats       ]
[6.243s][info   ][gc,stats       ] Allocation pacing accrued:
[6.243s][info   ][gc,stats       ]       0 of    24 ms (  0.0%): <total>
[6.243s][info   ][gc,stats       ]       0 of    24 ms (  0.0%): <average total>
[6.243s][info   ][gc,stats       ]
[6.245s][info   ][safepoint,stats] ShenandoahInitMark           [             18               1 ][            37600      22300      28800      88700 ]               1
[6.259s][info   ][safepoint,stats] ShenandoahFinalMarkStartEvac [             18               1 ][            24200      57200     209900     291300 ]               1
[6.262s][info   ][safepoint,stats] ShenandoahFinalRoots         [             18               1 ][            15300      19600      29800      64700 ]               1
[6.262s][info   ][gc,stats       ]
[6.262s][info   ][gc,stats       ] All times are wall-clock times, except per-root-class counters, that are sum over
[6.262s][info   ][gc,stats       ] all workers. Dividing the <total> over the root stage time estimates parallelism.
[6.262s][info   ][gc,stats       ]
[6.262s][info   ][gc,stats       ] Concurrent Reset                     58 us
[6.262s][info   ][gc,stats       ] Pause Init Mark (G)                 139 us
[6.262s][info   ][gc,stats       ] Pause Init Mark (N)                  14 us
[6.263s][info   ][gc,stats       ]   Update Region States                1 us
[6.263s][info   ][gc,stats       ] Concurrent Mark Roots               539 us, parallelism: 0.86x
[6.263s][info   ][gc,stats       ]   CMR: <total>                      465 us
[6.263s][info   ][gc,stats       ]   CMR: Thread Roots                 216 us, workers (us): 216, ---, ---,
[6.263s][info   ][gc,stats       ]   CMR: VM Strong Roots               22 us, workers (us):  22, ---, ---,
[6.263s][info   ][gc,stats       ]   CMR: CLDG Roots                   227 us, workers (us): 227, ---, ---,
[6.263s][info   ][gc,stats       ] Concurrent Marking                13331 us
[6.263s][info   ][gc,stats       ] Pause Final Mark (G)                445 us
[6.263s][info   ][gc,stats       ] Pause Final Mark (N)                171 us
[6.263s][info   ][gc,stats       ]   Finish Mark                       117 us
[6.263s][info   ][gc,stats       ]   Update Region States                3 us
[6.263s][info   ][gc,stats       ]   Choose Collection Set              17 us
[6.263s][info   ][gc,stats       ]   Rebuild Free Set                    4 us
[6.263s][info   ][gc,stats       ] Concurrent Weak References          203 us, parallelism: 0.44x
[6.263s][info   ][gc,stats       ]   CWRF: <total>                      89 us
[6.263s][info   ][gc,stats       ]   CWRF: Weak References              89 us, workers (us):  89, ---, ---,
[6.263s][info   ][gc,stats       ] Concurrent Weak Roots               836 us
[6.263s][info   ][gc,stats       ]   Roots                             733 us, parallelism: 0.83x
[6.263s][info   ][gc,stats       ]     CWR: <total>                    610 us
[6.263s][info   ][gc,stats       ]     CWR: Code Cache Roots           216 us, workers (us): 216, ---, ---,
[6.263s][info   ][gc,stats       ]     CWR: VM Weak Roots              377 us, workers (us): 377, ---, ---,
[6.263s][info   ][gc,stats       ]     CWR: CLDG Roots                  17 us, workers (us):  17, ---, ---,
[6.263s][info   ][gc,stats       ]   Rendezvous                         95 us
[6.263s][info   ][gc,stats       ] Concurrent Cleanup                   82 us
[6.263s][info   ][gc,stats       ] Concurrent Class Unloading         2294 us
[6.263s][info   ][gc,stats       ]   Unlink Stale                     2166 us
[6.263s][info   ][gc,stats       ]     System Dictionary                 8 us
[6.263s][info   ][gc,stats       ]     Weak Class Links                  0 us
[6.263s][info   ][gc,stats       ]     Code Roots                     2155 us
[6.263s][info   ][gc,stats       ]   Rendezvous                         61 us
[6.263s][info   ][gc,stats       ]   Purge Unlinked                     62 us
[6.263s][info   ][gc,stats       ]     Code Roots                       57 us
[6.263s][info   ][gc,stats       ]     CLDG                              4 us
[6.263s][info   ][gc,stats       ]     Exception Caches                  0 us
[6.263s][info   ][gc,stats       ] Pause Final Roots (G)               133 us
[6.263s][info   ][gc,stats       ] Pause Final Roots (N)                 6 us
[6.263s][info   ][gc,stats       ] Pacing                            14307 us
[6.263s][info   ][gc,stats       ]
[6.263s][info   ][gc,stats       ] Allocation pacing accrued:
[6.263s][info   ][gc,stats       ]      14 of    20 ms ( 71.8%): thread3
[6.263s][info   ][gc,stats       ]      14 of    20 ms ( 71.8%): <total>
[6.263s][info   ][gc,stats       ]       1 of    20 ms (  4.0%): <average total>
[6.263s][info   ][gc,stats       ]      14 of    20 ms ( 71.8%): <average non-zero>
[6.263s][info   ][gc,stats       ]
[6.265s][info   ][safepoint,stats] VM Operation                 [ threads: total initial_running ][ time:       sync    cleanup       vmop      total ] page_trap_count
[6.265s][info   ][safepoint,stats] ShenandoahInitMark           [             18               2 ][            55800      37500      35500     128800 ]               1
[6.277s][info   ][gc,stats       ]
[6.278s][info   ][gc,stats       ] All times are wall-clock times, except per-root-class counters, that are sum over
[6.278s][info   ][gc,stats       ] all workers. Dividing the <total> over the root stage time estimates parallelism.
[6.278s][info   ][gc,stats       ]
[6.278s][info   ][gc,stats       ] Concurrent Reset                     53 us
[6.278s][info   ][gc,stats       ] Pause Init Mark (G)                 209 us
[6.278s][info   ][gc,stats       ] Pause Init Mark (N)                  14 us
[6.278s][info   ][gc,stats       ]   Update Region States                1 us
[6.278s][info   ][gc,stats       ] Concurrent Mark Roots               842 us, parallelism: 0.90x
[6.278s][info   ][gc,stats       ]   CMR: <total>                      757 us
[6.278s][info   ][gc,stats       ]   CMR: Thread Roots                 410 us, workers (us): 410, ---, ---,
[6.278s][info   ][gc,stats       ]   CMR: VM Strong Roots               23 us, workers (us):  23, ---, ---,
[6.278s][info   ][gc,stats       ]   CMR: CLDG Roots                   324 us, workers (us): 324, ---, ---,
[6.278s][info   ][gc,stats       ] Concurrent Marking                11970 us
[6.278s][info   ][gc,stats       ] Pacing                            11042 us
[6.278s][info   ][gc,stats       ]
[6.278s][info   ][gc,stats       ] Allocation pacing accrued:
[6.278s][info   ][gc,stats       ]      11 of    15 ms ( 73.8%): thread3
[6.278s][info   ][gc,stats       ]      11 of    15 ms ( 73.8%): <total>
[6.278s][info   ][gc,stats       ]       1 of    15 ms (  4.1%): <average total>
[6.278s][info   ][gc,stats       ]      11 of    15 ms ( 73.8%): <average non-zero>
[6.278s][info   ][gc,stats       ]
[6.300s][info   ][safepoint,stats] ShenandoahDegeneratedGC      [             18               1 ][           104000      52000    6908700    7064700 ]               1
[6.301s][info   ][gc,stats       ]
[6.301s][info   ][gc,stats       ] All times are wall-clock times, except per-root-class counters, that are sum over
[6.301s][info   ][gc,stats       ] all workers. Dividing the <total> over the root stage time estimates parallelism.
[6.301s][info   ][gc,stats       ]
[6.301s][info   ][gc,stats       ]   Finish Mark                        51 us
[6.301s][info   ][gc,stats       ] Pause Degenerated GC (G)           7153 us
[6.301s][info   ][gc,stats       ] Pause Degenerated GC (N)           6870 us
[6.301s][info   ][gc,stats       ]     System Purge                   6553 us
[6.301s][info   ][gc,stats       ]       Weak References                91 us, parallelism: 0.48x
[6.301s][info   ][gc,stats       ]         WRP: <total>                 43 us
[6.301s][info   ][gc,stats       ]         WRP: Weak References         43 us, workers (us):  42,   1,   0,
[6.301s][info   ][gc,stats       ]       Unload Classes               6061 us, parallelism: 0.66x
[6.301s][info   ][gc,stats       ]         DCU: <total>               3982 us
[6.301s][info   ][gc,stats       ]         DCU: Unload Code Caches     3982 us, workers (us): 1341, 1323, 1318,
[6.301s][info   ][gc,stats       ]       Weak Roots                    367 us, parallelism: 2.41x
[6.301s][info   ][gc,stats       ]         DWR: <total>                883 us
[6.301s][info   ][gc,stats       ]         DWR: VM Weak Roots          883 us, workers (us): 309, 293, 281,
[6.301s][info   ][gc,stats       ]       CLDG                            1 us
[6.301s][info   ][gc,stats       ]   Update Region States                2 us
[6.301s][info   ][gc,stats       ]   Manage GC/TLABs                     7 us
[6.301s][info   ][gc,stats       ]   Choose Collection Set               9 us
[6.301s][info   ][gc,stats       ]   Rebuild Free Set                    2 us
[6.301s][info   ][gc,stats       ]   Cleanup                             3 us
[6.301s][info   ][gc,stats       ]
[6.301s][info   ][gc,stats       ] Allocation pacing accrued:
[6.301s][info   ][gc,stats       ]       0 of    23 ms (  0.0%): <total>
[6.301s][info   ][gc,stats       ]       0 of    23 ms (  0.0%): <average total>
[6.301s][info   ][gc,stats       ]
[6.303s][info   ][safepoint,stats] ShenandoahInitMark           [             18               1 ][            46800      26800      35200     108800 ]               1
[6.303s][info   ][gc,stats       ]
[6.303s][info   ][gc,stats       ] All times are wall-clock times, except per-root-class counters, that are sum over
[6.303s][info   ][gc,stats       ] all workers. Dividing the <total> over the root stage time estimates parallelism.
[6.303s][info   ][gc,stats       ]
[6.303s][info   ][gc,stats       ] Concurrent Reset                     53 us
[6.303s][info   ][gc,stats       ] Pause Init Mark (G)                 162 us
[6.303s][info   ][gc,stats       ] Pause Init Mark (N)                  14 us
[6.303s][info   ][gc,stats       ]   Update Region States                0 us
[6.303s][info   ][gc,stats       ] Concurrent Mark Roots               573 us, parallelism: 0.87x
[6.303s][info   ][gc,stats       ]   CMR: <total>                      497 us
[6.303s][info   ][gc,stats       ]   CMR: Thread Roots                 297 us, workers (us): 297, ---, ---,
[6.303s][info   ][gc,stats       ]   CMR: VM Strong Roots               20 us, workers (us):  20, ---, ---,
[6.303s][info   ][gc,stats       ]   CMR: CLDG Roots                   180 us, workers (us): 180, ---, ---,
[6.303s][info   ][gc,stats       ]
[6.303s][info   ][gc,stats       ] Allocation pacing accrued:
[6.303s][info   ][gc,stats       ]       0 of     3 ms (  0.0%): <total>
[6.303s][info   ][gc,stats       ]       0 of     3 ms (  0.0%): <average total>
[6.303s][info   ][gc,stats       ]
[6.320s][info   ][safepoint,stats] ShenandoahDegeneratedGC      [             18               1 ][            92500      42100   11337800   11472400 ]               1
[6.320s][info   ][gc,stats       ]
[6.320s][info   ][gc,stats       ] All times are wall-clock times, except per-root-class counters, that are sum over
[6.320s][info   ][gc,stats       ] all workers. Dividing the <total> over the root stage time estimates parallelism.
[6.320s][info   ][gc,stats       ]
[6.320s][info   ][gc,stats       ] Pause Degenerated GC (G)          11558 us
[6.320s][info   ][gc,stats       ] Pause Degenerated GC (N)          11289 us
[6.320s][info   ][gc,stats       ]   Degen STW Mark                   4413 us, parallelism: 2.92x
[6.320s][info   ][gc,stats       ]     DSM: <total>                  12907 us
[6.320s][info   ][gc,stats       ]     DSM: Thread Roots               119 us, workers (us):  45,  41,  33,
[6.320s][info   ][gc,stats       ]     DSM: VM Strong Roots             38 us, workers (us):   1,  19,  18,
[6.320s][info   ][gc,stats       ]     DSM: CLDG Roots                 243 us, workers (us): 234,   3,   6,
[6.320s][info   ][gc,stats       ]     DSM: Parallel Mark            12507 us, workers (us): 4039, 4232, 4237,
[6.320s][info   ][gc,stats       ]     System Purge                   6367 us
[6.320s][info   ][gc,stats       ]       Weak References                92 us, parallelism: 0.52x
[6.320s][info   ][gc,stats       ]         WRP: <total>                 48 us
[6.320s][info   ][gc,stats       ]         WRP: Weak References         48 us, workers (us):  37,  11,   0,
[6.320s][info   ][gc,stats       ]       Unload Classes               5911 us, parallelism: 0.48x
[6.320s][info   ][gc,stats       ]         DCU: <total>               2823 us
[6.320s][info   ][gc,stats       ]         DCU: Unload Code Caches     2823 us, workers (us): 925, 899, 1000,
[6.320s][info   ][gc,stats       ]       Weak Roots                    294 us, parallelism: 2.17x
[6.320s][info   ][gc,stats       ]         DWR: <total>                639 us
[6.320s][info   ][gc,stats       ]         DWR: VM Weak Roots          639 us, workers (us): 215, 211, 213,
[6.320s][info   ][gc,stats       ]       CLDG                            1 us
[6.320s][info   ][gc,stats       ]   Update Region States                2 us
[6.320s][info   ][gc,stats       ]   Manage GC/TLABs                     8 us
[6.320s][info   ][gc,stats       ]   Choose Collection Set              11 us
[6.320s][info   ][gc,stats       ]   Rebuild Free Set                    2 us
[6.320s][info   ][gc,stats       ]   Cleanup                             1 us
[6.320s][info   ][gc,stats       ]
[6.320s][info   ][gc,stats       ] Allocation pacing accrued:
[6.320s][info   ][gc,stats       ]       0 of    17 ms (  0.0%): <total>
[6.320s][info   ][gc,stats       ]       0 of    17 ms (  0.0%): <average total>
[6.320s][info   ][gc,stats       ]
[6.322s][info   ][safepoint,stats] ShenandoahInitMark           [             18               1 ][            47500      45300      41700     134500 ]               1
[6.336s][info   ][safepoint,stats] ShenandoahFinalMarkStartEvac [             18               1 ][            15500      41500     121100     178100 ]               1
[6.339s][info   ][safepoint,stats] ShenandoahFinalRoots         [             18               1 ][            19200      42500      35600      97300 ]               1
[6.339s][info   ][gc,stats       ]
[6.339s][info   ][gc,stats       ] All times are wall-clock times, except per-root-class counters, that are sum over
[6.339s][info   ][gc,stats       ] all workers. Dividing the <total> over the root stage time estimates parallelism.
[6.339s][info   ][gc,stats       ]
[6.339s][info   ][gc,stats       ] Concurrent Reset                     55 us
[6.339s][info   ][gc,stats       ] Pause Init Mark (G)                 186 us
[6.339s][info   ][gc,stats       ] Pause Init Mark (N)                  17 us
[6.339s][info   ][gc,stats       ]   Update Region States                0 us
[6.339s][info   ][gc,stats       ] Concurrent Mark Roots               950 us, parallelism: 0.91x
[6.339s][info   ][gc,stats       ]   CMR: <total>                      868 us
[6.339s][info   ][gc,stats       ]   CMR: Thread Roots                 361 us, workers (us): 361, ---, ---,
[6.339s][info   ][gc,stats       ]   CMR: VM Strong Roots               44 us, workers (us):  44, ---, ---,
[6.339s][info   ][gc,stats       ]   CMR: CLDG Roots                   463 us, workers (us): 463, ---, ---,
[6.339s][info   ][gc,stats       ] Concurrent Marking                12447 us
[6.339s][info   ][gc,stats       ] Pause Final Mark (G)                249 us
[6.339s][info   ][gc,stats       ] Pause Final Mark (N)                 96 us
[6.339s][info   ][gc,stats       ]   Finish Mark                        74 us
[6.339s][info   ][gc,stats       ]   Update Region States                1 us
[6.339s][info   ][gc,stats       ]   Choose Collection Set               6 us
[6.339s][info   ][gc,stats       ]   Rebuild Free Set                    2 us
[6.339s][info   ][gc,stats       ] Concurrent Weak References           81 us, parallelism: 0.39x
[6.339s][info   ][gc,stats       ]   CWRF: <total>                      32 us
[6.339s][info   ][gc,stats       ]   CWRF: Weak References              32 us, workers (us):  32, ---, ---,
[6.339s][info   ][gc,stats       ] Concurrent Weak Roots               415 us
[6.339s][info   ][gc,stats       ]   Roots                             338 us, parallelism: 0.83x
[6.339s][info   ][gc,stats       ]     CWR: <total>                    280 us
[6.339s][info   ][gc,stats       ]     CWR: Code Cache Roots           133 us, workers (us): 133, ---, ---,
[6.339s][info   ][gc,stats       ]     CWR: VM Weak Roots              138 us, workers (us): 138, ---, ---,
[6.339s][info   ][gc,stats       ]     CWR: CLDG Roots                   9 us, workers (us):   9, ---, ---,
[6.339s][info   ][gc,stats       ]   Rendezvous                         74 us
[6.339s][info   ][gc,stats       ] Concurrent Cleanup                   45 us
[6.339s][info   ][gc,stats       ] Concurrent Class Unloading         2451 us
[6.339s][info   ][gc,stats       ]   Unlink Stale                     2290 us
[6.339s][info   ][gc,stats       ]     System Dictionary                11 us
[6.339s][info   ][gc,stats       ]     Weak Class Links                  0 us
[6.339s][info   ][gc,stats       ]     Code Roots                     2277 us
[6.339s][info   ][gc,stats       ]   Rendezvous                         86 us
[6.339s][info   ][gc,stats       ]   Purge Unlinked                     69 us
[6.339s][info   ][gc,stats       ]     Code Roots                       62 us
[6.339s][info   ][gc,stats       ]     CLDG                              6 us
[6.339s][info   ][gc,stats       ]     Exception Caches                  0 us
[6.339s][info   ][gc,stats       ] Pause Final Roots (G)               172 us
[6.339s][info   ][gc,stats       ] Pause Final Roots (N)                 6 us
[6.339s][info   ][gc,stats       ]
[6.339s][info   ][gc,stats       ] Allocation pacing accrued:
[6.339s][info   ][gc,stats       ]       0 of    19 ms (  0.0%): <total>
[6.339s][info   ][gc,stats       ]       0 of    19 ms (  0.0%): <average total>
[6.339s][info   ][gc,stats       ]
[6.355s][info   ][safepoint,stats] ShenandoahInitMark           [             18               1 ][            70000      54100      80300     204400 ]               1
[6.368s][info   ][safepoint,stats] ShenandoahFinalMarkStartEvac [             18               1 ][            26000     107800     237700     371500 ]               1
[6.371s][info   ][safepoint,stats] ShenandoahFinalRoots         [             18               1 ][            15900      44600      33100      93600 ]               1
[6.371s][info   ][gc,stats       ]
[6.372s][info   ][gc,stats       ] All times are wall-clock times, except per-root-class counters, that are sum over
[6.372s][info   ][gc,stats       ] all workers. Dividing the <total> over the root stage time estimates parallelism.
[6.372s][info   ][gc,stats       ]
[6.372s][info   ][gc,stats       ] Concurrent Reset                     68 us
[6.372s][info   ][gc,stats       ] Pause Init Mark (G)                 270 us
[6.372s][info   ][gc,stats       ] Pause Init Mark (N)                  37 us
[6.372s][info   ][gc,stats       ]   Update Region States                1 us
[6.372s][info   ][gc,stats       ] Concurrent Mark Roots               536 us, parallelism: 0.90x
[6.372s][info   ][gc,stats       ]   CMR: <total>                      482 us
[6.372s][info   ][gc,stats       ]   CMR: Thread Roots                 214 us, workers (us): 214, ---, ---,
[6.372s][info   ][gc,stats       ]   CMR: VM Strong Roots               45 us, workers (us):  45, ---, ---,
[6.372s][info   ][gc,stats       ]   CMR: CLDG Roots                   224 us, workers (us): 224, ---, ---,
[6.372s][info   ][gc,stats       ] Concurrent Marking                12053 us
[6.372s][info   ][gc,stats       ] Pause Final Mark (G)                527 us
[6.372s][info   ][gc,stats       ] Pause Final Mark (N)                177 us
[6.372s][info   ][gc,stats       ]   Finish Mark                       127 us
[6.372s][info   ][gc,stats       ]   Update Region States                3 us
[6.372s][info   ][gc,stats       ]   Choose Collection Set              13 us
[6.372s][info   ][gc,stats       ]   Rebuild Free Set                    4 us
[6.372s][info   ][gc,stats       ] Concurrent Weak References          122 us, parallelism: 0.34x
[6.372s][info   ][gc,stats       ]   CWRF: <total>                      41 us
[6.372s][info   ][gc,stats       ]   CWRF: Weak References              41 us, workers (us):  41, ---, ---,
[6.372s][info   ][gc,stats       ] Concurrent Weak Roots               458 us
[6.372s][info   ][gc,stats       ]   Roots                             360 us, parallelism: 0.79x
[6.372s][info   ][gc,stats       ]     CWR: <total>                    284 us
[6.372s][info   ][gc,stats       ]     CWR: Code Cache Roots           134 us, workers (us): 134, ---, ---,
[6.372s][info   ][gc,stats       ]     CWR: VM Weak Roots              139 us, workers (us): 139, ---, ---,
[6.372s][info   ][gc,stats       ]     CWR: CLDG Roots                  11 us, workers (us):  11, ---, ---,
[6.372s][info   ][gc,stats       ]   Rendezvous                         90 us
[6.372s][info   ][gc,stats       ] Concurrent Cleanup                   43 us
[6.372s][info   ][gc,stats       ] Concurrent Class Unloading         2343 us
[6.372s][info   ][gc,stats       ]   Unlink Stale                     2186 us
[6.372s][info   ][gc,stats       ]     System Dictionary                 7 us
[6.372s][info   ][gc,stats       ]     Weak Class Links                  0 us
[6.372s][info   ][gc,stats       ]     Code Roots                     2176 us
[6.372s][info   ][gc,stats       ]   Rendezvous                         85 us
[6.372s][info   ][gc,stats       ]   Purge Unlinked                     64 us
[6.372s][info   ][gc,stats       ]     Code Roots                       59 us
[6.372s][info   ][gc,stats       ]     CLDG                              4 us
[6.372s][info   ][gc,stats       ]     Exception Caches                  0 us
[6.372s][info   ][gc,stats       ] Pause Final Roots (G)               164 us
[6.372s][info   ][gc,stats       ] Pause Final Roots (N)                 7 us
[6.372s][info   ][gc,stats       ] Pacing                            42550 us
[6.372s][info   ][gc,stats       ]
[6.372s][info   ][gc,stats       ] Allocation pacing accrued:
[6.372s][info   ][gc,stats       ]      43 of    32 ms (131.4%): thread3
[6.372s][info   ][gc,stats       ]      43 of    32 ms (131.4%): <total>
[6.372s][info   ][gc,stats       ]       2 of    32 ms (  7.3%): <average total>
[6.372s][info   ][gc,stats       ]      43 of    32 ms (131.4%): <average non-zero>
[6.372s][info   ][gc,stats       ]
[6.373s][info   ][safepoint,stats] ShenandoahInitMark           [             18               1 ][            57500      41200      50800     149500 ]               1
[6.386s][info   ][gc,stats       ]
[6.386s][info   ][gc,stats       ] All times are wall-clock times, except per-root-class counters, that are sum over
[6.386s][info   ][gc,stats       ] all workers. Dividing the <total> over the root stage time estimates parallelism.
[6.386s][info   ][gc,stats       ]
[6.386s][info   ][gc,stats       ] Concurrent Reset                     78 us
[6.386s][info   ][gc,stats       ] Pause Init Mark (G)                 232 us
[6.386s][info   ][gc,stats       ] Pause Init Mark (N)                  20 us
[6.386s][info   ][gc,stats       ]   Update Region States                0 us
[6.386s][info   ][gc,stats       ] Concurrent Mark Roots               562 us, parallelism: 0.88x
[6.386s][info   ][gc,stats       ]   CMR: <total>                      494 us
[6.386s][info   ][gc,stats       ]   CMR: Thread Roots                 232 us, workers (us): 232, ---, ---,
[6.386s][info   ][gc,stats       ]   CMR: VM Strong Roots               25 us, workers (us):  25, ---, ---,
[6.386s][info   ][gc,stats       ]   CMR: CLDG Roots                   237 us, workers (us): 237, ---, ---,
[6.386s][info   ][gc,stats       ] Concurrent Marking                12502 us
[6.386s][info   ][gc,stats       ] Pacing                            13094 us
[6.386s][info   ][gc,stats       ]
[6.386s][info   ][gc,stats       ] Allocation pacing accrued:
[6.386s][info   ][gc,stats       ]      13 of    15 ms ( 89.1%): thread3
[6.386s][info   ][gc,stats       ]      13 of    15 ms ( 89.1%): <total>
[6.386s][info   ][gc,stats       ]       1 of    15 ms (  4.9%): <average total>
[6.386s][info   ][gc,stats       ]      13 of    15 ms ( 89.1%): <average non-zero>
[6.386s][info   ][gc,stats       ]
[6.407s][info   ][safepoint,stats] ShenandoahDegeneratedGC      [             18               1 ][            78700      52600    6337600    6468900 ]               1
[6.408s][info   ][gc,stats       ]
[6.408s][info   ][gc,stats       ] All times are wall-clock times, except per-root-class counters, that are sum over
[6.408s][info   ][gc,stats       ] all workers. Dividing the <total> over the root stage time estimates parallelism.
[6.408s][info   ][gc,stats       ]
[6.408s][info   ][gc,stats       ]   Finish Mark                        47 us
[6.408s][info   ][gc,stats       ] Pause Degenerated GC (G)           6591 us
[6.408s][info   ][gc,stats       ] Pause Degenerated GC (N)           6292 us
[6.408s][info   ][gc,stats       ]     System Purge                   5942 us
[6.408s][info   ][gc,stats       ]       Weak References               144 us, parallelism: 0.84x
[6.408s][info   ][gc,stats       ]         WRP: <total>                122 us
[6.408s][info   ][gc,stats       ]         WRP: Weak References        122 us, workers (us): 121,   1,   0,
[6.408s][info   ][gc,stats       ]       Unload Classes               5454 us, parallelism: 0.49x
[6.408s][info   ][gc,stats       ]         DCU: <total>               2658 us
[6.408s][info   ][gc,stats       ]         DCU: Unload Code Caches     2658 us, workers (us): 869, 923, 866,
[6.408s][info   ][gc,stats       ]       Weak Roots                    308 us, parallelism: 2.34x
[6.408s][info   ][gc,stats       ]         DWR: <total>                720 us
[6.408s][info   ][gc,stats       ]         DWR: VM Weak Roots          720 us, workers (us): 230, 264, 226,
[6.408s][info   ][gc,stats       ]       CLDG                            1 us
[6.408s][info   ][gc,stats       ]   Update Region States                2 us
[6.408s][info   ][gc,stats       ]   Manage GC/TLABs                     8 us
[6.408s][info   ][gc,stats       ]   Choose Collection Set              11 us
[6.408s][info   ][gc,stats       ]   Rebuild Free Set                    2 us
[6.408s][info   ][gc,stats       ]   Cleanup                             3 us
[6.408s][info   ][gc,stats       ]
[6.408s][info   ][gc,stats       ] Allocation pacing accrued:
[6.408s][info   ][gc,stats       ]       0 of    21 ms (  0.0%): <total>
[6.408s][info   ][gc,stats       ]       0 of    21 ms (  0.0%): <average total>
[6.408s][info   ][gc,stats       ]
[6.410s][info   ][safepoint,stats] ShenandoahInitMark           [             18               1 ][            88500      54000      54300     196800 ]               1
[6.423s][info   ][safepoint,stats] ShenandoahFinalMarkStartEvac [             18               1 ][            20900      37900     201800     260600 ]               1
[6.427s][info   ][safepoint,stats] ShenandoahFinalRoots         [             18               2 ][            15900      41700      29700      87300 ]               1
[6.427s][info   ][gc,stats       ]
[6.427s][info   ][gc,stats       ] All times are wall-clock times, except per-root-class counters, that are sum over
[6.427s][info   ][gc,stats       ] all workers. Dividing the <total> over the root stage time estimates parallelism.
[6.427s][info   ][gc,stats       ]
[6.427s][info   ][gc,stats       ] Concurrent Reset                    108 us
[6.427s][info   ][gc,stats       ] Pause Init Mark (G)                 279 us
[6.427s][info   ][gc,stats       ] Pause Init Mark (N)                  15 us
[6.427s][info   ][gc,stats       ]   Update Region States                1 us
[6.427s][info   ][gc,stats       ] Concurrent Mark Roots               538 us, parallelism: 0.90x
[6.427s][info   ][gc,stats       ]   CMR: <total>                      485 us
[6.427s][info   ][gc,stats       ]   CMR: Thread Roots                 234 us, workers (us): 234, ---, ---,
[6.427s][info   ][gc,stats       ]   CMR: VM Strong Roots               24 us, workers (us):  24, ---, ---,
[6.427s][info   ][gc,stats       ]   CMR: CLDG Roots                   227 us, workers (us): 227, ---, ---,
[6.427s][info   ][gc,stats       ] Concurrent Marking                12151 us
[6.427s][info   ][gc,stats       ] Pause Final Mark (G)                399 us
[6.427s][info   ][gc,stats       ] Pause Final Mark (N)                167 us
[6.427s][info   ][gc,stats       ]   Finish Mark                       117 us
[6.427s][info   ][gc,stats       ]   Update Region States                3 us
[6.427s][info   ][gc,stats       ]   Choose Collection Set              15 us
[6.427s][info   ][gc,stats       ]   Rebuild Free Set                    4 us
[6.427s][info   ][gc,stats       ] Concurrent Weak References          177 us, parallelism: 0.52x
[6.427s][info   ][gc,stats       ]   CWRF: <total>                      92 us
[6.427s][info   ][gc,stats       ]   CWRF: Weak References              92 us, workers (us):  92, ---, ---,
[6.427s][info   ][gc,stats       ] Concurrent Weak Roots               814 us
[6.427s][info   ][gc,stats       ]   Roots                             702 us, parallelism: 0.87x
[6.427s][info   ][gc,stats       ]     CWR: <total>                    614 us
[6.427s][info   ][gc,stats       ]     CWR: Code Cache Roots           219 us, workers (us): 219, ---, ---,
[6.427s][info   ][gc,stats       ]     CWR: VM Weak Roots              380 us, workers (us): 380, ---, ---,
[6.427s][info   ][gc,stats       ]     CWR: CLDG Roots                  15 us, workers (us):  15, ---, ---,
[6.427s][info   ][gc,stats       ]   Rendezvous                        106 us
[6.427s][info   ][gc,stats       ] Concurrent Cleanup                   38 us
[6.427s][info   ][gc,stats       ] Concurrent Class Unloading         2646 us
[6.427s][info   ][gc,stats       ]   Unlink Stale                     2492 us
[6.427s][info   ][gc,stats       ]     System Dictionary                 4 us
[6.427s][info   ][gc,stats       ]     Weak Class Links                  0 us
[6.427s][info   ][gc,stats       ]     Code Roots                     2485 us
[6.427s][info   ][gc,stats       ]   Rendezvous                         81 us
[6.427s][info   ][gc,stats       ]   Purge Unlinked                     68 us
[6.427s][info   ][gc,stats       ]     Code Roots                       64 us
[6.427s][info   ][gc,stats       ]     CLDG                              4 us
[6.427s][info   ][gc,stats       ]     Exception Caches                  0 us
[6.427s][info   ][gc,stats       ] Pause Final Roots (G)               148 us
[6.427s][info   ][gc,stats       ] Pause Final Roots (N)                 5 us
[6.427s][info   ][gc,stats       ] Pacing                             6149 us
[6.427s][info   ][gc,stats       ]
[6.427s][info   ][gc,stats       ] Allocation pacing accrued:
[6.427s][info   ][gc,stats       ]       6 of    20 ms ( 31.3%): thread3
[6.427s][info   ][gc,stats       ]       6 of    20 ms ( 31.3%): <total>
[6.427s][info   ][gc,stats       ]       0 of    20 ms (  1.7%): <average total>
[6.427s][info   ][gc,stats       ]       6 of    20 ms ( 31.3%): <average non-zero>
[6.427s][info   ][gc,stats       ]
[6.431s][info   ][safepoint,stats] ShenandoahInitMark           [             18               1 ][           144000      28800     236900     409700 ]               1
[6.445s][info   ][safepoint,stats] ShenandoahFinalMarkStartEvac [             18               1 ][            20400      36300     132300     189000 ]               1
[6.449s][info   ][safepoint,stats] ShenandoahFinalRoots         [             18               1 ][            14900      40600      21300      76800 ]               1
[6.449s][info   ][gc,stats       ]
[6.449s][info   ][gc,stats       ] All times are wall-clock times, except per-root-class counters, that are sum over
[6.449s][info   ][gc,stats       ] all workers. Dividing the <total> over the root stage time estimates parallelism.
[6.449s][info   ][gc,stats       ]
[6.449s][info   ][gc,stats       ] Concurrent Reset                     47 us
[6.449s][info   ][gc,stats       ] Pause Init Mark (G)                 493 us
[6.449s][info   ][gc,stats       ] Pause Init Mark (N)                  30 us
[6.449s][info   ][gc,stats       ]   Update Region States                1 us
[6.449s][info   ][gc,stats       ] Concurrent Mark Roots               942 us, parallelism: 0.95x
[6.449s][info   ][gc,stats       ]   CMR: <total>                      890 us
[6.449s][info   ][gc,stats       ]   CMR: Thread Roots                 211 us, workers (us): 211, ---, ---,
[6.449s][info   ][gc,stats       ]   CMR: VM Strong Roots               56 us, workers (us):  56, ---, ---,
[6.449s][info   ][gc,stats       ]   CMR: CLDG Roots                   623 us, workers (us): 623, ---, ---,
[6.449s][info   ][gc,stats       ] Concurrent Marking                12630 us
[6.449s][info   ][gc,stats       ] Pause Final Mark (G)                281 us
[6.449s][info   ][gc,stats       ] Pause Final Mark (N)                114 us
[6.449s][info   ][gc,stats       ]   Finish Mark                        77 us
[6.449s][info   ][gc,stats       ]   Update Region States                2 us
[6.449s][info   ][gc,stats       ]   Choose Collection Set              11 us
[6.449s][info   ][gc,stats       ]   Rebuild Free Set                    3 us
[6.449s][info   ][gc,stats       ] Concurrent Weak References           89 us, parallelism: 0.45x
[6.449s][info   ][gc,stats       ]   CWRF: <total>                      40 us
[6.449s][info   ][gc,stats       ]   CWRF: Weak References              40 us, workers (us):  40, ---, ---,
[6.449s][info   ][gc,stats       ] Concurrent Weak Roots               631 us
[6.449s][info   ][gc,stats       ]   Roots                             548 us, parallelism: 0.87x
[6.449s][info   ][gc,stats       ]     CWR: <total>                    476 us
[6.449s][info   ][gc,stats       ]     CWR: Code Cache Roots           179 us, workers (us): 179, ---, ---,
[6.449s][info   ][gc,stats       ]     CWR: VM Weak Roots              284 us, workers (us): 284, ---, ---,
[6.449s][info   ][gc,stats       ]     CWR: CLDG Roots                  13 us, workers (us):  13, ---, ---,
[6.449s][info   ][gc,stats       ]   Rendezvous                         77 us
[6.449s][info   ][gc,stats       ] Concurrent Cleanup                   42 us
[6.449s][info   ][gc,stats       ] Concurrent Class Unloading         2780 us
[6.449s][info   ][gc,stats       ]   Unlink Stale                     2625 us
[6.449s][info   ][gc,stats       ]     System Dictionary                 8 us
[6.449s][info   ][gc,stats       ]     Weak Class Links                  0 us
[6.449s][info   ][gc,stats       ]     Code Roots                     2615 us
[6.449s][info   ][gc,stats       ]   Rendezvous                         95 us
[6.449s][info   ][gc,stats       ]   Purge Unlinked                     54 us
[6.449s][info   ][gc,stats       ]     Code Roots                       48 us
[6.449s][info   ][gc,stats       ]     CLDG                              5 us
[6.449s][info   ][gc,stats       ]     Exception Caches                  0 us
[6.449s][info   ][gc,stats       ] Pause Final Roots (G)               129 us
[6.449s][info   ][gc,stats       ] Pause Final Roots (N)                 5 us
[6.449s][info   ][gc,stats       ] Pacing                            27989 us
[6.449s][info   ][gc,stats       ]
[6.449s][info   ][gc,stats       ] Allocation pacing accrued:
[6.449s][info   ][gc,stats       ]      28 of    22 ms (128.7%): thread3
[6.449s][info   ][gc,stats       ]      28 of    22 ms (128.7%): <total>
[6.449s][info   ][gc,stats       ]       2 of    22 ms (  7.1%): <average total>
[6.449s][info   ][gc,stats       ]      28 of    22 ms (128.7%): <average non-zero>
[6.449s][info   ][gc,stats       ]
[6.464s][info   ][safepoint,stats] ShenandoahInitMark           [             18               1 ][            63200      64200     147500     274900 ]               1
[6.465s][info   ][gc,stats       ]
[6.465s][info   ][gc,stats       ] All times are wall-clock times, except per-root-class counters, that are sum over
[6.465s][info   ][gc,stats       ] all workers. Dividing the <total> over the root stage time estimates parallelism.
[6.465s][info   ][gc,stats       ]
[6.465s][info   ][gc,stats       ] Concurrent Reset                     64 us
[6.465s][info   ][gc,stats       ] Pause Init Mark (G)                 417 us
[6.465s][info   ][gc,stats       ] Pause Init Mark (N)                  56 us
[6.465s][info   ][gc,stats       ]   Update Region States                1 us
[6.465s][info   ][gc,stats       ] Concurrent Mark Roots               992 us, parallelism: 0.94x
[6.465s][info   ][gc,stats       ]   CMR: <total>                      936 us
[6.465s][info   ][gc,stats       ]   CMR: Thread Roots                 433 us, workers (us): 433, ---, ---,
[6.465s][info   ][gc,stats       ]   CMR: VM Strong Roots               43 us, workers (us):  43, ---, ---,
[6.465s][info   ][gc,stats       ]   CMR: CLDG Roots                   460 us, workers (us): 460, ---, ---,
[6.465s][info   ][gc,stats       ] Pacing                            14777 us
[6.465s][info   ][gc,stats       ]
[6.465s][info   ][gc,stats       ] Allocation pacing accrued:
[6.465s][info   ][gc,stats       ]      15 of    16 ms ( 95.0%): thread3
[6.465s][info   ][gc,stats       ]      15 of    16 ms ( 95.0%): <total>
[6.465s][info   ][gc,stats       ]       1 of    16 ms (  5.3%): <average total>
[6.465s][info   ][gc,stats       ]      15 of    16 ms ( 95.0%): <average non-zero>
[6.465s][info   ][gc,stats       ]
[6.490s][info   ][safepoint,stats] ShenandoahDegeneratedGC      [             18               1 ][            56200      70200   11398500   11524900 ]               1
[6.491s][info   ][gc,stats       ]
[6.491s][info   ][gc,stats       ] All times are wall-clock times, except per-root-class counters, that are sum over
[6.491s][info   ][gc,stats       ] all workers. Dividing the <total> over the root stage time estimates parallelism.
[6.491s][info   ][gc,stats       ]
[6.491s][info   ][gc,stats       ] Pause Degenerated GC (G)          11620 us
[6.491s][info   ][gc,stats       ] Pause Degenerated GC (N)          11371 us
[6.491s][info   ][gc,stats       ]   Degen STW Mark                   4943 us, parallelism: 2.93x
[6.491s][info   ][gc,stats       ]     DSM: <total>                  14488 us
[6.491s][info   ][gc,stats       ]     DSM: Thread Roots               125 us, workers (us):  42,  40,  43,
[6.491s][info   ][gc,stats       ]     DSM: VM Strong Roots             28 us, workers (us):   1,  15,  12,
[6.491s][info   ][gc,stats       ]     DSM: CLDG Roots                 237 us, workers (us): 230,   5,   2,
[6.491s][info   ][gc,stats       ]     DSM: Parallel Mark            14097 us, workers (us): 4564, 4771, 4761,
[6.491s][info   ][gc,stats       ]     System Purge                   6057 us
[6.491s][info   ][gc,stats       ]       Weak References                78 us, parallelism: 0.66x
[6.491s][info   ][gc,stats       ]         WRP: <total>                 52 us
[6.491s][info   ][gc,stats       ]         WRP: Weak References         52 us, workers (us):  39,  10,   3,
[6.491s][info   ][gc,stats       ]       Unload Classes               5722 us, parallelism: 0.40x
[6.491s][info   ][gc,stats       ]         DCU: <total>               2274 us
[6.491s][info   ][gc,stats       ]         DCU: Unload Code Caches     2274 us, workers (us): 799, 728, 747,
[6.491s][info   ][gc,stats       ]       Weak Roots                    223 us, parallelism: 2.33x
[6.491s][info   ][gc,stats       ]         DWR: <total>                518 us
[6.491s][info   ][gc,stats       ]         DWR: VM Weak Roots          518 us, workers (us): 178, 168, 171,
[6.491s][info   ][gc,stats       ]       CLDG                            1 us
[6.491s][info   ][gc,stats       ]   Update Region States                1 us
[6.491s][info   ][gc,stats       ]   Manage GC/TLABs                     6 us
[6.491s][info   ][gc,stats       ]   Choose Collection Set               8 us
[6.491s][info   ][gc,stats       ]   Rebuild Free Set                    2 us
[6.491s][info   ][gc,stats       ]   Cleanup                             1 us
[6.491s][info   ][gc,stats       ]
[6.491s][info   ][gc,stats       ] Allocation pacing accrued:
[6.491s][info   ][gc,stats       ]       0 of    26 ms (  0.0%): <total>
[6.491s][info   ][gc,stats       ]       0 of    26 ms (  0.0%): <average total>
[6.491s][info   ][gc,stats       ]
[6.492s][info   ][safepoint,stats] ShenandoahInitMark           [             18               1 ][            36600      21100      25900      83600 ]               1
[6.505s][info   ][safepoint,stats] ShenandoahFinalMarkStartEvac [             18               1 ][            15400      57800     129500     202700 ]               1
[6.508s][info   ][safepoint,stats] ShenandoahFinalRoots         [             18               1 ][            19800      36500      29400      85700 ]               1
[6.508s][info   ][gc,stats       ]
[6.508s][info   ][gc,stats       ] All times are wall-clock times, except per-root-class counters, that are sum over
[6.508s][info   ][gc,stats       ] all workers. Dividing the <total> over the root stage time estimates parallelism.
[6.508s][info   ][gc,stats       ]
[6.508s][info   ][gc,stats       ] Concurrent Reset                     53 us
[6.508s][info   ][gc,stats       ] Pause Init Mark (G)                 136 us
[6.508s][info   ][gc,stats       ] Pause Init Mark (N)                  14 us
[6.508s][info   ][gc,stats       ]   Update Region States                1 us
[6.508s][info   ][gc,stats       ] Concurrent Mark Roots               538 us, parallelism: 0.85x
[6.508s][info   ][gc,stats       ]   CMR: <total>                      460 us
[6.508s][info   ][gc,stats       ]   CMR: Thread Roots                 217 us, workers (us): 217, ---, ---,
[6.508s][info   ][gc,stats       ]   CMR: VM Strong Roots               21 us, workers (us):  21, ---, ---,
[6.508s][info   ][gc,stats       ]   CMR: CLDG Roots                   222 us, workers (us): 222, ---, ---,
[6.508s][info   ][gc,stats       ] Concurrent Marking                12492 us
[6.509s][info   ][gc,stats       ] Pause Final Mark (G)                272 us
[6.509s][info   ][gc,stats       ] Pause Final Mark (N)                 93 us
[6.509s][info   ][gc,stats       ]   Finish Mark                        69 us
[6.509s][info   ][gc,stats       ]   Update Region States                1 us
[6.509s][info   ][gc,stats       ]   Choose Collection Set               6 us
[6.509s][info   ][gc,stats       ]   Rebuild Free Set                    2 us
[6.509s][info   ][gc,stats       ] Concurrent Weak References           67 us, parallelism: 0.43x
[6.509s][info   ][gc,stats       ]   CWRF: <total>                      29 us
[6.509s][info   ][gc,stats       ]   CWRF: Weak References              29 us, workers (us):  29, ---, ---,
[6.509s][info   ][gc,stats       ] Concurrent Weak Roots               464 us
[6.509s][info   ][gc,stats       ]   Roots                             349 us, parallelism: 0.80x
[6.509s][info   ][gc,stats       ]     CWR: <total>                    280 us
[6.509s][info   ][gc,stats       ]     CWR: Code Cache Roots           134 us, workers (us): 134, ---, ---,
[6.509s][info   ][gc,stats       ]     CWR: VM Weak Roots              138 us, workers (us): 138, ---, ---,
[6.509s][info   ][gc,stats       ]     CWR: CLDG Roots                   8 us, workers (us):   8, ---, ---,
[6.509s][info   ][gc,stats       ]   Rendezvous                        109 us
[6.509s][info   ][gc,stats       ] Concurrent Cleanup                   42 us
[6.509s][info   ][gc,stats       ] Concurrent Class Unloading         2251 us
[6.509s][info   ][gc,stats       ]   Unlink Stale                     2084 us
[6.509s][info   ][gc,stats       ]     System Dictionary                 7 us
[6.509s][info   ][gc,stats       ]     Weak Class Links                  0 us
[6.509s][info   ][gc,stats       ]     Code Roots                     2075 us
[6.509s][info   ][gc,stats       ]   Rendezvous                         96 us
[6.509s][info   ][gc,stats       ]   Purge Unlinked                     66 us
[6.509s][info   ][gc,stats       ]     Code Roots                       61 us
[6.509s][info   ][gc,stats       ]     CLDG                              4 us
[6.509s][info   ][gc,stats       ]     Exception Caches                  0 us
[6.509s][info   ][gc,stats       ] Pause Final Roots (G)               173 us
[6.509s][info   ][gc,stats       ] Pause Final Roots (N)                 5 us
[6.509s][info   ][gc,stats       ]
[6.509s][info   ][gc,stats       ] Allocation pacing accrued:
[6.509s][info   ][gc,stats       ]       0 of    18 ms (  0.0%): <total>
[6.509s][info   ][gc,stats       ]       0 of    18 ms (  0.0%): <average total>
[6.509s][info   ][gc,stats       ]
[6.511s][info   ][safepoint,stats] ShenandoahInitMark           [             18               1 ][            18500      19600      56200      94300 ]               0
[6.524s][info   ][safepoint,stats] ShenandoahFinalMarkStartEvac [             18               0 ][             5100      58300     139600     203000 ]               0
[6.527s][info   ][safepoint,stats] ShenandoahFinalRoots         [             18               1 ][            41200      79300      31100     151600 ]               1
[6.527s][info   ][gc,stats       ]
[6.527s][info   ][gc,stats       ] All times are wall-clock times, except per-root-class counters, that are sum over
[6.527s][info   ][gc,stats       ] all workers. Dividing the <total> over the root stage time estimates parallelism.
[6.527s][info   ][gc,stats       ]
[6.527s][info   ][gc,stats       ] Concurrent Reset                     34 us
[6.527s][info   ][gc,stats       ] Pause Init Mark (G)                 148 us
[6.527s][info   ][gc,stats       ] Pause Init Mark (N)                  31 us
[6.527s][info   ][gc,stats       ]   Update Region States                1 us
[6.528s][info   ][gc,stats       ] Concurrent Mark Roots              1027 us, parallelism: 0.93x
[6.528s][info   ][gc,stats       ]   CMR: <total>                      960 us
[6.528s][info   ][gc,stats       ]   CMR: Thread Roots                 458 us, workers (us): 458, ---, ---,
[6.528s][info   ][gc,stats       ]   CMR: VM Strong Roots               40 us, workers (us):  40, ---, ---,
[6.528s][info   ][gc,stats       ]   CMR: CLDG Roots                   462 us, workers (us): 462, ---, ---,
[6.528s][info   ][gc,stats       ] Concurrent Marking                12066 us
[6.528s][info   ][gc,stats       ] Pause Final Mark (G)                288 us
[6.528s][info   ][gc,stats       ] Pause Final Mark (N)                131 us
[6.528s][info   ][gc,stats       ]   Finish Mark                       109 us
[6.528s][info   ][gc,stats       ]   Update Region States                2 us
[6.528s][info   ][gc,stats       ]   Choose Collection Set               3 us
[6.528s][info   ][gc,stats       ]   Rebuild Free Set                    2 us
[6.528s][info   ][gc,stats       ] Concurrent Weak References           92 us, parallelism: 0.31x
[6.528s][info   ][gc,stats       ]   CWRF: <total>                      29 us
[6.528s][info   ][gc,stats       ]   CWRF: Weak References              29 us, workers (us):  29, ---, ---,
[6.528s][info   ][gc,stats       ] Concurrent Weak Roots               418 us
[6.528s][info   ][gc,stats       ]   Roots                             356 us, parallelism: 0.79x
[6.528s][info   ][gc,stats       ]     CWR: <total>                    282 us
[6.528s][info   ][gc,stats       ]     CWR: Code Cache Roots           138 us, workers (us): 138, ---, ---,
[6.528s][info   ][gc,stats       ]     CWR: VM Weak Roots              136 us, workers (us): 136, ---, ---,
[6.528s][info   ][gc,stats       ]     CWR: CLDG Roots                   7 us, workers (us):   7, ---, ---,
[6.528s][info   ][gc,stats       ]   Rendezvous                         55 us
[6.528s][info   ][gc,stats       ] Concurrent Cleanup                    3 us
[6.528s][info   ][gc,stats       ] Concurrent Class Unloading         2204 us
[6.528s][info   ][gc,stats       ]   Unlink Stale                     2072 us
[6.528s][info   ][gc,stats       ]     System Dictionary                 7 us
[6.528s][info   ][gc,stats       ]     Weak Class Links                  0 us
[6.528s][info   ][gc,stats       ]     Code Roots                     2063 us
[6.528s][info   ][gc,stats       ]   Rendezvous                         97 us
[6.528s][info   ][gc,stats       ]   Purge Unlinked                     30 us
[6.528s][info   ][gc,stats       ]     Code Roots                       26 us
[6.528s][info   ][gc,stats       ]     CLDG                              3 us
[6.528s][info   ][gc,stats       ]     Exception Caches                  0 us
[6.528s][info   ][gc,stats       ] Pause Final Roots (G)               206 us
[6.528s][info   ][gc,stats       ] Pause Final Roots (N)                 6 us
[6.528s][info   ][gc,stats       ] Pacing                            32352 us
[6.528s][info   ][gc,stats       ]
[6.528s][info   ][gc,stats       ] Allocation pacing accrued:
[6.528s][info   ][gc,stats       ]      32 of    19 ms (169.7%): thread3
[6.528s][info   ][gc,stats       ]      32 of    19 ms (169.7%): <total>
[6.528s][info   ][gc,stats       ]       2 of    19 ms (  9.4%): <average total>
[6.528s][info   ][gc,stats       ]      32 of    19 ms (169.7%): <average non-zero>
[6.528s][info   ][gc,stats       ]
[6.530s][info   ][safepoint,stats] ShenandoahInitMark           [             18               1 ][            25200      39100      36300     100600 ]               1
[6.544s][info   ][gc,stats       ]
[6.544s][info   ][gc,stats       ] All times are wall-clock times, except per-root-class counters, that are sum over
[6.544s][info   ][gc,stats       ] all workers. Dividing the <total> over the root stage time estimates parallelism.
[6.544s][info   ][gc,stats       ]
[6.544s][info   ][gc,stats       ] Concurrent Reset                     63 us
[6.544s][info   ][gc,stats       ] Pause Init Mark (G)                 169 us
[6.544s][info   ][gc,stats       ] Pause Init Mark (N)                  14 us
[6.544s][info   ][gc,stats       ]   Update Region States                0 us
[6.544s][info   ][gc,stats       ] Concurrent Mark Roots               898 us, parallelism: 0.89x
[6.544s][info   ][gc,stats       ]   CMR: <total>                      802 us
[6.544s][info   ][gc,stats       ]   CMR: Thread Roots                 555 us, workers (us): 555, ---, ---,
[6.544s][info   ][gc,stats       ]   CMR: VM Strong Roots               23 us, workers (us):  23, ---, ---,
[6.544s][info   ][gc,stats       ]   CMR: CLDG Roots                   224 us, workers (us): 224, ---, ---,
[6.544s][info   ][gc,stats       ] Concurrent Marking                12681 us
[6.544s][info   ][gc,stats       ] Pacing                            14257 us
[6.544s][info   ][gc,stats       ]
[6.544s][info   ][gc,stats       ] Allocation pacing accrued:
[6.544s][info   ][gc,stats       ]      14 of    16 ms ( 88.7%): thread3
[6.544s][info   ][gc,stats       ]      14 of    16 ms ( 88.7%): <total>
[6.544s][info   ][gc,stats       ]       1 of    16 ms (  4.9%): <average total>
[6.544s][info   ][gc,stats       ]      14 of    16 ms ( 88.7%): <average non-zero>
[6.544s][info   ][gc,stats       ]
[6.566s][info   ][safepoint,stats] ShenandoahDegeneratedGC      [             18               1 ][            49600      83500    6578000    6711100 ]               1
[6.566s][info   ][gc,stats       ]
[6.566s][info   ][gc,stats       ] All times are wall-clock times, except per-root-class counters, that are sum over
[6.566s][info   ][gc,stats       ] all workers. Dividing the <total> over the root stage time estimates parallelism.
[6.566s][info   ][gc,stats       ]
[6.566s][info   ][gc,stats       ]   Finish Mark                       245 us
[6.566s][info   ][gc,stats       ] Pause Degenerated GC (G)           6794 us
[6.566s][info   ][gc,stats       ] Pause Degenerated GC (N)           6531 us
[6.566s][info   ][gc,stats       ]     System Purge                   5983 us
[6.566s][info   ][gc,stats       ]       Weak References               102 us, parallelism: 0.72x
[6.566s][info   ][gc,stats       ]         WRP: <total>                 74 us
[6.566s][info   ][gc,stats       ]         WRP: Weak References         74 us, workers (us):   1,  73,   0,
[6.566s][info   ][gc,stats       ]       Unload Classes               5533 us, parallelism: 0.46x
[6.566s][info   ][gc,stats       ]         DCU: <total>               2549 us
[6.566s][info   ][gc,stats       ]         DCU: Unload Code Caches     2549 us, workers (us): 840, 841, 868,
[6.566s][info   ][gc,stats       ]       Weak Roots                    311 us, parallelism: 2.56x
[6.566s][info   ][gc,stats       ]         DWR: <total>                795 us
[6.566s][info   ][gc,stats       ]         DWR: VM Weak Roots          795 us, workers (us): 267, 273, 256,
[6.566s][info   ][gc,stats       ]       CLDG                            1 us
[6.566s][info   ][gc,stats       ]   Update Region States                2 us
[6.566s][info   ][gc,stats       ]   Manage GC/TLABs                     8 us
[6.566s][info   ][gc,stats       ]   Choose Collection Set              11 us
[6.566s][info   ][gc,stats       ]   Rebuild Free Set                    2 us
[6.566s][info   ][gc,stats       ]   Cleanup                             1 us
[6.566s][info   ][gc,stats       ]
[6.566s][info   ][gc,stats       ] Allocation pacing accrued:
[6.566s][info   ][gc,stats       ]       0 of    22 ms (  0.0%): <total>
[6.566s][info   ][gc,stats       ]       0 of    22 ms (  0.0%): <average total>
[6.566s][info   ][gc,stats       ]
[6.568s][info   ][safepoint,stats] ShenandoahInitMark           [             18               1 ][            36200      42600      38200     117000 ]               1
[6.581s][info   ][safepoint,stats] ShenandoahFinalMarkStartEvac [             18               1 ][            15400      58800     142500     216700 ]               1
[6.584s][info   ][safepoint,stats] VM Operation                 [ threads: total initial_running ][ time:       sync    cleanup       vmop      total ] page_trap_count
[6.584s][info   ][safepoint,stats] ShenandoahFinalRoots         [             18               1 ][            22400      48000      58300     128700 ]               1
[6.584s][info   ][gc,stats       ]
[6.584s][info   ][gc,stats       ] All times are wall-clock times, except per-root-class counters, that are sum over
[6.584s][info   ][gc,stats       ] all workers. Dividing the <total> over the root stage time estimates parallelism.
[6.584s][info   ][gc,stats       ]
[6.584s][info   ][gc,stats       ] Concurrent Reset                     48 us
[6.584s][info   ][gc,stats       ] Pause Init Mark (G)                 171 us
[6.584s][info   ][gc,stats       ] Pause Init Mark (N)                  16 us
[6.584s][info   ][gc,stats       ]   Update Region States                0 us
[6.584s][info   ][gc,stats       ] Concurrent Mark Roots               542 us, parallelism: 0.86x
[6.584s][info   ][gc,stats       ]   CMR: <total>                      469 us
[6.584s][info   ][gc,stats       ]   CMR: Thread Roots                 220 us, workers (us): 220, ---, ---,
[6.584s][info   ][gc,stats       ]   CMR: VM Strong Roots               23 us, workers (us):  23, ---, ---,
[6.584s][info   ][gc,stats       ]   CMR: CLDG Roots                   227 us, workers (us): 227, ---, ---,
[6.584s][info   ][gc,stats       ] Concurrent Marking                12081 us
[6.584s][info   ][gc,stats       ] Pause Final Mark (G)                301 us
[6.584s][info   ][gc,stats       ] Pause Final Mark (N)                105 us
[6.584s][info   ][gc,stats       ]   Finish Mark                        79 us
[6.584s][info   ][gc,stats       ]   Update Region States                2 us
[6.584s][info   ][gc,stats       ]   Choose Collection Set               8 us
[6.584s][info   ][gc,stats       ]   Rebuild Free Set                    2 us
[6.584s][info   ][gc,stats       ] Concurrent Weak References          149 us, parallelism: 0.46x
[6.584s][info   ][gc,stats       ]   CWRF: <total>                      69 us
[6.584s][info   ][gc,stats       ]   CWRF: Weak References              69 us, workers (us):  69, ---, ---,
[6.584s][info   ][gc,stats       ] Concurrent Weak Roots               436 us
[6.584s][info   ][gc,stats       ]   Roots                             335 us, parallelism: 0.82x
[6.584s][info   ][gc,stats       ]     CWR: <total>                    276 us
[6.584s][info   ][gc,stats       ]     CWR: Code Cache Roots           130 us, workers (us): 130, ---, ---,
[6.584s][info   ][gc,stats       ]     CWR: VM Weak Roots              138 us, workers (us): 138, ---, ---,
[6.584s][info   ][gc,stats       ]     CWR: CLDG Roots                   9 us, workers (us):   9, ---, ---,
[6.584s][info   ][gc,stats       ]   Rendezvous                         95 us
[6.584s][info   ][gc,stats       ] Concurrent Cleanup                   34 us
[6.584s][info   ][gc,stats       ] Concurrent Class Unloading         2402 us
[6.584s][info   ][gc,stats       ]   Unlink Stale                     2138 us
[6.584s][info   ][gc,stats       ]     System Dictionary                 4 us
[6.584s][info   ][gc,stats       ]     Weak Class Links                  0 us
[6.584s][info   ][gc,stats       ]     Code Roots                     2133 us
[6.584s][info   ][gc,stats       ]   Rendezvous                        159 us
[6.584s][info   ][gc,stats       ]   Purge Unlinked                     96 us
[6.584s][info   ][gc,stats       ]     Code Roots                       90 us
[6.584s][info   ][gc,stats       ]     CLDG                              5 us
[6.584s][info   ][gc,stats       ]     Exception Caches                  0 us
[6.584s][info   ][gc,stats       ] Pause Final Roots (G)               274 us
[6.584s][info   ][gc,stats       ] Pause Final Roots (N)                13 us
[6.584s][info   ][gc,stats       ] Pacing                             7256 us
[6.584s][info   ][gc,stats       ]
[6.585s][info   ][gc,stats       ] Allocation pacing accrued:
[6.585s][info   ][gc,stats       ]       7 of    19 ms ( 39.1%): thread3
[6.585s][info   ][gc,stats       ]       7 of    19 ms ( 39.1%): <total>
[6.585s][info   ][gc,stats       ]       0 of    19 ms (  2.2%): <average total>
[6.585s][info   ][gc,stats       ]       7 of    19 ms ( 39.1%): <average non-zero>
[6.585s][info   ][gc,stats       ]
[6.590s][info   ][safepoint,stats] ShenandoahInitMark           [             18               1 ][            34900      27800      76700     139400 ]               1
[6.604s][info   ][safepoint,stats] ShenandoahFinalMarkStartEvac [             18               1 ][            14900      48100     136600     199600 ]               1
[6.607s][info   ][safepoint,stats] ShenandoahFinalRoots         [             18               1 ][            14900      45000      29600      89500 ]               1
[6.607s][info   ][gc,stats       ]
[6.607s][info   ][gc,stats       ] All times are wall-clock times, except per-root-class counters, that are sum over
[6.607s][info   ][gc,stats       ] all workers. Dividing the <total> over the root stage time estimates parallelism.
[6.607s][info   ][gc,stats       ]
[6.607s][info   ][gc,stats       ] Concurrent Reset                     45 us
[6.607s][info   ][gc,stats       ] Pause Init Mark (G)                 220 us
[6.607s][info   ][gc,stats       ] Pause Init Mark (N)                  14 us
[6.607s][info   ][gc,stats       ]   Update Region States                0 us
[6.607s][info   ][gc,stats       ] Concurrent Mark Roots              1017 us, parallelism: 0.93x
[6.607s][info   ][gc,stats       ]   CMR: <total>                      948 us
[6.607s][info   ][gc,stats       ]   CMR: Thread Roots                 431 us, workers (us): 431, ---, ---,
[6.607s][info   ][gc,stats       ]   CMR: VM Strong Roots               41 us, workers (us):  41, ---, ---,
[6.607s][info   ][gc,stats       ]   CMR: CLDG Roots                   475 us, workers (us): 475, ---, ---,
[6.607s][info   ][gc,stats       ] Concurrent Marking                12146 us
[6.607s][info   ][gc,stats       ] Pause Final Mark (G)                274 us
[6.607s][info   ][gc,stats       ] Pause Final Mark (N)                101 us
[6.607s][info   ][gc,stats       ]   Finish Mark                        75 us
[6.607s][info   ][gc,stats       ]   Update Region States                1 us
[6.607s][info   ][gc,stats       ]   Choose Collection Set               8 us
[6.607s][info   ][gc,stats       ]   Rebuild Free Set                    3 us
[6.607s][info   ][gc,stats       ] Concurrent Weak References           87 us, parallelism: 0.32x
[6.607s][info   ][gc,stats       ]   CWRF: <total>                      28 us
[6.607s][info   ][gc,stats       ]   CWRF: Weak References              28 us, workers (us):  28, ---, ---,
[6.607s][info   ][gc,stats       ] Concurrent Weak Roots               682 us
[6.607s][info   ][gc,stats       ]   Roots                             572 us, parallelism: 0.84x
[6.607s][info   ][gc,stats       ]     CWR: <total>                    482 us
[6.607s][info   ][gc,stats       ]     CWR: Code Cache Roots           173 us, workers (us): 173, ---, ---,
[6.607s][info   ][gc,stats       ]     CWR: VM Weak Roots              297 us, workers (us): 297, ---, ---,
[6.607s][info   ][gc,stats       ]     CWR: CLDG Roots                  12 us, workers (us):  12, ---, ---,
[6.607s][info   ][gc,stats       ]   Rendezvous                        102 us
[6.607s][info   ][gc,stats       ] Concurrent Cleanup                   41 us
[6.607s][info   ][gc,stats       ] Concurrent Class Unloading         2355 us
[6.607s][info   ][gc,stats       ]   Unlink Stale                     2153 us
[6.607s][info   ][gc,stats       ]     System Dictionary                 8 us
[6.607s][info   ][gc,stats       ]     Weak Class Links                  0 us
[6.607s][info   ][gc,stats       ]     Code Roots                     2142 us
[6.607s][info   ][gc,stats       ]   Rendezvous                        107 us
[6.607s][info   ][gc,stats       ]   Purge Unlinked                     88 us
[6.607s][info   ][gc,stats       ]     Code Roots                       79 us
[6.607s][info   ][gc,stats       ]     CLDG                              7 us
[6.607s][info   ][gc,stats       ]     Exception Caches                  0 us
[6.607s][info   ][gc,stats       ] Pause Final Roots (G)               174 us
[6.607s][info   ][gc,stats       ] Pause Final Roots (N)                 5 us
[6.607s][info   ][gc,stats       ] Pacing                            28520 us
[6.607s][info   ][gc,stats       ]
[6.607s][info   ][gc,stats       ] Allocation pacing accrued:
[6.607s][info   ][gc,stats       ]      29 of    23 ms (124.8%): thread3
[6.607s][info   ][gc,stats       ]      29 of    23 ms (124.8%): <total>
[6.607s][info   ][gc,stats       ]       2 of    23 ms (  6.9%): <average total>
[6.607s][info   ][gc,stats       ]      29 of    23 ms (124.8%): <average non-zero>
[6.607s][info   ][gc,stats       ]
[6.609s][info   ][safepoint,stats] ShenandoahInitMark           [             18               1 ][            32100      44900      50800     127800 ]               1
[6.622s][info   ][gc,stats       ]
[6.622s][info   ][gc,stats       ] All times are wall-clock times, except per-root-class counters, that are sum over
[6.622s][info   ][gc,stats       ] all workers. Dividing the <total> over the root stage time estimates parallelism.
[6.622s][info   ][gc,stats       ]
[6.622s][info   ][gc,stats       ] Concurrent Reset                     64 us
[6.622s][info   ][gc,stats       ] Pause Init Mark (G)                 217 us
[6.622s][info   ][gc,stats       ] Pause Init Mark (N)                  24 us
[6.622s][info   ][gc,stats       ]   Update Region States                1 us
[6.622s][info   ][gc,stats       ] Concurrent Mark Roots               693 us, parallelism: 0.89x
[6.622s][info   ][gc,stats       ]   CMR: <total>                      615 us
[6.622s][info   ][gc,stats       ]   CMR: Thread Roots                 354 us, workers (us): 354, ---, ---,
[6.622s][info   ][gc,stats       ]   CMR: VM Strong Roots               27 us, workers (us):  27, ---, ---,
[6.622s][info   ][gc,stats       ]   CMR: CLDG Roots                   234 us, workers (us): 234, ---, ---,
[6.623s][info   ][gc,stats       ] Concurrent Marking                12539 us
[6.623s][info   ][gc,stats       ] Pacing                            14360 us
[6.623s][info   ][gc,stats       ]
[6.623s][info   ][gc,stats       ] Allocation pacing accrued:
[6.623s][info   ][gc,stats       ]      14 of    15 ms ( 94.7%): thread3
[6.623s][info   ][gc,stats       ]      14 of    15 ms ( 94.7%): <total>
[6.623s][info   ][gc,stats       ]       1 of    15 ms (  5.3%): <average total>
[6.623s][info   ][gc,stats       ]      14 of    15 ms ( 94.7%): <average non-zero>
[6.623s][info   ][gc,stats       ]
[6.644s][info   ][safepoint,stats] ShenandoahDegeneratedGC      [             18               1 ][            77700      32100    6374300    6484100 ]               1
[6.644s][info   ][gc,stats       ]
[6.645s][info   ][gc,stats       ] All times are wall-clock times, except per-root-class counters, that are sum over
[6.645s][info   ][gc,stats       ] all workers. Dividing the <total> over the root stage time estimates parallelism.
[6.645s][info   ][gc,stats       ]
[6.645s][info   ][gc,stats       ]   Finish Mark                        63 us
[6.645s][info   ][gc,stats       ] Pause Degenerated GC (G)           6574 us
[6.645s][info   ][gc,stats       ] Pause Degenerated GC (N)           6329 us
[6.645s][info   ][gc,stats       ]     System Purge                   5984 us
[6.645s][info   ][gc,stats       ]       Weak References                62 us, parallelism: 0.68x
[6.645s][info   ][gc,stats       ]         WRP: <total>                 42 us
[6.645s][info   ][gc,stats       ]         WRP: Weak References         42 us, workers (us):  42,   0,   0,
[6.645s][info   ][gc,stats       ]       Unload Classes               5610 us, parallelism: 0.51x
[6.645s][info   ][gc,stats       ]         DCU: <total>               2870 us
[6.645s][info   ][gc,stats       ]         DCU: Unload Code Caches     2870 us, workers (us): 1100, 973, 797,
[6.645s][info   ][gc,stats       ]       Weak Roots                    277 us, parallelism: 2.57x
[6.645s][info   ][gc,stats       ]         DWR: <total>                712 us
[6.645s][info   ][gc,stats       ]         DWR: VM Weak Roots          712 us, workers (us): 234, 242, 236,
[6.645s][info   ][gc,stats       ]       CLDG                            1 us
[6.645s][info   ][gc,stats       ]   Update Region States                2 us
[6.645s][info   ][gc,stats       ]   Manage GC/TLABs                     8 us
[6.645s][info   ][gc,stats       ]   Choose Collection Set              10 us
[6.645s][info   ][gc,stats       ]   Rebuild Free Set                    2 us
[6.645s][info   ][gc,stats       ]   Cleanup                             1 us
[6.645s][info   ][gc,stats       ]
[6.645s][info   ][gc,stats       ] Allocation pacing accrued:
[6.645s][info   ][gc,stats       ]       0 of    22 ms (  0.0%): <total>
[6.645s][info   ][gc,stats       ]       0 of    22 ms (  0.0%): <average total>
[6.645s][info   ][gc,stats       ]
[6.646s][info   ][safepoint,stats] ShenandoahInitMark           [             18               1 ][            36600      21800      38100      96500 ]               1
[6.660s][info   ][safepoint,stats] ShenandoahFinalMarkStartEvac [             18               1 ][            30600      57700     158800     247100 ]               1
[6.662s][info   ][safepoint,stats] ShenandoahFinalRoots         [             18               1 ][            17200      24500      29400      71100 ]               1
[6.662s][info   ][gc,stats       ]
[6.663s][info   ][gc,stats       ] All times are wall-clock times, except per-root-class counters, that are sum over
[6.663s][info   ][gc,stats       ] all workers. Dividing the <total> over the root stage time estimates parallelism.
[6.663s][info   ][gc,stats       ]
[6.663s][info   ][gc,stats       ] Concurrent Reset                     45 us
[6.663s][info   ][gc,stats       ] Pause Init Mark (G)                 133 us
[6.663s][info   ][gc,stats       ] Pause Init Mark (N)                  15 us
[6.663s][info   ][gc,stats       ]   Update Region States                0 us
[6.663s][info   ][gc,stats       ] Concurrent Mark Roots               510 us, parallelism: 0.90x
[6.663s][info   ][gc,stats       ]   CMR: <total>                      460 us
[6.663s][info   ][gc,stats       ]   CMR: Thread Roots                 212 us, workers (us): 212, ---, ---,
[6.663s][info   ][gc,stats       ]   CMR: VM Strong Roots               23 us, workers (us):  23, ---, ---,
[6.663s][info   ][gc,stats       ]   CMR: CLDG Roots                   225 us, workers (us): 225, ---, ---,
[6.663s][info   ][gc,stats       ] Concurrent Marking                12751 us
[6.663s][info   ][gc,stats       ] Pause Final Mark (G)                330 us
[6.663s][info   ][gc,stats       ] Pause Final Mark (N)                117 us
[6.663s][info   ][gc,stats       ]   Finish Mark                        78 us
[6.663s][info   ][gc,stats       ]   Update Region States                2 us
[6.663s][info   ][gc,stats       ]   Choose Collection Set              11 us
[6.663s][info   ][gc,stats       ]   Rebuild Free Set                    3 us
[6.663s][info   ][gc,stats       ] Concurrent Weak References           98 us, parallelism: 0.47x
[6.663s][info   ][gc,stats       ]   CWRF: <total>                      46 us
[6.663s][info   ][gc,stats       ]   CWRF: Weak References              46 us, workers (us):  46, ---, ---,
[6.663s][info   ][gc,stats       ] Concurrent Weak Roots               429 us
[6.663s][info   ][gc,stats       ]   Roots                             343 us, parallelism: 0.82x
[6.663s][info   ][gc,stats       ]     CWR: <total>                    282 us
[6.663s][info   ][gc,stats       ]     CWR: Code Cache Roots           134 us, workers (us): 134, ---, ---,
[6.663s][info   ][gc,stats       ]     CWR: VM Weak Roots              140 us, workers (us): 140, ---, ---,
[6.663s][info   ][gc,stats       ]     CWR: CLDG Roots                   8 us, workers (us):   8, ---, ---,
[6.663s][info   ][gc,stats       ]   Rendezvous                         79 us
[6.663s][info   ][gc,stats       ] Concurrent Cleanup                   41 us
[6.663s][info   ][gc,stats       ] Concurrent Class Unloading         2149 us
[6.663s][info   ][gc,stats       ]   Unlink Stale                     2055 us
[6.663s][info   ][gc,stats       ]     System Dictionary                 7 us
[6.663s][info   ][gc,stats       ]     Weak Class Links                  0 us
[6.663s][info   ][gc,stats       ]     Code Roots                     2046 us
[6.663s][info   ][gc,stats       ]   Rendezvous                         47 us
[6.663s][info   ][gc,stats       ]   Purge Unlinked                     44 us
[6.663s][info   ][gc,stats       ]     Code Roots                       38 us
[6.663s][info   ][gc,stats       ]     CLDG                              4 us
[6.663s][info   ][gc,stats       ]     Exception Caches                  0 us
[6.663s][info   ][gc,stats       ] Pause Final Roots (G)               137 us
[6.663s][info   ][gc,stats       ] Pause Final Roots (N)                 6 us
[6.663s][info   ][gc,stats       ]
[6.663s][info   ][gc,stats       ] Allocation pacing accrued:
[6.663s][info   ][gc,stats       ]       0 of    18 ms (  0.0%): <total>
[6.663s][info   ][gc,stats       ]       0 of    18 ms (  0.0%): <average total>
[6.663s][info   ][gc,stats       ]
[6.670s][info   ][safepoint,stats] ShenandoahInitMark           [             18               1 ][            83100      20200      57900     161200 ]               1
[6.683s][info   ][safepoint,stats] ShenandoahFinalMarkStartEvac [             18               1 ][            19200      47300     130300     196800 ]               1
[6.687s][info   ][safepoint,stats] ShenandoahFinalRoots         [             18               2 ][            43000      41400     213700     298100 ]               1
[6.687s][info   ][gc,stats       ]
[6.687s][info   ][gc,stats       ] All times are wall-clock times, except per-root-class counters, that are sum over
[6.687s][info   ][gc,stats       ] all workers. Dividing the <total> over the root stage time estimates parallelism.
[6.687s][info   ][gc,stats       ]
[6.687s][info   ][gc,stats       ] Concurrent Reset                     54 us
[6.687s][info   ][gc,stats       ] Pause Init Mark (G)                 238 us
[6.687s][info   ][gc,stats       ] Pause Init Mark (N)                  15 us
[6.687s][info   ][gc,stats       ]   Update Region States                0 us
[6.687s][info   ][gc,stats       ] Concurrent Mark Roots               546 us, parallelism: 0.90x
[6.687s][info   ][gc,stats       ]   CMR: <total>                      490 us
[6.687s][info   ][gc,stats       ]   CMR: Thread Roots                 211 us, workers (us): 211, ---, ---,
[6.687s][info   ][gc,stats       ]   CMR: VM Strong Roots               27 us, workers (us):  27, ---, ---,
[6.687s][info   ][gc,stats       ]   CMR: CLDG Roots                   251 us, workers (us): 251, ---, ---,
[6.687s][info   ][gc,stats       ] Concurrent Marking                12042 us
[6.687s][info   ][gc,stats       ] Pause Final Mark (G)                288 us
[6.687s][info   ][gc,stats       ] Pause Final Mark (N)                 96 us
[6.687s][info   ][gc,stats       ]   Finish Mark                        64 us
[6.687s][info   ][gc,stats       ]   Update Region States                3 us
[6.687s][info   ][gc,stats       ]   Choose Collection Set               4 us
[6.687s][info   ][gc,stats       ]   Rebuild Free Set                    3 us
[6.687s][info   ][gc,stats       ] Concurrent Weak References          160 us, parallelism: 0.45x
[6.687s][info   ][gc,stats       ]   CWRF: <total>                      71 us
[6.687s][info   ][gc,stats       ]   CWRF: Weak References              71 us, workers (us):  71, ---, ---,
[6.687s][info   ][gc,stats       ] Concurrent Weak Roots               689 us
[6.687s][info   ][gc,stats       ]   Roots                             572 us, parallelism: 0.84x
[6.687s][info   ][gc,stats       ]     CWR: <total>                    481 us
[6.687s][info   ][gc,stats       ]     CWR: Code Cache Roots           186 us, workers (us): 186, ---, ---,
[6.687s][info   ][gc,stats       ]     CWR: VM Weak Roots              282 us, workers (us): 282, ---, ---,
[6.687s][info   ][gc,stats       ]     CWR: CLDG Roots                  13 us, workers (us):  13, ---, ---,
[6.687s][info   ][gc,stats       ]   Rendezvous                        110 us
[6.687s][info   ][gc,stats       ] Concurrent Cleanup                    4 us
[6.687s][info   ][gc,stats       ] Concurrent Class Unloading         2436 us
[6.687s][info   ][gc,stats       ]   Unlink Stale                     2281 us
[6.687s][info   ][gc,stats       ]     System Dictionary                13 us
[6.687s][info   ][gc,stats       ]     Weak Class Links                  0 us
[6.687s][info   ][gc,stats       ]     Code Roots                     2266 us
[6.687s][info   ][gc,stats       ]   Rendezvous                         89 us
[6.687s][info   ][gc,stats       ]   Purge Unlinked                     56 us
[6.687s][info   ][gc,stats       ]     Code Roots                       53 us
[6.687s][info   ][gc,stats       ]     CLDG                              3 us
[6.687s][info   ][gc,stats       ]     Exception Caches                  0 us
[6.687s][info   ][gc,stats       ] Pause Final Roots (G)               372 us
[6.687s][info   ][gc,stats       ] Pause Final Roots (N)                 5 us
[6.687s][info   ][gc,stats       ] Pacing                            37702 us
[6.687s][info   ][gc,stats       ]
[6.687s][info   ][gc,stats       ] Allocation pacing accrued:
[6.687s][info   ][gc,stats       ]      38 of    24 ms (155.7%): thread3
[6.687s][info   ][gc,stats       ]      38 of    24 ms (155.7%): <total>
[6.687s][info   ][gc,stats       ]       2 of    24 ms (  8.6%): <average total>
[6.687s][info   ][gc,stats       ]      38 of    24 ms (155.7%): <average non-zero>
[6.687s][info   ][gc,stats       ]
[6.689s][info   ][safepoint,stats] ShenandoahInitMark           [             18               1 ][            43200      55700      48000     146900 ]               1
[6.702s][info   ][safepoint,stats] ShenandoahFinalMarkStartEvac [             18               1 ][            14600      23100     104500     142200 ]               1
[6.706s][info   ][safepoint,stats] ShenandoahFinalRoots         [             18               1 ][            25700      23000      20200      68900 ]               1
[6.706s][info   ][gc,stats       ]
[6.706s][info   ][gc,stats       ] All times are wall-clock times, except per-root-class counters, that are sum over
[6.706s][info   ][gc,stats       ] all workers. Dividing the <total> over the root stage time estimates parallelism.
[6.706s][info   ][gc,stats       ]
[6.706s][info   ][gc,stats       ] Concurrent Reset                     53 us
[6.706s][info   ][gc,stats       ] Pause Init Mark (G)                 227 us
[6.706s][info   ][gc,stats       ] Pause Init Mark (N)                  20 us
[6.706s][info   ][gc,stats       ]   Update Region States                1 us
[6.706s][info   ][gc,stats       ] Concurrent Mark Roots               518 us, parallelism: 0.89x
[6.706s][info   ][gc,stats       ]   CMR: <total>                      463 us
[6.706s][info   ][gc,stats       ]   CMR: Thread Roots                 215 us, workers (us): 215, ---, ---,
[6.706s][info   ][gc,stats       ]   CMR: VM Strong Roots               25 us, workers (us):  25, ---, ---,
[6.706s][info   ][gc,stats       ]   CMR: CLDG Roots                   223 us, workers (us): 223, ---, ---,
[6.706s][info   ][gc,stats       ] Concurrent Marking                11985 us
[6.706s][info   ][gc,stats       ] Pause Final Mark (G)                192 us
[6.706s][info   ][gc,stats       ] Pause Final Mark (N)                 81 us
[6.706s][info   ][gc,stats       ]   Finish Mark                        59 us
[6.706s][info   ][gc,stats       ]   Update Region States                1 us
[6.706s][info   ][gc,stats       ]   Choose Collection Set               8 us
[6.706s][info   ][gc,stats       ]   Rebuild Free Set                    2 us
[6.706s][info   ][gc,stats       ] Concurrent Weak References           58 us, parallelism: 0.60x
[6.706s][info   ][gc,stats       ]   CWRF: <total>                      35 us
[6.706s][info   ][gc,stats       ]   CWRF: Weak References              35 us, workers (us):  35, ---, ---,
[6.706s][info   ][gc,stats       ] Concurrent Weak Roots               943 us
[6.706s][info   ][gc,stats       ]   Roots                             805 us, parallelism: 0.85x
[6.706s][info   ][gc,stats       ]     CWR: <total>                    680 us
[6.706s][info   ][gc,stats       ]     CWR: Code Cache Roots           292 us, workers (us): 292, ---, ---,
[6.706s][info   ][gc,stats       ]     CWR: VM Weak Roots              364 us, workers (us): 364, ---, ---,
[6.706s][info   ][gc,stats       ]     CWR: CLDG Roots                  24 us, workers (us):  24, ---, ---,
[6.706s][info   ][gc,stats       ]   Rendezvous                        127 us
[6.706s][info   ][gc,stats       ] Concurrent Cleanup                  160 us
[6.706s][info   ][gc,stats       ] Concurrent Class Unloading         3092 us
[6.706s][info   ][gc,stats       ]   Unlink Stale                     2949 us
[6.707s][info   ][gc,stats       ]     System Dictionary                10 us
[6.707s][info   ][gc,stats       ]     Weak Class Links                  0 us
[6.707s][info   ][gc,stats       ]     Code Roots                     2936 us
[6.707s][info   ][gc,stats       ]   Rendezvous                         83 us
[6.707s][info   ][gc,stats       ]   Purge Unlinked                     49 us
[6.707s][info   ][gc,stats       ]     Code Roots                       40 us
[6.707s][info   ][gc,stats       ]     CLDG                              7 us
[6.707s][info   ][gc,stats       ]     Exception Caches                  0 us
[6.707s][info   ][gc,stats       ] Pause Final Roots (G)               145 us
[6.707s][info   ][gc,stats       ] Pause Final Roots (N)                 5 us
[6.707s][info   ][gc,stats       ] Pacing                            14200 us
[6.707s][info   ][gc,stats       ]
[6.707s][info   ][gc,stats       ] Allocation pacing accrued:
[6.707s][info   ][gc,stats       ]      14 of    20 ms ( 72.2%): thread3
[6.707s][info   ][gc,stats       ]      14 of    20 ms ( 72.2%): <total>
[6.707s][info   ][gc,stats       ]       1 of    20 ms (  4.0%): <average total>
[6.707s][info   ][gc,stats       ]      14 of    20 ms ( 72.2%): <average non-zero>
[6.707s][info   ][gc,stats       ]
[6.746s][info   ][safepoint,stats] ShenandoahDegeneratedGC      [             18               1 ][            93900      28300   27533400   27655600 ]               1
[6.746s][info   ][gc,stats       ]
[6.746s][info   ][gc,stats       ] All times are wall-clock times, except per-root-class counters, that are sum over
[6.746s][info   ][gc,stats       ] all workers. Dividing the <total> over the root stage time estimates parallelism.
[6.746s][info   ][gc,stats       ]
[6.746s][info   ][gc,stats       ] Pause Degenerated GC (G)          27747 us
[6.746s][info   ][gc,stats       ] Pause Degenerated GC (N)          27506 us
[6.746s][info   ][gc,stats       ]   Degen STW Mark                   4652 us, parallelism: 2.96x
[6.746s][info   ][gc,stats       ]     DSM: <total>                  13776 us
[6.746s][info   ][gc,stats       ]     DSM: Thread Roots               128 us, workers (us):  41,  41,  45,
[6.746s][info   ][gc,stats       ]     DSM: VM Strong Roots             23 us, workers (us):   0,  20,   4,
[6.746s][info   ][gc,stats       ]     DSM: CLDG Roots                 242 us, workers (us): 236,   1,   5,
[6.746s][info   ][gc,stats       ]     DSM: Parallel Mark            13382 us, workers (us): 4317, 4532, 4533,
[6.746s][info   ][gc,stats       ]     System Purge                   6128 us
[6.746s][info   ][gc,stats       ]       Weak References                69 us, parallelism: 0.78x
[6.746s][info   ][gc,stats       ]         WRP: <total>                 54 us
[6.746s][info   ][gc,stats       ]         WRP: Weak References         54 us, workers (us):  41,   8,   4,
[6.746s][info   ][gc,stats       ]       Unload Classes               5803 us, parallelism: 0.39x
[6.746s][info   ][gc,stats       ]         DCU: <total>               2272 us
[6.746s][info   ][gc,stats       ]         DCU: Unload Code Caches     2272 us, workers (us): 817, 736, 719,
[6.746s][info   ][gc,stats       ]       Weak Roots                    218 us, parallelism: 2.33x
[6.746s][info   ][gc,stats       ]         DWR: <total>                509 us
[6.746s][info   ][gc,stats       ]         DWR: VM Weak Roots          509 us, workers (us): 182, 163, 164,
[6.746s][info   ][gc,stats       ]       CLDG                            0 us
[6.746s][info   ][gc,stats       ]   Update Region States                1 us
[6.746s][info   ][gc,stats       ]   Manage GC/TLABs                     7 us
[6.746s][info   ][gc,stats       ]   Choose Collection Set               3 us
[6.746s][info   ][gc,stats       ]   Rebuild Free Set                    2 us
[6.746s][info   ][gc,stats       ]   Cleanup                             1 us
[6.746s][info   ][gc,stats       ]   Pre Heap Dump                       1 us
[6.746s][info   ][gc,stats       ]   Prepare                            66 us
[6.746s][info   ][gc,stats       ]   Mark                             9556 us, parallelism: 1.24x
[6.746s][info   ][gc,stats       ]     FM: <total>                   11860 us
[6.746s][info   ][gc,stats       ]     FM: Thread Roots                140 us, workers (us):  54,  46,  40,
[6.746s][info   ][gc,stats       ]     FM: VM Strong Roots              34 us, workers (us):   1,  22,  12,
[6.746s][info   ][gc,stats       ]     FM: CLDG Roots                  364 us, workers (us): 357,   2,   5,
[6.746s][info   ][gc,stats       ]     FM: Parallel Mark             11322 us, workers (us): 3556, 3882, 3884,
[6.746s][info   ][gc,stats       ]     System Purge                   5524 us
[6.746s][info   ][gc,stats       ]       Weak References                68 us, parallelism: 0.74x
[6.746s][info   ][gc,stats       ]         WRP: <total>                 50 us
[6.746s][info   ][gc,stats       ]         WRP: Weak References         50 us, workers (us):  36,  10,   4,
[6.746s][info   ][gc,stats       ]       Unload Classes               5208 us, parallelism: 0.44x
[6.746s][info   ][gc,stats       ]         CU: <total>                2297 us
[6.746s][info   ][gc,stats       ]         CU: Unload Code Caches     2297 us, workers (us): 756, 747, 793,
[6.746s][info   ][gc,stats       ]       Weak Roots                    214 us, parallelism: 2.34x
[6.746s][info   ][gc,stats       ]         WR: <total>                 501 us
[6.746s][info   ][gc,stats       ]         WR: VM Weak Roots           501 us, workers (us): 179, 164, 159,
[6.746s][info   ][gc,stats       ]       CLDG                            1 us
[6.746s][info   ][gc,stats       ]   Calculate Addresses              2550 us
[6.746s][info   ][gc,stats       ]     Regular Objects                2547 us
[6.746s][info   ][gc,stats       ]     Humongous Objects                 0 us
[6.746s][info   ][gc,stats       ]   Adjust Pointers                  2663 us
[6.746s][info   ][gc,stats       ]     FA: <total>                    1132 us
[6.746s][info   ][gc,stats       ]     FA: Thread Roots                 51 us, workers (us):  49,   2,   1,
[6.746s][info   ][gc,stats       ]     FA: Code Cache Roots            824 us, workers (us):  99, 366, 359,
[6.746s][info   ][gc,stats       ]     FA: VM Strong Roots               6 us, workers (us):   5,   1,   0,
[6.746s][info   ][gc,stats       ]     FA: VM Weak Roots               201 us, workers (us):  69,  69,  63,
[6.746s][info   ][gc,stats       ]     FA: CLDG Roots                   49 us, workers (us):  37,   5,   7,
[6.746s][info   ][gc,stats       ]   Copy Objects                     1618 us
[6.746s][info   ][gc,stats       ]     Regular Objects                1572 us
[6.746s][info   ][gc,stats       ]     Humongous Objects                 1 us
[6.746s][info   ][gc,stats       ]     Reset Complete Bitmap            36 us
[6.746s][info   ][gc,stats       ]     Rebuild Region Sets               7 us
[6.746s][info   ][gc,stats       ]   Post Heap Dump                      1 us
[6.746s][info   ][gc,stats       ]
[6.746s][info   ][gc,stats       ] Allocation pacing accrued:
[6.746s][info   ][gc,stats       ]       0 of    39 ms (  0.0%): <total>
[6.746s][info   ][gc,stats       ]       0 of    39 ms (  0.0%): <average total>
[6.746s][info   ][gc,stats       ]
[6.748s][info   ][safepoint,stats] ShenandoahInitMark           [             18               1 ][            46300      20100      25800      92200 ]               1
[6.761s][info   ][safepoint,stats] ShenandoahFinalMarkStartEvac [             18               1 ][            25000      31300     136300     192600 ]               1
[6.765s][info   ][safepoint,stats] ShenandoahFinalRoots         [             18               1 ][            18200      27700      29400      75300 ]               1
[6.765s][info   ][gc,stats       ]
[6.765s][info   ][gc,stats       ] All times are wall-clock times, except per-root-class counters, that are sum over
[6.765s][info   ][gc,stats       ] all workers. Dividing the <total> over the root stage time estimates parallelism.
[6.765s][info   ][gc,stats       ]
[6.765s][info   ][gc,stats       ] Concurrent Reset                     50 us
[6.765s][info   ][gc,stats       ] Pause Init Mark (G)                 150 us
[6.765s][info   ][gc,stats       ] Pause Init Mark (N)                  14 us
[6.765s][info   ][gc,stats       ]   Update Region States                0 us
[6.765s][info   ][gc,stats       ] Concurrent Mark Roots               508 us, parallelism: 0.86x
[6.765s][info   ][gc,stats       ]   CMR: <total>                      438 us
[6.765s][info   ][gc,stats       ]   CMR: Thread Roots                 209 us, workers (us): 209, ---, ---,
[6.765s][info   ][gc,stats       ]   CMR: VM Strong Roots               18 us, workers (us):  18, ---, ---,
[6.765s][info   ][gc,stats       ]   CMR: CLDG Roots                   212 us, workers (us): 212, ---, ---,
[6.765s][info   ][gc,stats       ] Concurrent Marking                12410 us
[6.765s][info   ][gc,stats       ] Pause Final Mark (G)                262 us
[6.765s][info   ][gc,stats       ] Pause Final Mark (N)                107 us
[6.765s][info   ][gc,stats       ]   Finish Mark                        76 us
[6.765s][info   ][gc,stats       ]   Update Region States                2 us
[6.765s][info   ][gc,stats       ]   Choose Collection Set              10 us
[6.765s][info   ][gc,stats       ]   Rebuild Free Set                    3 us
[6.765s][info   ][gc,stats       ] Concurrent Weak References          118 us, parallelism: 0.58x
[6.765s][info   ][gc,stats       ]   CWRF: <total>                      68 us
[6.765s][info   ][gc,stats       ]   CWRF: Weak References              68 us, workers (us):  68, ---, ---,
[6.765s][info   ][gc,stats       ] Concurrent Weak Roots               566 us
[6.765s][info   ][gc,stats       ]   Roots                             509 us, parallelism: 0.92x
[6.765s][info   ][gc,stats       ]     CWR: <total>                    470 us
[6.765s][info   ][gc,stats       ]     CWR: Code Cache Roots           180 us, workers (us): 180, ---, ---,
[6.765s][info   ][gc,stats       ]     CWR: VM Weak Roots              281 us, workers (us): 281, ---, ---,
[6.765s][info   ][gc,stats       ]     CWR: CLDG Roots                  10 us, workers (us):  10, ---, ---,
[6.765s][info   ][gc,stats       ]   Rendezvous                         54 us
[6.765s][info   ][gc,stats       ] Concurrent Cleanup                   37 us
[6.765s][info   ][gc,stats       ] Concurrent Class Unloading         2878 us
[6.765s][info   ][gc,stats       ]   Unlink Stale                     2688 us
[6.765s][info   ][gc,stats       ]     System Dictionary                 4 us
[6.765s][info   ][gc,stats       ]     Weak Class Links                  0 us
[6.765s][info   ][gc,stats       ]     Code Roots                     2682 us
[6.765s][info   ][gc,stats       ]   Rendezvous                         81 us
[6.765s][info   ][gc,stats       ]   Purge Unlinked                    100 us
[6.765s][info   ][gc,stats       ]     Code Roots                       95 us
[6.765s][info   ][gc,stats       ]     CLDG                              5 us
[6.765s][info   ][gc,stats       ]     Exception Caches                  0 us
[6.765s][info   ][gc,stats       ] Pause Final Roots (G)               158 us
[6.765s][info   ][gc,stats       ] Pause Final Roots (N)                 7 us
[6.765s][info   ][gc,stats       ] Pacing                             3125 us
[6.765s][info   ][gc,stats       ]
[6.765s][info   ][gc,stats       ] Allocation pacing accrued:
[6.765s][info   ][gc,stats       ]       3 of    19 ms ( 16.2%): thread3
[6.765s][info   ][gc,stats       ]       3 of    19 ms ( 16.2%): <total>
[6.765s][info   ][gc,stats       ]       0 of    19 ms (  0.9%): <average total>
[6.765s][info   ][gc,stats       ]       3 of    19 ms ( 16.2%): <average non-zero>
[6.765s][info   ][gc,stats       ]
[6.782s][info   ][safepoint,stats] ShenandoahInitMark           [             18               1 ][            70300      53900      74600     198800 ]               1
[6.784s][info   ][gc,stats       ]
[6.784s][info   ][gc,stats       ] All times are wall-clock times, except per-root-class counters, that are sum over
[6.784s][info   ][gc,stats       ] all workers. Dividing the <total> over the root stage time estimates parallelism.
[6.784s][info   ][gc,stats       ]
[6.784s][info   ][gc,stats       ] Concurrent Reset                     82 us
[6.784s][info   ][gc,stats       ] Pause Init Mark (G)                 354 us
[6.784s][info   ][gc,stats       ] Pause Init Mark (N)                  34 us
[6.784s][info   ][gc,stats       ]   Update Region States                1 us
[6.784s][info   ][gc,stats       ] Concurrent Mark Roots              1205 us, parallelism: 0.93x
[6.784s][info   ][gc,stats       ]   CMR: <total>                     1122 us
[6.784s][info   ][gc,stats       ]   CMR: Thread Roots                 587 us, workers (us): 587, ---, ---,
[6.784s][info   ][gc,stats       ]   CMR: VM Strong Roots               45 us, workers (us):  45, ---, ---,
[6.784s][info   ][gc,stats       ]   CMR: CLDG Roots                   490 us, workers (us): 490, ---, ---,
[6.784s][info   ][gc,stats       ] Pacing                            28506 us
[6.784s][info   ][gc,stats       ]
[6.784s][info   ][gc,stats       ] Allocation pacing accrued:
[6.784s][info   ][gc,stats       ]      29 of    18 ms (154.5%): thread3
[6.784s][info   ][gc,stats       ]      29 of    18 ms (154.5%): <total>
[6.784s][info   ][gc,stats       ]       2 of    18 ms (  8.6%): <average total>
[6.784s][info   ][gc,stats       ]      29 of    18 ms (154.5%): <average non-zero>
[6.784s][info   ][gc,stats       ]
[6.809s][info   ][safepoint,stats] ShenandoahDegeneratedGC      [             18               1 ][            31700      37700   11104200   11173600 ]               1
[6.809s][info   ][gc,stats       ]
[6.809s][info   ][gc,stats       ] All times are wall-clock times, except per-root-class counters, that are sum over
[6.809s][info   ][gc,stats       ] all workers. Dividing the <total> over the root stage time estimates parallelism.
[6.809s][info   ][gc,stats       ]
[6.809s][info   ][gc,stats       ] Pause Degenerated GC (G)          11277 us
[6.809s][info   ][gc,stats       ] Pause Degenerated GC (N)          11061 us
[6.809s][info   ][gc,stats       ]   Degen STW Mark                   5124 us, parallelism: 2.93x
[6.809s][info   ][gc,stats       ]     DSM: <total>                  15017 us
[6.809s][info   ][gc,stats       ]     DSM: Thread Roots               140 us, workers (us):  43,  33,  64,
[6.809s][info   ][gc,stats       ]     DSM: VM Strong Roots             39 us, workers (us):  35,   0,   4,
[6.809s][info   ][gc,stats       ]     DSM: CLDG Roots                 249 us, workers (us):   6, 240,   3,
[6.809s][info   ][gc,stats       ]     DSM: Parallel Mark            14589 us, workers (us): 4930, 4730, 4929,
[6.809s][info   ][gc,stats       ]     System Purge                   5551 us
[6.809s][info   ][gc,stats       ]       Weak References                74 us, parallelism: 0.65x
[6.809s][info   ][gc,stats       ]         WRP: <total>                 48 us
[6.809s][info   ][gc,stats       ]         WRP: Weak References         48 us, workers (us):   7,  10,  31,
[6.809s][info   ][gc,stats       ]       Unload Classes               5213 us, parallelism: 0.44x
[6.809s][info   ][gc,stats       ]         DCU: <total>               2296 us
[6.809s][info   ][gc,stats       ]         DCU: Unload Code Caches     2296 us, workers (us): 739, 801, 756,
[6.809s][info   ][gc,stats       ]       Weak Roots                    229 us, parallelism: 2.26x
[6.809s][info   ][gc,stats       ]         DWR: <total>                518 us
[6.809s][info   ][gc,stats       ]         DWR: VM Weak Roots          518 us, workers (us): 173, 178, 167,
[6.809s][info   ][gc,stats       ]       CLDG                            1 us
[6.809s][info   ][gc,stats       ]   Update Region States                1 us
[6.809s][info   ][gc,stats       ]   Manage GC/TLABs                     7 us
[6.810s][info   ][gc,stats       ]   Choose Collection Set               9 us
[6.810s][info   ][gc,stats       ]   Rebuild Free Set                    2 us
[6.810s][info   ][gc,stats       ]   Cleanup                             1 us
[6.810s][info   ][gc,stats       ]
[6.810s][info   ][gc,stats       ] Allocation pacing accrued:
[6.810s][info   ][gc,stats       ]       0 of    26 ms (  0.0%): <total>
[6.810s][info   ][gc,stats       ]       0 of    26 ms (  0.0%): <average total>
[6.810s][info   ][gc,stats       ]
[6.811s][info   ][safepoint,stats] ShenandoahInitMark           [             18               1 ][            46200      44500      52700     143400 ]               1
[6.825s][info   ][safepoint,stats] ShenandoahFinalMarkStartEvac [             18               1 ][            15500      58100     132700     206300 ]               1
[6.828s][info   ][safepoint,stats] ShenandoahFinalRoots         [             18               1 ][            11200      36400      30000      77600 ]               1
[6.828s][info   ][gc,stats       ]
[6.828s][info   ][gc,stats       ] All times are wall-clock times, except per-root-class counters, that are sum over
[6.828s][info   ][gc,stats       ] all workers. Dividing the <total> over the root stage time estimates parallelism.
[6.828s][info   ][gc,stats       ]
[6.828s][info   ][gc,stats       ] Concurrent Reset                     45 us
[6.828s][info   ][gc,stats       ] Pause Init Mark (G)                 201 us
[6.828s][info   ][gc,stats       ] Pause Init Mark (N)                  19 us
[6.828s][info   ][gc,stats       ]   Update Region States                0 us
[6.828s][info   ][gc,stats       ] Concurrent Mark Roots               537 us, parallelism: 0.86x
[6.828s][info   ][gc,stats       ]   CMR: <total>                      463 us
[6.828s][info   ][gc,stats       ]   CMR: Thread Roots                 218 us, workers (us): 218, ---, ---,
[6.828s][info   ][gc,stats       ]   CMR: VM Strong Roots               22 us, workers (us):  22, ---, ---,
[6.828s][info   ][gc,stats       ]   CMR: CLDG Roots                   223 us, workers (us): 223, ---, ---,
[6.828s][info   ][gc,stats       ] Concurrent Marking                12825 us
[6.828s][info   ][gc,stats       ] Pause Final Mark (G)                278 us
[6.828s][info   ][gc,stats       ] Pause Final Mark (N)                 96 us
[6.828s][info   ][gc,stats       ]   Finish Mark                        72 us
[6.828s][info   ][gc,stats       ]   Update Region States                1 us
[6.828s][info   ][gc,stats       ]   Choose Collection Set               6 us
[6.828s][info   ][gc,stats       ]   Rebuild Free Set                    2 us
[6.828s][info   ][gc,stats       ] Concurrent Weak References           79 us, parallelism: 0.38x
[6.828s][info   ][gc,stats       ]   CWRF: <total>                      30 us
[6.828s][info   ][gc,stats       ]   CWRF: Weak References              30 us, workers (us):  30, ---, ---,
[6.828s][info   ][gc,stats       ] Concurrent Weak Roots               434 us
[6.828s][info   ][gc,stats       ]   Roots                             336 us, parallelism: 0.82x
[6.828s][info   ][gc,stats       ]     CWR: <total>                    276 us
[6.828s][info   ][gc,stats       ]     CWR: Code Cache Roots           129 us, workers (us): 129, ---, ---,
[6.828s][info   ][gc,stats       ]     CWR: VM Weak Roots              138 us, workers (us): 138, ---, ---,
[6.828s][info   ][gc,stats       ]     CWR: CLDG Roots                   9 us, workers (us):   9, ---, ---,
[6.828s][info   ][gc,stats       ]   Rendezvous                         94 us
[6.828s][info   ][gc,stats       ] Concurrent Cleanup                   35 us
[6.828s][info   ][gc,stats       ] Concurrent Class Unloading         2241 us
[6.828s][info   ][gc,stats       ]   Unlink Stale                     2080 us
[6.828s][info   ][gc,stats       ]     System Dictionary                 4 us
[6.828s][info   ][gc,stats       ]     Weak Class Links                  0 us
[6.828s][info   ][gc,stats       ]     Code Roots                     2074 us
[6.828s][info   ][gc,stats       ]   Rendezvous                         75 us
[6.828s][info   ][gc,stats       ]   Purge Unlinked                     80 us
[6.828s][info   ][gc,stats       ]     Code Roots                       71 us
[6.828s][info   ][gc,stats       ]     CLDG                              7 us
[6.828s][info   ][gc,stats       ]     Exception Caches                  0 us
[6.828s][info   ][gc,stats       ] Pause Final Roots (G)               172 us
[6.828s][info   ][gc,stats       ] Pause Final Roots (N)                 6 us
[6.828s][info   ][gc,stats       ]
[6.828s][info   ][gc,stats       ] Allocation pacing accrued:
[6.828s][info   ][gc,stats       ]       0 of    19 ms (  0.0%): <total>
[6.828s][info   ][gc,stats       ]       0 of    19 ms (  0.0%): <average total>
[6.828s][info   ][gc,stats       ]
[6.831s][info   ][safepoint,stats] ShenandoahInitMark           [             18               2 ][            61600      58000      87100     206700 ]               1
[6.844s][info   ][safepoint,stats] ShenandoahFinalMarkStartEvac [             18               1 ][            21000      46900     152200     220100 ]               1
[6.848s][info   ][safepoint,stats] ShenandoahFinalRoots         [             18               1 ][            22100      44600      42600     109300 ]               1
[6.848s][info   ][gc,stats       ]
[6.848s][info   ][gc,stats       ] All times are wall-clock times, except per-root-class counters, that are sum over
[6.848s][info   ][gc,stats       ] all workers. Dividing the <total> over the root stage time estimates parallelism.
[6.848s][info   ][gc,stats       ]
[6.848s][info   ][gc,stats       ] Concurrent Reset                     84 us
[6.848s][info   ][gc,stats       ] Pause Init Mark (G)                 290 us
[6.848s][info   ][gc,stats       ] Pause Init Mark (N)                  36 us
[6.848s][info   ][gc,stats       ]   Update Region States                1 us
[6.848s][info   ][gc,stats       ] Concurrent Mark Roots               510 us, parallelism: 0.89x
[6.848s][info   ][gc,stats       ]   CMR: <total>                      453 us
[6.848s][info   ][gc,stats       ]   CMR: Thread Roots                 191 us, workers (us): 191, ---, ---,
[6.848s][info   ][gc,stats       ]   CMR: VM Strong Roots               24 us, workers (us):  24, ---, ---,
[6.848s][info   ][gc,stats       ]   CMR: CLDG Roots                   237 us, workers (us): 237, ---, ---,
[6.848s][info   ][gc,stats       ] Concurrent Marking                12226 us
[6.848s][info   ][gc,stats       ] Pause Final Mark (G)                335 us
[6.848s][info   ][gc,stats       ] Pause Final Mark (N)                120 us
[6.848s][info   ][gc,stats       ]   Finish Mark                        91 us
[6.848s][info   ][gc,stats       ]   Update Region States                2 us
[6.848s][info   ][gc,stats       ]   Choose Collection Set               4 us
[6.848s][info   ][gc,stats       ]   Rebuild Free Set                    4 us
[6.848s][info   ][gc,stats       ] Concurrent Weak References          160 us, parallelism: 0.39x
[6.848s][info   ][gc,stats       ]   CWRF: <total>                      62 us
[6.848s][info   ][gc,stats       ]   CWRF: Weak References              62 us, workers (us):  62, ---, ---,
[6.848s][info   ][gc,stats       ] Concurrent Weak Roots               670 us
[6.848s][info   ][gc,stats       ]   Roots                             556 us, parallelism: 0.84x
[6.848s][info   ][gc,stats       ]     CWR: <total>                    465 us
[6.848s][info   ][gc,stats       ]     CWR: Code Cache Roots           174 us, workers (us): 174, ---, ---,
[6.848s][info   ][gc,stats       ]     CWR: VM Weak Roots              280 us, workers (us): 280, ---, ---,
[6.848s][info   ][gc,stats       ]     CWR: CLDG Roots                  11 us, workers (us):  11, ---, ---,
[6.848s][info   ][gc,stats       ]   Rendezvous                        107 us
[6.848s][info   ][gc,stats       ] Concurrent Cleanup                    4 us
[6.848s][info   ][gc,stats       ] Concurrent Class Unloading         3004 us
[6.848s][info   ][gc,stats       ]   Unlink Stale                     2850 us
[6.848s][info   ][gc,stats       ]     System Dictionary                 7 us
[6.848s][info   ][gc,stats       ]     Weak Class Links                  0 us
[6.848s][info   ][gc,stats       ]     Code Roots                     2841 us
[6.848s][info   ][gc,stats       ]   Rendezvous                         85 us
[6.848s][info   ][gc,stats       ]   Purge Unlinked                     62 us
[6.848s][info   ][gc,stats       ]     Code Roots                       58 us
[6.848s][info   ][gc,stats       ]     CLDG                              4 us
[6.848s][info   ][gc,stats       ]     Exception Caches                  0 us
[6.848s][info   ][gc,stats       ] Pause Final Roots (G)               212 us
[6.848s][info   ][gc,stats       ] Pause Final Roots (N)                 9 us
[6.848s][info   ][gc,stats       ] Pacing                            32547 us
[6.848s][info   ][gc,stats       ]
[6.848s][info   ][gc,stats       ] Allocation pacing accrued:
[6.848s][info   ][gc,stats       ]      33 of    20 ms (163.3%): thread3
[6.848s][info   ][gc,stats       ]      33 of    20 ms (163.3%): <total>
[6.848s][info   ][gc,stats       ]       2 of    20 ms (  9.1%): <average total>
[6.848s][info   ][gc,stats       ]      33 of    20 ms (163.3%): <average non-zero>
[6.848s][info   ][gc,stats       ]
[6.850s][info   ][safepoint,stats] ShenandoahInitMark           [             18               1 ][            40900      29500      46500     116900 ]               1
[6.862s][info   ][gc,stats       ]
[6.862s][info   ][gc,stats       ] All times are wall-clock times, except per-root-class counters, that are sum over
[6.862s][info   ][gc,stats       ] all workers. Dividing the <total> over the root stage time estimates parallelism.
[6.862s][info   ][gc,stats       ]
[6.862s][info   ][gc,stats       ] Concurrent Reset                     81 us
[6.862s][info   ][gc,stats       ] Pause Init Mark (G)                 192 us
[6.862s][info   ][gc,stats       ] Pause Init Mark (N)                  21 us
[6.862s][info   ][gc,stats       ]   Update Region States                0 us
[6.862s][info   ][gc,stats       ] Concurrent Mark Roots               606 us, parallelism: 0.89x
[6.862s][info   ][gc,stats       ]   CMR: <total>                      540 us
[6.862s][info   ][gc,stats       ]   CMR: Thread Roots                 266 us, workers (us): 266, ---, ---,
[6.862s][info   ][gc,stats       ]   CMR: VM Strong Roots               23 us, workers (us):  23, ---, ---,
[6.862s][info   ][gc,stats       ]   CMR: CLDG Roots                   251 us, workers (us): 251, ---, ---,
[6.863s][info   ][gc,stats       ] Concurrent Marking                11589 us
[6.863s][info   ][gc,stats       ] Pacing                            12413 us
[6.863s][info   ][gc,stats       ]
[6.863s][info   ][gc,stats       ] Allocation pacing accrued:
[6.863s][info   ][gc,stats       ]      12 of    15 ms ( 85.5%): thread3
[6.863s][info   ][gc,stats       ]      12 of    15 ms ( 85.5%): <total>
[6.863s][info   ][gc,stats       ]       1 of    15 ms (  4.8%): <average total>
[6.863s][info   ][gc,stats       ]      12 of    15 ms ( 85.5%): <average non-zero>
[6.863s][info   ][gc,stats       ]
[6.885s][info   ][safepoint,stats] ShenandoahDegeneratedGC      [             18               1 ][           103000      40100    6927100    7070200 ]               1
[6.885s][info   ][gc,stats       ]
[6.885s][info   ][gc,stats       ] All times are wall-clock times, except per-root-class counters, that are sum over
[6.885s][info   ][gc,stats       ] all workers. Dividing the <total> over the root stage time estimates parallelism.
[6.885s][info   ][gc,stats       ]
[6.885s][info   ][gc,stats       ]   Finish Mark                       254 us
[6.885s][info   ][gc,stats       ] Pause Degenerated GC (G)           7172 us
[6.885s][info   ][gc,stats       ] Pause Degenerated GC (N)           6902 us
[6.885s][info   ][gc,stats       ]     System Purge                   6340 us
[6.885s][info   ][gc,stats       ]       Weak References               125 us, parallelism: 0.71x
[6.885s][info   ][gc,stats       ]         WRP: <total>                 89 us
[6.885s][info   ][gc,stats       ]         WRP: Weak References         89 us, workers (us):  88,   0,   1,
[6.885s][info   ][gc,stats       ]       Unload Classes               5672 us, parallelism: 0.58x
[6.885s][info   ][gc,stats       ]         DCU: <total>               3285 us
[6.885s][info   ][gc,stats       ]         DCU: Unload Code Caches     3285 us, workers (us): 1129, 1076, 1080,
[6.885s][info   ][gc,stats       ]       Weak Roots                    506 us, parallelism: 2.58x
[6.885s][info   ][gc,stats       ]         DWR: <total>               1308 us
[6.885s][info   ][gc,stats       ]         DWR: VM Weak Roots         1308 us, workers (us): 448, 438, 421,
[6.885s][info   ][gc,stats       ]       CLDG                            1 us
[6.885s][info   ][gc,stats       ]   Update Region States                2 us
[6.885s][info   ][gc,stats       ]   Manage GC/TLABs                     8 us
[6.885s][info   ][gc,stats       ]   Choose Collection Set              10 us
[6.885s][info   ][gc,stats       ]   Rebuild Free Set                    2 us
[6.885s][info   ][gc,stats       ]   Cleanup                             1 us
[6.885s][info   ][gc,stats       ]
[6.885s][info   ][gc,stats       ] Allocation pacing accrued:
[6.885s][info   ][gc,stats       ]       0 of    23 ms (  0.0%): <total>
[6.885s][info   ][gc,stats       ]       0 of    23 ms (  0.0%): <average total>
[6.885s][info   ][gc,stats       ]
[6.887s][info   ][safepoint,stats] ShenandoahInitMark           [             18               1 ][            56300      29700      30900     116900 ]               1
[6.900s][info   ][safepoint,stats] VM Operation                 [ threads: total initial_running ][ time:       sync    cleanup       vmop      total ] page_trap_count
[6.900s][info   ][safepoint,stats] ShenandoahFinalMarkStartEvac [             18               1 ][            30200      33000     140200     203400 ]               1
[6.903s][info   ][safepoint,stats] ShenandoahFinalRoots         [             18               1 ][            24000      28100      18800      70900 ]               1
[6.904s][info   ][gc,stats       ]
[6.904s][info   ][gc,stats       ] All times are wall-clock times, except per-root-class counters, that are sum over
[6.904s][info   ][gc,stats       ] all workers. Dividing the <total> over the root stage time estimates parallelism.
[6.904s][info   ][gc,stats       ]
[6.904s][info   ][gc,stats       ] Concurrent Reset                     44 us
[6.904s][info   ][gc,stats       ] Pause Init Mark (G)                 172 us
[6.904s][info   ][gc,stats       ] Pause Init Mark (N)                  14 us
[6.904s][info   ][gc,stats       ]   Update Region States                0 us
[6.904s][info   ][gc,stats       ] Concurrent Mark Roots               539 us, parallelism: 0.87x
[6.904s][info   ][gc,stats       ]   CMR: <total>                      468 us
[6.904s][info   ][gc,stats       ]   CMR: Thread Roots                 220 us, workers (us): 220, ---, ---,
[6.904s][info   ][gc,stats       ]   CMR: VM Strong Roots               22 us, workers (us):  22, ---, ---,
[6.904s][info   ][gc,stats       ]   CMR: CLDG Roots                   226 us, workers (us): 226, ---, ---,
[6.904s][info   ][gc,stats       ] Concurrent Marking                12509 us
[6.904s][info   ][gc,stats       ] Pause Final Mark (G)                302 us
[6.904s][info   ][gc,stats       ] Pause Final Mark (N)                116 us
[6.904s][info   ][gc,stats       ]   Finish Mark                        78 us
[6.904s][info   ][gc,stats       ]   Update Region States                2 us
[6.904s][info   ][gc,stats       ]   Choose Collection Set              10 us
[6.904s][info   ][gc,stats       ]   Rebuild Free Set                    4 us
[6.904s][info   ][gc,stats       ] Concurrent Weak References          118 us, parallelism: 0.58x
[6.904s][info   ][gc,stats       ]   CWRF: <total>                      69 us
[6.904s][info   ][gc,stats       ]   CWRF: Weak References              69 us, workers (us):  69, ---, ---,
[6.904s][info   ][gc,stats       ] Concurrent Weak Roots               474 us
[6.904s][info   ][gc,stats       ]   Roots                             404 us, parallelism: 0.86x
[6.904s][info   ][gc,stats       ]     CWR: <total>                    349 us
[6.904s][info   ][gc,stats       ]     CWR: Code Cache Roots           141 us, workers (us): 141, ---, ---,
[6.904s][info   ][gc,stats       ]     CWR: VM Weak Roots              197 us, workers (us): 197, ---, ---,
[6.904s][info   ][gc,stats       ]     CWR: CLDG Roots                  11 us, workers (us):  11, ---, ---,
[6.904s][info   ][gc,stats       ]   Rendezvous                         65 us
[6.904s][info   ][gc,stats       ] Concurrent Cleanup                   40 us
[6.904s][info   ][gc,stats       ] Concurrent Class Unloading         2298 us
[6.904s][info   ][gc,stats       ]   Unlink Stale                     2172 us
[6.904s][info   ][gc,stats       ]     System Dictionary                 4 us
[6.904s][info   ][gc,stats       ]     Weak Class Links                  0 us
[6.904s][info   ][gc,stats       ]     Code Roots                     2166 us
[6.904s][info   ][gc,stats       ]   Rendezvous                         41 us
[6.904s][info   ][gc,stats       ]   Purge Unlinked                     79 us
[6.904s][info   ][gc,stats       ]     Code Roots                       71 us
[6.904s][info   ][gc,stats       ]     CLDG                              7 us
[6.904s][info   ][gc,stats       ]     Exception Caches                  0 us
[6.904s][info   ][gc,stats       ] Pause Final Roots (G)               168 us
[6.904s][info   ][gc,stats       ] Pause Final Roots (N)                 4 us
[6.904s][info   ][gc,stats       ]
[6.904s][info   ][gc,stats       ] Allocation pacing accrued:
[6.904s][info   ][gc,stats       ]       0 of    19 ms (  0.0%): <total>
[6.904s][info   ][gc,stats       ]       0 of    19 ms (  0.0%): <average total>
[6.904s][info   ][gc,stats       ]
[6.909s][info   ][safepoint,stats] ShenandoahInitMark           [             18               1 ][            67400      18200      24300     109900 ]               1
[6.923s][info   ][safepoint,stats] ShenandoahFinalMarkStartEvac [             18               1 ][            14800      33800     137800     186400 ]               1
[6.926s][info   ][safepoint,stats] ShenandoahFinalRoots         [             18               1 ][            20200      31900      25400      77500 ]               1
[6.926s][info   ][gc,stats       ]
[6.926s][info   ][gc,stats       ] All times are wall-clock times, except per-root-class counters, that are sum over
[6.926s][info   ][gc,stats       ] all workers. Dividing the <total> over the root stage time estimates parallelism.
[6.926s][info   ][gc,stats       ]
[6.926s][info   ][gc,stats       ] Concurrent Reset                     54 us
[6.926s][info   ][gc,stats       ] Pause Init Mark (G)                 155 us
[6.926s][info   ][gc,stats       ] Pause Init Mark (N)                  12 us
[6.926s][info   ][gc,stats       ]   Update Region States                1 us
[6.926s][info   ][gc,stats       ] Concurrent Mark Roots               729 us, parallelism: 0.82x
[6.926s][info   ][gc,stats       ]   CMR: <total>                      601 us
[6.926s][info   ][gc,stats       ]   CMR: Thread Roots                 301 us, workers (us): 301, ---, ---,
[6.926s][info   ][gc,stats       ]   CMR: VM Strong Roots               24 us, workers (us):  24, ---, ---,
[6.926s][info   ][gc,stats       ]   CMR: CLDG Roots                   276 us, workers (us): 276, ---, ---,
[6.926s][info   ][gc,stats       ] Concurrent Marking                13243 us
[6.926s][info   ][gc,stats       ] Pause Final Mark (G)                275 us
[6.926s][info   ][gc,stats       ] Pause Final Mark (N)                109 us
[6.926s][info   ][gc,stats       ]   Finish Mark                        77 us
[6.926s][info   ][gc,stats       ]   Update Region States                2 us
[6.926s][info   ][gc,stats       ]   Choose Collection Set               9 us
[6.926s][info   ][gc,stats       ]   Rebuild Free Set                    4 us
[6.926s][info   ][gc,stats       ] Concurrent Weak References          127 us, parallelism: 0.51x
[6.926s][info   ][gc,stats       ]   CWRF: <total>                      64 us
[6.926s][info   ][gc,stats       ]   CWRF: Weak References              64 us, workers (us):  64, ---, ---,
[6.926s][info   ][gc,stats       ] Concurrent Weak Roots               397 us
[6.926s][info   ][gc,stats       ]   Roots                             337 us, parallelism: 0.82x
[6.926s][info   ][gc,stats       ]     CWR: <total>                    275 us
[6.926s][info   ][gc,stats       ]     CWR: Code Cache Roots           132 us, workers (us): 132, ---, ---,
[6.926s][info   ][gc,stats       ]     CWR: VM Weak Roots              137 us, workers (us): 137, ---, ---,
[6.926s][info   ][gc,stats       ]     CWR: CLDG Roots                   7 us, workers (us):   7, ---, ---,
[6.926s][info   ][gc,stats       ]   Rendezvous                         53 us
[6.926s][info   ][gc,stats       ] Concurrent Cleanup                   42 us
[6.926s][info   ][gc,stats       ] Concurrent Class Unloading         2191 us
[6.926s][info   ][gc,stats       ]   Unlink Stale                     2075 us
[6.926s][info   ][gc,stats       ]     System Dictionary                 8 us
[6.926s][info   ][gc,stats       ]     Weak Class Links                  0 us
[6.926s][info   ][gc,stats       ]     Code Roots                     2066 us
[6.926s][info   ][gc,stats       ]   Rendezvous                         53 us
[6.926s][info   ][gc,stats       ]   Purge Unlinked                     57 us
[6.926s][info   ][gc,stats       ]     Code Roots                       53 us
[6.926s][info   ][gc,stats       ]     CLDG                              4 us
[6.926s][info   ][gc,stats       ]     Exception Caches                  0 us
[6.926s][info   ][gc,stats       ] Pause Final Roots (G)               141 us
[6.926s][info   ][gc,stats       ] Pause Final Roots (N)                 5 us
[6.926s][info   ][gc,stats       ] Pacing                            34154 us
[6.926s][info   ][gc,stats       ]
[6.926s][info   ][gc,stats       ] Allocation pacing accrued:
[6.927s][info   ][gc,stats       ]      34 of    23 ms (151.2%): thread3
[6.927s][info   ][gc,stats       ]      34 of    23 ms (151.2%): <total>
[6.927s][info   ][gc,stats       ]       2 of    23 ms (  8.4%): <average total>
[6.927s][info   ][gc,stats       ]      34 of    23 ms (151.2%): <average non-zero>
[6.927s][info   ][gc,stats       ]
[6.928s][info   ][safepoint,stats] ShenandoahInitMark           [             18               1 ][            24300      17500      24600      66400 ]               1
[6.941s][info   ][safepoint,stats] ShenandoahFinalMarkStartEvac [             18               1 ][            20300      23900     106100     150300 ]               1
[6.944s][info   ][safepoint,stats] ShenandoahFinalRoots         [             18               1 ][            14800      20900      29900      65600 ]               1
[6.944s][info   ][gc,stats       ]
[6.944s][info   ][gc,stats       ] All times are wall-clock times, except per-root-class counters, that are sum over
[6.944s][info   ][gc,stats       ] all workers. Dividing the <total> over the root stage time estimates parallelism.
[6.944s][info   ][gc,stats       ]
[6.944s][info   ][gc,stats       ] Concurrent Reset                     43 us
[6.944s][info   ][gc,stats       ] Pause Init Mark (G)                 107 us
[6.944s][info   ][gc,stats       ] Pause Init Mark (N)                  13 us
[6.944s][info   ][gc,stats       ]   Update Region States                0 us
[6.944s][info   ][gc,stats       ] Concurrent Mark Roots               529 us, parallelism: 0.87x
[6.944s][info   ][gc,stats       ]   CMR: <total>                      462 us
[6.944s][info   ][gc,stats       ]   CMR: Thread Roots                 211 us, workers (us): 211, ---, ---,
[6.944s][info   ][gc,stats       ]   CMR: VM Strong Roots               22 us, workers (us):  22, ---, ---,
[6.944s][info   ][gc,stats       ]   CMR: CLDG Roots                   230 us, workers (us): 230, ---, ---,
[6.944s][info   ][gc,stats       ] Concurrent Marking                12628 us
[6.944s][info   ][gc,stats       ] Pause Final Mark (G)                206 us
[6.944s][info   ][gc,stats       ] Pause Final Mark (N)                 78 us
[6.944s][info   ][gc,stats       ]   Finish Mark                        57 us
[6.944s][info   ][gc,stats       ]   Update Region States                1 us
[6.944s][info   ][gc,stats       ]   Choose Collection Set               6 us
[6.944s][info   ][gc,stats       ]   Rebuild Free Set                    2 us
[6.944s][info   ][gc,stats       ] Concurrent Weak References           68 us, parallelism: 0.46x
[6.944s][info   ][gc,stats       ]   CWRF: <total>                      32 us
[6.944s][info   ][gc,stats       ]   CWRF: Weak References              32 us, workers (us):  32, ---, ---,
[6.944s][info   ][gc,stats       ] Concurrent Weak Roots               399 us
[6.944s][info   ][gc,stats       ]   Roots                             340 us, parallelism: 0.81x
[6.944s][info   ][gc,stats       ]     CWR: <total>                    275 us
[6.944s][info   ][gc,stats       ]     CWR: Code Cache Roots           130 us, workers (us): 130, ---, ---,
[6.944s][info   ][gc,stats       ]     CWR: VM Weak Roots              137 us, workers (us): 137, ---, ---,
[6.944s][info   ][gc,stats       ]     CWR: CLDG Roots                   8 us, workers (us):   8, ---, ---,
[6.944s][info   ][gc,stats       ]   Rendezvous                         51 us
[6.944s][info   ][gc,stats       ] Concurrent Cleanup                   47 us
[6.944s][info   ][gc,stats       ] Concurrent Class Unloading         2179 us
[6.944s][info   ][gc,stats       ]   Unlink Stale                     2082 us
[6.944s][info   ][gc,stats       ]     System Dictionary                 8 us
[6.944s][info   ][gc,stats       ]     Weak Class Links                  0 us
[6.944s][info   ][gc,stats       ]     Code Roots                     2072 us
[6.944s][info   ][gc,stats       ]   Rendezvous                         48 us
[6.944s][info   ][gc,stats       ]   Purge Unlinked                     43 us
[6.944s][info   ][gc,stats       ]     Code Roots                       36 us
[6.944s][info   ][gc,stats       ]     CLDG                              6 us
[6.944s][info   ][gc,stats       ]     Exception Caches                  0 us
[6.944s][info   ][gc,stats       ] Pause Final Roots (G)               117 us
[6.944s][info   ][gc,stats       ] Pause Final Roots (N)                 6 us
[6.944s][info   ][gc,stats       ] Pacing                            14204 us
[6.944s][info   ][gc,stats       ]
[6.944s][info   ][gc,stats       ] Allocation pacing accrued:
[6.944s][info   ][gc,stats       ]      14 of    18 ms ( 79.5%): thread3
[6.944s][info   ][gc,stats       ]      14 of    18 ms ( 79.5%): <total>
[6.944s][info   ][gc,stats       ]       1 of    18 ms (  4.4%): <average total>
[6.944s][info   ][gc,stats       ]      14 of    18 ms ( 79.5%): <average non-zero>
[6.944s][info   ][gc,stats       ]
[6.946s][info   ][safepoint,stats] ShenandoahInitMark           [             18               1 ][            24600      26700      29200      80500 ]               1
[6.960s][info   ][safepoint,stats] ShenandoahFinalMarkStartEvac [             18               1 ][            14800      32700      87600     135100 ]               1
[6.963s][info   ][safepoint,stats] ShenandoahFinalRoots         [             18               1 ][            46600      38700      25000     110300 ]               1
[6.963s][info   ][gc,stats       ]
[6.963s][info   ][gc,stats       ] All times are wall-clock times, except per-root-class counters, that are sum over
[6.963s][info   ][gc,stats       ] all workers. Dividing the <total> over the root stage time estimates parallelism.
[6.963s][info   ][gc,stats       ]
[6.963s][info   ][gc,stats       ] Concurrent Reset                     49 us
[6.963s][info   ][gc,stats       ] Pause Init Mark (G)                 136 us
[6.963s][info   ][gc,stats       ] Pause Init Mark (N)                  12 us
[6.963s][info   ][gc,stats       ]   Update Region States                0 us
[6.963s][info   ][gc,stats       ] Concurrent Mark Roots               517 us, parallelism: 0.88x
[6.963s][info   ][gc,stats       ]   CMR: <total>                      457 us
[6.963s][info   ][gc,stats       ]   CMR: Thread Roots                 204 us, workers (us): 204, ---, ---,
[6.963s][info   ][gc,stats       ]   CMR: VM Strong Roots               22 us, workers (us):  22, ---, ---,
[6.963s][info   ][gc,stats       ]   CMR: CLDG Roots                   230 us, workers (us): 230, ---, ---,
[6.963s][info   ][gc,stats       ] Concurrent Marking                13462 us
[6.963s][info   ][gc,stats       ] Pause Final Mark (G)                193 us
[6.963s][info   ][gc,stats       ] Pause Final Mark (N)                 73 us
[6.963s][info   ][gc,stats       ]   Finish Mark                        47 us
[6.963s][info   ][gc,stats       ]   Update Region States                1 us
[6.963s][info   ][gc,stats       ]   Choose Collection Set              10 us
[6.963s][info   ][gc,stats       ]   Rebuild Free Set                    3 us
[6.963s][info   ][gc,stats       ] Concurrent Weak References           95 us, parallelism: 0.38x
[6.963s][info   ][gc,stats       ]   CWRF: <total>                      36 us
[6.963s][info   ][gc,stats       ]   CWRF: Weak References              36 us, workers (us):  36, ---, ---,
[6.963s][info   ][gc,stats       ] Concurrent Weak Roots               441 us
[6.963s][info   ][gc,stats       ]   Roots                             340 us, parallelism: 0.80x
[6.963s][info   ][gc,stats       ]     CWR: <total>                    274 us
[6.963s][info   ][gc,stats       ]     CWR: Code Cache Roots           131 us, workers (us): 131, ---, ---,
[6.963s][info   ][gc,stats       ]     CWR: VM Weak Roots              134 us, workers (us): 134, ---, ---,
[6.963s][info   ][gc,stats       ]     CWR: CLDG Roots                   8 us, workers (us):   8, ---, ---,
[6.963s][info   ][gc,stats       ]   Rendezvous                         94 us
[6.963s][info   ][gc,stats       ] Concurrent Cleanup                   86 us
[6.963s][info   ][gc,stats       ] Concurrent Class Unloading         2218 us
[6.963s][info   ][gc,stats       ]   Unlink Stale                     2084 us
[6.963s][info   ][gc,stats       ]     System Dictionary                 7 us
[6.963s][info   ][gc,stats       ]     Weak Class Links                  0 us
[6.963s][info   ][gc,stats       ]     Code Roots                     2074 us
[6.963s][info   ][gc,stats       ]   Rendezvous                         80 us
[6.963s][info   ][gc,stats       ]   Purge Unlinked                     48 us
[6.963s][info   ][gc,stats       ]     Code Roots                       40 us
[6.963s][info   ][gc,stats       ]     CLDG                              6 us
[6.963s][info   ][gc,stats       ]     Exception Caches                  0 us
[6.963s][info   ][gc,stats       ] Pause Final Roots (G)               215 us
[6.963s][info   ][gc,stats       ] Pause Final Roots (N)                 5 us
[6.963s][info   ][gc,stats       ]
[6.963s][info   ][gc,stats       ] Allocation pacing accrued:
[6.963s][info   ][gc,stats       ]       0 of    19 ms (  0.0%): <total>
[6.963s][info   ][gc,stats       ]       0 of    19 ms (  0.0%): <average total>
[6.963s][info   ][gc,stats       ]
[6.973s][info   ][safepoint,stats] ShenandoahInitMark           [             18               1 ][            77400       7700     122500     207600 ]               1
[6.987s][info   ][safepoint,stats] ShenandoahFinalMarkStartEvac [             18               1 ][            14500      32900     111500     158900 ]               1
[6.990s][info   ][safepoint,stats] ShenandoahFinalRoots         [             18               1 ][            28800      28300      26500      83600 ]               1
[6.990s][info   ][gc,stats       ]
[6.990s][info   ][gc,stats       ] All times are wall-clock times, except per-root-class counters, that are sum over
[6.990s][info   ][gc,stats       ] all workers. Dividing the <total> over the root stage time estimates parallelism.
[6.990s][info   ][gc,stats       ]
[6.990s][info   ][gc,stats       ] Concurrent Reset                     53 us
[6.990s][info   ][gc,stats       ] Pause Init Mark (G)                 293 us
[6.990s][info   ][gc,stats       ] Pause Init Mark (N)                  14 us
[6.990s][info   ][gc,stats       ]   Update Region States                0 us
[6.990s][info   ][gc,stats       ] Concurrent Mark Roots               965 us, parallelism: 0.96x
[6.990s][info   ][gc,stats       ]   CMR: <total>                      925 us
[6.990s][info   ][gc,stats       ]   CMR: Thread Roots                 402 us, workers (us): 402, ---, ---,
[6.990s][info   ][gc,stats       ]   CMR: VM Strong Roots               41 us, workers (us):  41, ---, ---,
[6.990s][info   ][gc,stats       ]   CMR: CLDG Roots                   482 us, workers (us): 482, ---, ---,
[6.990s][info   ][gc,stats       ] Concurrent Marking                12617 us
[6.990s][info   ][gc,stats       ] Pause Final Mark (G)                230 us
[6.990s][info   ][gc,stats       ] Pause Final Mark (N)                 91 us
[6.990s][info   ][gc,stats       ]   Finish Mark                        73 us
[6.990s][info   ][gc,stats       ]   Update Region States                1 us
[6.990s][info   ][gc,stats       ]   Choose Collection Set               2 us
[6.990s][info   ][gc,stats       ]   Rebuild Free Set                    2 us
[6.990s][info   ][gc,stats       ] Concurrent Weak References           88 us, parallelism: 0.33x
[6.990s][info   ][gc,stats       ]   CWRF: <total>                      29 us
[6.990s][info   ][gc,stats       ]   CWRF: Weak References              29 us, workers (us):  29, ---, ---,
[6.990s][info   ][gc,stats       ] Concurrent Weak Roots               563 us
[6.990s][info   ][gc,stats       ]   Roots                             450 us, parallelism: 0.81x
[6.990s][info   ][gc,stats       ]     CWR: <total>                    363 us
[6.990s][info   ][gc,stats       ]     CWR: Code Cache Roots           133 us, workers (us): 133, ---, ---,
[6.990s][info   ][gc,stats       ]     CWR: VM Weak Roots              222 us, workers (us): 222, ---, ---,
[6.990s][info   ][gc,stats       ]     CWR: CLDG Roots                   7 us, workers (us):   7, ---, ---,
[6.990s][info   ][gc,stats       ]   Rendezvous                        105 us
[6.990s][info   ][gc,stats       ] Concurrent Cleanup                    4 us
[6.990s][info   ][gc,stats       ] Concurrent Class Unloading         2438 us
[6.990s][info   ][gc,stats       ]   Unlink Stale                     2220 us
[6.990s][info   ][gc,stats       ]     System Dictionary                13 us
[6.990s][info   ][gc,stats       ]     Weak Class Links                  1 us
[6.991s][info   ][gc,stats       ]     Code Roots                     2203 us
[6.991s][info   ][gc,stats       ]   Rendezvous                        125 us
[6.991s][info   ][gc,stats       ]   Purge Unlinked                     84 us
[6.991s][info   ][gc,stats       ]     Code Roots                       78 us
[6.991s][info   ][gc,stats       ]     CLDG                              5 us
[6.991s][info   ][gc,stats       ]     Exception Caches                  0 us
[6.991s][info   ][gc,stats       ] Pause Final Roots (G)               167 us
[6.991s][info   ][gc,stats       ] Pause Final Roots (N)                 7 us
[6.991s][info   ][gc,stats       ] Pacing                            40575 us
[6.991s][info   ][gc,stats       ]
[6.991s][info   ][gc,stats       ] Allocation pacing accrued:
[6.991s][info   ][gc,stats       ]      41 of    27 ms (149.8%): thread3
[6.991s][info   ][gc,stats       ]      41 of    27 ms (149.8%): <total>
[6.991s][info   ][gc,stats       ]       2 of    27 ms (  8.3%): <average total>
[6.991s][info   ][gc,stats       ]      41 of    27 ms (149.8%): <average non-zero>
[6.991s][info   ][gc,stats       ]
[6.992s][info   ][safepoint,stats] ShenandoahInitMark           [             18               1 ][            45800      22100      26700      94600 ]               1
[6.993s][info   ][gc,stats       ]
[6.993s][info   ][gc,stats       ] All times are wall-clock times, except per-root-class counters, that are sum over
[6.993s][info   ][gc,stats       ] all workers. Dividing the <total> over the root stage time estimates parallelism.
[6.993s][info   ][gc,stats       ]
[6.993s][info   ][gc,stats       ] Concurrent Reset                     60 us
[6.993s][info   ][gc,stats       ] Pause Init Mark (G)                 148 us
[6.993s][info   ][gc,stats       ] Pause Init Mark (N)                  15 us
[6.993s][info   ][gc,stats       ]   Update Region States                0 us
[6.993s][info   ][gc,stats       ] Concurrent Mark Roots               533 us, parallelism: 0.88x
[6.993s][info   ][gc,stats       ]   CMR: <total>                      467 us
[6.993s][info   ][gc,stats       ]   CMR: Thread Roots                 243 us, workers (us): 243, ---, ---,
[6.993s][info   ][gc,stats       ]   CMR: VM Strong Roots               20 us, workers (us):  20, ---, ---,
[6.993s][info   ][gc,stats       ]   CMR: CLDG Roots                   205 us, workers (us): 205, ---, ---,
[6.993s][info   ][gc,stats       ]
[6.993s][info   ][gc,stats       ] Allocation pacing accrued:
[6.993s][info   ][gc,stats       ]       0 of     2 ms (  0.0%): <total>
[6.993s][info   ][gc,stats       ]       0 of     2 ms (  0.0%): <average total>
[6.993s][info   ][gc,stats       ]
[7.016s][info   ][safepoint,stats] ShenandoahDegeneratedGC      [             18               1 ][           107800      28000   10770700   10906500 ]               1
[7.016s][info   ][gc,stats       ]
[7.016s][info   ][gc,stats       ] All times are wall-clock times, except per-root-class counters, that are sum over
[7.016s][info   ][gc,stats       ] all workers. Dividing the <total> over the root stage time estimates parallelism.
[7.016s][info   ][gc,stats       ]
[7.016s][info   ][gc,stats       ] Pause Degenerated GC (G)          11010 us
[7.016s][info   ][gc,stats       ] Pause Degenerated GC (N)          10715 us
[7.016s][info   ][gc,stats       ]   Degen STW Mark                   4788 us, parallelism: 2.93x
[7.016s][info   ][gc,stats       ]     DSM: <total>                  14035 us
[7.016s][info   ][gc,stats       ]     DSM: Thread Roots               177 us, workers (us):  67,  56,  53,
[7.016s][info   ][gc,stats       ]     DSM: VM Strong Roots             45 us, workers (us):   1,  17,  27,
[7.016s][info   ][gc,stats       ]     DSM: CLDG Roots                 477 us, workers (us): 468,   4,   5,
[7.016s][info   ][gc,stats       ]     DSM: Parallel Mark            13336 us, workers (us): 4149, 4598, 4588,
[7.016s][info   ][gc,stats       ]     System Purge                   5526 us
[7.016s][info   ][gc,stats       ]       Weak References                67 us, parallelism: 0.74x
[7.016s][info   ][gc,stats       ]         WRP: <total>                 49 us
[7.016s][info   ][gc,stats       ]         WRP: Weak References         49 us, workers (us):  37,   3,   9,
[7.016s][info   ][gc,stats       ]       Unload Classes               5220 us, parallelism: 0.44x
[7.016s][info   ][gc,stats       ]         DCU: <total>               2274 us
[7.016s][info   ][gc,stats       ]         DCU: Unload Code Caches     2274 us, workers (us): 793, 751, 730,
[7.016s][info   ][gc,stats       ]       Weak Roots                    206 us, parallelism: 2.48x
[7.016s][info   ][gc,stats       ]         DWR: <total>                510 us
[7.016s][info   ][gc,stats       ]         DWR: VM Weak Roots          510 us, workers (us): 175, 166, 168,
[7.016s][info   ][gc,stats       ]       CLDG                            1 us
[7.016s][info   ][gc,stats       ]   Update Region States                1 us
[7.016s][info   ][gc,stats       ]   Manage GC/TLABs                     7 us
[7.016s][info   ][gc,stats       ]   Choose Collection Set              10 us
[7.016s][info   ][gc,stats       ]   Rebuild Free Set                    2 us
[7.016s][info   ][gc,stats       ]   Cleanup                             1 us
[7.016s][info   ][gc,stats       ]
[7.016s][info   ][gc,stats       ] Allocation pacing accrued:
[7.016s][info   ][gc,stats       ]       0 of    24 ms (  0.0%): <total>
[7.016s][info   ][gc,stats       ]       0 of    24 ms (  0.0%): <average total>
[7.016s][info   ][gc,stats       ]
[7.018s][info   ][safepoint,stats] ShenandoahInitMark           [             18               1 ][            37700      21900      29700      89300 ]               1
[7.031s][info   ][safepoint,stats] ShenandoahFinalMarkStartEvac [             18               1 ][            22300      55300     185300     262900 ]               1
[7.035s][info   ][safepoint,stats] ShenandoahFinalRoots         [             18               1 ][            25800      45100      24000      94900 ]               1
[7.035s][info   ][gc,stats       ]
[7.035s][info   ][gc,stats       ] All times are wall-clock times, except per-root-class counters, that are sum over
[7.035s][info   ][gc,stats       ] all workers. Dividing the <total> over the root stage time estimates parallelism.
[7.035s][info   ][gc,stats       ]
[7.035s][info   ][gc,stats       ] Concurrent Reset                     51 us
[7.035s][info   ][gc,stats       ] Pause Init Mark (G)                 140 us
[7.035s][info   ][gc,stats       ] Pause Init Mark (N)                  15 us
[7.035s][info   ][gc,stats       ]   Update Region States                0 us
[7.035s][info   ][gc,stats       ] Concurrent Mark Roots               525 us, parallelism: 0.89x
[7.035s][info   ][gc,stats       ]   CMR: <total>                      469 us
[7.035s][info   ][gc,stats       ]   CMR: Thread Roots                 220 us, workers (us): 220, ---, ---,
[7.035s][info   ][gc,stats       ]   CMR: VM Strong Roots               23 us, workers (us):  23, ---, ---,
[7.035s][info   ][gc,stats       ]   CMR: CLDG Roots                   225 us, workers (us): 225, ---, ---,
[7.035s][info   ][gc,stats       ] Concurrent Marking                11960 us
[7.035s][info   ][gc,stats       ] Pause Final Mark (G)                380 us
[7.035s][info   ][gc,stats       ] Pause Final Mark (N)                144 us
[7.035s][info   ][gc,stats       ]   Finish Mark                        92 us
[7.035s][info   ][gc,stats       ]   Update Region States                3 us
[7.035s][info   ][gc,stats       ]   Choose Collection Set              17 us
[7.035s][info   ][gc,stats       ]   Rebuild Free Set                    4 us
[7.035s][info   ][gc,stats       ] Concurrent Weak References          178 us, parallelism: 0.51x
[7.035s][info   ][gc,stats       ]   CWRF: <total>                      90 us
[7.035s][info   ][gc,stats       ]   CWRF: Weak References              90 us, workers (us):  90, ---, ---,
[7.035s][info   ][gc,stats       ] Concurrent Weak Roots               687 us
[7.035s][info   ][gc,stats       ]   Roots                             593 us, parallelism: 0.89x
[7.035s][info   ][gc,stats       ]     CWR: <total>                    530 us
[7.035s][info   ][gc,stats       ]     CWR: Code Cache Roots           174 us, workers (us): 174, ---, ---,
[7.035s][info   ][gc,stats       ]     CWR: VM Weak Roots              344 us, workers (us): 344, ---, ---,
[7.035s][info   ][gc,stats       ]     CWR: CLDG Roots                  12 us, workers (us):  12, ---, ---,
[7.035s][info   ][gc,stats       ]   Rendezvous                         88 us
[7.035s][info   ][gc,stats       ] Concurrent Cleanup                   73 us
[7.035s][info   ][gc,stats       ] Concurrent Class Unloading         2549 us
[7.035s][info   ][gc,stats       ]   Unlink Stale                     2392 us
[7.035s][info   ][gc,stats       ]     System Dictionary                 4 us
[7.035s][info   ][gc,stats       ]     Weak Class Links                  0 us
[7.035s][info   ][gc,stats       ]     Code Roots                     2385 us
[7.035s][info   ][gc,stats       ]   Rendezvous                         94 us
[7.035s][info   ][gc,stats       ]   Purge Unlinked                     56 us
[7.035s][info   ][gc,stats       ]     Code Roots                       49 us
[7.035s][info   ][gc,stats       ]     CLDG                              7 us
[7.035s][info   ][gc,stats       ]     Exception Caches                  0 us
[7.035s][info   ][gc,stats       ] Pause Final Roots (G)               193 us
[7.035s][info   ][gc,stats       ] Pause Final Roots (N)                 5 us
[7.035s][info   ][gc,stats       ]
[7.035s][info   ][gc,stats       ] Allocation pacing accrued:
[7.035s][info   ][gc,stats       ]       0 of    18 ms (  0.0%): <total>
[7.035s][info   ][gc,stats       ]       0 of    18 ms (  0.0%): <average total>
[7.035s][info   ][gc,stats       ]
[7.037s][info   ][safepoint,stats] ShenandoahInitMark           [             18               2 ][            58600      14200      35500     108300 ]               1
[7.050s][info   ][safepoint,stats] ShenandoahFinalMarkStartEvac [             18               1 ][            19500      38700     149000     207200 ]               1
[7.053s][info   ][safepoint,stats] ShenandoahFinalRoots         [             18               1 ][            24200      26100      42300      92600 ]               1
[7.054s][info   ][gc,stats       ]
[7.054s][info   ][gc,stats       ] All times are wall-clock times, except per-root-class counters, that are sum over
[7.054s][info   ][gc,stats       ] all workers. Dividing the <total> over the root stage time estimates parallelism.
[7.054s][info   ][gc,stats       ]
[7.054s][info   ][gc,stats       ] Concurrent Reset                     35 us
[7.054s][info   ][gc,stats       ] Pause Init Mark (G)                 139 us
[7.054s][info   ][gc,stats       ] Pause Init Mark (N)                  18 us
[7.054s][info   ][gc,stats       ]   Update Region States                0 us
[7.054s][info   ][gc,stats       ] Concurrent Mark Roots               654 us, parallelism: 0.94x
[7.054s][info   ][gc,stats       ]   CMR: <total>                      612 us
[7.054s][info   ][gc,stats       ]   CMR: Thread Roots                 212 us, workers (us): 212, ---, ---,
[7.054s][info   ][gc,stats       ]   CMR: VM Strong Roots               43 us, workers (us):  43, ---, ---,
[7.054s][info   ][gc,stats       ]   CMR: CLDG Roots                   357 us, workers (us): 357, ---, ---,
[7.054s][info   ][gc,stats       ] Concurrent Marking                12130 us
[7.054s][info   ][gc,stats       ] Pause Final Mark (G)                276 us
[7.054s][info   ][gc,stats       ] Pause Final Mark (N)                119 us
[7.054s][info   ][gc,stats       ]   Finish Mark                        89 us
[7.054s][info   ][gc,stats       ]   Update Region States                2 us
[7.054s][info   ][gc,stats       ]   Choose Collection Set               4 us
[7.054s][info   ][gc,stats       ]   Rebuild Free Set                    4 us
[7.054s][info   ][gc,stats       ] Concurrent Weak References           76 us, parallelism: 0.55x
[7.054s][info   ][gc,stats       ]   CWRF: <total>                      42 us
[7.054s][info   ][gc,stats       ]   CWRF: Weak References              42 us, workers (us):  42, ---, ---,
[7.054s][info   ][gc,stats       ] Concurrent Weak Roots               458 us
[7.054s][info   ][gc,stats       ]   Roots                             397 us, parallelism: 0.86x
[7.054s][info   ][gc,stats       ]     CWR: <total>                    342 us
[7.054s][info   ][gc,stats       ]     CWR: Code Cache Roots           144 us, workers (us): 144, ---, ---,
[7.054s][info   ][gc,stats       ]     CWR: VM Weak Roots              173 us, workers (us): 173, ---, ---,
[7.054s][info   ][gc,stats       ]     CWR: CLDG Roots                  24 us, workers (us):  24, ---, ---,
[7.054s][info   ][gc,stats       ]   Rendezvous                         56 us
[7.054s][info   ][gc,stats       ] Concurrent Cleanup                    2 us
[7.054s][info   ][gc,stats       ] Concurrent Class Unloading         2665 us
[7.054s][info   ][gc,stats       ]   Unlink Stale                     2543 us
[7.054s][info   ][gc,stats       ]     System Dictionary                 4 us
[7.054s][info   ][gc,stats       ]     Weak Class Links                  0 us
[7.054s][info   ][gc,stats       ]     Code Roots                     2538 us
[7.054s][info   ][gc,stats       ]   Rendezvous                         56 us
[7.054s][info   ][gc,stats       ]   Purge Unlinked                     58 us
[7.054s][info   ][gc,stats       ]     Code Roots                       53 us
[7.054s][info   ][gc,stats       ]     CLDG                              4 us
[7.054s][info   ][gc,stats       ]     Exception Caches                  0 us
[7.054s][info   ][gc,stats       ] Pause Final Roots (G)               163 us
[7.054s][info   ][gc,stats       ] Pause Final Roots (N)                 9 us
[7.054s][info   ][gc,stats       ] Pacing                            31081 us
[7.054s][info   ][gc,stats       ]
[7.054s][info   ][gc,stats       ] Allocation pacing accrued:
[7.054s][info   ][gc,stats       ]      31 of    19 ms (164.2%): thread3
[7.054s][info   ][gc,stats       ]      31 of    19 ms (164.2%): <total>
[7.054s][info   ][gc,stats       ]       2 of    19 ms (  9.1%): <average total>
[7.054s][info   ][gc,stats       ]      31 of    19 ms (164.2%): <average non-zero>
[7.054s][info   ][gc,stats       ]
[7.055s][info   ][safepoint,stats] ShenandoahInitMark           [             18               1 ][            57000      20500      32000     109500 ]               1
[7.068s][info   ][safepoint,stats] ShenandoahFinalMarkStartEvac [             18               1 ][            14400      21100      94800     130300 ]               1
[7.071s][info   ][safepoint,stats] ShenandoahFinalRoots         [             18               1 ][            18300      28000      36800      83100 ]               1
[7.071s][info   ][gc,stats       ]
[7.071s][info   ][gc,stats       ] All times are wall-clock times, except per-root-class counters, that are sum over
[7.071s][info   ][gc,stats       ] all workers. Dividing the <total> over the root stage time estimates parallelism.
[7.071s][info   ][gc,stats       ]
[7.071s][info   ][gc,stats       ] Concurrent Reset                     49 us
[7.071s][info   ][gc,stats       ] Pause Init Mark (G)                 171 us
[7.071s][info   ][gc,stats       ] Pause Init Mark (N)                  17 us
[7.071s][info   ][gc,stats       ]   Update Region States                0 us
[7.071s][info   ][gc,stats       ] Concurrent Mark Roots               556 us, parallelism: 0.85x
[7.071s][info   ][gc,stats       ]   CMR: <total>                      474 us
[7.071s][info   ][gc,stats       ]   CMR: Thread Roots                 215 us, workers (us): 215, ---, ---,
[7.071s][info   ][gc,stats       ]   CMR: VM Strong Roots               28 us, workers (us):  28, ---, ---,
[7.071s][info   ][gc,stats       ]   CMR: CLDG Roots                   231 us, workers (us): 231, ---, ---,
[7.071s][info   ][gc,stats       ] Concurrent Marking                11956 us
[7.071s][info   ][gc,stats       ] Pause Final Mark (G)                209 us
[7.071s][info   ][gc,stats       ] Pause Final Mark (N)                 81 us
[7.071s][info   ][gc,stats       ]   Finish Mark                        59 us
[7.071s][info   ][gc,stats       ]   Update Region States                1 us
[7.071s][info   ][gc,stats       ]   Choose Collection Set               7 us
[7.071s][info   ][gc,stats       ]   Rebuild Free Set                    2 us
[7.071s][info   ][gc,stats       ] Concurrent Weak References           70 us, parallelism: 0.44x
[7.071s][info   ][gc,stats       ]   CWRF: <total>                      31 us
[7.071s][info   ][gc,stats       ]   CWRF: Weak References              31 us, workers (us):  31, ---, ---,
[7.071s][info   ][gc,stats       ] Concurrent Weak Roots               394 us
[7.071s][info   ][gc,stats       ]   Roots                             333 us, parallelism: 0.83x
[7.071s][info   ][gc,stats       ]     CWR: <total>                    277 us
[7.071s][info   ][gc,stats       ]     CWR: Code Cache Roots           129 us, workers (us): 129, ---, ---,
[7.071s][info   ][gc,stats       ]     CWR: VM Weak Roots              138 us, workers (us): 138, ---, ---,
[7.071s][info   ][gc,stats       ]     CWR: CLDG Roots                   9 us, workers (us):   9, ---, ---,
[7.071s][info   ][gc,stats       ]   Rendezvous                         56 us
[7.071s][info   ][gc,stats       ] Concurrent Cleanup                   70 us
[7.071s][info   ][gc,stats       ] Concurrent Class Unloading         2409 us
[7.071s][info   ][gc,stats       ]   Unlink Stale                     2213 us
[7.071s][info   ][gc,stats       ]     System Dictionary                 4 us
[7.071s][info   ][gc,stats       ]     Weak Class Links                  0 us
[7.071s][info   ][gc,stats       ]     Code Roots                     2206 us
[7.071s][info   ][gc,stats       ]   Rendezvous                        108 us
[7.071s][info   ][gc,stats       ]   Purge Unlinked                     80 us
[7.071s][info   ][gc,stats       ]     Code Roots                       75 us
[7.071s][info   ][gc,stats       ]     CLDG                              5 us
[7.071s][info   ][gc,stats       ]     Exception Caches                  0 us
[7.071s][info   ][gc,stats       ] Pause Final Roots (G)               169 us
[7.071s][info   ][gc,stats       ] Pause Final Roots (N)                 6 us
[7.071s][info   ][gc,stats       ] Pacing                            13224 us
[7.071s][info   ][gc,stats       ]
[7.071s][info   ][gc,stats       ] Allocation pacing accrued:
[7.071s][info   ][gc,stats       ]      13 of    17 ms ( 76.0%): thread3
[7.071s][info   ][gc,stats       ]      13 of    17 ms ( 76.0%): <total>
[7.071s][info   ][gc,stats       ]       1 of    17 ms (  4.2%): <average total>
[7.071s][info   ][gc,stats       ]      13 of    17 ms ( 76.0%): <average non-zero>
[7.071s][info   ][gc,stats       ]
[7.085s][info   ][safepoint,stats] ShenandoahInitMark           [             18               2 ][           132500      40600      75100     248200 ]               1
[7.099s][info   ][safepoint,stats] ShenandoahFinalMarkStartEvac [             18               1 ][            14600      32000     109100     155700 ]               1
[7.102s][info   ][safepoint,stats] ShenandoahFinalRoots         [             18               2 ][            25500      30100      22000      77600 ]               1
[7.102s][info   ][gc,stats       ]
[7.102s][info   ][gc,stats       ] All times are wall-clock times, except per-root-class counters, that are sum over
[7.102s][info   ][gc,stats       ] all workers. Dividing the <total> over the root stage time estimates parallelism.
[7.102s][info   ][gc,stats       ]
[7.102s][info   ][gc,stats       ] Concurrent Reset                     44 us
[7.102s][info   ][gc,stats       ] Pause Init Mark (G)                 329 us
[7.102s][info   ][gc,stats       ] Pause Init Mark (N)                  39 us
[7.102s][info   ][gc,stats       ]   Update Region States                3 us
[7.102s][info   ][gc,stats       ] Concurrent Mark Roots               824 us, parallelism: 0.92x
[7.102s][info   ][gc,stats       ]   CMR: <total>                      761 us
[7.102s][info   ][gc,stats       ]   CMR: Thread Roots                 420 us, workers (us): 420, ---, ---,
[7.102s][info   ][gc,stats       ]   CMR: VM Strong Roots               46 us, workers (us):  46, ---, ---,
[7.102s][info   ][gc,stats       ]   CMR: CLDG Roots                   295 us, workers (us): 295, ---, ---,
[7.102s][info   ][gc,stats       ] Concurrent Marking                12307 us
[7.102s][info   ][gc,stats       ] Pause Final Mark (G)                226 us
[7.102s][info   ][gc,stats       ] Pause Final Mark (N)                 89 us
[7.102s][info   ][gc,stats       ]   Finish Mark                        69 us
[7.102s][info   ][gc,stats       ]   Update Region States                1 us
[7.102s][info   ][gc,stats       ]   Choose Collection Set               5 us
[7.102s][info   ][gc,stats       ]   Rebuild Free Set                    2 us
[7.102s][info   ][gc,stats       ] Concurrent Weak References           83 us, parallelism: 0.35x
[7.102s][info   ][gc,stats       ]   CWRF: <total>                      29 us
[7.102s][info   ][gc,stats       ]   CWRF: Weak References              29 us, workers (us):  29, ---, ---,
[7.102s][info   ][gc,stats       ] Concurrent Weak Roots               699 us
[7.102s][info   ][gc,stats       ]   Roots                             576 us, parallelism: 0.84x
[7.102s][info   ][gc,stats       ]     CWR: <total>                    482 us
[7.102s][info   ][gc,stats       ]     CWR: Code Cache Roots           173 us, workers (us): 173, ---, ---,
[7.102s][info   ][gc,stats       ]     CWR: VM Weak Roots              297 us, workers (us): 297, ---, ---,
[7.102s][info   ][gc,stats       ]     CWR: CLDG Roots                  12 us, workers (us):  12, ---, ---,
[7.102s][info   ][gc,stats       ]   Rendezvous                        114 us
[7.102s][info   ][gc,stats       ] Concurrent Cleanup                   44 us
[7.102s][info   ][gc,stats       ] Concurrent Class Unloading         2474 us
[7.102s][info   ][gc,stats       ]   Unlink Stale                     2327 us
[7.102s][info   ][gc,stats       ]     System Dictionary                13 us
[7.102s][info   ][gc,stats       ]     Weak Class Links                  0 us
[7.102s][info   ][gc,stats       ]     Code Roots                     2312 us
[7.102s][info   ][gc,stats       ]   Rendezvous                         78 us
[7.102s][info   ][gc,stats       ]   Purge Unlinked                     63 us
[7.102s][info   ][gc,stats       ]     Code Roots                       58 us
[7.102s][info   ][gc,stats       ]     CLDG                              4 us
[7.102s][info   ][gc,stats       ]     Exception Caches                  0 us
[7.102s][info   ][gc,stats       ] Pause Final Roots (G)               132 us
[7.102s][info   ][gc,stats       ] Pause Final Roots (N)                 6 us
[7.102s][info   ][gc,stats       ] Pacing                            28107 us
[7.102s][info   ][gc,stats       ]
[7.102s][info   ][gc,stats       ] Allocation pacing accrued:
[7.102s][info   ][gc,stats       ]      28 of    31 ms ( 90.4%): thread3
[7.102s][info   ][gc,stats       ]      28 of    31 ms ( 90.4%): <total>
[7.102s][info   ][gc,stats       ]       2 of    31 ms (  5.0%): <average total>
[7.102s][info   ][gc,stats       ]      28 of    31 ms ( 90.4%): <average non-zero>
[7.102s][info   ][gc,stats       ]
[7.104s][info   ][safepoint,stats] ShenandoahInitMark           [             18               1 ][            34400      16900      24000      75300 ]               1
[7.104s][info   ][gc,stats       ]
[7.104s][info   ][gc,stats       ] All times are wall-clock times, except per-root-class counters, that are sum over
[7.104s][info   ][gc,stats       ] all workers. Dividing the <total> over the root stage time estimates parallelism.
[7.104s][info   ][gc,stats       ]
[7.104s][info   ][gc,stats       ] Concurrent Reset                     44 us
[7.104s][info   ][gc,stats       ] Pause Init Mark (G)                 115 us
[7.104s][info   ][gc,stats       ] Pause Init Mark (N)                  13 us
[7.105s][info   ][gc,stats       ]   Update Region States                1 us
[7.105s][info   ][gc,stats       ] Concurrent Mark Roots               448 us, parallelism: 0.90x
[7.105s][info   ][gc,stats       ]   CMR: <total>                      404 us
[7.105s][info   ][gc,stats       ]   CMR: Thread Roots                 206 us, workers (us): 206, ---, ---,
[7.105s][info   ][gc,stats       ]   CMR: VM Strong Roots               19 us, workers (us):  19, ---, ---,
[7.105s][info   ][gc,stats       ]   CMR: CLDG Roots                   179 us, workers (us): 179, ---, ---,
[7.105s][info   ][gc,stats       ]
[7.105s][info   ][gc,stats       ] Allocation pacing accrued:
[7.105s][info   ][gc,stats       ]       0 of     2 ms (  0.0%): <total>
[7.105s][info   ][gc,stats       ]       0 of     2 ms (  0.0%): <average total>
[7.105s][info   ][gc,stats       ]
[7.128s][info   ][safepoint,stats] ShenandoahDegeneratedGC      [             18               1 ][           204000      43400   10841100   11088500 ]               1
thread: thread1[7.128s][info   ][gc,stats       ]
, costs [7.128s][info   ][gc,stats       ] All times are wall-clock times, except per-root-class counters, that are sum over
[7.128s][info   ][gc,stats       ] all workers. Dividing the <total> over the root stage time estimates parallelism.
[7.128s][info   ][gc,stats       ]
[7.128s][info   ][gc,stats       ] Pause Degenerated GC (G)          11187 us
[7.128s][info   ][gc,stats       ] Pause Degenerated GC (N)          10796 us
1009[7.128s][info   ][gc,stats       ]   Degen STW Mark                   4477 us, parallelism: 2.96x
[7.128s][info   ][gc,stats       ]     DSM: <total>                  13234 us
 ms
[7.128s][info   ][gc,stats       ]     DSM: Thread Roots               117 us, workers (us):  43,  42,  33,
[7.128s][info   ][gc,stats       ]     DSM: VM Strong Roots             26 us, workers (us):   0,  12,  14,
[7.128s][info   ][gc,stats       ]     DSM: CLDG Roots                 258 us, workers (us): 251,   1,   5,
[7.128s][info   ][gc,stats       ]     DSM: Parallel Mark            12832 us, workers (us): 4120, 4357, 4355,
[7.128s][info   ][gc,stats       ]     System Purge                   5928 us
[7.128s][info   ][gc,stats       ]       Weak References                66 us, parallelism: 0.58x
[7.128s][info   ][gc,stats       ]         WRP: <total>                 38 us
[7.128s][info   ][gc,stats       ]         WRP: Weak References         38 us, workers (us):  27,   9,   2,
[7.128s][info   ][gc,stats       ]       Unload Classes               5608 us, parallelism: 0.40x
[7.128s][info   ][gc,stats       ]         DCU: <total>               2255 us
[7.128s][info   ][gc,stats       ]         DCU: Unload Code Caches     2255 us, workers (us): 789, 728, 739,
[7.128s][info   ][gc,stats       ]       Weak Roots                    220 us, parallelism: 2.36x
[7.128s][info   ][gc,stats       ]         DWR: <total>                520 us
[7.128s][info   ][gc,stats       ]         DWR: VM Weak Roots          520 us, workers (us): 175, 175, 170,
[7.128s][info   ][gc,stats       ]       CLDG                            0 us
[7.128s][info   ][gc,stats       ]   Update Region States                1 us
[7.128s][info   ][gc,stats       ]   Manage GC/TLABs                     7 us
[7.128s][info   ][gc,stats       ]   Choose Collection Set               8 us
[7.128s][info   ][gc,stats       ]   Rebuild Free Set                    2 us
[7.128s][info   ][gc,stats       ]   Cleanup                             1 us
[7.128s][info   ][gc,stats       ]
[7.128s][info   ][gc,stats       ] Allocation pacing accrued:
[7.128s][info   ][gc,stats       ]       0 of    24 ms (  0.0%): <total>
[7.128s][info   ][gc,stats       ]       0 of    24 ms (  0.0%): <average total>
[7.128s][info   ][gc,stats       ]
[7.130s][info   ][safepoint,stats] VM Operation                 [ threads: total initial_running ][ time:       sync    cleanup       vmop      total ] page_trap_count
[7.130s][info   ][safepoint,stats] ShenandoahInitMark           [             18               1 ][            46000      30600      31400     108000 ]               1
[7.144s][info   ][safepoint,stats] ShenandoahFinalMarkStartEvac [             18               1 ][            14900      32300     133800     181000 ]               1
[7.147s][info   ][safepoint,stats] ShenandoahFinalRoots         [             18               1 ][            19900      51600      24300      95800 ]               1
[7.147s][info   ][gc,stats       ]
[7.147s][info   ][gc,stats       ] All times are wall-clock times, except per-root-class counters, that are sum over
[7.147s][info   ][gc,stats       ] all workers. Dividing the <total> over the root stage time estimates parallelism.
[7.147s][info   ][gc,stats       ]
[7.147s][info   ][gc,stats       ] Concurrent Reset                     44 us
[7.147s][info   ][gc,stats       ] Pause Init Mark (G)                 156 us
[7.147s][info   ][gc,stats       ] Pause Init Mark (N)                  14 us
[7.147s][info   ][gc,stats       ]   Update Region States                0 us
[7.147s][info   ][gc,stats       ] Concurrent Mark Roots               510 us, parallelism: 0.89x
[7.147s][info   ][gc,stats       ]   CMR: <total>                      452 us
[7.147s][info   ][gc,stats       ]   CMR: Thread Roots                 213 us, workers (us): 213, ---, ---,
[7.147s][info   ][gc,stats       ]   CMR: VM Strong Roots               20 us, workers (us):  20, ---, ---,
[7.147s][info   ][gc,stats       ]   CMR: CLDG Roots                   219 us, workers (us): 219, ---, ---,
[7.147s][info   ][gc,stats       ] Concurrent Marking                12980 us
[7.147s][info   ][gc,stats       ] Pause Final Mark (G)                245 us
[7.147s][info   ][gc,stats       ] Pause Final Mark (N)                106 us
[7.147s][info   ][gc,stats       ]   Finish Mark                        76 us
[7.147s][info   ][gc,stats       ]   Update Region States                2 us
[7.147s][info   ][gc,stats       ]   Choose Collection Set               9 us
[7.147s][info   ][gc,stats       ]   Rebuild Free Set                    3 us
[7.147s][info   ][gc,stats       ] Concurrent Weak References          129 us, parallelism: 0.63x
[7.147s][info   ][gc,stats       ]   CWRF: <total>                      81 us
[7.147s][info   ][gc,stats       ]   CWRF: Weak References              81 us, workers (us):  81, ---, ---,
[7.147s][info   ][gc,stats       ] Concurrent Weak Roots               581 us
[7.147s][info   ][gc,stats       ]   Roots                             530 us, parallelism: 0.87x
[7.147s][info   ][gc,stats       ]     CWR: <total>                    464 us
[7.147s][info   ][gc,stats       ]     CWR: Code Cache Roots           175 us, workers (us): 175, ---, ---,
[7.147s][info   ][gc,stats       ]     CWR: VM Weak Roots              280 us, workers (us): 280, ---, ---,
[7.147s][info   ][gc,stats       ]     CWR: CLDG Roots                   9 us, workers (us):   9, ---, ---,
[7.147s][info   ][gc,stats       ]   Rendezvous                         45 us
[7.147s][info   ][gc,stats       ] Concurrent Cleanup                   45 us
[7.147s][info   ][gc,stats       ] Concurrent Class Unloading         2244 us
[7.147s][info   ][gc,stats       ]   Unlink Stale                     2084 us
[7.147s][info   ][gc,stats       ]     System Dictionary                 8 us
[7.147s][info   ][gc,stats       ]     Weak Class Links                  0 us
[7.147s][info   ][gc,stats       ]     Code Roots                     2074 us
[7.147s][info   ][gc,stats       ]   Rendezvous                         48 us
[7.147s][info   ][gc,stats       ]   Purge Unlinked                    105 us
[7.147s][info   ][gc,stats       ]     Code Roots                       97 us
[7.147s][info   ][gc,stats       ]     CLDG                              7 us
[7.147s][info   ][gc,stats       ]     Exception Caches                  0 us
[7.147s][info   ][gc,stats       ] Pause Final Roots (G)               155 us
[7.147s][info   ][gc,stats       ] Pause Final Roots (N)                 4 us
[7.147s][info   ][gc,stats       ]
[7.147s][info   ][gc,stats       ] Allocation pacing accrued:
[7.147s][info   ][gc,stats       ]       0 of    19 ms (  0.0%): <total>
[7.147s][info   ][gc,stats       ]       0 of    19 ms (  0.0%): <average total>
[7.147s][info   ][gc,stats       ]
[7.149s][info   ][safepoint,stats] ShenandoahInitMark           [             18               1 ][            26200      28600      37700      92500 ]               1
[7.162s][info   ][safepoint,stats] ShenandoahFinalMarkStartEvac [             18               1 ][            18800      33100     124000     175900 ]               1
[7.166s][info   ][safepoint,stats] ShenandoahFinalRoots         [             18               2 ][            80000      27000      29600     136600 ]               1
[7.166s][info   ][gc,stats       ]
[7.166s][info   ][gc,stats       ] All times are wall-clock times, except per-root-class counters, that are sum over
[7.166s][info   ][gc,stats       ] all workers. Dividing the <total> over the root stage time estimates parallelism.
[7.166s][info   ][gc,stats       ]
[7.166s][info   ][gc,stats       ] Concurrent Reset                     37 us
[7.166s][info   ][gc,stats       ] Pause Init Mark (G)                 154 us
[7.166s][info   ][gc,stats       ] Pause Init Mark (N)                  14 us
[7.166s][info   ][gc,stats       ]   Update Region States                0 us
[7.166s][info   ][gc,stats       ] Concurrent Mark Roots              1036 us, parallelism: 0.93x
[7.166s][info   ][gc,stats       ]   CMR: <total>                      966 us
[7.166s][info   ][gc,stats       ]   CMR: Thread Roots                 442 us, workers (us): 442, ---, ---,
[7.166s][info   ][gc,stats       ]   CMR: VM Strong Roots               41 us, workers (us):  41, ---, ---,
[7.166s][info   ][gc,stats       ]   CMR: CLDG Roots                   483 us, workers (us): 483, ---, ---,
[7.166s][info   ][gc,stats       ] Concurrent Marking                11817 us
[7.166s][info   ][gc,stats       ] Pause Final Mark (G)                263 us
[7.166s][info   ][gc,stats       ] Pause Final Mark (N)                104 us
[7.166s][info   ][gc,stats       ]   Finish Mark                        68 us
[7.166s][info   ][gc,stats       ]   Update Region States                3 us
[7.166s][info   ][gc,stats       ]   Choose Collection Set              10 us
[7.166s][info   ][gc,stats       ]   Rebuild Free Set                    4 us
[7.166s][info   ][gc,stats       ] Concurrent Weak References          137 us, parallelism: 0.50x
[7.166s][info   ][gc,stats       ]   CWRF: <total>                      68 us
[7.166s][info   ][gc,stats       ]   CWRF: Weak References              68 us, workers (us):  68, ---, ---,
[7.166s][info   ][gc,stats       ] Concurrent Weak Roots               405 us
[7.166s][info   ][gc,stats       ]   Roots                             348 us, parallelism: 0.81x
[7.166s][info   ][gc,stats       ]     CWR: <total>                    281 us
[7.166s][info   ][gc,stats       ]     CWR: Code Cache Roots           135 us, workers (us): 135, ---, ---,
[7.166s][info   ][gc,stats       ]     CWR: VM Weak Roots              139 us, workers (us): 139, ---, ---,
[7.166s][info   ][gc,stats       ]     CWR: CLDG Roots                   8 us, workers (us):   8, ---, ---,
[7.166s][info   ][gc,stats       ]   Rendezvous                         50 us
[7.166s][info   ][gc,stats       ] Concurrent Cleanup                   44 us
[7.166s][info   ][gc,stats       ] Concurrent Class Unloading         2985 us
[7.166s][info   ][gc,stats       ]   Unlink Stale                     2664 us
[7.166s][info   ][gc,stats       ]     System Dictionary                 7 us
[7.166s][info   ][gc,stats       ]     Weak Class Links                  0 us
[7.166s][info   ][gc,stats       ]     Code Roots                     2654 us
[7.166s][info   ][gc,stats       ]   Rendezvous                        176 us
[7.166s][info   ][gc,stats       ]   Purge Unlinked                    132 us
[7.166s][info   ][gc,stats       ]     Code Roots                      123 us
[7.166s][info   ][gc,stats       ]     CLDG                              8 us
[7.166s][info   ][gc,stats       ]     Exception Caches                  0 us
[7.166s][info   ][gc,stats       ] Pause Final Roots (G)               208 us
[7.166s][info   ][gc,stats       ] Pause Final Roots (N)                 6 us
[7.166s][info   ][gc,stats       ] Pacing                            32108 us
[7.166s][info   ][gc,stats       ]
[7.166s][info   ][gc,stats       ] Allocation pacing accrued:
[7.166s][info   ][gc,stats       ]      32 of    19 ms (165.9%): thread3
[7.167s][info   ][gc,stats       ]      32 of    19 ms (165.9%): <total>
[7.167s][info   ][gc,stats       ]       2 of    19 ms (  9.2%): <average total>
[7.167s][info   ][gc,stats       ]      32 of    19 ms (165.9%): <average non-zero>
[7.167s][info   ][gc,stats       ]
[7.168s][info   ][safepoint,stats] ShenandoahInitMark           [             18               1 ][            45800      36700      48500     131000 ]               1
[7.181s][info   ][safepoint,stats] ShenandoahFinalMarkStartEvac [             18               1 ][            50500      14000     151000     215500 ]               1
[7.185s][info   ][safepoint,stats] ShenandoahFinalRoots         [             18               1 ][            25500      21400      41200      88100 ]               1
[7.185s][info   ][gc,stats       ]
[7.185s][info   ][gc,stats       ] All times are wall-clock times, except per-root-class counters, that are sum over
[7.185s][info   ][gc,stats       ] all workers. Dividing the <total> over the root stage time estimates parallelism.
[7.185s][info   ][gc,stats       ]
[7.185s][info   ][gc,stats       ] Concurrent Reset                     70 us
[7.185s][info   ][gc,stats       ] Pause Init Mark (G)                 212 us
[7.185s][info   ][gc,stats       ] Pause Init Mark (N)                  20 us
[7.185s][info   ][gc,stats       ]   Update Region States                1 us
[7.185s][info   ][gc,stats       ] Concurrent Mark Roots               633 us, parallelism: 0.88x
[7.185s][info   ][gc,stats       ]   CMR: <total>                      558 us
[7.185s][info   ][gc,stats       ]   CMR: Thread Roots                 263 us, workers (us): 263, ---, ---,
[7.185s][info   ][gc,stats       ]   CMR: VM Strong Roots               30 us, workers (us):  30, ---, ---,
[7.185s][info   ][gc,stats       ]   CMR: CLDG Roots                   264 us, workers (us): 264, ---, ---,
[7.185s][info   ][gc,stats       ] Concurrent Marking                12074 us
[7.185s][info   ][gc,stats       ] Pause Final Mark (G)                295 us
[7.185s][info   ][gc,stats       ] Pause Final Mark (N)                114 us
[7.185s][info   ][gc,stats       ]   Finish Mark                        78 us
[7.185s][info   ][gc,stats       ]   Update Region States                2 us
[7.185s][info   ][gc,stats       ]   Choose Collection Set              10 us
[7.185s][info   ][gc,stats       ]   Rebuild Free Set                    4 us
[7.185s][info   ][gc,stats       ] Concurrent Weak References          113 us, parallelism: 0.56x
[7.185s][info   ][gc,stats       ]   CWRF: <total>                      64 us
[7.185s][info   ][gc,stats       ]   CWRF: Weak References              64 us, workers (us):  64, ---, ---,
[7.185s][info   ][gc,stats       ] Concurrent Weak Roots               620 us
[7.185s][info   ][gc,stats       ]   Roots                             543 us, parallelism: 0.86x
[7.185s][info   ][gc,stats       ]     CWR: <total>                    466 us
[7.185s][info   ][gc,stats       ]     CWR: Code Cache Roots           171 us, workers (us): 171, ---, ---,
[7.185s][info   ][gc,stats       ]     CWR: VM Weak Roots              281 us, workers (us): 281, ---, ---,
[7.185s][info   ][gc,stats       ]     CWR: CLDG Roots                  14 us, workers (us):  14, ---, ---,
[7.185s][info   ][gc,stats       ]   Rendezvous                         71 us
[7.185s][info   ][gc,stats       ] Concurrent Cleanup                   37 us
[7.185s][info   ][gc,stats       ] Concurrent Class Unloading         2940 us
[7.185s][info   ][gc,stats       ]   Unlink Stale                     2833 us
[7.185s][info   ][gc,stats       ]     System Dictionary                11 us
[7.185s][info   ][gc,stats       ]     Weak Class Links                  0 us
[7.185s][info   ][gc,stats       ]     Code Roots                     2820 us
[7.185s][info   ][gc,stats       ]   Rendezvous                         61 us
[7.185s][info   ][gc,stats       ]   Purge Unlinked                     41 us
[7.185s][info   ][gc,stats       ]     Code Roots                       36 us
[7.185s][info   ][gc,stats       ]     CLDG                              4 us
[7.185s][info   ][gc,stats       ]     Exception Caches                  0 us
[7.185s][info   ][gc,stats       ] Pause Final Roots (G)               138 us
[7.185s][info   ][gc,stats       ] Pause Final Roots (N)                 5 us
[7.185s][info   ][gc,stats       ] Pacing                            14204 us
[7.185s][info   ][gc,stats       ]
[7.185s][info   ][gc,stats       ] Allocation pacing accrued:
[7.185s][info   ][gc,stats       ]      14 of    19 ms ( 75.9%): thread3
[7.185s][info   ][gc,stats       ]      14 of    19 ms ( 75.9%): <total>
[7.185s][info   ][gc,stats       ]       1 of    19 ms (  4.2%): <average total>
[7.185s][info   ][gc,stats       ]      14 of    19 ms ( 75.9%): <average non-zero>
[7.185s][info   ][gc,stats       ]
[7.197s][info   ][safepoint,stats] ShenandoahInitMark           [             18               1 ][            89000      35600     102300     226900 ]               1
[7.198s][info   ][gc,stats       ]
[7.198s][info   ][gc,stats       ] All times are wall-clock times, except per-root-class counters, that are sum over
[7.198s][info   ][gc,stats       ] all workers. Dividing the <total> over the root stage time estimates parallelism.
[7.198s][info   ][gc,stats       ]
[7.198s][info   ][gc,stats       ] Concurrent Reset                    117 us
[7.198s][info   ][gc,stats       ] Pause Init Mark (G)                 339 us
[7.198s][info   ][gc,stats       ] Pause Init Mark (N)                  38 us
[7.198s][info   ][gc,stats       ]   Update Region States                1 us
[7.198s][info   ][gc,stats       ] Concurrent Mark Roots               697 us, parallelism: 0.92x
[7.198s][info   ][gc,stats       ]   CMR: <total>                      642 us
[7.198s][info   ][gc,stats       ]   CMR: Thread Roots                 223 us, workers (us): 223, ---, ---,
[7.198s][info   ][gc,stats       ]   CMR: VM Strong Roots               46 us, workers (us):  46, ---, ---,
[7.198s][info   ][gc,stats       ]   CMR: CLDG Roots                   372 us, workers (us): 372, ---, ---,
[7.198s][info   ][gc,stats       ] Pacing                            12503 us
[7.198s][info   ][gc,stats       ]
[7.198s][info   ][gc,stats       ] Allocation pacing accrued:
[7.198s][info   ][gc,stats       ]      13 of    13 ms ( 96.5%): thread3
[7.198s][info   ][gc,stats       ]      13 of    13 ms ( 96.5%): <total>
[7.198s][info   ][gc,stats       ]       1 of    13 ms (  5.4%): <average total>
[7.198s][info   ][gc,stats       ]      13 of    13 ms ( 96.5%): <average non-zero>
[7.198s][info   ][gc,stats       ]
[7.224s][info   ][safepoint,stats] ShenandoahDegeneratedGC      [             18               1 ][           149800      20000   11003800   11173600 ]               1
[7.224s][info   ][gc,stats       ]
[7.224s][info   ][gc,stats       ] All times are wall-clock times, except per-root-class counters, that are sum over
[7.224s][info   ][gc,stats       ] all workers. Dividing the <total> over the root stage time estimates parallelism.
[7.224s][info   ][gc,stats       ]
[7.224s][info   ][gc,stats       ] Pause Degenerated GC (G)          11291 us
[7.224s][info   ][gc,stats       ] Pause Degenerated GC (N)          10968 us
[7.224s][info   ][gc,stats       ]   Degen STW Mark                   4791 us, parallelism: 2.93x
[7.224s][info   ][gc,stats       ]     DSM: <total>                  14025 us
[7.224s][info   ][gc,stats       ]     DSM: Thread Roots               156 us, workers (us):  58,  54,  44,
[7.224s][info   ][gc,stats       ]     DSM: VM Strong Roots             29 us, workers (us):  18,   0,  11,
[7.224s][info   ][gc,stats       ]     DSM: CLDG Roots                 263 us, workers (us):   2, 254,   7,
[7.224s][info   ][gc,stats       ]     DSM: Parallel Mark            13577 us, workers (us): 4606, 4370, 4602,
[7.224s][info   ][gc,stats       ]     System Purge                   5871 us
[7.224s][info   ][gc,stats       ]       Weak References                87 us, parallelism: 0.63x
[7.224s][info   ][gc,stats       ]         WRP: <total>                 54 us
[7.224s][info   ][gc,stats       ]         WRP: Weak References         54 us, workers (us):  48,   6,   0,
[7.224s][info   ][gc,stats       ]       Unload Classes               5346 us, parallelism: 0.50x
[7.224s][info   ][gc,stats       ]         DCU: <total>               2669 us
[7.224s][info   ][gc,stats       ]         DCU: Unload Code Caches     2669 us, workers (us): 880, 928, 862,
[7.224s][info   ][gc,stats       ]       Weak Roots                    403 us, parallelism: 2.33x
[7.224s][info   ][gc,stats       ]         DWR: <total>                940 us
[7.224s][info   ][gc,stats       ]         DWR: VM Weak Roots          940 us, workers (us): 313, 329, 298,
[7.224s][info   ][gc,stats       ]       CLDG                            1 us
[7.224s][info   ][gc,stats       ]   Update Region States                1 us
[7.225s][info   ][gc,stats       ]   Manage GC/TLABs                     8 us
[7.225s][info   ][gc,stats       ]   Choose Collection Set              10 us
[7.225s][info   ][gc,stats       ]   Rebuild Free Set                    2 us
[7.225s][info   ][gc,stats       ]   Cleanup                             1 us
[7.225s][info   ][gc,stats       ]
[7.225s][info   ][gc,stats       ] Allocation pacing accrued:
[7.225s][info   ][gc,stats       ]       0 of    26 ms (  0.0%): <total>
[7.225s][info   ][gc,stats       ]       0 of    26 ms (  0.0%): <average total>
[7.225s][info   ][gc,stats       ]
[7.226s][info   ][safepoint,stats] ShenandoahInitMark           [             18               1 ][            36100      21200      36200      93500 ]               1
[7.241s][info   ][safepoint,stats] ShenandoahFinalMarkStartEvac [             18               1 ][            20400      56100     155800     232300 ]               1
[7.245s][info   ][safepoint,stats] ShenandoahFinalRoots         [             18               1 ][            25300      46700      41500     113500 ]               1
[7.245s][info   ][gc,stats       ]
[7.245s][info   ][gc,stats       ] All times are wall-clock times, except per-root-class counters, that are sum over
[7.245s][info   ][gc,stats       ] all workers. Dividing the <total> over the root stage time estimates parallelism.
[7.245s][info   ][gc,stats       ]
[7.245s][info   ][gc,stats       ] Concurrent Reset                     45 us
[7.245s][info   ][gc,stats       ] Pause Init Mark (G)                 148 us
[7.245s][info   ][gc,stats       ] Pause Init Mark (N)                  16 us
[7.245s][info   ][gc,stats       ]   Update Region States                1 us
[7.245s][info   ][gc,stats       ] Concurrent Mark Roots               511 us, parallelism: 0.89x
[7.245s][info   ][gc,stats       ]   CMR: <total>                      453 us
[7.245s][info   ][gc,stats       ]   CMR: Thread Roots                 211 us, workers (us): 211, ---, ---,
[7.245s][info   ][gc,stats       ]   CMR: VM Strong Roots               21 us, workers (us):  21, ---, ---,
[7.245s][info   ][gc,stats       ]   CMR: CLDG Roots                   221 us, workers (us): 221, ---, ---,
[7.245s][info   ][gc,stats       ] Concurrent Marking                13964 us
[7.245s][info   ][gc,stats       ] Pause Final Mark (G)                321 us
[7.245s][info   ][gc,stats       ] Pause Final Mark (N)                124 us
[7.245s][info   ][gc,stats       ]   Finish Mark                        86 us
[7.245s][info   ][gc,stats       ]   Update Region States                2 us
[7.245s][info   ][gc,stats       ]   Choose Collection Set              11 us
[7.245s][info   ][gc,stats       ]   Rebuild Free Set                    3 us
[7.245s][info   ][gc,stats       ] Concurrent Weak References          112 us, parallelism: 0.55x
[7.245s][info   ][gc,stats       ]   CWRF: <total>                      61 us
[7.245s][info   ][gc,stats       ]   CWRF: Weak References              61 us, workers (us):  61, ---, ---,
[7.245s][info   ][gc,stats       ] Concurrent Weak Roots               591 us
[7.245s][info   ][gc,stats       ]   Roots                             517 us, parallelism: 0.90x
[7.245s][info   ][gc,stats       ]     CWR: <total>                    467 us
[7.245s][info   ][gc,stats       ]     CWR: Code Cache Roots           175 us, workers (us): 175, ---, ---,
[7.245s][info   ][gc,stats       ]     CWR: VM Weak Roots              282 us, workers (us): 282, ---, ---,
[7.245s][info   ][gc,stats       ]     CWR: CLDG Roots                  10 us, workers (us):  10, ---, ---,
[7.245s][info   ][gc,stats       ]   Rendezvous                         69 us
[7.245s][info   ][gc,stats       ] Concurrent Cleanup                   69 us
[7.245s][info   ][gc,stats       ] Concurrent Class Unloading         2826 us
[7.245s][info   ][gc,stats       ]   Unlink Stale                     2679 us
[7.245s][info   ][gc,stats       ]     System Dictionary                 4 us
[7.245s][info   ][gc,stats       ]     Weak Class Links                  0 us
[7.245s][info   ][gc,stats       ]     Code Roots                     2673 us
[7.245s][info   ][gc,stats       ]   Rendezvous                         42 us
[7.245s][info   ][gc,stats       ]   Purge Unlinked                     98 us
[7.245s][info   ][gc,stats       ]     Code Roots                       90 us
[7.245s][info   ][gc,stats       ]     CLDG                              7 us
[7.245s][info   ][gc,stats       ]     Exception Caches                  0 us
[7.245s][info   ][gc,stats       ] Pause Final Roots (G)               170 us
[7.245s][info   ][gc,stats       ] Pause Final Roots (N)                 4 us
[7.245s][info   ][gc,stats       ]
[7.245s][info   ][gc,stats       ] Allocation pacing accrued:
[7.245s][info   ][gc,stats       ]       0 of    20 ms (  0.0%): <total>
[7.245s][info   ][gc,stats       ]       0 of    20 ms (  0.0%): <average total>
[7.245s][info   ][gc,stats       ]
[7.261s][info   ][safepoint,stats] ShenandoahInitMark           [             18               1 ][            89000      52800      89300     231100 ]               1
[7.275s][info   ][safepoint,stats] ShenandoahFinalMarkStartEvac [             18               1 ][            25600      54800     156600     237000 ]               1
[7.278s][info   ][safepoint,stats] ShenandoahFinalRoots         [             18               1 ][            18900      23500      32500      74900 ]               1
[7.278s][info   ][gc,stats       ]
[7.278s][info   ][gc,stats       ] All times are wall-clock times, except per-root-class counters, that are sum over
[7.278s][info   ][gc,stats       ] all workers. Dividing the <total> over the root stage time estimates parallelism.
[7.278s][info   ][gc,stats       ]
[7.278s][info   ][gc,stats       ] Concurrent Reset                    118 us
[7.278s][info   ][gc,stats       ] Pause Init Mark (G)                 372 us
[7.278s][info   ][gc,stats       ] Pause Init Mark (N)                  37 us
[7.278s][info   ][gc,stats       ]   Update Region States                1 us
[7.278s][info   ][gc,stats       ] Concurrent Mark Roots               789 us, parallelism: 0.91x
[7.278s][info   ][gc,stats       ]   CMR: <total>                      719 us
[7.278s][info   ][gc,stats       ]   CMR: Thread Roots                 214 us, workers (us): 214, ---, ---,
[7.278s][info   ][gc,stats       ]   CMR: VM Strong Roots               54 us, workers (us):  54, ---, ---,
[7.278s][info   ][gc,stats       ]   CMR: CLDG Roots                   452 us, workers (us): 452, ---, ---,
[7.278s][info   ][gc,stats       ] Concurrent Marking                12220 us
[7.278s][info   ][gc,stats       ] Pause Final Mark (G)                320 us
[7.278s][info   ][gc,stats       ] Pause Final Mark (N)                124 us
[7.278s][info   ][gc,stats       ]   Finish Mark                        88 us
[7.278s][info   ][gc,stats       ]   Update Region States                2 us
[7.278s][info   ][gc,stats       ]   Choose Collection Set               9 us
[7.278s][info   ][gc,stats       ]   Rebuild Free Set                    3 us
[7.278s][info   ][gc,stats       ] Concurrent Weak References          111 us, parallelism: 0.60x
[7.278s][info   ][gc,stats       ]   CWRF: <total>                      67 us
[7.278s][info   ][gc,stats       ]   CWRF: Weak References              67 us, workers (us):  67, ---, ---,
[7.278s][info   ][gc,stats       ] Concurrent Weak Roots               592 us
[7.278s][info   ][gc,stats       ]   Roots                             520 us, parallelism: 0.90x
[7.278s][info   ][gc,stats       ]     CWR: <total>                    471 us
[7.278s][info   ][gc,stats       ]     CWR: Code Cache Roots           178 us, workers (us): 178, ---, ---,
[7.278s][info   ][gc,stats       ]     CWR: VM Weak Roots              282 us, workers (us): 282, ---, ---,
[7.278s][info   ][gc,stats       ]     CWR: CLDG Roots                  10 us, workers (us):  10, ---, ---,
[7.278s][info   ][gc,stats       ]   Rendezvous                         68 us
[7.278s][info   ][gc,stats       ] Concurrent Cleanup                   38 us
[7.278s][info   ][gc,stats       ] Concurrent Class Unloading         2480 us
[7.278s][info   ][gc,stats       ]   Unlink Stale                     2317 us
[7.278s][info   ][gc,stats       ]     System Dictionary                 4 us
[7.278s][info   ][gc,stats       ]     Weak Class Links                  0 us
[7.278s][info   ][gc,stats       ]     Code Roots                     2311 us
[7.278s][info   ][gc,stats       ]   Rendezvous                         71 us
[7.278s][info   ][gc,stats       ]   Purge Unlinked                     85 us
[7.278s][info   ][gc,stats       ]     Code Roots                       76 us
[7.278s][info   ][gc,stats       ]     CLDG                              7 us
[7.278s][info   ][gc,stats       ]     Exception Caches                  0 us
[7.278s][info   ][gc,stats       ] Pause Final Roots (G)               153 us
[7.278s][info   ][gc,stats       ] Pause Final Roots (N)                 7 us
[7.278s][info   ][gc,stats       ] Pacing                            44846 us
[7.278s][info   ][gc,stats       ]
[7.278s][info   ][gc,stats       ] Allocation pacing accrued:
[7.278s][info   ][gc,stats       ]      45 of    33 ms (134.1%): thread3
[7.278s][info   ][gc,stats       ]      45 of    33 ms (134.1%): <total>
[7.278s][info   ][gc,stats       ]       2 of    33 ms (  7.5%): <average total>
[7.278s][info   ][gc,stats       ]      45 of    33 ms (134.1%): <average non-zero>
[7.278s][info   ][gc,stats       ]
[7.280s][info   ][safepoint,stats] ShenandoahInitMark           [             18               1 ][            61400      31600      57700     150700 ]               1
[7.293s][info   ][gc,stats       ]
[7.294s][info   ][gc,stats       ] All times are wall-clock times, except per-root-class counters, that are sum over
[7.294s][info   ][gc,stats       ] all workers. Dividing the <total> over the root stage time estimates parallelism.
[7.294s][info   ][gc,stats       ]
[7.294s][info   ][gc,stats       ] Concurrent Reset                     70 us
[7.294s][info   ][gc,stats       ] Pause Init Mark (G)                 231 us
[7.294s][info   ][gc,stats       ] Pause Init Mark (N)                  30 us
[7.294s][info   ][gc,stats       ]   Update Region States                1 us
[7.294s][info   ][gc,stats       ] Concurrent Mark Roots               592 us, parallelism: 0.85x
[7.294s][info   ][gc,stats       ]   CMR: <total>                      504 us
[7.294s][info   ][gc,stats       ]   CMR: Thread Roots                 238 us, workers (us): 238, ---, ---,
[7.294s][info   ][gc,stats       ]   CMR: VM Strong Roots               29 us, workers (us):  29, ---, ---,
[7.294s][info   ][gc,stats       ]   CMR: CLDG Roots                   237 us, workers (us): 237, ---, ---,
[7.294s][info   ][gc,stats       ] Concurrent Marking                12694 us
[7.294s][info   ][gc,stats       ] Pacing                            14485 us
[7.294s][info   ][gc,stats       ]
[7.294s][info   ][gc,stats       ] Allocation pacing accrued:
[7.294s][info   ][gc,stats       ]      14 of    15 ms ( 94.2%): thread3
[7.294s][info   ][gc,stats       ]      14 of    15 ms ( 94.2%): <total>
[7.294s][info   ][gc,stats       ]       1 of    15 ms (  5.2%): <average total>
[7.294s][info   ][gc,stats       ]      14 of    15 ms ( 94.2%): <average non-zero>
[7.294s][info   ][gc,stats       ]
[7.314s][info   ][safepoint,stats] ShenandoahDegeneratedGC      [             18               1 ][           117200      48200    6264000    6429400 ]               1
[7.314s][info   ][gc,stats       ]
[7.314s][info   ][gc,stats       ] All times are wall-clock times, except per-root-class counters, that are sum over
[7.314s][info   ][gc,stats       ] all workers. Dividing the <total> over the root stage time estimates parallelism.
[7.314s][info   ][gc,stats       ]
[7.314s][info   ][gc,stats       ]   Finish Mark                        57 us
[7.314s][info   ][gc,stats       ] Pause Degenerated GC (G)           6552 us
[7.314s][info   ][gc,stats       ] Pause Degenerated GC (N)           6214 us
[7.315s][info   ][gc,stats       ]     System Purge                   5852 us
[7.315s][info   ][gc,stats       ]       Weak References                74 us, parallelism: 0.66x
[7.315s][info   ][gc,stats       ]         WRP: <total>                 49 us
[7.315s][info   ][gc,stats       ]         WRP: Weak References         49 us, workers (us):  48,   1,   0,
[7.315s][info   ][gc,stats       ]       Unload Classes               5429 us, parallelism: 0.55x
[7.315s][info   ][gc,stats       ]         DCU: <total>               3009 us
[7.315s][info   ][gc,stats       ]         DCU: Unload Code Caches     3009 us, workers (us): 1046, 999, 964,
[7.315s][info   ][gc,stats       ]       Weak Roots                    313 us, parallelism: 2.41x
[7.315s][info   ][gc,stats       ]         DWR: <total>                755 us
[7.315s][info   ][gc,stats       ]         DWR: VM Weak Roots          755 us, workers (us): 241, 278, 235,
[7.315s][info   ][gc,stats       ]       CLDG                            1 us
[7.315s][info   ][gc,stats       ]   Update Region States                2 us
[7.315s][info   ][gc,stats       ]   Manage GC/TLABs                     7 us
[7.315s][info   ][gc,stats       ]   Choose Collection Set              10 us
[7.315s][info   ][gc,stats       ]   Rebuild Free Set                    2 us
[7.315s][info   ][gc,stats       ]   Cleanup                             2 us
[7.315s][info   ][gc,stats       ]
[7.315s][info   ][gc,stats       ] Allocation pacing accrued:
[7.315s][info   ][gc,stats       ]       0 of    21 ms (  0.0%): <total>
[7.315s][info   ][gc,stats       ]       0 of    21 ms (  0.0%): <average total>
[7.315s][info   ][gc,stats       ]
[7.316s][info   ][safepoint,stats] ShenandoahInitMark           [             18               1 ][            71900      47200      45600     164700 ]               1
Disconnected from the target VM, address: '127.0.0.1:56632', transport: 'socket'
[7.327s][info   ][safepoint,stats] ChangeBreakpoints            [             18               1 ][           120000      81900      31900     233800 ]               1
[7.327s][info   ][safepoint,stats] ChangeBreakpoints            [             17               1 ][            53000      45100      21600     119700 ]               1
[7.328s][info   ][safepoint,stats] ChangeBreakpoints            [             17               1 ][           380800      27300      22300     430400 ]               1
[7.329s][info   ][safepoint,stats] ShenandoahFinalMarkStartEvac [             17               1 ][            15000      19500     113900     148400 ]               1
[7.333s][info   ][safepoint,stats] ShenandoahFinalRoots         [             17               1 ][            15500      44600      33500      93600 ]               1
[7.333s][info   ][gc,stats       ]
[7.333s][info   ][gc,stats       ] All times are wall-clock times, except per-root-class counters, that are sum over
[7.333s][info   ][gc,stats       ] all workers. Dividing the <total> over the root stage time estimates parallelism.
[7.333s][info   ][gc,stats       ]
[7.333s][info   ][gc,stats       ] Concurrent Reset                     73 us
[7.333s][info   ][gc,stats       ] Pause Init Mark (G)                 236 us
[7.333s][info   ][gc,stats       ] Pause Init Mark (N)                  18 us
[7.333s][info   ][gc,stats       ]   Update Region States                1 us
[7.333s][info   ][gc,stats       ] Concurrent Mark Roots               529 us, parallelism: 0.89x
[7.333s][info   ][gc,stats       ]   CMR: <total>                      473 us
[7.333s][info   ][gc,stats       ]   CMR: Thread Roots                 218 us, workers (us): 218, ---, ---,
[7.333s][info   ][gc,stats       ]   CMR: VM Strong Roots               24 us, workers (us):  24, ---, ---,
[7.333s][info   ][gc,stats       ]   CMR: CLDG Roots                   230 us, workers (us): 230, ---, ---,
[7.333s][info   ][gc,stats       ] Concurrent Marking                12643 us
[7.333s][info   ][gc,stats       ] Pause Final Mark (G)                220 us
[7.333s][info   ][gc,stats       ] Pause Final Mark (N)                 93 us
[7.333s][info   ][gc,stats       ]   Finish Mark                        63 us
[7.333s][info   ][gc,stats       ]   Update Region States                2 us
[7.333s][info   ][gc,stats       ]   Choose Collection Set               9 us
[7.333s][info   ][gc,stats       ]   Rebuild Free Set                    2 us
[7.333s][info   ][gc,stats       ] Concurrent Weak References           79 us, parallelism: 0.51x
[7.333s][info   ][gc,stats       ]   CWRF: <total>                      40 us
[7.333s][info   ][gc,stats       ]   CWRF: Weak References              40 us, workers (us):  40, ---, ---,
[7.333s][info   ][gc,stats       ] Concurrent Weak Roots               410 us
[7.333s][info   ][gc,stats       ]   Roots                             340 us, parallelism: 0.84x
[7.333s][info   ][gc,stats       ]     CWR: <total>                    285 us
[7.333s][info   ][gc,stats       ]     CWR: Code Cache Roots           140 us, workers (us): 140, ---, ---,
[7.333s][info   ][gc,stats       ]     CWR: VM Weak Roots              134 us, workers (us): 134, ---, ---,
[7.333s][info   ][gc,stats       ]     CWR: CLDG Roots                  11 us, workers (us):  11, ---, ---,
[7.333s][info   ][gc,stats       ]   Rendezvous                         64 us
[7.333s][info   ][gc,stats       ] Concurrent Cleanup                   55 us
[7.333s][info   ][gc,stats       ] Concurrent Class Unloading         2463 us
[7.333s][info   ][gc,stats       ]   Unlink Stale                     2299 us
[7.333s][info   ][gc,stats       ]     System Dictionary                10 us
[7.333s][info   ][gc,stats       ]     Weak Class Links                  1 us
[7.333s][info   ][gc,stats       ]     Code Roots                     2285 us
[7.333s][info   ][gc,stats       ]   Rendezvous                        102 us
[7.333s][info   ][gc,stats       ]   Purge Unlinked                     55 us
[7.333s][info   ][gc,stats       ]     Code Roots                       52 us
[7.333s][info   ][gc,stats       ]     CLDG                              3 us
[7.333s][info   ][gc,stats       ]     Exception Caches                  0 us
[7.333s][info   ][gc,stats       ] Pause Final Roots (G)               146 us
[7.333s][info   ][gc,stats       ] Pause Final Roots (N)                 5 us
[7.333s][info   ][gc,stats       ]
[7.333s][info   ][gc,stats       ] Allocation pacing accrued:
[7.333s][info   ][gc,stats       ]       0 of    18 ms (  0.0%): <total>
[7.333s][info   ][gc,stats       ]       0 of    18 ms (  0.0%): <average total>
[7.333s][info   ][gc,stats       ]
[7.340s][info   ][safepoint,stats] ShenandoahInitMark           [             17               2 ][            90700      25800     113100     229600 ]               1
[7.352s][info   ][safepoint,stats] ShenandoahFinalMarkStartEvac [             16               1 ][            15000      16800      63000      94800 ]               1
[7.356s][info   ][safepoint,stats] ShenandoahFinalRoots         [             16               1 ][           311000      23400      50200     384600 ]               1
[7.356s][info   ][gc,stats       ]
[7.356s][info   ][gc,stats       ] All times are wall-clock times, except per-root-class counters, that are sum over
[7.356s][info   ][gc,stats       ] all workers. Dividing the <total> over the root stage time estimates parallelism.
[7.356s][info   ][gc,stats       ]
[7.356s][info   ][gc,stats       ] Concurrent Reset                     47 us
[7.356s][info   ][gc,stats       ] Pause Init Mark (G)                 292 us
[7.356s][info   ][gc,stats       ] Pause Init Mark (N)                  19 us
[7.356s][info   ][gc,stats       ]   Update Region States                1 us
[7.356s][info   ][gc,stats       ] Concurrent Mark Roots               517 us, parallelism: 0.89x
[7.356s][info   ][gc,stats       ]   CMR: <total>                      463 us
[7.356s][info   ][gc,stats       ]   CMR: Thread Roots                 197 us, workers (us): 197, ---, ---,
[7.356s][info   ][gc,stats       ]   CMR: VM Strong Roots               23 us, workers (us):  23, ---, ---,
[7.356s][info   ][gc,stats       ]   CMR: CLDG Roots                   243 us, workers (us): 243, ---, ---,
[7.356s][info   ][gc,stats       ] Concurrent Marking                12127 us
[7.356s][info   ][gc,stats       ] Pause Final Mark (G)                139 us
[7.356s][info   ][gc,stats       ] Pause Final Mark (N)                 46 us
[7.356s][info   ][gc,stats       ]   Finish Mark                        28 us
[7.356s][info   ][gc,stats       ]   Update Region States                1 us
[7.356s][info   ][gc,stats       ]   Choose Collection Set               3 us
[7.356s][info   ][gc,stats       ]   Rebuild Free Set                    2 us
[7.356s][info   ][gc,stats       ] Concurrent Weak References           50 us, parallelism: 0.67x
[7.356s][info   ][gc,stats       ]   CWRF: <total>                      33 us
[7.356s][info   ][gc,stats       ]   CWRF: Weak References              33 us, workers (us):  33, ---, ---,
[7.356s][info   ][gc,stats       ] Concurrent Weak Roots               366 us
[7.356s][info   ][gc,stats       ]   Roots                             314 us, parallelism: 0.93x
[7.356s][info   ][gc,stats       ]     CWR: <total>                    291 us
[7.356s][info   ][gc,stats       ]     CWR: Code Cache Roots           172 us, workers (us): 172, ---, ---,
[7.356s][info   ][gc,stats       ]     CWR: VM Weak Roots              109 us, workers (us): 109, ---, ---,
[7.356s][info   ][gc,stats       ]     CWR: CLDG Roots                  10 us, workers (us):  10, ---, ---,
[7.356s][info   ][gc,stats       ]   Rendezvous                         49 us
[7.356s][info   ][gc,stats       ] Concurrent Cleanup                    2 us
[7.356s][info   ][gc,stats       ] Concurrent Class Unloading         2408 us
[7.356s][info   ][gc,stats       ]   Unlink Stale                     2241 us
[7.356s][info   ][gc,stats       ]     System Dictionary                 4 us
[7.356s][info   ][gc,stats       ]     Weak Class Links                  0 us
[7.356s][info   ][gc,stats       ]     Code Roots                     2235 us
[7.356s][info   ][gc,stats       ]   Rendezvous                         86 us
[7.356s][info   ][gc,stats       ]   Purge Unlinked                     74 us
[7.356s][info   ][gc,stats       ]     Code Roots                       69 us
[7.356s][info   ][gc,stats       ]     CLDG                              5 us
[7.356s][info   ][gc,stats       ]     Exception Caches                  0 us
[7.356s][info   ][gc,stats       ] Pause Final Roots (G)               460 us
[7.356s][info   ][gc,stats       ] Pause Final Roots (N)                 5 us
[7.356s][info   ][gc,stats       ] Pacing                            40307 us
[7.356s][info   ][gc,stats       ]
[7.356s][info   ][gc,stats       ] Allocation pacing accrued:
[7.356s][info   ][gc,stats       ]       4 of    23 ms ( 18.7%): Signal Dispatcher
[7.356s][info   ][gc,stats       ]      36 of    23 ms (155.3%): thread3
[7.356s][info   ][gc,stats       ]      40 of    23 ms (174.0%): <total>
[7.356s][info   ][gc,stats       ]       3 of    23 ms ( 10.9%): <average total>
[7.356s][info   ][gc,stats       ]      20 of    23 ms ( 87.0%): <average non-zero>
[7.356s][info   ][gc,stats       ]
[7.373s][info   ][gc,stats       ]
[7.374s][info   ][gc,stats       ] GC STATISTICS:
[7.374s][info   ][gc,stats       ]   "(G)" (gross) pauses include VM time: time to notify and block threads, do the pre-
[7.374s][info   ][gc,stats       ]         and post-safepoint housekeeping. Use -Xlog:safepoint+stats to dissect.
[7.374s][info   ][gc,stats       ]   "(N)" (net) pauses are the times spent in the actual GC code.
[7.374s][info   ][gc,stats       ]   "a" is average time for each phase, look at levels to see if average makes sense.
[7.374s][info   ][gc,stats       ]   "lvls" are quantiles: 0% (minimum), 25%, 50% (median), 75%, 100% (maximum).
[7.374s][info   ][gc,stats       ]
[7.374s][info   ][gc,stats       ]   All times are wall-clock times, except per-root-class counters, that are sum over
[7.374s][info   ][gc,stats       ]   all workers. Dividing the <total> over the root stage time estimates parallelism.
[7.374s][info   ][gc,stats       ]
[7.374s][info   ][gc,stats       ]   Pacing delays are measured from entering the pacing code till exiting it. Therefore,
[7.374s][info   ][gc,stats       ]   observed pacing delays may be higher than the threshold when paced thread spent more
[7.374s][info   ][gc,stats       ]   time in the pacing code. It usually happens when thread is de-scheduled while paced,
[7.374s][info   ][gc,stats       ]   OS takes longer to unblock the thread, or JVM experiences an STW pause.
[7.374s][info   ][gc,stats       ]
[7.374s][info   ][gc,stats       ]   Higher delay would prevent application outpacing the GC, but it will hide the GC latencies
[7.374s][info   ][gc,stats       ]   from the STW pause times. Pacing affects the individual threads, and so it would also be
[7.374s][info   ][gc,stats       ]   invisible to the usual profiling tools, but would add up to end-to-end application latency.
[7.374s][info   ][gc,stats       ]   Raise max pacing delay with care.
[7.374s][info   ][gc,stats       ]
[7.374s][info   ][gc,stats       ] Concurrent Reset               =    0.010 s (a =       60 us) (n =   159) (lvls, us =       30,       46,       54,       68,      158)
[7.374s][info   ][gc,stats       ] Pause Init Mark (G)            =    0.052 s (a =      326 us) (n =   159) (lvls, us =      105,      152,      195,      254,    16594)
[7.374s][info   ][gc,stats       ] Pause Init Mark (N)            =    0.003 s (a =       22 us) (n =   159) (lvls, us =       12,       14,       17,       24,      145)
[7.374s][info   ][gc,stats       ]   Update Region States         =    0.000 s (a =        1 us) (n =   159) (lvls, us =        0,        0,        0,        1,        3)
[7.374s][info   ][gc,stats       ] Concurrent Mark Roots          =    0.116 s (a =      729 us) (n =   159) (lvls, us =      447,      529,      592,      896,     1947)
[7.374s][info   ][gc,stats       ]   CMR: <total>                 =    0.105 s (a =      662 us) (n =   159) (lvls, us =      402,      465,      514,      813,     1860)
[7.374s][info   ][gc,stats       ]   CMR: Thread Roots            =    0.056 s (a =      349 us) (n =   159) (lvls, us =      188,      215,      227,      408,     1336)
[7.374s][info   ][gc,stats       ]   CMR: VM Strong Roots         =    0.005 s (a =       29 us) (n =   159) (lvls, us =       15,       22,       24,       35,       56)
[7.374s][info   ][gc,stats       ]   CMR: CLDG Roots              =    0.045 s (a =      284 us) (n =   159) (lvls, us =      131,      223,      230,      312,      623)
[7.374s][info   ][gc,stats       ] Concurrent Marking             =    1.677 s (a =    12062 us) (n =   139) (lvls, us =     3105,    11914,    12305,    12500,    14853)
[7.374s][info   ][gc,stats       ] Pause Final Mark (G)           =    0.036 s (a =      306 us) (n =   119) (lvls, us =      139,      234,      281,      324,     1730)
[7.374s][info   ][gc,stats       ] Pause Final Mark (N)           =    0.013 s (a =      108 us) (n =   119) (lvls, us =       45,       86,      100,      119,      227)
[7.374s][info   ][gc,stats       ]   Finish Mark                  =    0.020 s (a =      141 us) (n =   139) (lvls, us =       27,       61,       75,       93,     1252)
[7.374s][info   ][gc,stats       ]   Update Region States         =    0.000 s (a =        2 us) (n =   119) (lvls, us =        1,        1,        2,        2,        4)
[7.374s][info   ][gc,stats       ]   Choose Collection Set        =    0.001 s (a =        8 us) (n =   119) (lvls, us =        2,        5,        8,       10,       17)
[7.374s][info   ][gc,stats       ]   Rebuild Free Set             =    0.000 s (a =        3 us) (n =   119) (lvls, us =        1,        2,        3,        3,        6)
[7.374s][info   ][gc,stats       ] Concurrent Thread Roots        =    0.011 s (a =      969 us) (n =    11) (lvls, us =      486,      518,      814,     1055,     2053)
[7.374s][info   ][gc,stats       ]   CTR: <total>                 =    0.010 s (a =      916 us) (n =    11) (lvls, us =      418,      490,      787,     1016,     1970)
[7.374s][info   ][gc,stats       ]   CTR: Thread Roots            =    0.010 s (a =      916 us) (n =    11) (lvls, us =      418,      490,      787,     1016,     1970)
[7.374s][info   ][gc,stats       ] Concurrent Weak References     =    0.012 s (a =       99 us) (n =   119) (lvls, us =       17,       76,       92,      115,      206)
[7.374s][info   ][gc,stats       ]   CWRF: <total>                =    0.005 s (a =       46 us) (n =   119) (lvls, us =        8,       31,       40,       63,       92)
[7.374s][info   ][gc,stats       ]   CWRF: Weak References        =    0.005 s (a =       46 us) (n =   119) (lvls, us =        8,       31,       40,       63,       92)
[7.374s][info   ][gc,stats       ] Concurrent Weak Roots          =    0.080 s (a =      676 us) (n =   119) (lvls, us =      100,      424,      520,      639,    16086)
[7.374s][info   ][gc,stats       ]   Roots                        =    0.054 s (a =      450 us) (n =   119) (lvls, us =       69,      338,      422,      545,      993)
[7.374s][info   ][gc,stats       ]     CWR: <total>               =    0.046 s (a =      385 us) (n =   119) (lvls, us =       47,      279,      348,      469,      922)
[7.374s][info   ][gc,stats       ]     CWR: Code Cache Roots      =    0.018 s (a =      155 us) (n =   119) (lvls, us =       13,      129,      148,      174,      333)
[7.374s][info   ][gc,stats       ]     CWR: VM Weak Roots         =    0.026 s (a =      219 us) (n =   119) (lvls, us =       27,      137,      176,      283,      677)
[7.374s][info   ][gc,stats       ]     CWR: CLDG Roots            =    0.001 s (a =       11 us) (n =   119) (lvls, us =        2,        8,       10,       12,       51)
[7.374s][info   ][gc,stats       ]   Rendezvous                   =    0.026 s (a =      220 us) (n =   119) (lvls, us =       28,       63,       79,       96,    15080)
[7.374s][info   ][gc,stats       ] Concurrent Cleanup             =    0.005 s (a =       41 us) (n =   119) (lvls, us =        2,        6,       41,       48,      160)
[7.374s][info   ][gc,stats       ] Concurrent Class Unloading     =    0.308 s (a =     2585 us) (n =   119) (lvls, us =      150,     2246,     2461,     2734,    16630)
[7.374s][info   ][gc,stats       ]   Unlink Stale                 =    0.273 s (a =     2294 us) (n =   119) (lvls, us =      117,     2090,     2266,     2559,     3824)
[7.374s][info   ][gc,stats       ]     System Dictionary          =    0.001 s (a =        9 us) (n =   119) (lvls, us =        1,        4,        7,        9,      159)
[7.374s][info   ][gc,stats       ]     Weak Class Links           =    0.002 s (a =       14 us) (n =   119) (lvls, us =        0,        0,        0,        0,      823)
[7.374s][info   ][gc,stats       ]     Code Roots                 =    0.270 s (a =     2269 us) (n =   119) (lvls, us =      111,     2070,     2266,     2520,     3814)
[7.374s][info   ][gc,stats       ]   Rendezvous                   =    0.025 s (a =      212 us) (n =   119) (lvls, us =       22,       61,       80,      100,    14378)
[7.374s][info   ][gc,stats       ]   Purge Unlinked               =    0.008 s (a =       71 us) (n =   119) (lvls, us =        8,       56,       65,       84,      278)
[7.374s][info   ][gc,stats       ]     Code Roots                 =    0.008 s (a =       64 us) (n =   119) (lvls, us =        4,       51,       59,       75,      272)
[7.374s][info   ][gc,stats       ]     CLDG                       =    0.001 s (a =        6 us) (n =   119) (lvls, us =        2,        4,        4,        7,       77)
[7.374s][info   ][gc,stats       ]     Exception Caches           =    0.000 s (a =        0 us) (n =   119) (lvls, us =        0,        0,        0,        0,        1)
[7.374s][info   ][gc,stats       ] Concurrent Strong Roots        =    0.001 s (a =      103 us) (n =    11) (lvls, us =       67,       68,       93,      121,      133)
[7.374s][info   ][gc,stats       ]   CSR: <total>                 =    0.001 s (a =       66 us) (n =    11) (lvls, us =       42,       44,       66,       73,       97)
[7.374s][info   ][gc,stats       ]   CSR: VM Strong Roots         =    0.000 s (a =        8 us) (n =    11) (lvls, us =        3,        5,        7,        9,       15)
[7.374s][info   ][gc,stats       ]   CSR: CLDG Roots              =    0.001 s (a =       58 us) (n =    11) (lvls, us =       34,       41,       61,       65,       81)
[7.374s][info   ][gc,stats       ] Concurrent Evacuation          =    0.005 s (a =      471 us) (n =    11) (lvls, us =      162,      303,      434,      521,      750)
[7.374s][info   ][gc,stats       ] Pause Final Roots (G)          =    0.019 s (a =      178 us) (n =   108) (lvls, us =      115,      145,      166,      189,      743)
[7.374s][info   ][gc,stats       ] Pause Final Roots (N)          =    0.001 s (a =        6 us) (n =   108) (lvls, us =        4,        5,        5,        7,       13)
[7.374s][info   ][gc,stats       ] Pause Init Update Refs (G)     =    0.003 s (a =      263 us) (n =    11) (lvls, us =       86,       88,      148,      320,      756)
[7.374s][info   ][gc,stats       ] Pause Init Update Refs (N)     =    0.000 s (a =       12 us) (n =    11) (lvls, us =        8,        9,       10,       12,       23)
[7.374s][info   ][gc,stats       ]   Manage GCLABs                =    0.000 s (a =        6 us) (n =    11) (lvls, us =        3,        4,        5,        8,       12)
[7.374s][info   ][gc,stats       ] Concurrent Update Refs         =    0.029 s (a =     2628 us) (n =    11) (lvls, us =     1094,     1152,     2480,     3301,     4201)
[7.374s][info   ][gc,stats       ] Concurrent Update Thread Roots =    0.009 s (a =      822 us) (n =    11) (lvls, us =      395,      586,      861,      965,     1115)
[7.374s][info   ][gc,stats       ] Pause Final Update Refs (G)    =    0.003 s (a =      228 us) (n =    11) (lvls, us =       92,      125,      182,      229,      675)
[7.374s][info   ][gc,stats       ] Pause Final Update Refs (N)    =    0.000 s (a =       36 us) (n =    11) (lvls, us =       26,       29,       34,       36,       52)
[7.374s][info   ][gc,stats       ]   Update Region States         =    0.000 s (a =        1 us) (n =    11) (lvls, us =        1,        1,        1,        1,        3)
[7.374s][info   ][gc,stats       ]   Trash Collection Set         =    0.000 s (a =        2 us) (n =    11) (lvls, us =        1,        1,        2,        2,        4)
[7.374s][info   ][gc,stats       ]   Rebuild Free Set             =    0.000 s (a =        2 us) (n =    11) (lvls, us =        2,        2,        2,        2,        4)
[7.374s][info   ][gc,stats       ] Concurrent Cleanup             =    0.001 s (a =       68 us) (n =    11) (lvls, us =       25,       25,       41,       69,      205)
[7.374s][info   ][gc,stats       ] Pause Degenerated GC (G)       =    0.680 s (a =    12599 us) (n =    54) (lvls, us =     6523,     7422,    11133,    11719,    41541)
[7.374s][info   ][gc,stats       ] Pause Degenerated GC (N)       =    0.665 s (a =    12319 us) (n =    54) (lvls, us =     6211,     7109,    10938,    11523,    41262)
[7.374s][info   ][gc,stats       ]   Degen STW Mark               =    0.166 s (a =     4871 us) (n =    34) (lvls, us =     4395,     4648,     4805,     5000,     5505)
[7.374s][info   ][gc,stats       ]     DSM: <total>               =    0.487 s (a =    14311 us) (n =    34) (lvls, us =    12891,    13672,    14062,    14648,    16180)
[7.374s][info   ][gc,stats       ]     DSM: Thread Roots          =    0.009 s (a =      271 us) (n =    34) (lvls, us =      100,      119,      145,      201,     1786)
[7.374s][info   ][gc,stats       ]     DSM: VM Strong Roots       =    0.001 s (a =       36 us) (n =    34) (lvls, us =       17,       26,       35,       43,       67)
[7.374s][info   ][gc,stats       ]     DSM: CLDG Roots            =    0.012 s (a =      356 us) (n =    34) (lvls, us =      223,      240,      258,      477,      704)
[7.374s][info   ][gc,stats       ]     DSM: Parallel Mark         =    0.464 s (a =    13648 us) (n =    34) (lvls, us =    12500,    13281,    13477,    13672,    15239)
[7.374s][info   ][gc,stats       ]     System Purge               =    0.321 s (a =     5953 us) (n =    54) (lvls, us =     5020,     5723,     5898,     6152,     6942)
[7.374s][info   ][gc,stats       ]       Weak References          =    0.005 s (a =       87 us) (n =    54) (lvls, us =       53,       69,       81,       92,      180)
[7.374s][info   ][gc,stats       ]         WRP: <total>           =    0.003 s (a =       54 us) (n =    54) (lvls, us =       29,       41,       48,       54,      122)
[7.374s][info   ][gc,stats       ]         WRP: Weak References   =    0.003 s (a =       54 us) (n =    54) (lvls, us =       29,       41,       48,       54,      122)
[7.374s][info   ][gc,stats       ]       Unload Classes           =    0.300 s (a =     5549 us) (n =    54) (lvls, us =     4648,     5293,     5449,     5703,     6450)
[7.374s][info   ][gc,stats       ]         DCU: <total>           =    0.139 s (a =     2577 us) (n =    54) (lvls, us =     1992,     2266,     2500,     2773,     3982)
[7.374s][info   ][gc,stats       ]         DCU: Unload Code Caches =    0.138 s (a =     2561 us) (n =    54) (lvls, us =     1992,     2266,     2500,     2754,     3982)
[7.374s][info   ][gc,stats       ]         DCU: Unlink CLDs       =    0.001 s (a =      889 us) (n =     1) (lvls, us =      889,      889,      889,      889,      889)
[7.374s][info   ][gc,stats       ]       Weak Roots               =    0.015 s (a =      279 us) (n =    54) (lvls, us =      205,      230,      262,      293,      506)
[7.374s][info   ][gc,stats       ]         DWR: <total>           =    0.035 s (a =      655 us) (n =    54) (lvls, us =      504,      520,      623,      691,     1308)
[7.374s][info   ][gc,stats       ]         DWR: VM Weak Roots     =    0.035 s (a =      655 us) (n =    54) (lvls, us =      504,      520,      623,      691,     1308)
[7.374s][info   ][gc,stats       ]       CLDG                     =    0.000 s (a =        3 us) (n =    54) (lvls, us =        0,        1,        1,        1,       97)
[7.374s][info   ][gc,stats       ]   Update Region States         =    0.000 s (a =        2 us) (n =    54) (lvls, us =        1,        1,        2,        2,        2)
[7.374s][info   ][gc,stats       ]   Manage GC/TLABs              =    0.000 s (a =        8 us) (n =    54) (lvls, us =        6,        7,        8,        8,       29)
[7.374s][info   ][gc,stats       ]   Choose Collection Set        =    0.000 s (a =        9 us) (n =    54) (lvls, us =        3,        8,       10,       10,       14)
[7.374s][info   ][gc,stats       ]   Rebuild Free Set             =    0.000 s (a =        2 us) (n =    54) (lvls, us =        2,        2,        2,        2,        3)
[7.374s][info   ][gc,stats       ]   Evacuation                   =    0.003 s (a =      602 us) (n =     5) (lvls, us =       92,       92,      223,      551,     1167)
[7.374s][info   ][gc,stats       ]   Manage GCLABs                =    0.000 s (a =        5 us) (n =     5) (lvls, us =        3,        3,        4,        5,        6)
[7.374s][info   ][gc,stats       ]   Update References            =    0.010 s (a =     1926 us) (n =     5) (lvls, us =     1582,     1582,     1582,     1934,     2511)
[7.374s][info   ][gc,stats       ]   Update Region States         =    0.000 s (a =        1 us) (n =     5) (lvls, us =        1,        1,        1,        1,        2)
[7.374s][info   ][gc,stats       ]   Trash Collection Set         =    0.000 s (a =        2 us) (n =     5) (lvls, us =        1,        1,        1,        2,        3)
[7.374s][info   ][gc,stats       ]   Rebuild Free Set             =    0.000 s (a =        2 us) (n =     5) (lvls, us =        1,        1,        2,        2,        2)
[7.374s][info   ][gc,stats       ]   Degen Update Roots           =    0.005 s (a =     1064 us) (n =     5) (lvls, us =      797,      797,      865,     1074,     1315)
[7.374s][info   ][gc,stats       ]     DU: <total>                =    0.009 s (a =     1767 us) (n =     5) (lvls, us =     1387,     1387,     1504,     1875,     2054)
[7.374s][info   ][gc,stats       ]     DU: Thread Roots           =    0.000 s (a =      100 us) (n =     5) (lvls, us =       78,       78,       92,       98,      123)
[7.374s][info   ][gc,stats       ]     DU: Code Cache Roots       =    0.005 s (a =     1003 us) (n =     5) (lvls, us =      787,      787,      824,     1055,     1248)
[7.374s][info   ][gc,stats       ]     DU: VM Strong Roots        =    0.000 s (a =       11 us) (n =     5) (lvls, us =        5,        5,        7,        8,       27)
[7.374s][info   ][gc,stats       ]     DU: VM Weak Roots          =    0.003 s (a =      598 us) (n =     5) (lvls, us =      469,      469,      521,      613,      764)
[7.374s][info   ][gc,stats       ]     DU: CLDG Roots             =    0.000 s (a =       54 us) (n =     5) (lvls, us =       46,       46,       51,       54,       62)
[7.374s][info   ][gc,stats       ]   Cleanup                      =    0.000 s (a =        3 us) (n =    54) (lvls, us =        0,        1,        1,        1,       23)
[7.374s][info   ][gc,stats       ] Pause Full GC (G)              =    0.027 s (a =    26670 us) (n =     1) (lvls, us =    26563,    26563,    26563,    26563,    26670)
[7.374s][info   ][gc,stats       ] Pause Full GC (N)              =    0.026 s (a =    26439 us) (n =     1) (lvls, us =    26367,    26367,    26367,    26367,    26439)
[7.374s][info   ][gc,stats       ]   Pre Heap Dump                =    0.000 s (a =        1 us) (n =     8) (lvls, us =        0,        0,        1,        1,        3)
[7.374s][info   ][gc,stats       ]   Prepare                      =    0.001 s (a =      121 us) (n =     8) (lvls, us =       49,       52,       66,       75,      465)
[7.374s][info   ][gc,stats       ]   Mark                         =    0.081 s (a =    10091 us) (n =     8) (lvls, us =     9492,     9531,     9961,    10352,    10846)
[7.374s][info   ][gc,stats       ]     FM: <total>                =    0.096 s (a =    11966 us) (n =     8) (lvls, us =    11133,    11133,    11719,    11914,    13949)
[7.374s][info   ][gc,stats       ]     FM: Thread Roots           =    0.002 s (a =      207 us) (n =     8) (lvls, us =      104,      115,      143,      148,      528)
[7.374s][info   ][gc,stats       ]     FM: VM Strong Roots        =    0.000 s (a =       34 us) (n =     8) (lvls, us =       27,       31,       34,       35,       40)
[7.374s][info   ][gc,stats       ]     FM: CLDG Roots             =    0.003 s (a =      346 us) (n =     8) (lvls, us =      172,      205,      363,      377,      488)
[7.374s][info   ][gc,stats       ]     FM: Parallel Mark          =    0.091 s (a =    11380 us) (n =     8) (lvls, us =    10547,    10742,    10938,    11328,    13404)
[7.374s][info   ][gc,stats       ]     System Purge               =    0.048 s (a =     5973 us) (n =     8) (lvls, us =     5215,     5508,     5723,     6113,     6878)
[7.374s][info   ][gc,stats       ]       Weak References          =    0.001 s (a =       74 us) (n =     8) (lvls, us =       44,       62,       68,       88,       97)
[7.374s][info   ][gc,stats       ]         WRP: <total>           =    0.000 s (a =       47 us) (n =     8) (lvls, us =       39,       43,       46,       49,       53)
[7.374s][info   ][gc,stats       ]         WRP: Weak References   =    0.000 s (a =       47 us) (n =     8) (lvls, us =       39,       43,       46,       49,       53)
[7.374s][info   ][gc,stats       ]       Unload Classes           =    0.045 s (a =     5612 us) (n =     8) (lvls, us =     4863,     5195,     5410,     5742,     6534)
[7.374s][info   ][gc,stats       ]         CU: <total>            =    0.019 s (a =     2373 us) (n =     8) (lvls, us =     2031,     2070,     2266,     2363,     2867)
[7.374s][info   ][gc,stats       ]         CU: Unload Code Caches =    0.019 s (a =     2373 us) (n =     8) (lvls, us =     2031,     2070,     2266,     2363,     2867)
[7.374s][info   ][gc,stats       ]       Weak Roots               =    0.002 s (a =      250 us) (n =     8) (lvls, us =      213,      217,      234,      238,      337)
[7.374s][info   ][gc,stats       ]         WR: <total>            =    0.005 s (a =      579 us) (n =     8) (lvls, us =      500,      500,      512,      516,      792)
[7.374s][info   ][gc,stats       ]         WR: VM Weak Roots      =    0.005 s (a =      579 us) (n =     8) (lvls, us =      500,      500,      512,      516,      792)
[7.374s][info   ][gc,stats       ]       CLDG                     =    0.000 s (a =        1 us) (n =     8) (lvls, us =        1,        1,        1,        1,        1)
[7.374s][info   ][gc,stats       ]   Calculate Addresses          =    0.020 s (a =     2526 us) (n =     8) (lvls, us =     2129,     2266,     2500,     2598,     2897)
[7.374s][info   ][gc,stats       ]     Regular Objects            =    0.020 s (a =     2522 us) (n =     8) (lvls, us =     2129,     2266,     2500,     2598,     2892)
[7.374s][info   ][gc,stats       ]     Humongous Objects          =    0.000 s (a =        1 us) (n =     8) (lvls, us =        0,        0,        0,        1,        1)
[7.374s][info   ][gc,stats       ]   Adjust Pointers              =    0.022 s (a =     2777 us) (n =     8) (lvls, us =     2344,     2520,     2695,     2910,     3100)
[7.374s][info   ][gc,stats       ]     FA: <total>                =    0.010 s (a =     1262 us) (n =     8) (lvls, us =     1113,     1133,     1172,     1250,     1539)
[7.374s][info   ][gc,stats       ]     FA: Thread Roots           =    0.001 s (a =       71 us) (n =     8) (lvls, us =       51,       53,       60,       82,      103)
[7.374s][info   ][gc,stats       ]     FA: Code Cache Roots       =    0.007 s (a =      912 us) (n =     8) (lvls, us =      809,      822,      859,      883,     1197)
[7.374s][info   ][gc,stats       ]     FA: VM Strong Roots        =    0.000 s (a =        8 us) (n =     8) (lvls, us =        6,        6,        7,        9,       11)
[7.374s][info   ][gc,stats       ]     FA: VM Weak Roots          =    0.002 s (a =      213 us) (n =     8) (lvls, us =      193,      197,      201,      219,      249)
[7.374s][info   ][gc,stats       ]     FA: CLDG Roots             =    0.000 s (a =       59 us) (n =     8) (lvls, us =       46,       47,       57,       59,       88)
[7.374s][info   ][gc,stats       ]   Copy Objects                 =    0.013 s (a =     1637 us) (n =     8) (lvls, us =     1562,     1582,     1602,     1641,     1735)
[7.374s][info   ][gc,stats       ]     Regular Objects            =    0.013 s (a =     1573 us) (n =     8) (lvls, us =     1445,     1523,     1562,     1582,     1698)
[7.374s][info   ][gc,stats       ]     Humongous Objects          =    0.000 s (a =        1 us) (n =     8) (lvls, us =        0,        0,        1,        1,        1)
[7.374s][info   ][gc,stats       ]     Reset Complete Bitmap      =    0.000 s (a =       35 us) (n =     8) (lvls, us =       30,       33,       36,       37,       39)
[7.374s][info   ][gc,stats       ]     Rebuild Region Sets        =    0.000 s (a =       25 us) (n =     8) (lvls, us =        4,        5,        6,       19,       83)
[7.374s][info   ][gc,stats       ]   Post Heap Dump               =    0.000 s (a =        1 us) (n =     8) (lvls, us =        1,        1,        1,        1,        1)
[7.375s][info   ][gc,stats       ] Pacing                         =    3.457 s (a =    16078 us) (n =   215) (lvls, us =        0,        0,    11914,    24023,   307262)
[7.375s][info   ][gc,stats       ]
[7.375s][info   ][gc,stats       ]
[7.375s][info   ][gc,stats       ] Under allocation pressure, concurrent cycles may cancel, and either continue cycle
[7.375s][info   ][gc,stats       ] under stop-the-world pause or result in stop-the-world Full GC. Increase heap size,
[7.375s][info   ][gc,stats       ] tune GC heuristics, set more aggressive pacing delay, or lower allocation rate
[7.375s][info   ][gc,stats       ] to avoid Degenerated and Full GC cycles.
[7.375s][info   ][gc,stats       ]
[7.375s][info   ][gc,stats       ]   119 successful concurrent GCs
[7.375s][info   ][gc,stats       ]       0 invoked explicitly
[7.375s][info   ][gc,stats       ]       0 invoked implicitly
[7.375s][info   ][gc,stats       ]
[7.375s][info   ][gc,stats       ]    54 Degenerated GCs
[7.375s][info   ][gc,stats       ]      54 caused by allocation failure
[7.375s][info   ][gc,stats       ]        34 happened at Outside of Cycle
[7.375s][info   ][gc,stats       ]        20 happened at Mark
[7.375s][info   ][gc,stats       ]       7 upgraded to Full GC
[7.375s][info   ][gc,stats       ]
[7.375s][info   ][gc,stats       ]     8 Full GCs
[7.375s][info   ][gc,stats       ]       0 invoked explicitly
[7.375s][info   ][gc,stats       ]       0 invoked implicitly
[7.375s][info   ][gc,stats       ]       1 caused by allocation failure
[7.375s][info   ][gc,stats       ]       7 upgraded from Degenerated GC
[7.375s][info   ][gc,stats       ]
[7.375s][info   ][gc,stats       ]
[7.388s][info   ][safepoint,stats] Cleanup                              1
[7.388s][info   ][safepoint,stats] ChangeBreakpoints                    6
[7.388s][info   ][safepoint,stats] ShenandoahFullGC                     1
[7.388s][info   ][safepoint,stats] ShenandoahInitMark                 159
[7.388s][info   ][safepoint,stats] ShenandoahFinalMarkStartEvac       119
[7.388s][info   ][safepoint,stats] ShenandoahInitUpdateRefs            11
[7.388s][info   ][safepoint,stats] ShenandoahFinalUpdateRefs           11
[7.388s][info   ][safepoint,stats] ShenandoahFinalRoots               108
[7.388s][info   ][safepoint,stats] ShenandoahDegeneratedGC             54
[7.388s][info   ][safepoint,stats] Exit                                 1
[7.388s][info   ][safepoint,stats] CleanClassLoaderDataMetaspaces         8
[7.388s][info   ][safepoint,stats] Maximum sync time  15800800 ns
[7.388s][info   ][safepoint,stats] Maximum vm operation time (except for Exit VM operation)  41330500 ns

Process finished with exit code 130

 */

//不带safepoint日志输出
/*
E:\src\jdk\openjdk\build\windows-x86_64-server-fastdebug\jdk\bin\java.exe -agentlib:jdwp=transport=dt_socket,address=127.0.0.1:57060,suspend=y,server=n -Xmx3M -Xlog:gc+stats -XX:+UseShenandoahGC -javaagent:C:\Users\xufeng\AppData\Local\JetBrains\IntelliJIdea2021.3\captureAgent\debugger-agent.jar -Dfile.encoding=UTF-8 -classpath "E:\src\jdk\openjdk\build\windows-x86_64-server-fastdebug\jdk\modules\java.base;E:\src\jdk\openjdk\build\windows-x86_64-server-fastdebug\jdk\modules\java.compiler;E:\src\jdk\openjdk\build\windows-x86_64-server-fastdebug\jdk\modules\java.datatransfer;E:\src\jdk\openjdk\build\windows-x86_64-server-fastdebug\jdk\modules\java.desktop;E:\src\jdk\openjdk\build\windows-x86_64-server-fastdebug\jdk\modules\java.instrument;E:\src\jdk\openjdk\build\windows-x86_64-server-fastdebug\jdk\modules\java.logging;E:\src\jdk\openjdk\build\windows-x86_64-server-fastdebug\jdk\modules\java.management;E:\src\jdk\openjdk\build\windows-x86_64-server-fastdebug\jdk\modules\java.management.rmi;E:\src\jdk\openjdk\build\windows-x86_64-server-fastdebug\jdk\modules\java.naming;E:\src\jdk\openjdk\build\windows-x86_64-server-fastdebug\jdk\modules\java.net.http;E:\src\jdk\openjdk\build\windows-x86_64-server-fastdebug\jdk\modules\java.prefs;E:\src\jdk\openjdk\build\windows-x86_64-server-fastdebug\jdk\modules\java.rmi;E:\src\jdk\openjdk\build\windows-x86_64-server-fastdebug\jdk\modules\java.scripting;E:\src\jdk\openjdk\build\windows-x86_64-server-fastdebug\jdk\modules\java.se;E:\src\jdk\openjdk\build\windows-x86_64-server-fastdebug\jdk\modules\java.security.jgss;E:\src\jdk\openjdk\build\windows-x86_64-server-fastdebug\jdk\modules\java.security.sasl;E:\src\jdk\openjdk\build\windows-x86_64-server-fastdebug\jdk\modules\java.smartcardio;E:\src\jdk\openjdk\build\windows-x86_64-server-fastdebug\jdk\modules\java.sql;E:\src\jdk\openjdk\build\windows-x86_64-server-fastdebug\jdk\modules\java.sql.rowset;E:\src\jdk\openjdk\build\windows-x86_64-server-fastdebug\jdk\modules\java.transaction.xa;E:\src\jdk\openjdk\build\windows-x86_64-server-fastdebug\jdk\modules\java.xml;E:\src\jdk\openjdk\build\windows-x86_64-server-fastdebug\jdk\modules\java.xml.crypto;E:\src\jdk\openjdk\build\windows-x86_64-server-fastdebug\jdk\modules\jdk.accessibility;E:\src\jdk\openjdk\build\windows-x86_64-server-fastdebug\jdk\modules\jdk.attach;E:\src\jdk\openjdk\build\windows-x86_64-server-fastdebug\jdk\modules\jdk.charsets;E:\src\jdk\openjdk\build\windows-x86_64-server-fastdebug\jdk\modules\jdk.compiler;E:\src\jdk\openjdk\build\windows-x86_64-server-fastdebug\jdk\modules\jdk.crypto.cryptoki;E:\src\jdk\openjdk\build\windows-x86_64-server-fastdebug\jdk\modules\jdk.crypto.ec;E:\src\jdk\openjdk\build\windows-x86_64-server-fastdebug\jdk\modules\jdk.crypto.mscapi;E:\src\jdk\openjdk\build\windows-x86_64-server-fastdebug\jdk\modules\jdk.dynalink;E:\src\jdk\openjdk\build\windows-x86_64-server-fastdebug\jdk\modules\jdk.editpad;E:\src\jdk\openjdk\build\windows-x86_64-server-fastdebug\jdk\modules\jdk.hotspot.agent;E:\src\jdk\openjdk\build\windows-x86_64-server-fastdebug\jdk\modules\jdk.httpserver;E:\src\jdk\openjdk\build\windows-x86_64-server-fastdebug\jdk\modules\jdk.incubator.foreign;E:\src\jdk\openjdk\build\windows-x86_64-server-fastdebug\jdk\modules\jdk.incubator.vector;E:\src\jdk\openjdk\build\windows-x86_64-server-fastdebug\jdk\modules\jdk.internal.ed;E:\src\jdk\openjdk\build\windows-x86_64-server-fastdebug\jdk\modules\jdk.internal.jvmstat;E:\src\jdk\openjdk\build\windows-x86_64-server-fastdebug\jdk\modules\jdk.internal.le;E:\src\jdk\openjdk\build\windows-x86_64-server-fastdebug\jdk\modules\jdk.internal.opt;E:\src\jdk\openjdk\build\windows-x86_64-server-fastdebug\jdk\modules\jdk.internal.vm.ci;E:\src\jdk\openjdk\build\windows-x86_64-server-fastdebug\jdk\modules\jdk.internal.vm.compiler;E:\src\jdk\openjdk\build\windows-x86_64-server-fastdebug\jdk\modules\jdk.internal.vm.compiler.management;E:\src\jdk\openjdk\build\windows-x86_64-server-fastdebug\jdk\modules\jdk.jartool;E:\src\jdk\openjdk\build\windows-x86_64-server-fastdebug\jdk\modules\jdk.javadoc;E:\src\jdk\openjdk\build\windows-x86_64-server-fastdebug\jdk\modules\jdk.jcmd;E:\src\jdk\openjdk\build\windows-x86_64-server-fastdebug\jdk\modules\jdk.jconsole;E:\src\jdk\openjdk\build\windows-x86_64-server-fastdebug\jdk\modules\jdk.jdeps;E:\src\jdk\openjdk\build\windows-x86_64-server-fastdebug\jdk\modules\jdk.jdi;E:\src\jdk\openjdk\build\windows-x86_64-server-fastdebug\jdk\modules\jdk.jdwp.agent;E:\src\jdk\openjdk\build\windows-x86_64-server-fastdebug\jdk\modules\jdk.jfr;E:\src\jdk\openjdk\build\windows-x86_64-server-fastdebug\jdk\modules\jdk.jlink;E:\src\jdk\openjdk\build\windows-x86_64-server-fastdebug\jdk\modules\jdk.jpackage;E:\src\jdk\openjdk\build\windows-x86_64-server-fastdebug\jdk\modules\jdk.jshell;E:\src\jdk\openjdk\build\windows-x86_64-server-fastdebug\jdk\modules\jdk.jsobject;E:\src\jdk\openjdk\build\windows-x86_64-server-fastdebug\jdk\modules\jdk.jstatd;E:\src\jdk\openjdk\build\windows-x86_64-server-fastdebug\jdk\modules\jdk.localedata;E:\src\jdk\openjdk\build\windows-x86_64-server-fastdebug\jdk\modules\jdk.management;E:\src\jdk\openjdk\build\windows-x86_64-server-fastdebug\jdk\modules\jdk.management.agent;E:\src\jdk\openjdk\build\windows-x86_64-server-fastdebug\jdk\modules\jdk.management.jfr;E:\src\jdk\openjdk\build\windows-x86_64-server-fastdebug\jdk\modules\jdk.naming.dns;E:\src\jdk\openjdk\build\windows-x86_64-server-fastdebug\jdk\modules\jdk.naming.rmi;E:\src\jdk\openjdk\build\windows-x86_64-server-fastdebug\jdk\modules\jdk.net;E:\src\jdk\openjdk\build\windows-x86_64-server-fastdebug\jdk\modules\jdk.nio.mapmode;E:\src\jdk\openjdk\build\windows-x86_64-server-fastdebug\jdk\modules\jdk.random;E:\src\jdk\openjdk\build\windows-x86_64-server-fastdebug\jdk\modules\jdk.sctp;E:\src\jdk\openjdk\build\windows-x86_64-server-fastdebug\jdk\modules\jdk.security.auth;E:\src\jdk\openjdk\build\windows-x86_64-server-fastdebug\jdk\modules\jdk.security.jgss;E:\src\jdk\openjdk\build\windows-x86_64-server-fastdebug\jdk\modules\jdk.unsupported;E:\src\jdk\openjdk\build\windows-x86_64-server-fastdebug\jdk\modules\jdk.unsupported.desktop;E:\src\jdk\openjdk\build\windows-x86_64-server-fastdebug\jdk\modules\jdk.xml.dom;E:\src\jdk\openjdk\build\windows-x86_64-server-fastdebug\jdk\modules\jdk.zipfs;D:\project\out\production\jvm-book-3rd;E:\src\jvm-book-3rd\lib\asm-3.3.1.jar;E:\src\jvm-book-3rd\lib\cglib-2.2.2.jar;D:\Program Files\JetBrains\IntelliJ IDEA\lib\idea_rt.jar" org.fenixsoft.jvm.chapter3.TestBlockingThread
[0.574s][info][gc,stats]
[0.574s][info][gc,stats] All times are wall-clock times, except per-root-class counters, that are sum over
[0.574s][info][gc,stats] all workers. Dividing the <total> over the root stage time estimates parallelism.
[0.574s][info][gc,stats]
[0.574s][info][gc,stats] Concurrent Reset                     54 us
[0.574s][info][gc,stats] Pause Init Mark (G)                 149 us
[0.574s][info][gc,stats] Pause Init Mark (N)                  98 us
[0.574s][info][gc,stats]   Update Region States                2 us
[0.574s][info][gc,stats] Concurrent Mark Roots              1116 us, parallelism: 0.96x
[0.574s][info][gc,stats]   CMR: <total>                     1070 us
[0.574s][info][gc,stats]   CMR: Thread Roots                 923 us, workers (us): 923, ---, ---,
[0.574s][info][gc,stats]   CMR: VM Strong Roots               13 us, workers (us):  13, ---, ---,
[0.574s][info][gc,stats]   CMR: CLDG Roots                   134 us, workers (us): 134, ---, ---,
[0.574s][info][gc,stats] Concurrent Marking                 2448 us
[0.574s][info][gc,stats] Pause Final Mark (G)                148 us
[0.574s][info][gc,stats] Pause Final Mark (N)                 80 us
[0.574s][info][gc,stats]   Finish Mark                        41 us
[0.574s][info][gc,stats]   Update Region States                2 us
[0.574s][info][gc,stats]   Choose Collection Set              17 us
[0.574s][info][gc,stats]   Rebuild Free Set                    3 us
[0.574s][info][gc,stats] Concurrent Thread Roots             962 us, parallelism: 0.96x
[0.574s][info][gc,stats]   CTR: <total>                      923 us
[0.574s][info][gc,stats]   CTR: Thread Roots                 923 us, workers (us): 923, ---, ---,
[0.574s][info][gc,stats] Concurrent Weak References           58 us, parallelism: 0.36x
[0.574s][info][gc,stats]   CWRF: <total>                      21 us
[0.574s][info][gc,stats]   CWRF: Weak References              21 us, workers (us):  21, ---, ---,
[0.574s][info][gc,stats] Concurrent Weak Roots               208 us
[0.574s][info][gc,stats]   Roots                             157 us, parallelism: 0.63x
[0.574s][info][gc,stats]     CWR: <total>                     99 us
[0.574s][info][gc,stats]     CWR: Code Cache Roots            10 us, workers (us):  10, ---, ---,
[0.574s][info][gc,stats]     CWR: VM Weak Roots               88 us, workers (us):  88, ---, ---,
[0.574s][info][gc,stats]     CWR: CLDG Roots                   2 us, workers (us):   2, ---, ---,
[0.574s][info][gc,stats]   Rendezvous                         47 us
[0.574s][info][gc,stats] Concurrent Cleanup                    2 us
[0.574s][info][gc,stats] Concurrent Class Unloading          160 us
[0.574s][info][gc,stats]   Unlink Stale                      104 us
[0.574s][info][gc,stats]     System Dictionary                 9 us
[0.574s][info][gc,stats]     Weak Class Links                  0 us
[0.574s][info][gc,stats]     Code Roots                       93 us
[0.574s][info][gc,stats]   Rendezvous                         27 us
[0.574s][info][gc,stats]   Purge Unlinked                     27 us
[0.574s][info][gc,stats]     Code Roots                       19 us
[0.574s][info][gc,stats]     CLDG                              7 us
[0.574s][info][gc,stats]     Exception Caches                  0 us
[0.574s][info][gc,stats] Concurrent Strong Roots             117 us, parallelism: 0.69x
[0.574s][info][gc,stats]   CSR: <total>                       80 us
[0.574s][info][gc,stats]   CSR: VM Strong Roots               12 us, workers (us):  12, ---, ---,
[0.574s][info][gc,stats]   CSR: CLDG Roots                    68 us, workers (us):  68, ---, ---,
[0.574s][info][gc,stats] Concurrent Evacuation               351 us
[0.574s][info][gc,stats] Pause Init Update Refs (G)           63 us
[0.574s][info][gc,stats] Pause Init Update Refs (N)           18 us
[0.574s][info][gc,stats]   Manage GCLABs                      10 us
[0.574s][info][gc,stats] Concurrent Update Refs             1200 us
[0.574s][info][gc,stats] Concurrent Update Thread Roots      910 us
[0.574s][info][gc,stats] Pause Final Update Refs (G)          81 us
[0.574s][info][gc,stats] Pause Final Update Refs (N)          26 us
[0.574s][info][gc,stats]   Update Region States                1 us
[0.574s][info][gc,stats]   Trash Collection Set                2 us
[0.574s][info][gc,stats]   Rebuild Free Set                    2 us
[0.574s][info][gc,stats] Concurrent Cleanup                   23 us
[0.574s][info][gc,stats] Pacing                           177743 us
[0.574s][info][gc,stats]
[0.574s][info][gc,stats] Allocation pacing accrued:
[0.574s][info][gc,stats]     165 of   550 ms ( 30.0%): main
[0.574s][info][gc,stats]      13 of   550 ms (  2.3%): Finalizer
[0.574s][info][gc,stats]     178 of   550 ms ( 32.3%): <total>
[0.574s][info][gc,stats]      16 of   550 ms (  2.9%): <average total>
[0.574s][info][gc,stats]      89 of   550 ms ( 16.2%): <average non-zero>
[0.574s][info][gc,stats]
[0.593s][info][gc,stats]
[0.593s][info][gc,stats] All times are wall-clock times, except per-root-class counters, that are sum over
[0.593s][info][gc,stats] all workers. Dividing the <total> over the root stage time estimates parallelism.
[0.593s][info][gc,stats]
[0.593s][info][gc,stats] Concurrent Reset                     55 us
[0.593s][info][gc,stats] Pause Init Mark (G)                 344 us
[0.593s][info][gc,stats] Pause Init Mark (N)                  17 us
[0.593s][info][gc,stats]   Update Region States                1 us
[0.593s][info][gc,stats] Concurrent Mark Roots              1239 us, parallelism: 0.89x
[0.593s][info][gc,stats]   CMR: <total>                     1103 us
[0.593s][info][gc,stats]   CMR: Thread Roots                 953 us, workers (us): 953, ---, ---,
[0.593s][info][gc,stats]   CMR: VM Strong Roots               15 us, workers (us):  15, ---, ---,
[0.593s][info][gc,stats]   CMR: CLDG Roots                   135 us, workers (us): 135, ---, ---,
[0.593s][info][gc,stats] Concurrent Marking                 2874 us
[0.593s][info][gc,stats] Pause Final Mark (G)                615 us
[0.593s][info][gc,stats] Pause Final Mark (N)                 49 us
[0.593s][info][gc,stats]   Finish Mark                        32 us
[0.593s][info][gc,stats]   Update Region States                1 us
[0.593s][info][gc,stats]   Choose Collection Set               5 us
[0.593s][info][gc,stats]   Rebuild Free Set                    2 us
[0.593s][info][gc,stats] Concurrent Thread Roots             818 us, parallelism: 0.79x
[0.593s][info][gc,stats]   CTR: <total>                      650 us
[0.593s][info][gc,stats]   CTR: Thread Roots                 650 us, workers (us): 650, ---, ---,
[0.593s][info][gc,stats] Concurrent Weak References          780 us, parallelism: 0.01x
[0.593s][info][gc,stats]   CWRF: <total>                      10 us
[0.593s][info][gc,stats]   CWRF: Weak References              10 us, workers (us):  10, ---, ---,
[0.593s][info][gc,stats] Concurrent Weak Roots               859 us
[0.593s][info][gc,stats]   Roots                             136 us, parallelism: 0.81x
[0.593s][info][gc,stats]     CWR: <total>                    111 us
[0.593s][info][gc,stats]     CWR: Code Cache Roots            16 us, workers (us):  16, ---, ---,
[0.593s][info][gc,stats]     CWR: VM Weak Roots               93 us, workers (us):  93, ---, ---,
[0.593s][info][gc,stats]     CWR: CLDG Roots                   2 us, workers (us):   2, ---, ---,
[0.593s][info][gc,stats]   Rendezvous                        712 us
[0.593s][info][gc,stats] Concurrent Cleanup                    5 us
[0.593s][info][gc,stats] Concurrent Class Unloading          352 us
[0.593s][info][gc,stats]   Unlink Stale                      139 us
[0.593s][info][gc,stats]     System Dictionary                 3 us
[0.593s][info][gc,stats]     Weak Class Links                  1 us
[0.593s][info][gc,stats]     Code Roots                      134 us
[0.593s][info][gc,stats]   Rendezvous                        192 us
[0.593s][info][gc,stats]   Purge Unlinked                     14 us
[0.593s][info][gc,stats]     Code Roots                       11 us
[0.593s][info][gc,stats]     CLDG                              3 us
[0.593s][info][gc,stats]     Exception Caches                  0 us
[0.593s][info][gc,stats] Concurrent Strong Roots              92 us, parallelism: 0.84x
[0.593s][info][gc,stats]   CSR: <total>                       77 us
[0.593s][info][gc,stats]   CSR: VM Strong Roots               10 us, workers (us):  10, ---, ---,
[0.593s][info][gc,stats]   CSR: CLDG Roots                    66 us, workers (us):  66, ---, ---,
[0.593s][info][gc,stats] Concurrent Evacuation               328 us
[0.593s][info][gc,stats] Pause Init Update Refs (G)          158 us
[0.593s][info][gc,stats] Pause Init Update Refs (N)           11 us
[0.593s][info][gc,stats]   Manage GCLABs                       5 us
[0.593s][info][gc,stats] Concurrent Update Refs             1255 us
[0.593s][info][gc,stats] Concurrent Update Thread Roots      625 us
[0.593s][info][gc,stats] Pause Final Update Refs (G)          95 us
[0.593s][info][gc,stats] Pause Final Update Refs (N)          23 us
[0.593s][info][gc,stats]   Update Region States                1 us
[0.593s][info][gc,stats]   Trash Collection Set                1 us
[0.593s][info][gc,stats]   Rebuild Free Set                    2 us
[0.593s][info][gc,stats] Concurrent Cleanup                   26 us
[0.593s][info][gc,stats] Pacing                            38735 us
[0.593s][info][gc,stats]
[0.593s][info][gc,stats] Allocation pacing accrued:
[0.593s][info][gc,stats]      17 of    18 ms ( 94.3%): main
[0.593s][info][gc,stats]      21 of    18 ms (115.9%): C1 CompilerThread0
[0.593s][info][gc,stats]      39 of    18 ms (210.1%): <total>
[0.593s][info][gc,stats]       4 of    18 ms ( 19.1%): <average total>
[0.593s][info][gc,stats]      19 of    18 ms (105.1%): <average non-zero>
[0.593s][info][gc,stats]
[0.629s][info][gc,stats]
[0.629s][info][gc,stats] All times are wall-clock times, except per-root-class counters, that are sum over
[0.629s][info][gc,stats] all workers. Dividing the <total> over the root stage time estimates parallelism.
[0.629s][info][gc,stats]
[0.629s][info][gc,stats] Concurrent Reset                    121 us
[0.629s][info][gc,stats] Pause Init Mark (G)                1182 us
[0.629s][info][gc,stats] Pause Init Mark (N)                  35 us
[0.629s][info][gc,stats]   Update Region States                1 us
[0.629s][info][gc,stats] Concurrent Mark Roots               648 us, parallelism: 0.92x
[0.629s][info][gc,stats]   CMR: <total>                      594 us
[0.629s][info][gc,stats]   CMR: Thread Roots                 425 us, workers (us): 425, ---, ---,
[0.629s][info][gc,stats]   CMR: VM Strong Roots               15 us, workers (us):  15, ---, ---,
[0.629s][info][gc,stats]   CMR: CLDG Roots                   154 us, workers (us): 154, ---, ---,
[0.629s][info][gc,stats] Concurrent Marking                 2821 us
[0.629s][info][gc,stats] Pause Final Mark (G)                141 us
[0.629s][info][gc,stats] Pause Final Mark (N)                 46 us
[0.629s][info][gc,stats]   Finish Mark                        27 us
[0.629s][info][gc,stats]   Update Region States                1 us
[0.629s][info][gc,stats]   Choose Collection Set               5 us
[0.629s][info][gc,stats]   Rebuild Free Set                    3 us
[0.630s][info][gc,stats] Concurrent Thread Roots             636 us, parallelism: 0.96x
[0.630s][info][gc,stats]   CTR: <total>                      611 us
[0.630s][info][gc,stats]   CTR: Thread Roots                 611 us, workers (us): 611, ---, ---,
[0.630s][info][gc,stats] Concurrent Weak References          441 us, parallelism: 0.04x
[0.630s][info][gc,stats]   CWRF: <total>                      17 us
[0.630s][info][gc,stats]   CWRF: Weak References              17 us, workers (us):  17, ---, ---,
[0.630s][info][gc,stats] Concurrent Weak Roots               932 us
[0.630s][info][gc,stats]   Roots                             223 us, parallelism: 0.31x
[0.630s][info][gc,stats]     CWR: <total>                     70 us
[0.630s][info][gc,stats]     CWR: Code Cache Roots            14 us, workers (us):  14, ---, ---,
[0.630s][info][gc,stats]     CWR: VM Weak Roots               54 us, workers (us):  54, ---, ---,
[0.630s][info][gc,stats]     CWR: CLDG Roots                   2 us, workers (us):   2, ---, ---,
[0.630s][info][gc,stats]   Rendezvous                        703 us
[0.630s][info][gc,stats] Concurrent Cleanup                    3 us
[0.630s][info][gc,stats] Concurrent Class Unloading         1612 us
[0.630s][info][gc,stats]   Unlink Stale                      458 us
[0.630s][info][gc,stats]     System Dictionary                 2 us
[0.630s][info][gc,stats]     Weak Class Links                  0 us
[0.630s][info][gc,stats]     Code Roots                      453 us
[0.630s][info][gc,stats]   Rendezvous                       1135 us
[0.630s][info][gc,stats]   Purge Unlinked                     15 us
[0.630s][info][gc,stats]     Code Roots                       12 us
[0.630s][info][gc,stats]     CLDG                              2 us
[0.630s][info][gc,stats]     Exception Caches                  0 us
[0.630s][info][gc,stats] Concurrent Strong Roots              45 us, parallelism: 0.66x
[0.630s][info][gc,stats]   CSR: <total>                       30 us
[0.630s][info][gc,stats]   CSR: VM Strong Roots                4 us, workers (us):   4, ---, ---,
[0.630s][info][gc,stats]   CSR: CLDG Roots                    26 us, workers (us):  26, ---, ---,
[0.630s][info][gc,stats] Concurrent Evacuation                49 us
[0.630s][info][gc,stats] Pause Init Update Refs (G)           41 us
[0.630s][info][gc,stats] Pause Init Update Refs (N)            6 us
[0.630s][info][gc,stats]   Manage GCLABs                       3 us
[0.630s][info][gc,stats] Concurrent Update Refs              863 us
[0.630s][info][gc,stats] Concurrent Update Thread Roots     5856 us
[0.630s][info][gc,stats] Pause Final Update Refs (G)       15287 us
[0.630s][info][gc,stats] Pause Final Update Refs (N)          35 us
[0.630s][info][gc,stats]   Update Region States                2 us
[0.630s][info][gc,stats]   Trash Collection Set                2 us
[0.630s][info][gc,stats]   Rebuild Free Set                    3 us
[0.630s][info][gc,stats] Concurrent Cleanup                   27 us
[0.630s][info][gc,stats]
[0.630s][info][gc,stats] Allocation pacing accrued:
[0.630s][info][gc,stats]       0 of    37 ms (  0.0%): <total>
[0.630s][info][gc,stats]       0 of    37 ms (  0.0%): <average total>
[0.630s][info][gc,stats]
[0.650s][info][gc,stats]
[0.650s][info][gc,stats] All times are wall-clock times, except per-root-class counters, that are sum over
[0.650s][info][gc,stats] all workers. Dividing the <total> over the root stage time estimates parallelism.
[0.650s][info][gc,stats]
[0.650s][info][gc,stats] Concurrent Reset                     34 us
[0.650s][info][gc,stats] Pause Init Mark (G)                 682 us
[0.650s][info][gc,stats] Pause Init Mark (N)                  18 us
[0.650s][info][gc,stats]   Update Region States                1 us
[0.650s][info][gc,stats] Concurrent Mark Roots               753 us, parallelism: 0.93x
[0.650s][info][gc,stats]   CMR: <total>                      699 us
[0.650s][info][gc,stats]   CMR: Thread Roots                 555 us, workers (us): 555, ---, ---,
[0.650s][info][gc,stats]   CMR: VM Strong Roots               12 us, workers (us):  12, ---, ---,
[0.650s][info][gc,stats]   CMR: CLDG Roots                   131 us, workers (us): 131, ---, ---,
[0.650s][info][gc,stats] Concurrent Marking                 2611 us
[0.650s][info][gc,stats] Pause Final Mark (G)                124 us
[0.650s][info][gc,stats] Pause Final Mark (N)                 57 us
[0.650s][info][gc,stats]   Finish Mark                        32 us
[0.650s][info][gc,stats]   Update Region States                2 us
[0.650s][info][gc,stats]   Choose Collection Set               3 us
[0.650s][info][gc,stats]   Rebuild Free Set                    3 us
[0.650s][info][gc,stats] Concurrent Weak References           25 us, parallelism: 0.38x
[0.650s][info][gc,stats]   CWRF: <total>                      10 us
[0.650s][info][gc,stats]   CWRF: Weak References              10 us, workers (us):  10, ---, ---,
[0.650s][info][gc,stats] Concurrent Weak Roots               134 us
[0.650s][info][gc,stats]   Roots                             108 us, parallelism: 0.40x
[0.650s][info][gc,stats]     CWR: <total>                     44 us
[0.650s][info][gc,stats]     CWR: Code Cache Roots            15 us, workers (us):  15, ---, ---,
[0.650s][info][gc,stats]     CWR: VM Weak Roots               27 us, workers (us):  27, ---, ---,
[0.650s][info][gc,stats]     CWR: CLDG Roots                   1 us, workers (us):   1, ---, ---,
[0.651s][info][gc,stats]   Rendezvous                         24 us
[0.651s][info][gc,stats] Concurrent Cleanup                    1 us
[0.651s][info][gc,stats] Concurrent Class Unloading          147 us
[0.651s][info][gc,stats]   Unlink Stale                      122 us
[0.651s][info][gc,stats]     System Dictionary                 1 us
[0.651s][info][gc,stats]     Weak Class Links                  0 us
[0.651s][info][gc,stats]     Code Roots                      120 us
[0.651s][info][gc,stats]   Rendezvous                         18 us
[0.651s][info][gc,stats]   Purge Unlinked                      5 us
[0.651s][info][gc,stats]     Code Roots                        3 us
[0.651s][info][gc,stats]     CLDG                              2 us
[0.651s][info][gc,stats]     Exception Caches                  0 us
[0.651s][info][gc,stats] Pause Final Roots (G)               864 us
[0.651s][info][gc,stats] Pause Final Roots (N)                 3 us
[0.651s][info][gc,stats]
[0.651s][info][gc,stats] Allocation pacing accrued:
[0.651s][info][gc,stats]       0 of    21 ms (  0.0%): <total>
[0.651s][info][gc,stats]       0 of    21 ms (  0.0%): <average total>
[0.651s][info][gc,stats]
[0.671s][info][gc,stats]
[0.671s][info][gc,stats] All times are wall-clock times, except per-root-class counters, that are sum over
[0.671s][info][gc,stats] all workers. Dividing the <total> over the root stage time estimates parallelism.
[0.671s][info][gc,stats]
[0.671s][info][gc,stats] Concurrent Reset                     34 us
[0.671s][info][gc,stats] Pause Init Mark (G)                  66 us
[0.671s][info][gc,stats] Pause Init Mark (N)                  12 us
[0.671s][info][gc,stats]   Update Region States                0 us
[0.671s][info][gc,stats] Concurrent Mark Roots              1611 us, parallelism: 0.98x
[0.671s][info][gc,stats]   CMR: <total>                     1579 us
[0.671s][info][gc,stats]   CMR: Thread Roots                1409 us, workers (us): 1409, ---, ---,
[0.671s][info][gc,stats]   CMR: VM Strong Roots               13 us, workers (us):  13, ---, ---,
[0.671s][info][gc,stats]   CMR: CLDG Roots                   157 us, workers (us): 157, ---, ---,
[0.671s][info][gc,stats] Concurrent Marking                 3337 us
[0.671s][info][gc,stats] Pause Final Mark (G)                108 us
[0.671s][info][gc,stats] Pause Final Mark (N)                 52 us
[0.671s][info][gc,stats]   Finish Mark                        32 us
[0.671s][info][gc,stats]   Update Region States                1 us
[0.671s][info][gc,stats]   Choose Collection Set               4 us
[0.671s][info][gc,stats]   Rebuild Free Set                    2 us
[0.671s][info][gc,stats] Concurrent Thread Roots            1018 us, parallelism: 0.97x
[0.671s][info][gc,stats]   CTR: <total>                      987 us
[0.671s][info][gc,stats]   CTR: Thread Roots                 987 us, workers (us): 987, ---, ---,
[0.671s][info][gc,stats] Concurrent Weak References           40 us, parallelism: 0.35x
[0.671s][info][gc,stats]   CWRF: <total>                      14 us
[0.671s][info][gc,stats]   CWRF: Weak References              14 us, workers (us):  14, ---, ---,
[0.671s][info][gc,stats] Concurrent Weak Roots               243 us
[0.671s][info][gc,stats]   Roots                             182 us, parallelism: 0.75x
[0.671s][info][gc,stats]     CWR: <total>                    137 us
[0.671s][info][gc,stats]     CWR: Code Cache Roots            26 us, workers (us):  26, ---, ---,
[0.671s][info][gc,stats]     CWR: VM Weak Roots              107 us, workers (us): 107, ---, ---,
[0.671s][info][gc,stats]     CWR: CLDG Roots                   3 us, workers (us):   3, ---, ---,
[0.671s][info][gc,stats]   Rendezvous                         56 us
[0.671s][info][gc,stats] Concurrent Cleanup                    3 us
[0.671s][info][gc,stats] Concurrent Class Unloading          510 us
[0.671s][info][gc,stats]   Unlink Stale                      415 us
[0.671s][info][gc,stats]     System Dictionary                 2 us
[0.671s][info][gc,stats]     Weak Class Links                  0 us
[0.671s][info][gc,stats]     Code Roots                      412 us
[0.671s][info][gc,stats]   Rendezvous                         52 us
[0.671s][info][gc,stats]   Purge Unlinked                     41 us
[0.671s][info][gc,stats]     Code Roots                       36 us
[0.671s][info][gc,stats]     CLDG                              5 us
[0.671s][info][gc,stats]     Exception Caches                  0 us
[0.671s][info][gc,stats] Concurrent Strong Roots              79 us, parallelism: 0.61x
[0.672s][info][gc,stats]   CSR: <total>                       48 us
[0.672s][info][gc,stats]   CSR: VM Strong Roots                6 us, workers (us):   6, ---, ---,
[0.672s][info][gc,stats]   CSR: CLDG Roots                    43 us, workers (us):  43, ---, ---,
[0.672s][info][gc,stats] Concurrent Evacuation               396 us
[0.672s][info][gc,stats] Pause Init Update Refs (G)           83 us
[0.672s][info][gc,stats] Pause Init Update Refs (N)            7 us
[0.672s][info][gc,stats]   Manage GCLABs                       3 us
[0.672s][info][gc,stats] Concurrent Update Refs             1439 us
[0.672s][info][gc,stats] Concurrent Update Thread Roots     1074 us
[0.672s][info][gc,stats] Pause Final Update Refs (G)         101 us
[0.672s][info][gc,stats] Pause Final Update Refs (N)          33 us
[0.672s][info][gc,stats]   Update Region States                1 us
[0.672s][info][gc,stats]   Trash Collection Set                2 us
[0.672s][info][gc,stats]   Rebuild Free Set                    2 us
[0.672s][info][gc,stats] Concurrent Cleanup                   32 us
[0.672s][info][gc,stats]
[0.672s][info][gc,stats] Allocation pacing accrued:
[0.672s][info][gc,stats]       0 of    21 ms (  0.0%): <total>
[0.672s][info][gc,stats]       0 of    21 ms (  0.0%): <average total>
[0.672s][info][gc,stats]
[1.194s][info][gc,stats]
[1.194s][info][gc,stats] All times are wall-clock times, except per-root-class counters, that are sum over
[1.194s][info][gc,stats] all workers. Dividing the <total> over the root stage time estimates parallelism.
[1.194s][info][gc,stats]
[1.194s][info][gc,stats] Concurrent Reset                     43 us
[1.194s][info][gc,stats] Pause Init Mark (G)                 137 us
[1.194s][info][gc,stats] Pause Init Mark (N)                  14 us
[1.194s][info][gc,stats]   Update Region States                1 us
[1.194s][info][gc,stats] Concurrent Mark Roots              1117 us, parallelism: 0.95x
[1.194s][info][gc,stats]   CMR: <total>                     1062 us
[1.194s][info][gc,stats]   CMR: Thread Roots                 844 us, workers (us): 844, ---, ---,
[1.194s][info][gc,stats]   CMR: VM Strong Roots               21 us, workers (us):  21, ---, ---,
[1.194s][info][gc,stats]   CMR: CLDG Roots                   197 us, workers (us): 197, ---, ---,
[1.194s][info][gc,stats] Concurrent Marking                 5037 us
[1.194s][info][gc,stats] Pause Final Mark (G)                109 us
[1.194s][info][gc,stats] Pause Final Mark (N)                 59 us
[1.194s][info][gc,stats]   Finish Mark                        39 us
[1.194s][info][gc,stats]   Update Region States                1 us
[1.194s][info][gc,stats]   Choose Collection Set               4 us
[1.194s][info][gc,stats]   Rebuild Free Set                    2 us
[1.194s][info][gc,stats] Concurrent Thread Roots             856 us, parallelism: 0.96x
[1.194s][info][gc,stats]   CTR: <total>                      824 us
[1.194s][info][gc,stats]   CTR: Thread Roots                 824 us, workers (us): 824, ---, ---,
[1.194s][info][gc,stats] Concurrent Weak References          101 us, parallelism: 0.69x
[1.194s][info][gc,stats]   CWRF: <total>                      70 us
[1.194s][info][gc,stats]   CWRF: Weak References              70 us, workers (us):  70, ---, ---,
[1.194s][info][gc,stats] Concurrent Weak Roots               256 us
[1.194s][info][gc,stats]   Roots                             210 us, parallelism: 0.81x
[1.194s][info][gc,stats]     CWR: <total>                    170 us
[1.194s][info][gc,stats]     CWR: Code Cache Roots            72 us, workers (us):  72, ---, ---,
[1.194s][info][gc,stats]     CWR: VM Weak Roots               94 us, workers (us):  94, ---, ---,
[1.194s][info][gc,stats]     CWR: CLDG Roots                   4 us, workers (us):   4, ---, ---,
[1.194s][info][gc,stats]   Rendezvous                         43 us
[1.194s][info][gc,stats] Concurrent Cleanup                    2 us
[1.194s][info][gc,stats] Concurrent Class Unloading         1290 us
[1.194s][info][gc,stats]   Unlink Stale                     1178 us
[1.194s][info][gc,stats]     System Dictionary                 3 us
[1.194s][info][gc,stats]     Weak Class Links                  0 us
[1.194s][info][gc,stats]     Code Roots                     1174 us
[1.194s][info][gc,stats]   Rendezvous                         51 us
[1.194s][info][gc,stats]   Purge Unlinked                     56 us
[1.194s][info][gc,stats]     Code Roots                       52 us
[1.194s][info][gc,stats]     CLDG                              4 us
[1.194s][info][gc,stats]     Exception Caches                  0 us
[1.194s][info][gc,stats] Concurrent Strong Roots             121 us, parallelism: 0.69x
[1.194s][info][gc,stats]   CSR: <total>                       84 us
[1.194s][info][gc,stats]   CSR: VM Strong Roots               11 us, workers (us):  11, ---, ---,
[1.194s][info][gc,stats]   CSR: CLDG Roots                    72 us, workers (us):  72, ---, ---,
[1.194s][info][gc,stats] Concurrent Evacuation               530 us
[1.194s][info][gc,stats] Pause Init Update Refs (G)           69 us
[1.194s][info][gc,stats] Pause Init Update Refs (N)           12 us
[1.194s][info][gc,stats]   Manage GCLABs                       6 us
[1.194s][info][gc,stats] Concurrent Update Refs             1945 us
[1.194s][info][gc,stats] Concurrent Update Thread Roots     1139 us
[1.194s][info][gc,stats] Pause Final Update Refs (G)         156 us
[1.194s][info][gc,stats] Pause Final Update Refs (N)          62 us
[1.194s][info][gc,stats]   Update Region States                2 us
[1.194s][info][gc,stats]   Trash Collection Set                3 us
[1.194s][info][gc,stats]   Rebuild Free Set                    4 us
[1.194s][info][gc,stats] Concurrent Cleanup                  109 us
[1.194s][info][gc,stats] Pacing                           346509 us
[1.194s][info][gc,stats]
[1.194s][info][gc,stats] Allocation pacing accrued:
[1.194s][info][gc,stats]     347 of   523 ms ( 66.3%): main
[1.194s][info][gc,stats]     347 of   523 ms ( 66.3%): <total>
[1.194s][info][gc,stats]      32 of   523 ms (  6.0%): <average total>
[1.194s][info][gc,stats]     347 of   523 ms ( 66.3%): <average non-zero>
[1.194s][info][gc,stats]
[1.321s][info][gc,stats]
[1.321s][info][gc,stats] All times are wall-clock times, except per-root-class counters, that are sum over
[1.321s][info][gc,stats] all workers. Dividing the <total> over the root stage time estimates parallelism.
[1.321s][info][gc,stats]
[1.321s][info][gc,stats] Concurrent Reset                     43 us
[1.321s][info][gc,stats] Pause Init Mark (G)                1147 us
[1.321s][info][gc,stats] Pause Init Mark (N)                  29 us
[1.321s][info][gc,stats]   Update Region States                1 us
[1.321s][info][gc,stats] Concurrent Mark Roots               474 us, parallelism: 0.92x
[1.321s][info][gc,stats]   CMR: <total>                      434 us
[1.322s][info][gc,stats]   CMR: Thread Roots                 248 us, workers (us): 248, ---, ---,
[1.322s][info][gc,stats]   CMR: VM Strong Roots               18 us, workers (us):  18, ---, ---,
[1.322s][info][gc,stats]   CMR: CLDG Roots                   169 us, workers (us): 169, ---, ---,
[1.322s][info][gc,stats] Concurrent Marking                 5467 us
[1.322s][info][gc,stats] Pause Final Mark (G)                166 us
[1.322s][info][gc,stats] Pause Final Mark (N)                 52 us
[1.322s][info][gc,stats]   Finish Mark                        30 us
[1.322s][info][gc,stats]   Update Region States                2 us
[1.322s][info][gc,stats]   Choose Collection Set               4 us
[1.322s][info][gc,stats]   Rebuild Free Set                    2 us
[1.322s][info][gc,stats] Concurrent Thread Roots             917 us, parallelism: 0.96x
[1.322s][info][gc,stats]   CTR: <total>                      877 us
[1.322s][info][gc,stats]   CTR: Thread Roots                 877 us, workers (us): 877, ---, ---,
[1.322s][info][gc,stats] Concurrent Weak References          100 us, parallelism: 0.58x
[1.322s][info][gc,stats]   CWRF: <total>                      59 us
[1.322s][info][gc,stats]   CWRF: Weak References              59 us, workers (us):  59, ---, ---,
[1.322s][info][gc,stats] Concurrent Weak Roots               327 us
[1.322s][info][gc,stats]   Roots                             274 us, parallelism: 0.29x
[1.322s][info][gc,stats]     CWR: <total>                     80 us
[1.322s][info][gc,stats]     CWR: Code Cache Roots             8 us, workers (us):   8, ---, ---,
[1.322s][info][gc,stats]     CWR: VM Weak Roots               69 us, workers (us):  69, ---, ---,
[1.322s][info][gc,stats]     CWR: CLDG Roots                   3 us, workers (us):   3, ---, ---,
[1.322s][info][gc,stats]   Rendezvous                         48 us
[1.322s][info][gc,stats] Concurrent Cleanup                    2 us
[1.322s][info][gc,stats] Concurrent Class Unloading         1320 us
[1.322s][info][gc,stats]   Unlink Stale                     1215 us
[1.322s][info][gc,stats]     System Dictionary                 3 us
[1.322s][info][gc,stats]     Weak Class Links                  1 us
[1.322s][info][gc,stats]     Code Roots                     1209 us
[1.322s][info][gc,stats]   Rendezvous                         57 us
[1.322s][info][gc,stats]   Purge Unlinked                     42 us
[1.322s][info][gc,stats]     Code Roots                       37 us
[1.322s][info][gc,stats]     CLDG                              4 us
[1.322s][info][gc,stats]     Exception Caches                  0 us
[1.322s][info][gc,stats] Concurrent Strong Roots              82 us, parallelism: 0.63x
[1.322s][info][gc,stats]   CSR: <total>                       51 us
[1.322s][info][gc,stats]   CSR: VM Strong Roots                6 us, workers (us):   6, ---, ---,
[1.322s][info][gc,stats]   CSR: CLDG Roots                    45 us, workers (us):  45, ---, ---,
[1.322s][info][gc,stats] Concurrent Evacuation               529 us
[1.322s][info][gc,stats] Pause Init Update Refs (G)           99 us
[1.322s][info][gc,stats] Pause Init Update Refs (N)            9 us
[1.322s][info][gc,stats]   Manage GCLABs                       4 us
[1.322s][info][gc,stats] Concurrent Update Refs             1972 us
[1.322s][info][gc,stats] Concurrent Update Thread Roots      550 us
[1.322s][info][gc,stats] Pause Final Update Refs (G)          85 us
[1.322s][info][gc,stats] Pause Final Update Refs (N)          30 us
[1.322s][info][gc,stats]   Update Region States                1 us
[1.322s][info][gc,stats]   Trash Collection Set                2 us
[1.322s][info][gc,stats]   Rebuild Free Set                    2 us
[1.322s][info][gc,stats] Concurrent Cleanup                   98 us
[1.322s][info][gc,stats] Pacing                            85958 us
[1.322s][info][gc,stats]
[1.322s][info][gc,stats] Allocation pacing accrued:
[1.322s][info][gc,stats]      86 of   127 ms ( 67.5%): main
[1.322s][info][gc,stats]      86 of   127 ms ( 67.5%): <total>
[1.322s][info][gc,stats]       8 of   127 ms (  6.1%): <average total>
[1.322s][info][gc,stats]      86 of   127 ms ( 67.5%): <average non-zero>
[1.322s][info][gc,stats]
[1.560s][info][gc,stats]
[1.560s][info][gc,stats] All times are wall-clock times, except per-root-class counters, that are sum over
[1.560s][info][gc,stats] all workers. Dividing the <total> over the root stage time estimates parallelism.
[1.560s][info][gc,stats]
[1.560s][info][gc,stats] Concurrent Reset                     37 us
[1.560s][info][gc,stats] Pause Init Mark (G)                 193 us
[1.560s][info][gc,stats] Pause Init Mark (N)                  27 us
[1.560s][info][gc,stats]   Update Region States                1 us
[1.560s][info][gc,stats] Concurrent Mark Roots              1451 us, parallelism: 0.97x
[1.560s][info][gc,stats]   CMR: <total>                     1413 us
[1.560s][info][gc,stats]   CMR: Thread Roots                1005 us, workers (us): 1005, ---, ---,
[1.560s][info][gc,stats]   CMR: VM Strong Roots               25 us, workers (us):  25, ---, ---,
[1.560s][info][gc,stats]   CMR: CLDG Roots                   383 us, workers (us): 383, ---, ---,
[1.560s][info][gc,stats] Concurrent Marking                 7437 us
[1.560s][info][gc,stats] Pause Final Mark (G)                158 us
[1.560s][info][gc,stats] Pause Final Mark (N)                 64 us
[1.560s][info][gc,stats]   Finish Mark                        44 us
[1.560s][info][gc,stats]   Update Region States                1 us
[1.560s][info][gc,stats]   Choose Collection Set               4 us
[1.560s][info][gc,stats]   Rebuild Free Set                    2 us
[1.560s][info][gc,stats] Concurrent Thread Roots             610 us, parallelism: 0.92x
[1.560s][info][gc,stats]   CTR: <total>                      563 us
[1.560s][info][gc,stats]   CTR: Thread Roots                 563 us, workers (us): 563, ---, ---,
[1.560s][info][gc,stats] Concurrent Weak References          135 us, parallelism: 0.27x
[1.560s][info][gc,stats]   CWRF: <total>                      37 us
[1.560s][info][gc,stats]   CWRF: Weak References              37 us, workers (us):  37, ---, ---,
[1.561s][info][gc,stats] Concurrent Weak Roots               389 us
[1.561s][info][gc,stats]   Roots                             335 us, parallelism: 0.86x
[1.561s][info][gc,stats]     CWR: <total>                    287 us
[1.561s][info][gc,stats]     CWR: Code Cache Roots           118 us, workers (us): 118, ---, ---,
[1.561s][info][gc,stats]     CWR: VM Weak Roots              161 us, workers (us): 161, ---, ---,
[1.561s][info][gc,stats]     CWR: CLDG Roots                   8 us, workers (us):   8, ---, ---,
[1.561s][info][gc,stats]   Rendezvous                         47 us
[1.561s][info][gc,stats] Concurrent Cleanup                    4 us
[1.561s][info][gc,stats] Concurrent Class Unloading         2085 us
[1.561s][info][gc,stats]   Unlink Stale                     1856 us
[1.561s][info][gc,stats]     System Dictionary                 7 us
[1.561s][info][gc,stats]     Weak Class Links                  0 us
[1.561s][info][gc,stats]     Code Roots                     1846 us
[1.561s][info][gc,stats]   Rendezvous                        166 us
[1.561s][info][gc,stats]   Purge Unlinked                     55 us
[1.561s][info][gc,stats]     Code Roots                       50 us
[1.561s][info][gc,stats]     CLDG                              4 us
[1.561s][info][gc,stats]     Exception Caches                  0 us
[1.561s][info][gc,stats] Concurrent Strong Roots             195 us, parallelism: 0.45x
[1.561s][info][gc,stats]   CSR: <total>                       88 us
[1.561s][info][gc,stats]   CSR: VM Strong Roots                9 us, workers (us):   9, ---, ---,
[1.561s][info][gc,stats]   CSR: CLDG Roots                    78 us, workers (us):  78, ---, ---,
[1.561s][info][gc,stats] Concurrent Evacuation               465 us
[1.561s][info][gc,stats] Pause Init Update Refs (G)           71 us
[1.561s][info][gc,stats] Pause Init Update Refs (N)           11 us
[1.561s][info][gc,stats]   Manage GCLABs                       5 us
[1.561s][info][gc,stats] Concurrent Update Refs             2563 us
[1.561s][info][gc,stats] Concurrent Update Thread Roots      736 us
[1.561s][info][gc,stats] Pause Final Update Refs (G)         172 us
[1.561s][info][gc,stats] Pause Final Update Refs (N)          57 us
[1.561s][info][gc,stats]   Update Region States                2 us
[1.561s][info][gc,stats]   Trash Collection Set                3 us
[1.561s][info][gc,stats]   Rebuild Free Set                    3 us
[1.561s][info][gc,stats] Concurrent Cleanup                  116 us
[1.561s][info][gc,stats] Pacing                           124730 us
[1.561s][info][gc,stats]
[1.561s][info][gc,stats] Allocation pacing accrued:
[1.561s][info][gc,stats]     125 of   239 ms ( 52.2%): main
[1.561s][info][gc,stats]     125 of   239 ms ( 52.2%): <total>
[1.561s][info][gc,stats]      10 of   239 ms (  4.3%): <average total>
[1.561s][info][gc,stats]     125 of   239 ms ( 52.2%): <average non-zero>
[1.561s][info][gc,stats]
Connected to the target VM, address: '127.0.0.1:57060', transport: 'socket'
[1.765s][info][gc,stats]
[1.765s][info][gc,stats] All times are wall-clock times, except per-root-class counters, that are sum over
[1.765s][info][gc,stats] all workers. Dividing the <total> over the root stage time estimates parallelism.
[1.765s][info][gc,stats]
[1.765s][info][gc,stats] Concurrent Reset                     57 us
[1.765s][info][gc,stats] Pause Init Mark (G)                 241 us
[1.765s][info][gc,stats] Pause Init Mark (N)                 131 us
[1.765s][info][gc,stats]   Update Region States                1 us
[1.765s][info][gc,stats] Concurrent Mark Roots               536 us, parallelism: 0.91x
[1.765s][info][gc,stats]   CMR: <total>                      487 us
[1.765s][info][gc,stats]   CMR: Thread Roots                 247 us, workers (us): 247, ---, ---,
[1.765s][info][gc,stats]   CMR: VM Strong Roots               23 us, workers (us):  23, ---, ---,
[1.765s][info][gc,stats]   CMR: CLDG Roots                   216 us, workers (us): 216, ---, ---,
[1.765s][info][gc,stats] Concurrent Marking                 8636 us
[1.765s][info][gc,stats] Pause Final Mark (G)                185 us
[1.765s][info][gc,stats] Pause Final Mark (N)                 89 us
[1.765s][info][gc,stats]   Finish Mark                        67 us
[1.765s][info][gc,stats]   Update Region States                1 us
[1.765s][info][gc,stats]   Choose Collection Set               4 us
[1.765s][info][gc,stats]   Rebuild Free Set                    3 us
[1.765s][info][gc,stats] Concurrent Thread Roots             297 us, parallelism: 0.79x
[1.765s][info][gc,stats]   CTR: <total>                      234 us
[1.765s][info][gc,stats]   CTR: Thread Roots                 234 us, workers (us): 234, ---, ---,
[1.765s][info][gc,stats] Concurrent Weak References           99 us, parallelism: 0.41x
[1.765s][info][gc,stats]   CWRF: <total>                      41 us
[1.765s][info][gc,stats]   CWRF: Weak References              41 us, workers (us):  41, ---, ---,
[1.765s][info][gc,stats] Concurrent Weak Roots               449 us
[1.765s][info][gc,stats]   Roots                             388 us, parallelism: 0.82x
[1.765s][info][gc,stats]     CWR: <total>                    320 us
[1.765s][info][gc,stats]     CWR: Code Cache Roots            99 us, workers (us):  99, ---, ---,
[1.765s][info][gc,stats]     CWR: VM Weak Roots              215 us, workers (us): 215, ---, ---,
[1.765s][info][gc,stats]     CWR: CLDG Roots                   6 us, workers (us):   6, ---, ---,
[1.765s][info][gc,stats]   Rendezvous                         53 us
[1.765s][info][gc,stats] Concurrent Cleanup                    3 us
[1.765s][info][gc,stats] Concurrent Class Unloading         2289 us
[1.765s][info][gc,stats]   Unlink Stale                     2180 us
[1.765s][info][gc,stats]     System Dictionary                 7 us
[1.765s][info][gc,stats]     Weak Class Links                  0 us
[1.765s][info][gc,stats]     Code Roots                     2170 us
[1.765s][info][gc,stats]   Rendezvous                         58 us
[1.765s][info][gc,stats]   Purge Unlinked                     45 us
[1.765s][info][gc,stats]     Code Roots                       38 us
[1.765s][info][gc,stats]     CLDG                              6 us
[1.765s][info][gc,stats]     Exception Caches                  0 us
[1.765s][info][gc,stats] Concurrent Strong Roots             163 us, parallelism: 0.63x
[1.765s][info][gc,stats]   CSR: <total>                      102 us
[1.765s][info][gc,stats]   CSR: VM Strong Roots               18 us, workers (us):  18, ---, ---,
[1.765s][info][gc,stats]   CSR: CLDG Roots                    85 us, workers (us):  85, ---, ---,
[1.765s][info][gc,stats] Concurrent Evacuation               601 us
[1.765s][info][gc,stats] Pause Init Update Refs (G)          155 us
[1.765s][info][gc,stats] Pause Init Update Refs (N)           10 us
[1.765s][info][gc,stats]   Manage GCLABs                       4 us
[1.765s][info][gc,stats] Concurrent Update Refs             3014 us
[1.765s][info][gc,stats] Concurrent Update Thread Roots      321 us
[1.765s][info][gc,stats] Pause Final Update Refs (G)         128 us
[1.765s][info][gc,stats] Pause Final Update Refs (N)          34 us
[1.765s][info][gc,stats]   Update Region States                1 us
[1.765s][info][gc,stats]   Trash Collection Set                2 us
[1.765s][info][gc,stats]   Rebuild Free Set                    2 us
[1.765s][info][gc,stats] Concurrent Cleanup                   75 us
[1.765s][info][gc,stats] Pacing                            40004 us
[1.765s][info][gc,stats]
[1.765s][info][gc,stats] Allocation pacing accrued:
[1.765s][info][gc,stats]      40 of   205 ms ( 19.6%): main
[1.765s][info][gc,stats]      40 of   205 ms ( 19.6%): <total>
[1.765s][info][gc,stats]       3 of   205 ms (  1.2%): <average total>
[1.765s][info][gc,stats]      40 of   205 ms ( 19.6%): <average non-zero>
[1.765s][info][gc,stats]
thread: thread1, costs [2.996s][info][gc,stats]
[2.996s][info][gc,stats] All times are wall-clock times, except per-root-class counters, that are sum over
[2.996s][info][gc,stats] all workers. Dividing the <total> over the root stage time estimates parallelism.
[2.996s][info][gc,stats]
[2.996s][info][gc,stats] Concurrent Reset                    114 us
[2.996s][info][gc,stats] Pause Init Mark (G)                 274 us
[2.996s][info][gc,stats] Pause Init Mark (N)                  31 us
[2.996s][info][gc,stats]   Update Region States                1 us
[2.996s][info][gc,stats] Concurrent Mark Roots              1235 us, parallelism: 0.94x
[2.996s][info][gc,stats]   CMR: <total>                     1163 us
[2.996s][info][gc,stats]   CMR: Thread Roots                 903 us, workers (us): 903, ---, ---,
[2.996s][info][gc,stats]   CMR: VM Strong Roots               29 us, workers (us):  29, ---, ---,
[2.996s][info][gc,stats]   CMR: CLDG Roots                   231 us, workers (us): 231, ---, ---,
[2.996s][info][gc,stats] Concurrent Marking                 9767 us
[2.996s][info][gc,stats] Pause Final Mark (G)                401 us
[2.996s][info][gc,stats] Pause Final Mark (N)                168 us
[2.996s][info][gc,stats]   Finish Mark                       145 us
[2.996s][info][gc,stats]   Update Region States                1 us
[2.996s][info][gc,stats]   Choose Collection Set               4 us
[2.996s][info][gc,stats]   Rebuild Free Set                    2 us
[2.996s][info][gc,stats] Concurrent Thread Roots            1837 us, parallelism: 0.94x
[2.996s][info][gc,stats]   CTR: <total>                     1724 us
[2.996s][info][gc,stats]   CTR: Thread Roots                1724 us, workers (us): 1724, ---, ---,
[2.996s][info][gc,stats] Concurrent Weak References          176 us, parallelism: 0.50x
[2.996s][info][gc,stats]   CWRF: <total>                      88 us
[2.996s][info][gc,stats]   CWRF: Weak References              88 us, workers (us):  88, ---, ---,
[2.996s][info][gc,stats] Concurrent Weak Roots               531 us
[2.996s][info][gc,stats]   Roots                             465 us, parallelism: 0.81x
[2.996s][info][gc,stats]     CWR: <total>                    377 us
[2.996s][info][gc,stats]     CWR: Code Cache Roots           108 us, workers (us): 108, ---, ---,
[2.996s][info][gc,stats]     CWR: VM Weak Roots              264 us, workers (us): 264, ---, ---,
[2.996s][info][gc,stats]     CWR: CLDG Roots                   4 us, workers (us):   4, ---, ---,
[2.996s][info][gc,stats]   Rendezvous                         61 us
[2.996s][info][gc,stats] Concurrent Cleanup                    2 us
[2.996s][info][gc,stats] Concurrent Class Unloading         2068 us
[2.996s][info][gc,stats]   Unlink Stale                     1895 us
[2.996s][info][gc,stats]     System Dictionary                 5 us
[2.996s][info][gc,stats]     Weak Class Links                  0 us
[2.996s][info][gc,stats]     Code Roots                     1888 us
[2.996s][info][gc,stats]   Rendezvous                         86 us
[2.996s][info][gc,stats]   Purge Unlinked                     81 us
[2.996s][info][gc,stats]     Code Roots                       72 us
[2.996s][info][gc,stats]     CLDG                              8 us
[2.996s][info][gc,stats]     Exception Caches                  0 us
[2.996s][info][gc,stats] Concurrent Strong Roots             292 us, parallelism: 0.42x
[2.996s][info][gc,stats]   CSR: <total>                      122 us
[2.996s][info][gc,stats]   CSR: VM Strong Roots               16 us, workers (us):  16, ---, ---,
[2.996s][info][gc,stats]   CSR: CLDG Roots                   105 us, workers (us): 105, ---, ---,
[2.996s][info][gc,stats] Concurrent Evacuation               570 us
[2.996s][info][gc,stats] Pause Init Update Refs (G)          600 us
[2.996s][info][gc,stats] Pause Init Update Refs (N)           20 us
[2.996s][info][gc,stats]   Manage GCLABs                       8 us
[2.996s][info][gc,stats] Concurrent Update Refs             3435 us
[2.996s][info][gc,stats] Concurrent Update Thread Roots      694 us
[2.996s][info][gc,stats] Pause Final Update Refs (G)         484 us
[2.996s][info][gc,stats] Pause Final Update Refs (N)          67 us
[2.996s][info][gc,stats]   Update Region States                2 us
[2.996s][info][gc,stats]   Trash Collection Set                3 us
[2.996s][info][gc,stats]   Rebuild Free Set                    3 us
[2.996s][info][gc,stats] Concurrent Cleanup                   40 us
[2.996s][info][gc,stats] Pacing                           146787 us
[2.996s][info][gc,stats]
[2.996s][info][gc,stats] Allocation pacing accrued:
[2.996s][info][gc,stats]     147 of  1231 ms ( 11.9%): thread1
[2.996s][info][gc,stats]     147 of  1231 ms ( 11.9%): <total>
[2.996s][info][gc,stats]       9 of  1231 ms (  0.7%): <average total>
[2.996s][info][gc,stats]     147 of  1231 ms ( 11.9%): <average non-zero>
[2.996s][info][gc,stats]
[3.095s][info][gc,stats]
[3.095s][info][gc,stats] All times are wall-clock times, except per-root-class counters, that are sum over
[3.095s][info][gc,stats] all workers. Dividing the <total> over the root stage time estimates parallelism.
[3.095s][info][gc,stats]
[3.095s][info][gc,stats] Concurrent Reset                    115 us
[3.095s][info][gc,stats] Pause Init Mark (G)                 210 us
[3.095s][info][gc,stats] Pause Init Mark (N)                  43 us
[3.095s][info][gc,stats]   Update Region States                1 us
[3.095s][info][gc,stats] Concurrent Mark Roots              2093 us, parallelism: 0.96x
[3.095s][info][gc,stats]   CMR: <total>                     1999 us
[3.095s][info][gc,stats]   CMR: Thread Roots                1222 us, workers (us): 1222, ---, ---,
[3.095s][info][gc,stats]   CMR: VM Strong Roots               59 us, workers (us):  59, ---, ---,
[3.095s][info][gc,stats]   CMR: CLDG Roots                   718 us, workers (us): 718, ---, ---,
[3.095s][info][gc,stats] Concurrent Marking                11193 us
[3.095s][info][gc,stats] Pause Final Mark (G)                313 us
[3.095s][info][gc,stats] Pause Final Mark (N)                192 us
[3.096s][info][gc,stats]   Finish Mark                       157 us
[3.096s][info][gc,stats]   Update Region States                2 us
[3.096s][info][gc,stats]   Choose Collection Set               6 us
[3.096s][info][gc,stats]   Rebuild Free Set                    4 us
[3.096s][info][gc,stats] Concurrent Thread Roots            2547 us, parallelism: 0.97x
[3.096s][info][gc,stats]   CTR: <total>                     2460 us
[3.096s][info][gc,stats]   CTR: Thread Roots                2460 us, workers (us): 2460, ---, ---,
[3.096s][info][gc,stats] Concurrent Weak References          116 us, parallelism: 0.38x
[3.096s][info][gc,stats]   CWRF: <total>                      44 us
[3.096s][info][gc,stats]   CWRF: Weak References              44 us, workers (us):  44, ---, ---,
[3.096s][info][gc,stats] Concurrent Weak Roots               635 us
[3.096s][info][gc,stats]   Roots                             456 us, parallelism: 0.88x
[3.096s][info][gc,stats]     CWR: <total>                    403 us
[3.096s][info][gc,stats]     CWR: Code Cache Roots            93 us, workers (us):  93, ---, ---,
[3.096s][info][gc,stats]     CWR: VM Weak Roots              303 us, workers (us): 303, ---, ---,
[3.096s][info][gc,stats]     CWR: CLDG Roots                   7 us, workers (us):   7, ---, ---,
[3.096s][info][gc,stats]   Rendezvous                        173 us
[3.096s][info][gc,stats] Concurrent Cleanup                    2 us
[3.096s][info][gc,stats] Concurrent Class Unloading         3040 us
[3.096s][info][gc,stats]   Unlink Stale                     2804 us
[3.096s][info][gc,stats]     System Dictionary               108 us
[3.096s][info][gc,stats]     Weak Class Links                709 us
[3.096s][info][gc,stats]     Code Roots                     1985 us
[3.096s][info][gc,stats]   Rendezvous                         91 us
[3.096s][info][gc,stats]   Purge Unlinked                    139 us
[3.096s][info][gc,stats]     Code Roots                       71 us
[3.096s][info][gc,stats]     CLDG                             68 us
[3.096s][info][gc,stats]     Exception Caches                  0 us
[3.096s][info][gc,stats] Concurrent Strong Roots             141 us, parallelism: 0.62x
[3.096s][info][gc,stats]   CSR: <total>                       87 us
[3.096s][info][gc,stats]   CSR: VM Strong Roots               12 us, workers (us):  12, ---, ---,
[3.096s][info][gc,stats]   CSR: CLDG Roots                    75 us, workers (us):  75, ---, ---,
[3.096s][info][gc,stats] Concurrent Evacuation               397 us
[3.096s][info][gc,stats] Pause Init Update Refs (G)          138 us
[3.096s][info][gc,stats] Pause Init Update Refs (N)           12 us
[3.096s][info][gc,stats]   Manage GCLABs                       6 us
[3.096s][info][gc,stats] Concurrent Update Refs             3442 us
[3.096s][info][gc,stats] Concurrent Update Thread Roots     2106 us
[3.096s][info][gc,stats] Pause Final Update Refs (G)         167 us
[3.096s][info][gc,stats] Pause Final Update Refs (N)          36 us
[3.096s][info][gc,stats]   Update Region States                1 us
[3.096s][info][gc,stats]   Trash Collection Set                2 us
[3.096s][info][gc,stats]   Rebuild Free Set                    2 us
[3.096s][info][gc,stats] Concurrent Cleanup                   24 us
[3.096s][info][gc,stats] Pacing                            36001 us
[3.096s][info][gc,stats]
[3.096s][info][gc,stats] Allocation pacing accrued:
[3.096s][info][gc,stats]      36 of   100 ms ( 36.1%): thread1
[3.096s][info][gc,stats]      36 of   100 ms ( 36.1%): <total>
[3.096s][info][gc,stats]       2 of   100 ms (  2.3%): <average total>
[3.096s][info][gc,stats]      36 of   100 ms ( 36.1%): <average non-zero>
[3.096s][info][gc,stats]
[3.141s][info][gc,stats]
[3.141s][info][gc,stats] All times are wall-clock times, except per-root-class counters, that are sum over
[3.141s][info][gc,stats] all workers. Dividing the <total> over the root stage time estimates parallelism.
[3.141s][info][gc,stats]
[3.141s][info][gc,stats] Concurrent Reset                     54 us
[3.141s][info][gc,stats] Pause Init Mark (G)                1128 us
[3.141s][info][gc,stats] Pause Init Mark (N)                  22 us
[3.141s][info][gc,stats]   Update Region States                1 us
[3.141s][info][gc,stats] Concurrent Mark Roots              1395 us, parallelism: 0.95x
[3.141s][info][gc,stats]   CMR: <total>                     1331 us
[3.141s][info][gc,stats]   CMR: Thread Roots                1097 us, workers (us): 1097, ---, ---,
[3.141s][info][gc,stats]   CMR: VM Strong Roots               21 us, workers (us):  21, ---, ---,
[3.141s][info][gc,stats]   CMR: CLDG Roots                   214 us, workers (us): 214, ---, ---,
[3.141s][info][gc,stats] Concurrent Marking                11908 us
[3.141s][info][gc,stats] Pause Final Mark (G)                454 us
[3.141s][info][gc,stats] Pause Final Mark (N)                296 us
[3.141s][info][gc,stats]   Finish Mark                       275 us
[3.141s][info][gc,stats]   Update Region States                1 us
[3.141s][info][gc,stats]   Choose Collection Set               4 us
[3.141s][info][gc,stats]   Rebuild Free Set                    3 us
[3.141s][info][gc,stats] Concurrent Thread Roots            1472 us, parallelism: 0.96x
[3.141s][info][gc,stats]   CTR: <total>                     1415 us
[3.141s][info][gc,stats]   CTR: Thread Roots                1415 us, workers (us): 1415, ---, ---,
[3.141s][info][gc,stats] Concurrent Weak References           75 us, parallelism: 0.57x
[3.141s][info][gc,stats]   CWRF: <total>                      43 us
[3.141s][info][gc,stats]   CWRF: Weak References              43 us, workers (us):  43, ---, ---,
[3.141s][info][gc,stats] Concurrent Weak Roots              1070 us
[3.141s][info][gc,stats]   Roots                             673 us, parallelism: 0.52x
[3.141s][info][gc,stats]     CWR: <total>                    350 us
[3.141s][info][gc,stats]     CWR: Code Cache Roots            79 us, workers (us):  79, ---, ---,
[3.141s][info][gc,stats]     CWR: VM Weak Roots              266 us, workers (us): 266, ---, ---,
[3.141s][info][gc,stats]     CWR: CLDG Roots                   5 us, workers (us):   5, ---, ---,
[3.141s][info][gc,stats]   Rendezvous                        392 us
[3.141s][info][gc,stats] Concurrent Cleanup                    2 us
[3.141s][info][gc,stats] Concurrent Class Unloading         1896 us
[3.141s][info][gc,stats]   Unlink Stale                     1755 us
[3.141s][info][gc,stats]     System Dictionary                 5 us
[3.141s][info][gc,stats]     Weak Class Links                  0 us
[3.141s][info][gc,stats]     Code Roots                     1748 us
[3.141s][info][gc,stats]   Rendezvous                         76 us
[3.141s][info][gc,stats]   Purge Unlinked                     59 us
[3.141s][info][gc,stats]     Code Roots                       54 us
[3.141s][info][gc,stats]     CLDG                              4 us
[3.141s][info][gc,stats]     Exception Caches                  0 us
[3.141s][info][gc,stats] Concurrent Strong Roots             118 us, parallelism: 0.53x
[3.141s][info][gc,stats]   CSR: <total>                       62 us
[3.141s][info][gc,stats]   CSR: VM Strong Roots                9 us, workers (us):   9, ---, ---,
[3.141s][info][gc,stats]   CSR: CLDG Roots                    53 us, workers (us):  53, ---, ---,
[3.141s][info][gc,stats] Concurrent Evacuation               312 us
[3.141s][info][gc,stats] Pause Init Update Refs (G)          102 us
[3.141s][info][gc,stats] Pause Init Update Refs (N)           11 us
[3.141s][info][gc,stats]   Manage GCLABs                       5 us
[3.141s][info][gc,stats] Concurrent Update Refs             3412 us
[3.141s][info][gc,stats] Concurrent Update Thread Roots     1517 us
[3.141s][info][gc,stats] Pause Final Update Refs (G)         187 us
[3.141s][info][gc,stats] Pause Final Update Refs (N)          38 us
[3.141s][info][gc,stats]   Update Region States                1 us
[3.142s][info][gc,stats]   Trash Collection Set                1 us
[3.142s][info][gc,stats]   Rebuild Free Set                    2 us
[3.142s][info][gc,stats] Concurrent Cleanup                   24 us
[3.142s][info][gc,stats] Pacing                            21023 us
[3.142s][info][gc,stats]
[3.142s][info][gc,stats] Allocation pacing accrued:
[3.142s][info][gc,stats]      21 of    46 ms ( 46.0%): thread1
[3.142s][info][gc,stats]      21 of    46 ms ( 46.0%): <total>
[3.142s][info][gc,stats]       1 of    46 ms (  2.9%): <average total>
[3.142s][info][gc,stats]      21 of    46 ms ( 46.0%): <average non-zero>
[3.142s][info][gc,stats]
[3.188s][info][gc,stats]
[3.188s][info][gc,stats] All times are wall-clock times, except per-root-class counters, that are sum over
[3.188s][info][gc,stats] all workers. Dividing the <total> over the root stage time estimates parallelism.
[3.188s][info][gc,stats]
[3.188s][info][gc,stats] Concurrent Reset                     38 us
[3.188s][info][gc,stats] Pause Init Mark (G)                 528 us
[3.188s][info][gc,stats] Pause Init Mark (N)                  29 us
[3.188s][info][gc,stats]   Update Region States                1 us
[3.188s][info][gc,stats] Concurrent Mark Roots              1655 us, parallelism: 0.94x
[3.188s][info][gc,stats]   CMR: <total>                     1563 us
[3.188s][info][gc,stats]   CMR: Thread Roots                1099 us, workers (us): 1099, ---, ---,
[3.188s][info][gc,stats]   CMR: VM Strong Roots               35 us, workers (us):  35, ---, ---,
[3.188s][info][gc,stats]   CMR: CLDG Roots                   430 us, workers (us): 430, ---, ---,
[3.188s][info][gc,stats] Concurrent Marking                11352 us
[3.188s][info][gc,stats] Pause Final Mark (G)                327 us
[3.188s][info][gc,stats] Pause Final Mark (N)                173 us
[3.188s][info][gc,stats]   Finish Mark                       148 us
[3.188s][info][gc,stats]   Update Region States                2 us
[3.188s][info][gc,stats]   Choose Collection Set               4 us
[3.188s][info][gc,stats]   Rebuild Free Set                    3 us
[3.188s][info][gc,stats] Concurrent Thread Roots             979 us, parallelism: 0.95x
[3.188s][info][gc,stats]   CTR: <total>                      929 us
[3.188s][info][gc,stats]   CTR: Thread Roots                 929 us, workers (us): 929, ---, ---,
[3.188s][info][gc,stats] Concurrent Weak References          112 us, parallelism: 0.59x
[3.188s][info][gc,stats]   CWRF: <total>                      66 us
[3.188s][info][gc,stats]   CWRF: Weak References              66 us, workers (us):  66, ---, ---,
[3.188s][info][gc,stats] Concurrent Weak Roots              2022 us
[3.188s][info][gc,stats]   Roots                             961 us, parallelism: 0.93x
[3.188s][info][gc,stats]     CWR: <total>                    898 us
[3.188s][info][gc,stats]     CWR: Code Cache Roots           152 us, workers (us): 152, ---, ---,
[3.188s][info][gc,stats]     CWR: VM Weak Roots              735 us, workers (us): 735, ---, ---,
[3.188s][info][gc,stats]     CWR: CLDG Roots                  10 us, workers (us):  10, ---, ---,
[3.188s][info][gc,stats]   Rendezvous                       1056 us
[3.188s][info][gc,stats] Concurrent Cleanup                    2 us
[3.188s][info][gc,stats] Concurrent Class Unloading         1933 us
[3.188s][info][gc,stats]   Unlink Stale                     1803 us
[3.188s][info][gc,stats]     System Dictionary                 5 us
[3.188s][info][gc,stats]     Weak Class Links                  0 us
[3.188s][info][gc,stats]     Code Roots                     1796 us
[3.188s][info][gc,stats]   Rendezvous                         70 us
[3.188s][info][gc,stats]   Purge Unlinked                     55 us
[3.188s][info][gc,stats]     Code Roots                       51 us
[3.188s][info][gc,stats]     CLDG                              4 us
[3.188s][info][gc,stats]     Exception Caches                  0 us
[3.188s][info][gc,stats] Concurrent Strong Roots             108 us, parallelism: 0.49x
[3.188s][info][gc,stats]   CSR: <total>                       53 us
[3.188s][info][gc,stats]   CSR: VM Strong Roots               10 us, workers (us):  10, ---, ---,
[3.188s][info][gc,stats]   CSR: CLDG Roots                    42 us, workers (us):  42, ---, ---,
[3.188s][info][gc,stats] Concurrent Evacuation              1012 us
[3.188s][info][gc,stats] Pause Init Update Refs (G)          114 us
[3.188s][info][gc,stats] Pause Init Update Refs (N)           12 us
[3.188s][info][gc,stats]   Manage GCLABs                       5 us
[3.188s][info][gc,stats] Concurrent Update Refs             3353 us
[3.188s][info][gc,stats] Concurrent Update Thread Roots      979 us
[3.188s][info][gc,stats] Pause Final Update Refs (G)         167 us
[3.188s][info][gc,stats] Pause Final Update Refs (N)          37 us
[3.188s][info][gc,stats]   Update Region States                1 us
[3.188s][info][gc,stats]   Trash Collection Set                1 us
[3.188s][info][gc,stats]   Rebuild Free Set                    2 us
[3.188s][info][gc,stats] Concurrent Cleanup                   19 us
[3.188s][info][gc,stats] Pacing                            23366 us
[3.188s][info][gc,stats]
[3.188s][info][gc,stats] Allocation pacing accrued:
[3.188s][info][gc,stats]      23 of    47 ms ( 50.0%): thread1
[3.188s][info][gc,stats]      23 of    47 ms ( 50.0%): <total>
[3.188s][info][gc,stats]       1 of    47 ms (  3.1%): <average total>
[3.188s][info][gc,stats]      23 of    47 ms ( 50.0%): <average non-zero>
[3.188s][info][gc,stats]
[3.234s][info][gc,stats]
[3.234s][info][gc,stats] All times are wall-clock times, except per-root-class counters, that are sum over
[3.234s][info][gc,stats] all workers. Dividing the <total> over the root stage time estimates parallelism.
[3.234s][info][gc,stats]
[3.234s][info][gc,stats] Concurrent Reset                     90 us
[3.234s][info][gc,stats] Pause Init Mark (G)                 323 us
[3.234s][info][gc,stats] Pause Init Mark (N)                  29 us
[3.234s][info][gc,stats]   Update Region States                1 us
[3.234s][info][gc,stats] Concurrent Mark Roots               992 us, parallelism: 0.92x
[3.234s][info][gc,stats]   CMR: <total>                      914 us
[3.234s][info][gc,stats]   CMR: Thread Roots                 637 us, workers (us): 637, ---, ---,
[3.234s][info][gc,stats]   CMR: VM Strong Roots               27 us, workers (us):  27, ---, ---,
[3.234s][info][gc,stats]   CMR: CLDG Roots                   251 us, workers (us): 251, ---, ---,
[3.234s][info][gc,stats] Concurrent Marking                12006 us
[3.234s][info][gc,stats] Pause Final Mark (G)                445 us
[3.234s][info][gc,stats] Pause Final Mark (N)                313 us
[3.234s][info][gc,stats]   Finish Mark                       292 us
[3.234s][info][gc,stats]   Update Region States                1 us
[3.234s][info][gc,stats]   Choose Collection Set               4 us
[3.234s][info][gc,stats]   Rebuild Free Set                    2 us
[3.234s][info][gc,stats] Concurrent Thread Roots             807 us, parallelism: 0.92x
[3.234s][info][gc,stats]   CTR: <total>                      743 us
[3.234s][info][gc,stats]   CTR: Thread Roots                 743 us, workers (us): 743, ---, ---,
[3.234s][info][gc,stats] Concurrent Weak References           78 us, parallelism: 0.47x
[3.234s][info][gc,stats]   CWRF: <total>                      36 us
[3.234s][info][gc,stats]   CWRF: Weak References              36 us, workers (us):  36, ---, ---,
[3.234s][info][gc,stats] Concurrent Weak Roots               552 us
[3.234s][info][gc,stats]   Roots                             487 us, parallelism: 0.90x
[3.234s][info][gc,stats]     CWR: <total>                    439 us
[3.234s][info][gc,stats]     CWR: Code Cache Roots           110 us, workers (us): 110, ---, ---,
[3.234s][info][gc,stats]     CWR: VM Weak Roots              324 us, workers (us): 324, ---, ---,
[3.234s][info][gc,stats]     CWR: CLDG Roots                   4 us, workers (us):   4, ---, ---,
[3.234s][info][gc,stats]   Rendezvous                         59 us
[3.234s][info][gc,stats] Concurrent Cleanup                    3 us
[3.234s][info][gc,stats] Concurrent Class Unloading         1970 us
[3.234s][info][gc,stats]   Unlink Stale                     1840 us
[3.234s][info][gc,stats]     System Dictionary                 9 us
[3.234s][info][gc,stats]     Weak Class Links                  0 us
[3.234s][info][gc,stats]     Code Roots                     1829 us
[3.234s][info][gc,stats]   Rendezvous                         67 us
[3.234s][info][gc,stats]   Purge Unlinked                     57 us
[3.234s][info][gc,stats]     Code Roots                       53 us
[3.234s][info][gc,stats]     CLDG                              4 us
[3.234s][info][gc,stats]     Exception Caches                  0 us
[3.234s][info][gc,stats] Concurrent Strong Roots             231 us, parallelism: 0.71x
[3.234s][info][gc,stats]   CSR: <total>                      165 us
[3.234s][info][gc,stats]   CSR: VM Strong Roots               22 us, workers (us):  22, ---, ---,
[3.234s][info][gc,stats]   CSR: CLDG Roots                   143 us, workers (us): 143, ---, ---,
[3.234s][info][gc,stats] Concurrent Evacuation               750 us
[3.234s][info][gc,stats] Pause Init Update Refs (G)          525 us
[3.234s][info][gc,stats] Pause Init Update Refs (N)           13 us
[3.234s][info][gc,stats]   Manage GCLABs                       7 us
[3.234s][info][gc,stats] Concurrent Update Refs             3716 us
[3.234s][info][gc,stats] Concurrent Update Thread Roots      489 us
[3.234s][info][gc,stats] Pause Final Update Refs (G)         164 us
[3.234s][info][gc,stats] Pause Final Update Refs (N)          36 us
[3.234s][info][gc,stats]   Update Region States                1 us
[3.234s][info][gc,stats]   Trash Collection Set                1 us
[3.234s][info][gc,stats]   Rebuild Free Set                    1 us
[3.234s][info][gc,stats] Concurrent Cleanup                   23 us
[3.234s][info][gc,stats] Pacing                            37094 us
[3.234s][info][gc,stats]
[3.234s][info][gc,stats] Allocation pacing accrued:
[3.234s][info][gc,stats]      37 of    46 ms ( 80.4%): thread1
[3.234s][info][gc,stats]      37 of    46 ms ( 80.4%): <total>
[3.234s][info][gc,stats]       2 of    46 ms (  5.0%): <average total>
[3.234s][info][gc,stats]      37 of    46 ms ( 80.4%): <average non-zero>
[3.234s][info][gc,stats]
[3.278s][info][gc,stats]
[3.278s][info][gc,stats] All times are wall-clock times, except per-root-class counters, that are sum over
[3.278s][info][gc,stats] all workers. Dividing the <total> over the root stage time estimates parallelism.
[3.278s][info][gc,stats]
[3.278s][info][gc,stats] Concurrent Reset                     60 us
[3.278s][info][gc,stats] Pause Init Mark (G)                 730 us
[3.278s][info][gc,stats] Pause Init Mark (N)                  30 us
[3.278s][info][gc,stats]   Update Region States                1 us
[3.278s][info][gc,stats] Concurrent Mark Roots              1390 us, parallelism: 0.95x
[3.278s][info][gc,stats]   CMR: <total>                     1328 us
[3.278s][info][gc,stats]   CMR: Thread Roots                 819 us, workers (us): 819, ---, ---,
[3.278s][info][gc,stats]   CMR: VM Strong Roots               36 us, workers (us):  36, ---, ---,
[3.278s][info][gc,stats]   CMR: CLDG Roots                   473 us, workers (us): 473, ---, ---,
[3.278s][info][gc,stats] Concurrent Marking                11585 us
[3.278s][info][gc,stats] Pause Final Mark (G)                210 us
[3.278s][info][gc,stats] Pause Final Mark (N)                 89 us
[3.278s][info][gc,stats]   Finish Mark                        66 us
[3.278s][info][gc,stats]   Update Region States                1 us
[3.278s][info][gc,stats]   Choose Collection Set               4 us
[3.278s][info][gc,stats]   Rebuild Free Set                    2 us
[3.278s][info][gc,stats] Concurrent Thread Roots            1448 us, parallelism: 0.96x
[3.278s][info][gc,stats]   CTR: <total>                     1386 us
[3.278s][info][gc,stats]   CTR: Thread Roots                1386 us, workers (us): 1386, ---, ---,
[3.278s][info][gc,stats] Concurrent Weak References          150 us, parallelism: 0.60x
[3.278s][info][gc,stats]   CWRF: <total>                      90 us
[3.278s][info][gc,stats]   CWRF: Weak References              90 us, workers (us):  90, ---, ---,
[3.278s][info][gc,stats] Concurrent Weak Roots             16603 us
[3.278s][info][gc,stats]   Roots                             595 us, parallelism: 0.90x
[3.278s][info][gc,stats]     CWR: <total>                    537 us
[3.278s][info][gc,stats]     CWR: Code Cache Roots           154 us, workers (us): 154, ---, ---,
[3.278s][info][gc,stats]     CWR: VM Weak Roots              376 us, workers (us): 376, ---, ---,
[3.278s][info][gc,stats]     CWR: CLDG Roots                   8 us, workers (us):   8, ---, ---,
[3.278s][info][gc,stats]   Rendezvous                      16000 us
[3.278s][info][gc,stats] Concurrent Cleanup                    4 us
[3.278s][info][gc,stats] Concurrent Class Unloading         3052 us
[3.279s][info][gc,stats]   Unlink Stale                     2896 us
[3.279s][info][gc,stats]     System Dictionary                 8 us
[3.279s][info][gc,stats]     Weak Class Links                  0 us
[3.279s][info][gc,stats]     Code Roots                     2887 us
[3.279s][info][gc,stats]   Rendezvous                         85 us
[3.279s][info][gc,stats]   Purge Unlinked                     63 us
[3.279s][info][gc,stats]     Code Roots                       59 us
[3.279s][info][gc,stats]     CLDG                              4 us
[3.279s][info][gc,stats]     Exception Caches                  0 us
[3.279s][info][gc,stats] Concurrent Strong Roots             104 us, parallelism: 0.49x
[3.279s][info][gc,stats]   CSR: <total>                       52 us
[3.279s][info][gc,stats]   CSR: VM Strong Roots               10 us, workers (us):  10, ---, ---,
[3.279s][info][gc,stats]   CSR: CLDG Roots                    42 us, workers (us):  42, ---, ---,
[3.279s][info][gc,stats] Concurrent Evacuation               352 us
[3.279s][info][gc,stats] Pacing                            75490 us
[3.279s][info][gc,stats]
[3.279s][info][gc,stats] Allocation pacing accrued:
[3.279s][info][gc,stats]      25 of    44 ms ( 56.1%): main
[3.279s][info][gc,stats]      26 of    44 ms ( 59.1%): thread1
[3.279s][info][gc,stats]      12 of    44 ms ( 26.4%): thread2
[3.279s][info][gc,stats]      13 of    44 ms ( 29.2%): thread3
[3.279s][info][gc,stats]      75 of    44 ms (170.8%): <total>
[3.279s][info][gc,stats]       4 of    44 ms (  9.5%): <average total>
[3.279s][info][gc,stats]      19 of    44 ms ( 42.7%): <average non-zero>
[3.279s][info][gc,stats]
[3.295s][info][gc,stats]
[3.295s][info][gc,stats] All times are wall-clock times, except per-root-class counters, that are sum over
[3.295s][info][gc,stats] all workers. Dividing the <total> over the root stage time estimates parallelism.
[3.295s][info][gc,stats]
[3.295s][info][gc,stats] Pause Degenerated GC (G)           4140 us
[3.295s][info][gc,stats] Pause Degenerated GC (N)           3981 us
[3.295s][info][gc,stats]   Evacuation                        391 us
[3.295s][info][gc,stats]   Manage GCLABs                       9 us
[3.295s][info][gc,stats]   Update References                1723 us
[3.295s][info][gc,stats]   Update Region States                2 us
[3.295s][info][gc,stats]   Trash Collection Set                2 us
[3.295s][info][gc,stats]   Rebuild Free Set                    3 us
[3.295s][info][gc,stats]   Degen Update Roots               1668 us, parallelism: 1.69x
[3.295s][info][gc,stats]     DU: <total>                    2819 us
[3.295s][info][gc,stats]     DU: Thread Roots               1440 us, workers (us): 156, 744, 540,
[3.295s][info][gc,stats]     DU: Code Cache Roots            771 us, workers (us): 372, 398,   0,
[3.295s][info][gc,stats]     DU: VM Strong Roots              12 us, workers (us):   6,   6,   1,
[3.295s][info][gc,stats]     DU: VM Weak Roots               561 us, workers (us): 180, 180, 201,
[3.295s][info][gc,stats]     DU: CLDG Roots                   35 us, workers (us):  29,   3,   3,
[3.295s][info][gc,stats]   Cleanup                            20 us
[3.295s][info][gc,stats] Pacing                            30225 us
[3.295s][info][gc,stats]
[3.295s][info][gc,stats] Allocation pacing accrued:
[3.295s][info][gc,stats]      14 of    16 ms ( 88.3%): main
[3.295s][info][gc,stats]      16 of    16 ms ( 96.3%): thread1
[3.295s][info][gc,stats]      30 of    16 ms (184.6%): <total>
[3.295s][info][gc,stats]       2 of    16 ms ( 10.3%): <average total>
[3.295s][info][gc,stats]      15 of    16 ms ( 92.3%): <average non-zero>
[3.295s][info][gc,stats]
[3.340s][info][gc,stats]
[3.340s][info][gc,stats] All times are wall-clock times, except per-root-class counters, that are sum over
[3.340s][info][gc,stats] all workers. Dividing the <total> over the root stage time estimates parallelism.
[3.340s][info][gc,stats]
[3.340s][info][gc,stats] Pause Degenerated GC (G)          33125 us
[3.340s][info][gc,stats] Pause Degenerated GC (N)          32777 us
[3.340s][info][gc,stats]   Degen STW Mark                   4650 us, parallelism: 2.92x
[3.340s][info][gc,stats]     DSM: <total>                  13583 us
[3.340s][info][gc,stats]     DSM: Thread Roots              1569 us, workers (us): 1290, 224,  55,
[3.340s][info][gc,stats]     DSM: VM Strong Roots             18 us, workers (us):   0,  18,   0,
[3.340s][info][gc,stats]     DSM: CLDG Roots                 308 us, workers (us):   1,   1, 306,
[3.340s][info][gc,stats]     DSM: Parallel Mark            11689 us, workers (us): 3246, 4286, 4157,
[3.340s][info][gc,stats]     System Purge                   5952 us
[3.340s][info][gc,stats]       Weak References                85 us, parallelism: 0.38x
[3.340s][info][gc,stats]         WRP: <total>                 32 us
[3.340s][info][gc,stats]         WRP: Weak References         32 us, workers (us):  26,   3,   4,
[3.340s][info][gc,stats]       Unload Classes               5590 us, parallelism: 0.43x
[3.340s][info][gc,stats]         DCU: <total>               2425 us
[3.340s][info][gc,stats]         DCU: Unload Code Caches     2425 us, workers (us): 876, 789, 760,
[3.340s][info][gc,stats]       Weak Roots                    222 us, parallelism: 2.24x
[3.340s][info][gc,stats]         DWR: <total>                497 us
[3.340s][info][gc,stats]         DWR: VM Weak Roots          497 us, workers (us): 167, 166, 164,
[3.340s][info][gc,stats]       CLDG                           24 us
[3.340s][info][gc,stats]   Update Region States                1 us
[3.340s][info][gc,stats]   Manage GC/TLABs                    11 us
[3.340s][info][gc,stats]   Choose Collection Set               5 us
[3.340s][info][gc,stats]   Rebuild Free Set                    3 us
[3.340s][info][gc,stats]   Evacuation                        780 us
[3.340s][info][gc,stats]   Manage GCLABs                       4 us
[3.340s][info][gc,stats]   Update References                1857 us
[3.340s][info][gc,stats]   Update Region States                1 us
[3.340s][info][gc,stats]   Trash Collection Set                1 us
[3.340s][info][gc,stats]   Rebuild Free Set                    2 us
[3.340s][info][gc,stats]   Degen Update Roots                943 us, parallelism: 1.70x
[3.340s][info][gc,stats]     DU: <total>                    1601 us
[3.340s][info][gc,stats]     DU: Thread Roots                125 us, workers (us):   1, 122,   2,
[3.340s][info][gc,stats]     DU: Code Cache Roots            798 us, workers (us): 392,  12, 394,
[3.340s][info][gc,stats]     DU: VM Strong Roots               8 us, workers (us):   5,   2,   1,
[3.340s][info][gc,stats]     DU: VM Weak Roots               608 us, workers (us): 206, 205, 196,
[3.340s][info][gc,stats]     DU: CLDG Roots                   61 us, workers (us):   5,  52,   4,
[3.340s][info][gc,stats]   Cleanup                            15 us
[3.340s][info][gc,stats]   Pre Heap Dump                       1 us
[3.340s][info][gc,stats]   Prepare                            65 us
[3.340s][info][gc,stats]   Mark                             9981 us, parallelism: 1.02x
[3.340s][info][gc,stats]     FM: <total>                   10215 us
[3.340s][info][gc,stats]     FM: Thread Roots                207 us, workers (us):  79,  45,  82,
[3.340s][info][gc,stats]     FM: VM Strong Roots              15 us, workers (us):  12,   0,   2,
[3.340s][info][gc,stats]     FM: CLDG Roots                  171 us, workers (us):   1, 169,   1,
[3.340s][info][gc,stats]     FM: Parallel Mark              9822 us, workers (us): 3314, 3191, 3318,
[3.340s][info][gc,stats]     System Purge                   6460 us
[3.340s][info][gc,stats]       Weak References                72 us, parallelism: 0.38x
[3.340s][info][gc,stats]         WRP: <total>                 27 us
[3.340s][info][gc,stats]         WRP: Weak References         27 us, workers (us):  18,   9,   0,
[3.340s][info][gc,stats]       Unload Classes               6124 us, parallelism: 0.34x
[3.340s][info][gc,stats]         CU: <total>                2068 us
[3.340s][info][gc,stats]         CU: Unload Code Caches     2068 us, workers (us): 687, 737, 644,
[3.340s][info][gc,stats]       Weak Roots                    233 us, parallelism: 2.17x
[3.340s][info][gc,stats]         WR: <total>                 505 us
[3.340s][info][gc,stats]         WR: VM Weak Roots           505 us, workers (us): 170, 169, 166,
[3.340s][info][gc,stats]       CLDG                            1 us
[3.340s][info][gc,stats]   Calculate Addresses              3477 us
[3.340s][info][gc,stats]     Regular Objects                3474 us
[3.340s][info][gc,stats]     Humongous Objects                 0 us
[3.340s][info][gc,stats]   Adjust Pointers                  2922 us
[3.340s][info][gc,stats]     FA: <total>                    1146 us
[3.340s][info][gc,stats]     FA: Thread Roots                117 us, workers (us): 112,   2,   3,
[3.340s][info][gc,stats]     FA: Code Cache Roots            766 us, workers (us):  13, 420, 334,
[3.340s][info][gc,stats]     FA: VM Strong Roots               9 us, workers (us):   4,   2,   2,
[3.340s][info][gc,stats]     FA: VM Weak Roots               197 us, workers (us):  66,  66,  65,
[3.340s][info][gc,stats]     FA: CLDG Roots                   57 us, workers (us):  45,   6,   6,
[3.340s][info][gc,stats]   Copy Objects                     1763 us
[3.340s][info][gc,stats]     Regular Objects                1546 us
[3.340s][info][gc,stats]     Humongous Objects                 1 us
[3.340s][info][gc,stats]     Reset Complete Bitmap            48 us
[3.340s][info][gc,stats]     Rebuild Region Sets             162 us
[3.340s][info][gc,stats]   Post Heap Dump                      1 us
[3.340s][info][gc,stats] Pacing                            76505 us
[3.340s][info][gc,stats]
[3.340s][info][gc,stats] Allocation pacing accrued:
[3.340s][info][gc,stats]      38 of    45 ms ( 83.8%): main
[3.340s][info][gc,stats]      38 of    45 ms ( 84.7%): thread1
[3.340s][info][gc,stats]      77 of    45 ms (168.5%): <total>
[3.340s][info][gc,stats]       4 of    45 ms (  9.4%): <average total>
[3.340s][info][gc,stats]      38 of    45 ms ( 84.3%): <average non-zero>
[3.340s][info][gc,stats]
1005 ms
[3.372s][info][gc,stats]
[3.372s][info][gc,stats] All times are wall-clock times, except per-root-class counters, that are sum over
[3.372s][info][gc,stats] all workers. Dividing the <total> over the root stage time estimates parallelism.
[3.372s][info][gc,stats]
[3.372s][info][gc,stats] Concurrent Reset                     52 us
[3.372s][info][gc,stats] Pause Init Mark (G)                 204 us
[3.372s][info][gc,stats] Pause Init Mark (N)                  16 us
[3.372s][info][gc,stats]   Update Region States                1 us
[3.372s][info][gc,stats] Concurrent Mark Roots               987 us, parallelism: 0.96x
[3.372s][info][gc,stats]   CMR: <total>                      944 us
[3.372s][info][gc,stats]   CMR: Thread Roots                 745 us, workers (us): 745, ---, ---,
[3.372s][info][gc,stats]   CMR: VM Strong Roots               18 us, workers (us):  18, ---, ---,
[3.372s][info][gc,stats]   CMR: CLDG Roots                   181 us, workers (us): 181, ---, ---,
[3.372s][info][gc,stats] Pacing                            58851 us
[3.372s][info][gc,stats]
[3.372s][info][gc,stats] Allocation pacing accrued:
[3.372s][info][gc,stats]      22 of    32 ms ( 70.8%): main
[3.372s][info][gc,stats]      12 of    32 ms ( 37.9%): thread1
[3.372s][info][gc,stats]      24 of    32 ms ( 77.4%): thread3
[3.372s][info][gc,stats]      59 of    32 ms (186.2%): <total>
[3.372s][info][gc,stats]       3 of    32 ms ( 10.3%): <average total>
[3.372s][info][gc,stats]      20 of    32 ms ( 62.1%): <average non-zero>
[3.372s][info][gc,stats]
[3.397s][info][gc,stats]
[3.398s][info][gc,stats] All times are wall-clock times, except per-root-class counters, that are sum over
[3.398s][info][gc,stats] all workers. Dividing the <total> over the root stage time estimates parallelism.
[3.398s][info][gc,stats]
[3.398s][info][gc,stats] Pause Degenerated GC (G)          10814 us
[3.398s][info][gc,stats] Pause Degenerated GC (N)          10583 us
[3.398s][info][gc,stats]   Degen STW Mark                   4987 us, parallelism: 2.94x
[3.398s][info][gc,stats]     DSM: <total>                  14661 us
[3.398s][info][gc,stats]     DSM: Thread Roots               684 us, workers (us): 112, 482,  90,
[3.398s][info][gc,stats]     DSM: VM Strong Roots             35 us, workers (us):  34,   0,   1,
[3.398s][info][gc,stats]     DSM: CLDG Roots                 608 us, workers (us):   2,   1, 605,
[3.398s][info][gc,stats]     DSM: Parallel Mark            13333 us, workers (us): 4743, 4410, 4180,
[3.398s][info][gc,stats]     System Purge                   5283 us
[3.398s][info][gc,stats]       Weak References                83 us, parallelism: 0.53x
[3.398s][info][gc,stats]         WRP: <total>                 44 us
[3.398s][info][gc,stats]         WRP: Weak References         44 us, workers (us):  12,  31,   0,
[3.398s][info][gc,stats]       Unload Classes               4883 us, parallelism: 0.45x
[3.398s][info][gc,stats]         DCU: <total>               2182 us
[3.398s][info][gc,stats]         DCU: Unload Code Caches     2182 us, workers (us): 724, 734, 724,
[3.398s][info][gc,stats]       Weak Roots                    285 us, parallelism: 2.24x
[3.398s][info][gc,stats]         DWR: <total>                638 us
[3.398s][info][gc,stats]         DWR: VM Weak Roots          638 us, workers (us): 213, 205, 219,
[3.398s][info][gc,stats]       CLDG                            1 us
[3.398s][info][gc,stats]   Update Region States                1 us
[3.398s][info][gc,stats]   Manage GC/TLABs                    10 us
[3.398s][info][gc,stats]   Choose Collection Set               9 us
[3.398s][info][gc,stats]   Rebuild Free Set                    2 us
[3.398s][info][gc,stats]   Cleanup                             1 us
[3.398s][info][gc,stats]
[3.398s][info][gc,stats] Allocation pacing accrued:
[3.398s][info][gc,stats]       0 of    26 ms (  0.0%): <total>
[3.398s][info][gc,stats]       0 of    26 ms (  0.0%): <average total>
[3.398s][info][gc,stats]
[3.417s][info][gc,stats]
[3.417s][info][gc,stats] All times are wall-clock times, except per-root-class counters, that are sum over
[3.417s][info][gc,stats] all workers. Dividing the <total> over the root stage time estimates parallelism.
[3.417s][info][gc,stats]
[3.417s][info][gc,stats] Concurrent Reset                     62 us
[3.417s][info][gc,stats] Pause Init Mark (G)                 163 us
[3.417s][info][gc,stats] Pause Init Mark (N)                  17 us
[3.417s][info][gc,stats]   Update Region States                1 us
[3.417s][info][gc,stats] Concurrent Mark Roots              1195 us, parallelism: 0.95x
[3.417s][info][gc,stats]   CMR: <total>                     1137 us
[3.417s][info][gc,stats]   CMR: Thread Roots                 860 us, workers (us): 860, ---, ---,
[3.417s][info][gc,stats]   CMR: VM Strong Roots               21 us, workers (us):  21, ---, ---,
[3.417s][info][gc,stats]   CMR: CLDG Roots                   257 us, workers (us): 257, ---, ---,
[3.417s][info][gc,stats] Concurrent Marking                12408 us
[3.417s][info][gc,stats] Pause Final Mark (G)                273 us
[3.417s][info][gc,stats] Pause Final Mark (N)                123 us
[3.417s][info][gc,stats]   Finish Mark                       101 us
[3.417s][info][gc,stats]   Update Region States                1 us
[3.417s][info][gc,stats]   Choose Collection Set               6 us
[3.417s][info][gc,stats]   Rebuild Free Set                    2 us
[3.417s][info][gc,stats] Concurrent Weak References          109 us, parallelism: 0.23x
[3.417s][info][gc,stats]   CWRF: <total>                      25 us
[3.417s][info][gc,stats]   CWRF: Weak References              25 us, workers (us):  25, ---, ---,
[3.417s][info][gc,stats] Concurrent Weak Roots               441 us
[3.417s][info][gc,stats]   Roots                             360 us, parallelism: 0.74x
[3.417s][info][gc,stats]     CWR: <total>                    266 us
[3.418s][info][gc,stats]     CWR: Code Cache Roots           122 us, workers (us): 122, ---, ---,
[3.418s][info][gc,stats]     CWR: VM Weak Roots              136 us, workers (us): 136, ---, ---,
[3.418s][info][gc,stats]     CWR: CLDG Roots                   8 us, workers (us):   8, ---, ---,
[3.418s][info][gc,stats]   Rendezvous                         71 us
[3.418s][info][gc,stats] Concurrent Cleanup                   56 us
[3.418s][info][gc,stats] Concurrent Class Unloading         2698 us
[3.418s][info][gc,stats]   Unlink Stale                     2511 us
[3.418s][info][gc,stats]     System Dictionary                14 us
[3.418s][info][gc,stats]     Weak Class Links                  0 us
[3.418s][info][gc,stats]     Code Roots                     2494 us
[3.418s][info][gc,stats]   Rendezvous                         67 us
[3.418s][info][gc,stats]   Purge Unlinked                    111 us
[3.418s][info][gc,stats]     Code Roots                       99 us
[3.418s][info][gc,stats]     CLDG                             10 us
[3.418s][info][gc,stats]     Exception Caches                  0 us
[3.418s][info][gc,stats] Pause Final Roots (G)               151 us
[3.418s][info][gc,stats] Pause Final Roots (N)                 5 us
[3.418s][info][gc,stats] Pacing                            29104 us
[3.418s][info][gc,stats]
[3.418s][info][gc,stats] Allocation pacing accrued:
[3.418s][info][gc,stats]      24 of    20 ms (122.6%): main
[3.418s][info][gc,stats]       5 of    20 ms ( 23.9%): thread3
[3.418s][info][gc,stats]      29 of    20 ms (146.5%): <total>
[3.418s][info][gc,stats]       2 of    20 ms (  8.1%): <average total>
[3.418s][info][gc,stats]      15 of    20 ms ( 73.2%): <average non-zero>
[3.418s][info][gc,stats]
[3.435s][info][gc,stats]
[3.435s][info][gc,stats] All times are wall-clock times, except per-root-class counters, that are sum over
[3.435s][info][gc,stats] all workers. Dividing the <total> over the root stage time estimates parallelism.
[3.435s][info][gc,stats]
[3.435s][info][gc,stats] Concurrent Reset                     54 us
[3.435s][info][gc,stats] Pause Init Mark (G)                 199 us
[3.435s][info][gc,stats] Pause Init Mark (N)                  25 us
[3.435s][info][gc,stats]   Update Region States                1 us
[3.435s][info][gc,stats] Concurrent Mark Roots               904 us, parallelism: 0.94x
[3.435s][info][gc,stats]   CMR: <total>                      848 us
[3.435s][info][gc,stats]   CMR: Thread Roots                 646 us, workers (us): 646, ---, ---,
[3.435s][info][gc,stats]   CMR: VM Strong Roots               18 us, workers (us):  18, ---, ---,
[3.435s][info][gc,stats]   CMR: CLDG Roots                   183 us, workers (us): 183, ---, ---,
[3.435s][info][gc,stats] Pacing                            49932 us
[3.435s][info][gc,stats]
[3.435s][info][gc,stats] Allocation pacing accrued:
[3.435s][info][gc,stats]      24 of    17 ms (138.2%): main
[3.435s][info][gc,stats]      26 of    17 ms (152.0%): thread3
[3.435s][info][gc,stats]      50 of    17 ms (290.2%): <total>
[3.435s][info][gc,stats]       3 of    17 ms ( 16.1%): <average total>
[3.435s][info][gc,stats]      25 of    17 ms (145.1%): <average non-zero>
[3.435s][info][gc,stats]
[3.464s][info][gc,stats]
[3.464s][info][gc,stats] All times are wall-clock times, except per-root-class counters, that are sum over
[3.464s][info][gc,stats] all workers. Dividing the <total> over the root stage time estimates parallelism.
[3.464s][info][gc,stats]
[3.464s][info][gc,stats] Pause Degenerated GC (G)          15441 us
[3.464s][info][gc,stats] Pause Degenerated GC (N)          15180 us
[3.464s][info][gc,stats]   Degen STW Mark                   5730 us, parallelism: 2.93x
[3.464s][info][gc,stats]     DSM: <total>                  16769 us
[3.464s][info][gc,stats]     DSM: Thread Roots               945 us, workers (us): 809,  73,  63,
[3.464s][info][gc,stats]     DSM: VM Strong Roots             36 us, workers (us):   1,  35,   0,
[3.464s][info][gc,stats]     DSM: CLDG Roots                 466 us, workers (us):   3,   2, 461,
[3.464s][info][gc,stats]     DSM: Parallel Mark            15323 us, workers (us): 4789, 5474, 5060,
[3.464s][info][gc,stats]     System Purge                   6202 us
[3.464s][info][gc,stats]       Weak References                92 us, parallelism: 0.52x
[3.464s][info][gc,stats]         WRP: <total>                 47 us
[3.464s][info][gc,stats]         WRP: Weak References         47 us, workers (us):  47,   0,   0,
[3.464s][info][gc,stats]       Unload Classes               5719 us, parallelism: 0.65x
[3.464s][info][gc,stats]         DCU: <total>               3696 us
[3.464s][info][gc,stats]         DCU: Unload Code Caches     2737 us, workers (us): 893, 911, 933,
[3.464s][info][gc,stats]         DCU: Unlink CLDs            959 us, workers (us): 339, 344, 276,
[3.464s][info][gc,stats]       Weak Roots                    300 us, parallelism: 2.08x
[3.464s][info][gc,stats]         DWR: <total>                625 us
[3.464s][info][gc,stats]         DWR: VM Weak Roots          625 us, workers (us): 212, 199, 214,
[3.464s][info][gc,stats]       CLDG                           65 us
[3.464s][info][gc,stats]   Update Region States                2 us
[3.464s][info][gc,stats]   Manage GC/TLABs                     9 us
[3.464s][info][gc,stats]   Choose Collection Set              10 us
[3.464s][info][gc,stats]   Rebuild Free Set                    2 us
[3.464s][info][gc,stats]   Evacuation                        205 us
[3.464s][info][gc,stats]   Manage GCLABs                       6 us
[3.464s][info][gc,stats]   Update References                1781 us
[3.464s][info][gc,stats]   Update Region States                2 us
[3.464s][info][gc,stats]   Trash Collection Set                2 us
[3.464s][info][gc,stats]   Rebuild Free Set                    3 us
[3.464s][info][gc,stats]   Degen Update Roots                889 us, parallelism: 1.60x
[3.464s][info][gc,stats]     DU: <total>                    1427 us
[3.464s][info][gc,stats]     DU: Thread Roots                 92 us, workers (us):   1,   2,  89,
[3.464s][info][gc,stats]     DU: Code Cache Roots            805 us, workers (us): 384, 357,  65,
[3.464s][info][gc,stats]     DU: VM Strong Roots               7 us, workers (us):   5,   1,   1,
[3.464s][info][gc,stats]     DU: VM Weak Roots               477 us, workers (us): 162, 160, 156,
[3.464s][info][gc,stats]     DU: CLDG Roots                   46 us, workers (us):   7,   5,  34,
[3.464s][info][gc,stats]   Cleanup                            19 us
[3.464s][info][gc,stats] Pacing                            23749 us
[3.464s][info][gc,stats]
[3.464s][info][gc,stats] Allocation pacing accrued:
[3.464s][info][gc,stats]      24 of    29 ms ( 80.7%): main
[3.464s][info][gc,stats]      24 of    29 ms ( 80.7%): <total>
[3.464s][info][gc,stats]       1 of    29 ms (  4.5%): <average total>
[3.464s][info][gc,stats]      24 of    29 ms ( 80.7%): <average non-zero>
[3.464s][info][gc,stats]
[3.482s][info][gc,stats]
[3.482s][info][gc,stats] All times are wall-clock times, except per-root-class counters, that are sum over
[3.482s][info][gc,stats] all workers. Dividing the <total> over the root stage time estimates parallelism.
[3.482s][info][gc,stats]
[3.482s][info][gc,stats] Concurrent Reset                     58 us
[3.482s][info][gc,stats] Pause Init Mark (G)                 321 us
[3.483s][info][gc,stats] Pause Init Mark (N)                  19 us
[3.483s][info][gc,stats]   Update Region States                1 us
[3.483s][info][gc,stats] Concurrent Mark Roots               901 us, parallelism: 0.94x
[3.483s][info][gc,stats]   CMR: <total>                      846 us
[3.483s][info][gc,stats]   CMR: Thread Roots                 606 us, workers (us): 606, ---, ---,
[3.483s][info][gc,stats]   CMR: VM Strong Roots               22 us, workers (us):  22, ---, ---,
[3.483s][info][gc,stats]   CMR: CLDG Roots                   218 us, workers (us): 218, ---, ---,
[3.483s][info][gc,stats] Concurrent Marking                12618 us
[3.483s][info][gc,stats] Pause Final Mark (G)                231 us
[3.483s][info][gc,stats] Pause Final Mark (N)                116 us
[3.483s][info][gc,stats]   Finish Mark                        81 us
[3.483s][info][gc,stats]   Update Region States                3 us
[3.483s][info][gc,stats]   Choose Collection Set              10 us
[3.483s][info][gc,stats]   Rebuild Free Set                    3 us
[3.483s][info][gc,stats] Concurrent Weak References           68 us, parallelism: 0.36x
[3.483s][info][gc,stats]   CWRF: <total>                      24 us
[3.483s][info][gc,stats]   CWRF: Weak References              24 us, workers (us):  24, ---, ---,
[3.483s][info][gc,stats] Concurrent Weak Roots               388 us
[3.483s][info][gc,stats]   Roots                             305 us, parallelism: 0.85x
[3.483s][info][gc,stats]     CWR: <total>                    258 us
[3.483s][info][gc,stats]     CWR: Code Cache Roots           115 us, workers (us): 115, ---, ---,
[3.483s][info][gc,stats]     CWR: VM Weak Roots              135 us, workers (us): 135, ---, ---,
[3.483s][info][gc,stats]     CWR: CLDG Roots                   8 us, workers (us):   8, ---, ---,
[3.483s][info][gc,stats]   Rendezvous                         79 us
[3.483s][info][gc,stats] Concurrent Cleanup                   35 us
[3.483s][info][gc,stats] Concurrent Class Unloading         2153 us
[3.483s][info][gc,stats]   Unlink Stale                     2031 us
[3.483s][info][gc,stats]     System Dictionary                 4 us
[3.483s][info][gc,stats]     Weak Class Links                  0 us
[3.483s][info][gc,stats]     Code Roots                     2025 us
[3.483s][info][gc,stats]   Rendezvous                         79 us
[3.483s][info][gc,stats]   Purge Unlinked                     39 us
[3.483s][info][gc,stats]     Code Roots                       37 us
[3.483s][info][gc,stats]     CLDG                              2 us
[3.483s][info][gc,stats]     Exception Caches                  0 us
[3.483s][info][gc,stats] Pause Final Roots (G)               118 us
[3.483s][info][gc,stats] Pause Final Roots (N)                 5 us
[3.483s][info][gc,stats] Pacing                            28246 us
[3.483s][info][gc,stats]
[3.483s][info][gc,stats] Allocation pacing accrued:
[3.483s][info][gc,stats]      14 of    18 ms ( 76.0%): main
[3.483s][info][gc,stats]      14 of    18 ms ( 77.7%): thread3
[3.483s][info][gc,stats]      28 of    18 ms (153.6%): <total>
[3.483s][info][gc,stats]       2 of    18 ms (  8.5%): <average total>
[3.483s][info][gc,stats]      14 of    18 ms ( 76.8%): <average non-zero>
[3.483s][info][gc,stats]
[3.497s][info][gc,stats]
[3.497s][info][gc,stats] All times are wall-clock times, except per-root-class counters, that are sum over
[3.497s][info][gc,stats] all workers. Dividing the <total> over the root stage time estimates parallelism.
[3.497s][info][gc,stats]
[3.497s][info][gc,stats] Concurrent Reset                     51 us
[3.497s][info][gc,stats] Pause Init Mark (G)                 124 us
[3.497s][info][gc,stats] Pause Init Mark (N)                  14 us
[3.497s][info][gc,stats]   Update Region States                1 us
[3.497s][info][gc,stats] Concurrent Mark Roots              2263 us, parallelism: 0.96x
[3.497s][info][gc,stats]   CMR: <total>                     2172 us
[3.497s][info][gc,stats]   CMR: Thread Roots                1703 us, workers (us): 1703, ---, ---,
[3.497s][info][gc,stats]   CMR: VM Strong Roots               21 us, workers (us):  21, ---, ---,
[3.497s][info][gc,stats]   CMR: CLDG Roots                   448 us, workers (us): 448, ---, ---,
[3.497s][info][gc,stats] Concurrent Marking                 9963 us
[3.497s][info][gc,stats] Pacing                            28857 us
[3.497s][info][gc,stats]
[3.497s][info][gc,stats] Allocation pacing accrued:
[3.497s][info][gc,stats]      16 of    14 ms (109.2%): main
[3.497s][info][gc,stats]      13 of    14 ms ( 90.5%): thread3
[3.497s][info][gc,stats]      29 of    14 ms (199.7%): <total>
[3.497s][info][gc,stats]       2 of    14 ms ( 11.1%): <average total>
[3.497s][info][gc,stats]      14 of    14 ms ( 99.9%): <average non-zero>
[3.497s][info][gc,stats]
[3.521s][info][gc,stats]
[3.521s][info][gc,stats] All times are wall-clock times, except per-root-class counters, that are sum over
[3.521s][info][gc,stats] all workers. Dividing the <total> over the root stage time estimates parallelism.
[3.521s][info][gc,stats]
[3.521s][info][gc,stats]   Finish Mark                      1290 us
[3.521s][info][gc,stats] Pause Degenerated GC (G)           8058 us
[3.521s][info][gc,stats] Pause Degenerated GC (N)           7673 us
[3.521s][info][gc,stats]     System Purge                   6046 us
[3.521s][info][gc,stats]       Weak References                81 us, parallelism: 0.44x
[3.521s][info][gc,stats]         WRP: <total>                 35 us
[3.521s][info][gc,stats]         WRP: Weak References         35 us, workers (us):  35,   0,   0,
[3.521s][info][gc,stats]       Unload Classes               5625 us, parallelism: 0.40x
[3.521s][info][gc,stats]         DCU: <total>               2273 us
[3.521s][info][gc,stats]         DCU: Unload Code Caches     2273 us, workers (us): 778, 774, 722,
[3.521s][info][gc,stats]       Weak Roots                    307 us, parallelism: 2.14x
[3.521s][info][gc,stats]         DWR: <total>                655 us
[3.521s][info][gc,stats]         DWR: VM Weak Roots          655 us, workers (us): 222, 205, 228,
[3.521s][info][gc,stats]       CLDG                            1 us
[3.521s][info][gc,stats]   Update Region States                1 us
[3.521s][info][gc,stats]   Manage GC/TLABs                     9 us
[3.521s][info][gc,stats]   Choose Collection Set               8 us
[3.521s][info][gc,stats]   Rebuild Free Set                    2 us
[3.521s][info][gc,stats]   Cleanup                             1 us
[3.521s][info][gc,stats] Pacing                            11290 us
[3.521s][info][gc,stats]
[3.521s][info][gc,stats] Allocation pacing accrued:
[3.521s][info][gc,stats]      11 of    24 ms ( 47.2%): main
[3.521s][info][gc,stats]      11 of    24 ms ( 47.2%): <total>
[3.521s][info][gc,stats]       1 of    24 ms (  2.6%): <average total>
[3.521s][info][gc,stats]      11 of    24 ms ( 47.2%): <average non-zero>
[3.521s][info][gc,stats]
[3.524s][info][gc,stats]
[3.524s][info][gc,stats] All times are wall-clock times, except per-root-class counters, that are sum over
[3.524s][info][gc,stats] all workers. Dividing the <total> over the root stage time estimates parallelism.
[3.524s][info][gc,stats]
[3.524s][info][gc,stats] Concurrent Reset                     62 us
[3.524s][info][gc,stats] Pause Init Mark (G)                 212 us
[3.524s][info][gc,stats] Pause Init Mark (N)                  28 us
[3.524s][info][gc,stats]   Update Region States                1 us
[3.524s][info][gc,stats] Concurrent Mark Roots              1426 us, parallelism: 0.94x
[3.524s][info][gc,stats]   CMR: <total>                     1341 us
[3.524s][info][gc,stats]   CMR: Thread Roots                 958 us, workers (us): 958, ---, ---,
[3.524s][info][gc,stats]   CMR: VM Strong Roots               31 us, workers (us):  31, ---, ---,
[3.524s][info][gc,stats]   CMR: CLDG Roots                   352 us, workers (us): 352, ---, ---,
[3.524s][info][gc,stats]
[3.524s][info][gc,stats] Allocation pacing accrued:
[3.524s][info][gc,stats]       0 of     3 ms (  0.0%): <total>
[3.524s][info][gc,stats]       0 of     3 ms (  0.0%): <average total>
[3.524s][info][gc,stats]
[3.543s][info][gc,stats]
[3.543s][info][gc,stats] All times are wall-clock times, except per-root-class counters, that are sum over
[3.543s][info][gc,stats] all workers. Dividing the <total> over the root stage time estimates parallelism.
[3.543s][info][gc,stats]
[3.543s][info][gc,stats] Pause Degenerated GC (G)          14774 us
[3.543s][info][gc,stats] Pause Degenerated GC (N)          14529 us
[3.543s][info][gc,stats]   Degen STW Mark                   4855 us, parallelism: 2.95x
[3.543s][info][gc,stats]     DSM: <total>                  14342 us
[3.543s][info][gc,stats]     DSM: Thread Roots               438 us, workers (us): 337,  53,  47,
[3.543s][info][gc,stats]     DSM: VM Strong Roots             22 us, workers (us):   1,  20,   0,
[3.543s][info][gc,stats]     DSM: CLDG Roots                 465 us, workers (us):   2,   4, 458,
[3.543s][info][gc,stats]     DSM: Parallel Mark            13418 us, workers (us): 4446, 4704, 4269,
[3.543s][info][gc,stats]     System Purge                   6190 us
[3.543s][info][gc,stats]       Weak References                75 us, parallelism: 0.57x
[3.543s][info][gc,stats]         WRP: <total>                 42 us
[3.544s][info][gc,stats]         WRP: Weak References         42 us, workers (us):   9,  33,   0,
[3.544s][info][gc,stats]       Unload Classes               5756 us, parallelism: 0.61x
[3.544s][info][gc,stats]         DCU: <total>               3520 us
[3.544s][info][gc,stats]         DCU: Unload Code Caches     2659 us, workers (us): 880, 891, 889,
[3.544s][info][gc,stats]         DCU: Unlink CLDs            860 us, workers (us): 295, 277, 289,
[3.544s][info][gc,stats]       Weak Roots                    260 us, parallelism: 2.40x
[3.544s][info][gc,stats]         DWR: <total>                625 us
[3.544s][info][gc,stats]         DWR: VM Weak Roots          625 us, workers (us): 214, 206, 206,
[3.544s][info][gc,stats]       CLDG                           72 us
[3.544s][info][gc,stats]   Update Region States                3 us
[3.544s][info][gc,stats]   Manage GC/TLABs                    11 us
[3.544s][info][gc,stats]   Choose Collection Set              10 us
[3.544s][info][gc,stats]   Rebuild Free Set                    2 us
[3.544s][info][gc,stats]   Evacuation                        255 us
[3.544s][info][gc,stats]   Manage GCLABs                       3 us
[3.544s][info][gc,stats]   Update References                1931 us
[3.544s][info][gc,stats]   Update Region States                2 us
[3.544s][info][gc,stats]   Trash Collection Set                2 us
[3.544s][info][gc,stats]   Rebuild Free Set                    3 us
[3.544s][info][gc,stats]   Degen Update Roots               1000 us, parallelism: 1.44x
[3.544s][info][gc,stats]     DU: <total>                    1436 us
[3.544s][info][gc,stats]     DU: Thread Roots                 71 us, workers (us):   1,  69,   1,
[3.544s][info][gc,stats]     DU: Code Cache Roots            843 us, workers (us): 388,  81, 375,
[3.544s][info][gc,stats]     DU: VM Strong Roots               6 us, workers (us):   5,   0,   1,
[3.544s][info][gc,stats]     DU: VM Weak Roots               467 us, workers (us): 160, 154, 153,
[3.544s][info][gc,stats]     DU: CLDG Roots                   48 us, workers (us):   6,  34,   8,
[3.544s][info][gc,stats]   Cleanup                            21 us
[3.544s][info][gc,stats]
[3.544s][info][gc,stats] Allocation pacing accrued:
[3.544s][info][gc,stats]       0 of    19 ms (  0.0%): <total>
[3.544s][info][gc,stats]       0 of    19 ms (  0.0%): <average total>
[3.544s][info][gc,stats]
[3.547s][info][gc,stats]
[3.547s][info][gc,stats] All times are wall-clock times, except per-root-class counters, that are sum over
[3.547s][info][gc,stats] all workers. Dividing the <total> over the root stage time estimates parallelism.
[3.547s][info][gc,stats]
[3.547s][info][gc,stats] Concurrent Reset                     53 us
[3.547s][info][gc,stats] Pause Init Mark (G)                 188 us
[3.547s][info][gc,stats] Pause Init Mark (N)                  23 us
[3.547s][info][gc,stats]   Update Region States                1 us
[3.547s][info][gc,stats] Concurrent Mark Roots               909 us, parallelism: 0.94x
[3.547s][info][gc,stats]   CMR: <total>                      855 us
[3.547s][info][gc,stats]   CMR: Thread Roots                 665 us, workers (us): 665, ---, ---,
[3.547s][info][gc,stats]   CMR: VM Strong Roots               16 us, workers (us):  16, ---, ---,
[3.547s][info][gc,stats]   CMR: CLDG Roots                   173 us, workers (us): 173, ---, ---,
[3.547s][info][gc,stats]
[3.547s][info][gc,stats] Allocation pacing accrued:
[3.547s][info][gc,stats]       0 of     3 ms (  0.0%): <total>
[3.547s][info][gc,stats]       0 of     3 ms (  0.0%): <average total>
[3.547s][info][gc,stats]
[3.574s][info][gc,stats]
[3.574s][info][gc,stats] All times are wall-clock times, except per-root-class counters, that are sum over
[3.574s][info][gc,stats] all workers. Dividing the <total> over the root stage time estimates parallelism.
[3.574s][info][gc,stats]
[3.574s][info][gc,stats] Pause Degenerated GC (G)          13317 us
[3.574s][info][gc,stats] Pause Degenerated GC (N)          13114 us
[3.574s][info][gc,stats]   Degen STW Mark                   4799 us, parallelism: 2.97x
[3.574s][info][gc,stats]     DSM: <total>                  14231 us
[3.574s][info][gc,stats]     DSM: Thread Roots               437 us, workers (us): 312,  68,  56,
[3.574s][info][gc,stats]     DSM: VM Strong Roots             36 us, workers (us):   0,  35,   1,
[3.574s][info][gc,stats]     DSM: CLDG Roots                 467 us, workers (us):   1,   3, 463,
[3.574s][info][gc,stats]     DSM: Parallel Mark            13291 us, workers (us): 4436, 4636, 4220,
[3.574s][info][gc,stats]     System Purge                   5644 us
[3.574s][info][gc,stats]       Weak References                54 us, parallelism: 0.80x
[3.574s][info][gc,stats]         WRP: <total>                 44 us
[3.574s][info][gc,stats]         WRP: Weak References         44 us, workers (us):  38,   3,   2,
[3.574s][info][gc,stats]       Unload Classes               5354 us, parallelism: 0.53x
[3.574s][info][gc,stats]         DCU: <total>               2814 us
[3.574s][info][gc,stats]         DCU: Unload Code Caches     2814 us, workers (us): 933, 965, 917,
[3.574s][info][gc,stats]       Weak Roots                    199 us, parallelism: 2.54x
[3.574s][info][gc,stats]         DWR: <total>                507 us
[3.574s][info][gc,stats]         DWR: VM Weak Roots          507 us, workers (us): 175, 171, 161,
[3.574s][info][gc,stats]       CLDG                            1 us
[3.574s][info][gc,stats]   Update Region States                1 us
[3.574s][info][gc,stats]   Manage GC/TLABs                     9 us
[3.574s][info][gc,stats]   Choose Collection Set              11 us
[3.574s][info][gc,stats]   Rebuild Free Set                    3 us
[3.574s][info][gc,stats]   Evacuation                         89 us
[3.574s][info][gc,stats]   Manage GCLABs                       3 us
[3.574s][info][gc,stats]   Update References                1423 us
[3.574s][info][gc,stats]   Update Region States                1 us
[3.574s][info][gc,stats]   Trash Collection Set                1 us
[3.574s][info][gc,stats]   Rebuild Free Set                    1 us
[3.574s][info][gc,stats]   Degen Update Roots                882 us, parallelism: 1.77x
[3.574s][info][gc,stats]     DU: <total>                    1559 us
[3.574s][info][gc,stats]     DU: Thread Roots                111 us, workers (us):   1, 108,   2,
[3.574s][info][gc,stats]     DU: Code Cache Roots            891 us, workers (us): 417,  91, 383,
[3.574s][info][gc,stats]     DU: VM Strong Roots               6 us, workers (us):   5,   0,   1,
[3.574s][info][gc,stats]     DU: VM Weak Roots               500 us, workers (us): 171, 170, 159,
[3.574s][info][gc,stats]     DU: CLDG Roots                   50 us, workers (us):   8,  33,   9,
[3.574s][info][gc,stats]   Cleanup                            20 us
[3.574s][info][gc,stats]
[3.574s][info][gc,stats] Allocation pacing accrued:
[3.574s][info][gc,stats]       0 of    27 ms (  0.0%): <total>
[3.574s][info][gc,stats]       0 of    27 ms (  0.0%): <average total>
[3.574s][info][gc,stats]
[3.609s][info][gc,stats]
[3.609s][info][gc,stats] All times are wall-clock times, except per-root-class counters, that are sum over
[3.609s][info][gc,stats] all workers. Dividing the <total> over the root stage time estimates parallelism.
[3.609s][info][gc,stats]
[3.609s][info][gc,stats] Concurrent Reset                     34 us
[3.609s][info][gc,stats] Pause Init Mark (G)                 118 us
[3.609s][info][gc,stats] Pause Init Mark (N)                  14 us
[3.609s][info][gc,stats]   Update Region States                1 us
[3.609s][info][gc,stats] Concurrent Mark Roots              1122 us, parallelism: 0.97x
[3.609s][info][gc,stats]   CMR: <total>                     1088 us
[3.609s][info][gc,stats]   CMR: Thread Roots                 869 us, workers (us): 869, ---, ---,
[3.609s][info][gc,stats]   CMR: VM Strong Roots               17 us, workers (us):  17, ---, ---,
[3.609s][info][gc,stats]   CMR: CLDG Roots                   201 us, workers (us): 201, ---, ---,
[3.609s][info][gc,stats] Concurrent Marking                13710 us
[3.609s][info][gc,stats] Pause Final Mark (G)                167 us
[3.609s][info][gc,stats] Pause Final Mark (N)                 93 us
[3.609s][info][gc,stats]   Finish Mark                        72 us
[3.609s][info][gc,stats]   Update Region States                1 us
[3.609s][info][gc,stats]   Choose Collection Set               7 us
[3.609s][info][gc,stats]   Rebuild Free Set                    2 us
[3.609s][info][gc,stats] Concurrent Weak References           46 us, parallelism: 0.52x
[3.609s][info][gc,stats]   CWRF: <total>                      24 us
[3.609s][info][gc,stats]   CWRF: Weak References              24 us, workers (us):  24, ---, ---,
[3.609s][info][gc,stats] Concurrent Weak Roots               429 us
[3.609s][info][gc,stats]   Roots                             381 us, parallelism: 0.88x
[3.609s][info][gc,stats]     CWR: <total>                    335 us
[3.609s][info][gc,stats]     CWR: Code Cache Roots           169 us, workers (us): 169, ---, ---,
[3.609s][info][gc,stats]     CWR: VM Weak Roots              154 us, workers (us): 154, ---, ---,
[3.609s][info][gc,stats]     CWR: CLDG Roots                  11 us, workers (us):  11, ---, ---,
[3.609s][info][gc,stats]   Rendezvous                         45 us
[3.609s][info][gc,stats] Concurrent Cleanup                   39 us
[3.609s][info][gc,stats] Concurrent Class Unloading         2370 us
[3.609s][info][gc,stats]   Unlink Stale                     2074 us
[3.609s][info][gc,stats]     System Dictionary                 8 us
[3.609s][info][gc,stats]     Weak Class Links                  0 us
[3.609s][info][gc,stats]     Code Roots                     2065 us
[3.609s][info][gc,stats]   Rendezvous                        252 us
[3.609s][info][gc,stats]   Purge Unlinked                     40 us
[3.609s][info][gc,stats]     Code Roots                       37 us
[3.610s][info][gc,stats]     CLDG                              2 us
[3.610s][info][gc,stats]     Exception Caches                  0 us
[3.610s][info][gc,stats] Pause Final Roots (G)             15457 us
[3.610s][info][gc,stats] Pause Final Roots (N)                19 us
[3.610s][info][gc,stats] Pacing                            57516 us
[3.610s][info][gc,stats]
[3.610s][info][gc,stats] Allocation pacing accrued:
[3.610s][info][gc,stats]      41 of    35 ms (114.5%): main
[3.610s][info][gc,stats]      17 of    35 ms ( 47.8%): thread3
[3.610s][info][gc,stats]      58 of    35 ms (162.3%): <total>
[3.610s][info][gc,stats]       3 of    35 ms (  9.0%): <average total>
[3.610s][info][gc,stats]      29 of    35 ms ( 81.2%): <average non-zero>
[3.610s][info][gc,stats]
[3.634s][info][gc,stats]
[3.634s][info][gc,stats] All times are wall-clock times, except per-root-class counters, that are sum over
[3.634s][info][gc,stats] all workers. Dividing the <total> over the root stage time estimates parallelism.
[3.634s][info][gc,stats]
[3.634s][info][gc,stats] Pause Degenerated GC (G)          10643 us
[3.634s][info][gc,stats] Pause Degenerated GC (N)          10469 us
[3.634s][info][gc,stats]   Degen STW Mark                   4637 us, parallelism: 2.97x
[3.634s][info][gc,stats]     DSM: <total>                  13757 us
[3.634s][info][gc,stats]     DSM: Thread Roots               987 us, workers (us): 893,  46,  48,
[3.634s][info][gc,stats]     DSM: VM Strong Roots             34 us, workers (us):   0,   0,  33,
[3.634s][info][gc,stats]     DSM: CLDG Roots                 237 us, workers (us):   1, 233,   2,
[3.634s][info][gc,stats]     DSM: Parallel Mark            12500 us, workers (us): 3692, 4308, 4499,
[3.634s][info][gc,stats]     System Purge                   5634 us
[3.634s][info][gc,stats]       Weak References                54 us, parallelism: 0.77x
[3.634s][info][gc,stats]         WRP: <total>                 42 us
[3.634s][info][gc,stats]         WRP: Weak References         42 us, workers (us):   9,  33,   1,
[3.634s][info][gc,stats]       Unload Classes               5297 us, parallelism: 0.51x
[3.634s][info][gc,stats]         DCU: <total>               2702 us
[3.634s][info][gc,stats]         DCU: Unload Code Caches     2702 us, workers (us): 901, 873, 927,
[3.634s][info][gc,stats]       Weak Roots                    249 us, parallelism: 2.49x
[3.634s][info][gc,stats]         DWR: <total>                618 us
[3.634s][info][gc,stats]         DWR: VM Weak Roots          618 us, workers (us): 209, 211, 198,
[3.634s][info][gc,stats]       CLDG                            0 us
[3.634s][info][gc,stats]   Update Region States                2 us
[3.634s][info][gc,stats]   Manage GC/TLABs                    10 us
[3.634s][info][gc,stats]   Choose Collection Set               3 us
[3.634s][info][gc,stats]   Rebuild Free Set                    2 us
[3.634s][info][gc,stats]   Cleanup                             1 us
[3.634s][info][gc,stats] Pacing                            12801 us
[3.635s][info][gc,stats]
[3.635s][info][gc,stats] Allocation pacing accrued:
[3.635s][info][gc,stats]      13 of    25 ms ( 51.3%): main
[3.635s][info][gc,stats]      13 of    25 ms ( 51.3%): <total>
[3.635s][info][gc,stats]       1 of    25 ms (  2.9%): <average total>
[3.635s][info][gc,stats]      13 of    25 ms ( 51.3%): <average non-zero>
[3.635s][info][gc,stats]
[3.654s][info][gc,stats]
[3.654s][info][gc,stats] All times are wall-clock times, except per-root-class counters, that are sum over
[3.654s][info][gc,stats] all workers. Dividing the <total> over the root stage time estimates parallelism.
[3.654s][info][gc,stats]
[3.654s][info][gc,stats] Pause Degenerated GC (G)          15456 us
[3.654s][info][gc,stats] Pause Degenerated GC (N)          14480 us
[3.654s][info][gc,stats]   Degen STW Mark                   4913 us, parallelism: 2.94x
[3.654s][info][gc,stats]     DSM: <total>                  14435 us
[3.654s][info][gc,stats]     DSM: Thread Roots               317 us, workers (us): 174,  68,  75,
[3.654s][info][gc,stats]     DSM: VM Strong Roots             35 us, workers (us):   0,   1,  34,
[3.654s][info][gc,stats]     DSM: CLDG Roots                 566 us, workers (us):   1, 562,   2,
[3.654s][info][gc,stats]     DSM: Parallel Mark            13517 us, workers (us): 4641, 4179, 4696,
[3.654s][info][gc,stats]     System Purge                   5977 us
[3.654s][info][gc,stats]       Weak References                95 us, parallelism: 0.46x
[3.654s][info][gc,stats]         WRP: <total>                 44 us
[3.654s][info][gc,stats]         WRP: Weak References         44 us, workers (us):  39,   4,   1,
[3.654s][info][gc,stats]       Unload Classes               5608 us, parallelism: 0.40x
[3.654s][info][gc,stats]         DCU: <total>               2261 us
[3.654s][info][gc,stats]         DCU: Unload Code Caches     2261 us, workers (us): 779, 715, 767,
[3.654s][info][gc,stats]       Weak Roots                    237 us, parallelism: 2.18x
[3.654s][info][gc,stats]         DWR: <total>                517 us
[3.654s][info][gc,stats]         DWR: VM Weak Roots          517 us, workers (us): 176, 172, 169,
[3.654s][info][gc,stats]       CLDG                            1 us
[3.654s][info][gc,stats]   Update Region States                1 us
[3.654s][info][gc,stats]   Manage GC/TLABs                     9 us
[3.654s][info][gc,stats]   Choose Collection Set               4 us
[3.654s][info][gc,stats]   Rebuild Free Set                    2 us
[3.654s][info][gc,stats]   Evacuation                        242 us
[3.654s][info][gc,stats]   Manage GCLABs                       3 us
[3.654s][info][gc,stats]   Update References                1576 us
[3.654s][info][gc,stats]   Update Region States                2 us
[3.654s][info][gc,stats]   Trash Collection Set                2 us
[3.654s][info][gc,stats]   Rebuild Free Set                    3 us
[3.654s][info][gc,stats]   Degen Update Roots               1513 us, parallelism: 1.29x
[3.655s][info][gc,stats]     DU: <total>                    1946 us
[3.655s][info][gc,stats]     DU: Thread Roots                 89 us, workers (us):   1,   3,  85,
[3.655s][info][gc,stats]     DU: Code Cache Roots           1336 us, workers (us): 373, 873,  90,
[3.655s][info][gc,stats]     DU: VM Strong Roots               6 us, workers (us):   5,   0,   0,
[3.655s][info][gc,stats]     DU: VM Weak Roots               469 us, workers (us): 160, 157, 153,
[3.655s][info][gc,stats]     DU: CLDG Roots                   45 us, workers (us):   5,   6,  34,
[3.655s][info][gc,stats]   Cleanup                            20 us
[3.655s][info][gc,stats]
[3.655s][info][gc,stats] Allocation pacing accrued:
[3.655s][info][gc,stats]       0 of    20 ms (  0.0%): <total>
[3.655s][info][gc,stats]       0 of    20 ms (  0.0%): <average total>
[3.655s][info][gc,stats]
睡醒了, 一共睡了 : 1509 毫秒
[3.683s][info][gc,stats]
[3.683s][info][gc,stats] All times are wall-clock times, except per-root-class counters, that are sum over
[3.683s][info][gc,stats] all workers. Dividing the <total> over the root stage time estimates parallelism.
[3.683s][info][gc,stats]
[3.683s][info][gc,stats] Pause Degenerated GC (G)          13429 us
[3.683s][info][gc,stats] Pause Degenerated GC (N)          13043 us
[3.683s][info][gc,stats]   Degen STW Mark                   5019 us, parallelism: 2.94x
[3.683s][info][gc,stats]     DSM: <total>                  14756 us
[3.683s][info][gc,stats]     DSM: Thread Roots               174 us, workers (us):  66,  59,  50,
[3.683s][info][gc,stats]     DSM: VM Strong Roots             42 us, workers (us):  17,  25,   0,
[3.683s][info][gc,stats]     DSM: CLDG Roots                 590 us, workers (us):   3,   4, 583,
[3.683s][info][gc,stats]     DSM: Parallel Mark            13949 us, workers (us): 4839, 4828, 4282,
[3.683s][info][gc,stats]     System Purge                   7232 us
[3.683s][info][gc,stats]       Weak References                90 us, parallelism: 0.50x
[3.683s][info][gc,stats]         WRP: <total>                 45 us
[3.683s][info][gc,stats]         WRP: Weak References         45 us, workers (us):  44,   0,   0,
[3.683s][info][gc,stats]       Unload Classes               6710 us, parallelism: 0.59x
[3.683s][info][gc,stats]         DCU: <total>               3967 us
[3.683s][info][gc,stats]         DCU: Unload Code Caches     2857 us, workers (us): 965, 925, 968,
[3.683s][info][gc,stats]         DCU: Unlink CLDs           1109 us, workers (us): 375, 398, 337,
[3.683s][info][gc,stats]       Weak Roots                    314 us, parallelism: 2.02x
[3.683s][info][gc,stats]         DWR: <total>                634 us
[3.683s][info][gc,stats]         DWR: VM Weak Roots          634 us, workers (us): 210, 196, 227,
[3.683s][info][gc,stats]       CLDG                           91 us
[3.683s][info][gc,stats]   Update Region States                2 us
[3.683s][info][gc,stats]   Manage GC/TLABs                    10 us
[3.683s][info][gc,stats]   Choose Collection Set               3 us
[3.683s][info][gc,stats]   Rebuild Free Set                    2 us
[3.683s][info][gc,stats]   Cleanup                             1 us
[3.683s][info][gc,stats]
[3.683s][info][gc,stats] Allocation pacing accrued:
[3.683s][info][gc,stats]       0 of    29 ms (  0.0%): <total>
[3.683s][info][gc,stats]       0 of    29 ms (  0.0%): <average total>
[3.683s][info][gc,stats]
[3.714s][info][gc,stats]
[3.714s][info][gc,stats] All times are wall-clock times, except per-root-class counters, that are sum over
[3.714s][info][gc,stats] all workers. Dividing the <total> over the root stage time estimates parallelism.
[3.714s][info][gc,stats]
[3.714s][info][gc,stats] Pause Degenerated GC (G)          28078 us
[3.714s][info][gc,stats] Pause Degenerated GC (N)          27926 us
[3.714s][info][gc,stats]   Degen STW Mark                   4553 us, parallelism: 2.97x
[3.714s][info][gc,stats]     DSM: <total>                  13520 us
[3.714s][info][gc,stats]     DSM: Thread Roots                95 us, workers (us):  31,  30,  33,
[3.714s][info][gc,stats]     DSM: VM Strong Roots             25 us, workers (us):  13,   0,  12,
[3.714s][info][gc,stats]     DSM: CLDG Roots                 228 us, workers (us):   1, 225,   2,
[3.714s][info][gc,stats]     DSM: Parallel Mark            13172 us, workers (us): 4464, 4253, 4455,
[3.714s][info][gc,stats]     System Purge                   5524 us
[3.714s][info][gc,stats]       Weak References                53 us, parallelism: 0.76x
[3.714s][info][gc,stats]         WRP: <total>                 40 us
[3.714s][info][gc,stats]         WRP: Weak References         40 us, workers (us):   9,  30,   1,
[3.714s][info][gc,stats]       Unload Classes               5231 us, parallelism: 0.44x
[3.714s][info][gc,stats]         DCU: <total>               2291 us
[3.714s][info][gc,stats]         DCU: Unload Code Caches     2291 us, workers (us): 778, 739, 774,
[3.714s][info][gc,stats]       Weak Roots                    206 us, parallelism: 2.52x
[3.714s][info][gc,stats]         DWR: <total>                521 us
[3.714s][info][gc,stats]         DWR: VM Weak Roots          521 us, workers (us): 182, 170, 169,
[3.714s][info][gc,stats]       CLDG                            1 us
[3.714s][info][gc,stats]   Update Region States                1 us
[3.714s][info][gc,stats]   Manage GC/TLABs                     6 us
[3.714s][info][gc,stats]   Choose Collection Set               3 us
[3.714s][info][gc,stats]   Rebuild Free Set                    3 us
[3.714s][info][gc,stats]   Cleanup                             1 us
[3.714s][info][gc,stats]   Pre Heap Dump                       1 us
[3.714s][info][gc,stats]   Prepare                            57 us
[3.714s][info][gc,stats]   Mark                            10594 us, parallelism: 1.08x
[3.714s][info][gc,stats]     FM: <total>                   11422 us
[3.714s][info][gc,stats]     FM: Thread Roots                112 us, workers (us):  46,  29,  38,
[3.714s][info][gc,stats]     FM: VM Strong Roots              27 us, workers (us):   0,  26,   1,
[3.714s][info][gc,stats]     FM: CLDG Roots                  179 us, workers (us): 171,   2,   6,
[3.714s][info][gc,stats]     FM: Parallel Mark             11103 us, workers (us): 3608, 3747, 3748,
[3.714s][info][gc,stats]     System Purge                   6720 us
[3.714s][info][gc,stats]       Weak References                66 us, parallelism: 0.72x
[3.714s][info][gc,stats]         WRP: <total>                 48 us
[3.714s][info][gc,stats]         WRP: Weak References         48 us, workers (us):  36,   3,   9,
[3.714s][info][gc,stats]       Unload Classes               6405 us, parallelism: 0.33x
[3.714s][info][gc,stats]         CU: <total>                2104 us
[3.714s][info][gc,stats]         CU: Unload Code Caches     2104 us, workers (us): 708, 720, 676,
[3.714s][info][gc,stats]       Weak Roots                    211 us, parallelism: 2.39x
[3.714s][info][gc,stats]         WR: <total>                 506 us
[3.714s][info][gc,stats]         WR: VM Weak Roots           506 us, workers (us): 174, 166, 166,
[3.714s][info][gc,stats]       CLDG                            1 us
[3.714s][info][gc,stats]   Calculate Addresses              2437 us
[3.714s][info][gc,stats]     Regular Objects                2433 us
[3.714s][info][gc,stats]     Humongous Objects                 0 us
[3.714s][info][gc,stats]   Adjust Pointers                  2539 us
[3.714s][info][gc,stats]     FA: <total>                    1163 us
[3.714s][info][gc,stats]     FA: Thread Roots                 53 us, workers (us):   1,  50,   2,
[3.714s][info][gc,stats]     FA: Code Cache Roots            840 us, workers (us): 372,  97, 370,
[3.714s][info][gc,stats]     FA: VM Strong Roots               6 us, workers (us):   5,   0,   1,
[3.714s][info][gc,stats]     FA: VM Weak Roots               209 us, workers (us):  74,  68,  67,
[3.714s][info][gc,stats]     FA: CLDG Roots                   55 us, workers (us):   9,  38,   8,
[3.714s][info][gc,stats]   Copy Objects                     1634 us
[3.714s][info][gc,stats]     Regular Objects                1482 us
[3.714s][info][gc,stats]     Humongous Objects                 1 us
[3.714s][info][gc,stats]     Reset Complete Bitmap            35 us
[3.714s][info][gc,stats]     Rebuild Region Sets             113 us
[3.714s][info][gc,stats]   Post Heap Dump                      1 us
[3.714s][info][gc,stats]
[3.714s][info][gc,stats] Allocation pacing accrued:
[3.714s][info][gc,stats]       0 of    31 ms (  0.0%): <total>
[3.714s][info][gc,stats]       0 of    31 ms (  0.0%): <average total>
[3.714s][info][gc,stats]
[3.732s][info][gc,stats]
[3.732s][info][gc,stats] All times are wall-clock times, except per-root-class counters, that are sum over
[3.732s][info][gc,stats] all workers. Dividing the <total> over the root stage time estimates parallelism.
[3.732s][info][gc,stats]
[3.732s][info][gc,stats] Concurrent Reset                     29 us
[3.732s][info][gc,stats] Pause Init Mark (G)                 119 us
[3.732s][info][gc,stats] Pause Init Mark (N)                  14 us
[3.732s][info][gc,stats]   Update Region States                1 us
[3.732s][info][gc,stats] Concurrent Mark Roots               497 us, parallelism: 0.88x
[3.732s][info][gc,stats]   CMR: <total>                      439 us
[3.732s][info][gc,stats]   CMR: Thread Roots                 216 us, workers (us): 216, ---, ---,
[3.733s][info][gc,stats]   CMR: VM Strong Roots               19 us, workers (us):  19, ---, ---,
[3.733s][info][gc,stats]   CMR: CLDG Roots                   204 us, workers (us): 204, ---, ---,
[3.733s][info][gc,stats] Concurrent Marking                12854 us
[3.733s][info][gc,stats] Pause Final Mark (G)                228 us
[3.733s][info][gc,stats] Pause Final Mark (N)                141 us
[3.733s][info][gc,stats]   Finish Mark                       109 us
[3.733s][info][gc,stats]   Update Region States                2 us
[3.733s][info][gc,stats]   Choose Collection Set               9 us
[3.733s][info][gc,stats]   Rebuild Free Set                    3 us
[3.733s][info][gc,stats] Concurrent Weak References          135 us, parallelism: 0.52x
[3.733s][info][gc,stats]   CWRF: <total>                      71 us
[3.733s][info][gc,stats]   CWRF: Weak References              71 us, workers (us):  71, ---, ---,
[3.733s][info][gc,stats] Concurrent Weak Roots               603 us
[3.733s][info][gc,stats]   Roots                             533 us, parallelism: 0.90x
[3.733s][info][gc,stats]     CWR: <total>                    480 us
[3.733s][info][gc,stats]     CWR: Code Cache Roots           180 us, workers (us): 180, ---, ---,
[3.733s][info][gc,stats]     CWR: VM Weak Roots              289 us, workers (us): 289, ---, ---,
[3.733s][info][gc,stats]     CWR: CLDG Roots                  11 us, workers (us):  11, ---, ---,
[3.733s][info][gc,stats]   Rendezvous                         67 us
[3.733s][info][gc,stats] Concurrent Cleanup                   40 us
[3.733s][info][gc,stats] Concurrent Class Unloading         2228 us
[3.733s][info][gc,stats]   Unlink Stale                     2135 us
[3.733s][info][gc,stats]     System Dictionary                 4 us
[3.733s][info][gc,stats]     Weak Class Links                  1 us
[3.733s][info][gc,stats]     Code Roots                     2130 us
[3.733s][info][gc,stats]   Rendezvous                         47 us
[3.733s][info][gc,stats]   Purge Unlinked                     41 us
[3.733s][info][gc,stats]     Code Roots                       37 us
[3.733s][info][gc,stats]     CLDG                              4 us
[3.733s][info][gc,stats]     Exception Caches                  0 us
[3.733s][info][gc,stats] Pause Final Roots (G)               139 us
[3.733s][info][gc,stats] Pause Final Roots (N)                 6 us
[3.733s][info][gc,stats] Pacing                            15014 us
[3.733s][info][gc,stats]
[3.733s][info][gc,stats] Allocation pacing accrued:
[3.733s][info][gc,stats]      15 of    18 ms ( 81.3%): thread3
[3.733s][info][gc,stats]      15 of    18 ms ( 81.3%): <total>
[3.733s][info][gc,stats]       1 of    18 ms (  4.5%): <average total>
[3.733s][info][gc,stats]      15 of    18 ms ( 81.3%): <average non-zero>
[3.733s][info][gc,stats]
[3.752s][info][gc,stats]
[3.752s][info][gc,stats] All times are wall-clock times, except per-root-class counters, that are sum over
[3.752s][info][gc,stats] all workers. Dividing the <total> over the root stage time estimates parallelism.
[3.752s][info][gc,stats]
[3.752s][info][gc,stats] Concurrent Reset                     47 us
[3.752s][info][gc,stats] Pause Init Mark (G)                 125 us
[3.752s][info][gc,stats] Pause Init Mark (N)                  15 us
[3.752s][info][gc,stats]   Update Region States                1 us
[3.752s][info][gc,stats] Concurrent Mark Roots               784 us, parallelism: 0.91x
[3.752s][info][gc,stats]   CMR: <total>                      717 us
[3.752s][info][gc,stats]   CMR: Thread Roots                 450 us, workers (us): 450, ---, ---,
[3.752s][info][gc,stats]   CMR: VM Strong Roots               22 us, workers (us):  22, ---, ---,
[3.752s][info][gc,stats]   CMR: CLDG Roots                   246 us, workers (us): 246, ---, ---,
[3.752s][info][gc,stats] Concurrent Marking                12931 us
[3.752s][info][gc,stats] Pause Final Mark (G)                173 us
[3.752s][info][gc,stats] Pause Final Mark (N)                 95 us
[3.752s][info][gc,stats]   Finish Mark                        75 us
[3.752s][info][gc,stats]   Update Region States                1 us
[3.752s][info][gc,stats]   Choose Collection Set               5 us
[3.752s][info][gc,stats]   Rebuild Free Set                    1 us
[3.752s][info][gc,stats] Concurrent Weak References           45 us, parallelism: 0.51x
[3.752s][info][gc,stats]   CWRF: <total>                      23 us
[3.752s][info][gc,stats]   CWRF: Weak References              23 us, workers (us):  23, ---, ---,
[3.752s][info][gc,stats] Concurrent Weak Roots               359 us
[3.752s][info][gc,stats]   Roots                             315 us, parallelism: 0.88x
[3.752s][info][gc,stats]     CWR: <total>                    277 us
[3.752s][info][gc,stats]     CWR: Code Cache Roots           132 us, workers (us): 132, ---, ---,
[3.752s][info][gc,stats]     CWR: VM Weak Roots              137 us, workers (us): 137, ---, ---,
[3.752s][info][gc,stats]     CWR: CLDG Roots                   9 us, workers (us):   9, ---, ---,
[3.752s][info][gc,stats]   Rendezvous                         40 us
[3.752s][info][gc,stats] Concurrent Cleanup                   39 us
[3.752s][info][gc,stats] Concurrent Class Unloading         2142 us
[3.752s][info][gc,stats]   Unlink Stale                     2068 us
[3.752s][info][gc,stats]     System Dictionary                 4 us
[3.752s][info][gc,stats]     Weak Class Links                  0 us
[3.752s][info][gc,stats]     Code Roots                     2063 us
[3.752s][info][gc,stats]   Rendezvous                         39 us
[3.752s][info][gc,stats]   Purge Unlinked                     32 us
[3.752s][info][gc,stats]     Code Roots                       29 us
[3.752s][info][gc,stats]     CLDG                              3 us
[3.752s][info][gc,stats]     Exception Caches                  0 us
[3.752s][info][gc,stats] Pause Final Roots (G)               141 us
[3.752s][info][gc,stats] Pause Final Roots (N)                 5 us
[3.752s][info][gc,stats] Pacing                            12097 us
[3.752s][info][gc,stats]
[3.752s][info][gc,stats] Allocation pacing accrued:
[3.752s][info][gc,stats]      12 of    19 ms ( 63.3%): thread3
[3.752s][info][gc,stats]      12 of    19 ms ( 63.3%): <total>
[3.752s][info][gc,stats]       1 of    19 ms (  3.5%): <average total>
[3.752s][info][gc,stats]      12 of    19 ms ( 63.3%): <average non-zero>
[3.752s][info][gc,stats]
[3.779s][info][gc,stats]
[3.779s][info][gc,stats] All times are wall-clock times, except per-root-class counters, that are sum over
[3.779s][info][gc,stats] all workers. Dividing the <total> over the root stage time estimates parallelism.
[3.779s][info][gc,stats]
[3.779s][info][gc,stats] Concurrent Reset                    204 us
[3.779s][info][gc,stats] Pause Init Mark (G)                 148 us
[3.779s][info][gc,stats] Pause Init Mark (N)                  25 us
[3.779s][info][gc,stats]   Update Region States                1 us
[3.779s][info][gc,stats] Concurrent Mark Roots               969 us, parallelism: 0.95x
[3.779s][info][gc,stats]   CMR: <total>                      916 us
[3.779s][info][gc,stats]   CMR: Thread Roots                 401 us, workers (us): 401, ---, ---,
[3.779s][info][gc,stats]   CMR: VM Strong Roots               38 us, workers (us):  38, ---, ---,
[3.779s][info][gc,stats]   CMR: CLDG Roots                   477 us, workers (us): 477, ---, ---,
[3.779s][info][gc,stats] Concurrent Marking                12155 us
[3.779s][info][gc,stats] Pause Final Mark (G)                221 us
[3.779s][info][gc,stats] Pause Final Mark (N)                120 us
[3.779s][info][gc,stats]   Finish Mark                       101 us
[3.779s][info][gc,stats]   Update Region States                1 us
[3.779s][info][gc,stats]   Choose Collection Set               7 us
[3.779s][info][gc,stats]   Rebuild Free Set                    2 us
[3.779s][info][gc,stats] Concurrent Weak References           77 us, parallelism: 0.31x
[3.779s][info][gc,stats]   CWRF: <total>                      23 us
[3.779s][info][gc,stats]   CWRF: Weak References              23 us, workers (us):  23, ---, ---,
[3.779s][info][gc,stats] Concurrent Weak Roots               736 us
[3.779s][info][gc,stats]   Roots                             673 us, parallelism: 0.85x
[3.779s][info][gc,stats]     CWR: <total>                    572 us
[3.779s][info][gc,stats]     CWR: Code Cache Roots           255 us, workers (us): 255, ---, ---,
[3.779s][info][gc,stats]     CWR: VM Weak Roots              303 us, workers (us): 303, ---, ---,
[3.779s][info][gc,stats]     CWR: CLDG Roots                  15 us, workers (us):  15, ---, ---,
[3.779s][info][gc,stats]   Rendezvous                         55 us
[3.779s][info][gc,stats] Concurrent Cleanup                  120 us
[3.779s][info][gc,stats] Concurrent Class Unloading         2550 us
[3.779s][info][gc,stats]   Unlink Stale                     2430 us
[3.779s][info][gc,stats]     System Dictionary                11 us
[3.779s][info][gc,stats]     Weak Class Links                  1 us
[3.779s][info][gc,stats]     Code Roots                     2417 us
[3.779s][info][gc,stats]   Rendezvous                         59 us
[3.779s][info][gc,stats]   Purge Unlinked                     55 us
[3.779s][info][gc,stats]     Code Roots                       50 us
[3.779s][info][gc,stats]     CLDG                              4 us
[3.779s][info][gc,stats]     Exception Caches                  0 us
[3.779s][info][gc,stats] Pause Final Roots (G)               132 us
[3.779s][info][gc,stats] Pause Final Roots (N)                 5 us
[3.779s][info][gc,stats] Pacing                            25183 us
[3.779s][info][gc,stats]
[3.779s][info][gc,stats] Allocation pacing accrued:
[3.779s][info][gc,stats]      25 of    27 ms ( 92.0%): thread3
[3.779s][info][gc,stats]      25 of    27 ms ( 92.0%): <total>
[3.779s][info][gc,stats]       1 of    27 ms (  5.1%): <average total>
[3.779s][info][gc,stats]      25 of    27 ms ( 92.0%): <average non-zero>
[3.779s][info][gc,stats]
[3.798s][info][gc,stats]
[3.798s][info][gc,stats] All times are wall-clock times, except per-root-class counters, that are sum over
[3.798s][info][gc,stats] all workers. Dividing the <total> over the root stage time estimates parallelism.
[3.798s][info][gc,stats]
[3.798s][info][gc,stats] Concurrent Reset                     86 us
[3.798s][info][gc,stats] Pause Init Mark (G)                 104 us
[3.798s][info][gc,stats] Pause Init Mark (N)                  16 us
[3.798s][info][gc,stats]   Update Region States                0 us
[3.798s][info][gc,stats] Concurrent Mark Roots               521 us, parallelism: 0.92x
[3.798s][info][gc,stats]   CMR: <total>                      477 us
[3.798s][info][gc,stats]   CMR: Thread Roots                 219 us, workers (us): 219, ---, ---,
[3.798s][info][gc,stats]   CMR: VM Strong Roots               21 us, workers (us):  21, ---, ---,
[3.798s][info][gc,stats]   CMR: CLDG Roots                   237 us, workers (us): 237, ---, ---,
[3.798s][info][gc,stats] Concurrent Marking                13466 us
[3.798s][info][gc,stats] Pause Final Mark (G)                176 us
[3.798s][info][gc,stats] Pause Final Mark (N)                 95 us
[3.798s][info][gc,stats]   Finish Mark                        74 us
[3.798s][info][gc,stats]   Update Region States                1 us
[3.798s][info][gc,stats]   Choose Collection Set               5 us
[3.798s][info][gc,stats]   Rebuild Free Set                    1 us
[3.798s][info][gc,stats] Concurrent Weak References           46 us, parallelism: 0.51x
[3.798s][info][gc,stats]   CWRF: <total>                      24 us
[3.798s][info][gc,stats]   CWRF: Weak References              24 us, workers (us):  24, ---, ---,
[3.798s][info][gc,stats] Concurrent Weak Roots               358 us
[3.798s][info][gc,stats]   Roots                             317 us, parallelism: 0.88x
[3.798s][info][gc,stats]     CWR: <total>                    278 us
[3.798s][info][gc,stats]     CWR: Code Cache Roots           130 us, workers (us): 130, ---, ---,
[3.798s][info][gc,stats]     CWR: VM Weak Roots              137 us, workers (us): 137, ---, ---,
[3.798s][info][gc,stats]     CWR: CLDG Roots                  10 us, workers (us):  10, ---, ---,
[3.798s][info][gc,stats]   Rendezvous                         37 us
[3.798s][info][gc,stats] Concurrent Cleanup                   47 us
[3.798s][info][gc,stats] Concurrent Class Unloading         2279 us
[3.798s][info][gc,stats]   Unlink Stale                     2113 us
[3.798s][info][gc,stats]     System Dictionary                 4 us
[3.798s][info][gc,stats]     Weak Class Links                  0 us
[3.798s][info][gc,stats]     Code Roots                     2107 us
[3.798s][info][gc,stats]   Rendezvous                         42 us
[3.798s][info][gc,stats]   Purge Unlinked                    112 us
[3.798s][info][gc,stats]     Code Roots                       94 us
[3.798s][info][gc,stats]     CLDG                             15 us
[3.798s][info][gc,stats]     Exception Caches                  0 us
[3.798s][info][gc,stats] Pause Final Roots (G)               126 us
[3.798s][info][gc,stats] Pause Final Roots (N)                 5 us
[3.798s][info][gc,stats] Pacing                            14306 us
[3.798s][info][gc,stats]
[3.798s][info][gc,stats] Allocation pacing accrued:
[3.798s][info][gc,stats]      14 of    19 ms ( 75.1%): thread3
[3.798s][info][gc,stats]      14 of    19 ms ( 75.1%): <total>
[3.798s][info][gc,stats]       1 of    19 ms (  4.2%): <average total>
[3.798s][info][gc,stats]      14 of    19 ms ( 75.1%): <average non-zero>
[3.798s][info][gc,stats]
[3.826s][info][gc,stats]
[3.826s][info][gc,stats] All times are wall-clock times, except per-root-class counters, that are sum over
[3.826s][info][gc,stats] all workers. Dividing the <total> over the root stage time estimates parallelism.
[3.826s][info][gc,stats]
[3.826s][info][gc,stats] Concurrent Reset                     21 us
[3.826s][info][gc,stats] Pause Init Mark (G)                 231 us
[3.826s][info][gc,stats] Pause Init Mark (N)                  13 us
[3.826s][info][gc,stats]   Update Region States                1 us
[3.826s][info][gc,stats] Concurrent Mark Roots              1019 us, parallelism: 0.95x
[3.826s][info][gc,stats]   CMR: <total>                      971 us
[3.826s][info][gc,stats]   CMR: Thread Roots                 431 us, workers (us): 431, ---, ---,
[3.826s][info][gc,stats]   CMR: VM Strong Roots               39 us, workers (us):  39, ---, ---,
[3.826s][info][gc,stats]   CMR: CLDG Roots                   500 us, workers (us): 500, ---, ---,
[3.826s][info][gc,stats] Concurrent Marking                12379 us
[3.826s][info][gc,stats] Pause Final Mark (G)                235 us
[3.826s][info][gc,stats] Pause Final Mark (N)                126 us
[3.826s][info][gc,stats]   Finish Mark                       102 us
[3.826s][info][gc,stats]   Update Region States                2 us
[3.826s][info][gc,stats]   Choose Collection Set               6 us
[3.826s][info][gc,stats]   Rebuild Free Set                    2 us
[3.827s][info][gc,stats] Concurrent Weak References           79 us, parallelism: 0.41x
[3.827s][info][gc,stats]   CWRF: <total>                      33 us
[3.827s][info][gc,stats]   CWRF: Weak References              33 us, workers (us):  33, ---, ---,
[3.827s][info][gc,stats] Concurrent Weak Roots               367 us
[3.827s][info][gc,stats]   Roots                             320 us, parallelism: 0.88x
[3.827s][info][gc,stats]     CWR: <total>                    284 us
[3.827s][info][gc,stats]     CWR: Code Cache Roots           132 us, workers (us): 132, ---, ---,
[3.827s][info][gc,stats]     CWR: VM Weak Roots              141 us, workers (us): 141, ---, ---,
[3.827s][info][gc,stats]     CWR: CLDG Roots                  10 us, workers (us):  10, ---, ---,
[3.827s][info][gc,stats]   Rendezvous                         43 us
[3.827s][info][gc,stats] Concurrent Cleanup                   38 us
[3.827s][info][gc,stats] Concurrent Class Unloading         2178 us
[3.827s][info][gc,stats]   Unlink Stale                     2088 us
[3.827s][info][gc,stats]     System Dictionary                 4 us
[3.827s][info][gc,stats]     Weak Class Links                  0 us
[3.827s][info][gc,stats]     Code Roots                     2083 us
[3.827s][info][gc,stats]   Rendezvous                         50 us
[3.827s][info][gc,stats]   Purge Unlinked                     35 us
[3.827s][info][gc,stats]     Code Roots                       32 us
[3.827s][info][gc,stats]     CLDG                              3 us
[3.827s][info][gc,stats]     Exception Caches                  0 us
[3.827s][info][gc,stats] Pause Final Roots (G)               104 us
[3.827s][info][gc,stats] Pause Final Roots (N)                 4 us
[3.827s][info][gc,stats] Pacing                            25484 us
[3.827s][info][gc,stats]
[3.827s][info][gc,stats] Allocation pacing accrued:
[3.827s][info][gc,stats]      25 of    29 ms ( 89.4%): thread3
[3.827s][info][gc,stats]      25 of    29 ms ( 89.4%): <total>
[3.827s][info][gc,stats]       1 of    29 ms (  5.0%): <average total>
[3.827s][info][gc,stats]      25 of    29 ms ( 89.4%): <average non-zero>
[3.827s][info][gc,stats]
[3.845s][info][gc,stats]
[3.845s][info][gc,stats] All times are wall-clock times, except per-root-class counters, that are sum over
[3.845s][info][gc,stats] all workers. Dividing the <total> over the root stage time estimates parallelism.
[3.845s][info][gc,stats]
[3.845s][info][gc,stats] Concurrent Reset                     59 us
[3.845s][info][gc,stats] Pause Init Mark (G)                 148 us
[3.845s][info][gc,stats] Pause Init Mark (N)                  19 us
[3.845s][info][gc,stats]   Update Region States                1 us
[3.845s][info][gc,stats] Concurrent Mark Roots               519 us, parallelism: 0.89x
[3.845s][info][gc,stats]   CMR: <total>                      463 us
[3.845s][info][gc,stats]   CMR: Thread Roots                 214 us, workers (us): 214, ---, ---,
[3.845s][info][gc,stats]   CMR: VM Strong Roots               24 us, workers (us):  24, ---, ---,
[3.845s][info][gc,stats]   CMR: CLDG Roots                   224 us, workers (us): 224, ---, ---,
[3.845s][info][gc,stats] Concurrent Marking                11775 us
[3.845s][info][gc,stats] Pause Final Mark (G)                180 us
[3.845s][info][gc,stats] Pause Final Mark (N)                 92 us
[3.845s][info][gc,stats]   Finish Mark                        69 us
[3.845s][info][gc,stats]   Update Region States                1 us
[3.845s][info][gc,stats]   Choose Collection Set               7 us
[3.845s][info][gc,stats]   Rebuild Free Set                    2 us
[3.845s][info][gc,stats] Concurrent Weak References           65 us, parallelism: 0.43x
[3.845s][info][gc,stats]   CWRF: <total>                      28 us
[3.845s][info][gc,stats]   CWRF: Weak References              28 us, workers (us):  28, ---, ---,
[3.845s][info][gc,stats] Concurrent Weak Roots               747 us
[3.845s][info][gc,stats]   Roots                             678 us, parallelism: 0.89x
[3.845s][info][gc,stats]     CWR: <total>                    604 us
[3.845s][info][gc,stats]     CWR: Code Cache Roots           230 us, workers (us): 230, ---, ---,
[3.845s][info][gc,stats]     CWR: VM Weak Roots              354 us, workers (us): 354, ---, ---,
[3.845s][info][gc,stats]     CWR: CLDG Roots                  20 us, workers (us):  20, ---, ---,
[3.845s][info][gc,stats]   Rendezvous                         61 us
[3.845s][info][gc,stats] Concurrent Cleanup                  126 us
[3.845s][info][gc,stats] Concurrent Class Unloading         2353 us
[3.845s][info][gc,stats]   Unlink Stale                     2225 us
[3.845s][info][gc,stats]     System Dictionary                18 us
[3.845s][info][gc,stats]     Weak Class Links                  1 us
[3.845s][info][gc,stats]     Code Roots                     2203 us
[3.845s][info][gc,stats]   Rendezvous                         52 us
[3.845s][info][gc,stats]   Purge Unlinked                     65 us
[3.845s][info][gc,stats]     Code Roots                       59 us
[3.845s][info][gc,stats]     CLDG                              5 us
[3.845s][info][gc,stats]     Exception Caches                  0 us
[3.845s][info][gc,stats] Pause Final Roots (G)                87 us
[3.845s][info][gc,stats] Pause Final Roots (N)                 6 us
[3.845s][info][gc,stats] Pacing                            12990 us
[3.845s][info][gc,stats]
[3.845s][info][gc,stats] Allocation pacing accrued:
[3.845s][info][gc,stats]      13 of    18 ms ( 71.2%): thread3
[3.845s][info][gc,stats]      13 of    18 ms ( 71.2%): <total>
[3.845s][info][gc,stats]       1 of    18 ms (  4.0%): <average total>
[3.845s][info][gc,stats]      13 of    18 ms ( 71.2%): <average non-zero>
[3.845s][info][gc,stats]
[3.886s][info][gc,stats]
[3.886s][info][gc,stats] All times are wall-clock times, except per-root-class counters, that are sum over
[3.886s][info][gc,stats] all workers. Dividing the <total> over the root stage time estimates parallelism.
[3.886s][info][gc,stats]
[3.886s][info][gc,stats] Pause Degenerated GC (G)          28456 us
[3.886s][info][gc,stats] Pause Degenerated GC (N)          28356 us
[3.886s][info][gc,stats]   Degen STW Mark                   4577 us, parallelism: 2.97x
[3.886s][info][gc,stats]     DSM: <total>                  13583 us
[3.886s][info][gc,stats]     DSM: Thread Roots                97 us, workers (us):  30,  35,  32,
[3.886s][info][gc,stats]     DSM: VM Strong Roots             24 us, workers (us):   0,  10,  14,
[3.886s][info][gc,stats]     DSM: CLDG Roots                 231 us, workers (us): 228,   2,   1,
[3.886s][info][gc,stats]     DSM: Parallel Mark            13231 us, workers (us): 4273, 4481, 4478,
[3.886s][info][gc,stats]     System Purge                   5690 us
[3.886s][info][gc,stats]       Weak References                72 us, parallelism: 0.57x
[3.886s][info][gc,stats]         WRP: <total>                 41 us
[3.886s][info][gc,stats]         WRP: Weak References         41 us, workers (us):  31,   8,   1,
[3.886s][info][gc,stats]       Unload Classes               5292 us, parallelism: 0.51x
[3.886s][info][gc,stats]         DCU: <total>               2705 us
[3.886s][info][gc,stats]         DCU: Unload Code Caches     2705 us, workers (us): 916, 882, 907,
[3.886s][info][gc,stats]       Weak Roots                    292 us, parallelism: 2.23x
[3.886s][info][gc,stats]         DWR: <total>                650 us
[3.886s][info][gc,stats]         DWR: VM Weak Roots          650 us, workers (us): 210, 244, 196,
[3.886s][info][gc,stats]       CLDG                            1 us
[3.886s][info][gc,stats]   Update Region States                1 us
[3.886s][info][gc,stats]   Manage GC/TLABs                     6 us
[3.886s][info][gc,stats]   Choose Collection Set               3 us
[3.886s][info][gc,stats]   Rebuild Free Set                    2 us
[3.886s][info][gc,stats]   Cleanup                             1 us
[3.886s][info][gc,stats]   Pre Heap Dump                       1 us
[3.886s][info][gc,stats]   Prepare                            65 us
[3.886s][info][gc,stats]   Mark                            10371 us, parallelism: 1.15x
[3.886s][info][gc,stats]     FM: <total>                   11909 us
[3.886s][info][gc,stats]     FM: Thread Roots                140 us, workers (us):  49,  46,  46,
[3.886s][info][gc,stats]     FM: VM Strong Roots              29 us, workers (us):   0,  24,   4,
[3.886s][info][gc,stats]     FM: CLDG Roots                  269 us, workers (us): 260,   2,   7,
[3.886s][info][gc,stats]     FM: Parallel Mark             11470 us, workers (us): 3667, 3891, 3912,
[3.886s][info][gc,stats]     System Purge                   6313 us
[3.886s][info][gc,stats]       Weak References                64 us, parallelism: 0.93x
[3.886s][info][gc,stats]         WRP: <total>                 59 us
[3.886s][info][gc,stats]         WRP: Weak References         59 us, workers (us):  35,  19,   6,
[3.886s][info][gc,stats]       Unload Classes               5903 us, parallelism: 0.40x
[3.886s][info][gc,stats]         CU: <total>                2352 us
[3.886s][info][gc,stats]         CU: Unload Code Caches     2352 us, workers (us): 806, 767, 779,
[3.886s][info][gc,stats]       Weak Roots                    310 us, parallelism: 1.84x
[3.886s][info][gc,stats]         WR: <total>                 569 us
[3.886s][info][gc,stats]         WR: VM Weak Roots           569 us, workers (us): 196, 187, 186,
[3.886s][info][gc,stats]       CLDG                            1 us
[3.886s][info][gc,stats]   Calculate Addresses              2795 us
[3.886s][info][gc,stats]     Regular Objects                2790 us
[3.886s][info][gc,stats]     Humongous Objects                 1 us
[3.886s][info][gc,stats]   Adjust Pointers                  2890 us
[3.886s][info][gc,stats]     FA: <total>                    1487 us
[3.886s][info][gc,stats]     FA: Thread Roots                 56 us, workers (us):   1,  53,   2,
[3.886s][info][gc,stats]     FA: Code Cache Roots           1096 us, workers (us): 355, 113, 627,
[3.886s][info][gc,stats]     FA: VM Strong Roots               7 us, workers (us):   6,   1,   1,
[3.886s][info][gc,stats]     FA: VM Weak Roots               265 us, workers (us):  97,  94,  75,
[3.886s][info][gc,stats]     FA: CLDG Roots                   62 us, workers (us):   8,  45,   9,
[3.886s][info][gc,stats]   Copy Objects                     1580 us
[3.886s][info][gc,stats]     Regular Objects                1531 us
[3.886s][info][gc,stats]     Humongous Objects                 1 us
[3.886s][info][gc,stats]     Reset Complete Bitmap            38 us
[3.886s][info][gc,stats]     Rebuild Region Sets               6 us
[3.886s][info][gc,stats]   Post Heap Dump                      1 us
[3.886s][info][gc,stats]
[3.886s][info][gc,stats] Allocation pacing accrued:
[3.886s][info][gc,stats]       0 of    41 ms (  0.0%): <total>
[3.886s][info][gc,stats]       0 of    41 ms (  0.0%): <average total>
[3.886s][info][gc,stats]
[3.905s][info][gc,stats]
[3.905s][info][gc,stats] All times are wall-clock times, except per-root-class counters, that are sum over
[3.905s][info][gc,stats] all workers. Dividing the <total> over the root stage time estimates parallelism.
[3.905s][info][gc,stats]
[3.905s][info][gc,stats] Concurrent Reset                    135 us
[3.905s][info][gc,stats] Pause Init Mark (G)                 143 us
[3.905s][info][gc,stats] Pause Init Mark (N)                  16 us
[3.905s][info][gc,stats]   Update Region States                1 us
[3.905s][info][gc,stats] Concurrent Mark Roots               500 us, parallelism: 0.90x
[3.905s][info][gc,stats]   CMR: <total>                      450 us
[3.905s][info][gc,stats]   CMR: Thread Roots                 213 us, workers (us): 213, ---, ---,
[3.905s][info][gc,stats]   CMR: VM Strong Roots               21 us, workers (us):  21, ---, ---,
[3.905s][info][gc,stats]   CMR: CLDG Roots                   215 us, workers (us): 215, ---, ---,
[3.905s][info][gc,stats] Concurrent Marking                13249 us
[3.905s][info][gc,stats] Pause Final Mark (G)                220 us
[3.905s][info][gc,stats] Pause Final Mark (N)                119 us
[3.905s][info][gc,stats]   Finish Mark                        96 us
[3.905s][info][gc,stats]   Update Region States                1 us
[3.905s][info][gc,stats]   Choose Collection Set               7 us
[3.905s][info][gc,stats]   Rebuild Free Set                    2 us
[3.905s][info][gc,stats] Concurrent Weak References          145 us, parallelism: 0.49x
[3.905s][info][gc,stats]   CWRF: <total>                      72 us
[3.905s][info][gc,stats]   CWRF: Weak References              72 us, workers (us):  72, ---, ---,
[3.905s][info][gc,stats] Concurrent Weak Roots               403 us
[3.905s][info][gc,stats]   Roots                             326 us, parallelism: 0.85x
[3.905s][info][gc,stats]     CWR: <total>                    276 us
[3.905s][info][gc,stats]     CWR: Code Cache Roots           131 us, workers (us): 131, ---, ---,
[3.905s][info][gc,stats]     CWR: VM Weak Roots              137 us, workers (us): 137, ---, ---,
[3.905s][info][gc,stats]     CWR: CLDG Roots                   9 us, workers (us):   9, ---, ---,
[3.905s][info][gc,stats]   Rendezvous                         73 us
[3.905s][info][gc,stats] Concurrent Cleanup                   34 us
[3.905s][info][gc,stats] Concurrent Class Unloading         2378 us
[3.905s][info][gc,stats]   Unlink Stale                     2225 us
[3.905s][info][gc,stats]     System Dictionary                 4 us
[3.905s][info][gc,stats]     Weak Class Links                  0 us
[3.905s][info][gc,stats]     Code Roots                     2219 us
[3.905s][info][gc,stats]   Rendezvous                        100 us
[3.905s][info][gc,stats]   Purge Unlinked                     48 us
[3.905s][info][gc,stats]     Code Roots                       44 us
[3.905s][info][gc,stats]     CLDG                              3 us
[3.905s][info][gc,stats]     Exception Caches                  0 us
[3.905s][info][gc,stats] Pause Final Roots (G)               136 us
[3.905s][info][gc,stats] Pause Final Roots (N)                 5 us
[3.905s][info][gc,stats] Pacing                            15044 us
[3.905s][info][gc,stats]
[3.905s][info][gc,stats] Allocation pacing accrued:
[3.905s][info][gc,stats]      15 of    19 ms ( 80.0%): thread3
[3.905s][info][gc,stats]      15 of    19 ms ( 80.0%): <total>
[3.905s][info][gc,stats]       1 of    19 ms (  4.4%): <average total>
[3.905s][info][gc,stats]      15 of    19 ms ( 80.0%): <average non-zero>
[3.905s][info][gc,stats]
[3.923s][info][gc,stats]
[3.923s][info][gc,stats] All times are wall-clock times, except per-root-class counters, that are sum over
[3.923s][info][gc,stats] all workers. Dividing the <total> over the root stage time estimates parallelism.
[3.923s][info][gc,stats]
[3.923s][info][gc,stats] Concurrent Reset                     51 us
[3.923s][info][gc,stats] Pause Init Mark (G)                 127 us
[3.923s][info][gc,stats] Pause Init Mark (N)                  13 us
[3.923s][info][gc,stats]   Update Region States                0 us
[3.923s][info][gc,stats] Concurrent Mark Roots               516 us, parallelism: 0.90x
[3.923s][info][gc,stats]   CMR: <total>                      462 us
[3.923s][info][gc,stats]   CMR: Thread Roots                 215 us, workers (us): 215, ---, ---,
[3.923s][info][gc,stats]   CMR: VM Strong Roots               22 us, workers (us):  22, ---, ---,
[3.923s][info][gc,stats]   CMR: CLDG Roots                   225 us, workers (us): 225, ---, ---,
[3.923s][info][gc,stats] Concurrent Marking                12604 us
[3.923s][info][gc,stats] Pause Final Mark (G)                212 us
[3.923s][info][gc,stats] Pause Final Mark (N)                103 us
[3.923s][info][gc,stats]   Finish Mark                        83 us
[3.923s][info][gc,stats]   Update Region States                1 us
[3.923s][info][gc,stats]   Choose Collection Set               5 us
[3.923s][info][gc,stats]   Rebuild Free Set                    2 us
[3.923s][info][gc,stats] Concurrent Weak References           70 us, parallelism: 0.35x
[3.923s][info][gc,stats]   CWRF: <total>                      25 us
[3.923s][info][gc,stats]   CWRF: Weak References              25 us, workers (us):  25, ---, ---,
[3.923s][info][gc,stats] Concurrent Weak Roots               387 us
[3.923s][info][gc,stats]   Roots                             325 us, parallelism: 0.84x
[3.923s][info][gc,stats]     CWR: <total>                    274 us
[3.923s][info][gc,stats]     CWR: Code Cache Roots           129 us, workers (us): 129, ---, ---,
[3.923s][info][gc,stats]     CWR: VM Weak Roots              135 us, workers (us): 135, ---, ---,
[3.923s][info][gc,stats]     CWR: CLDG Roots                  10 us, workers (us):  10, ---, ---,
[3.923s][info][gc,stats]   Rendezvous                         56 us
[3.923s][info][gc,stats] Concurrent Cleanup                   37 us
[3.923s][info][gc,stats] Concurrent Class Unloading         2375 us
[3.923s][info][gc,stats]   Unlink Stale                     2212 us
[3.923s][info][gc,stats]     System Dictionary                 4 us
[3.923s][info][gc,stats]     Weak Class Links                  0 us
[3.923s][info][gc,stats]     Code Roots                     2207 us
[3.923s][info][gc,stats]   Rendezvous                         78 us
[3.923s][info][gc,stats]   Purge Unlinked                     79 us
[3.923s][info][gc,stats]     Code Roots                       71 us
[3.923s][info][gc,stats]     CLDG                              7 us
[3.923s][info][gc,stats]     Exception Caches                  0 us
[3.923s][info][gc,stats] Pause Final Roots (G)               169 us
[3.923s][info][gc,stats] Pause Final Roots (N)                 7 us
[3.923s][info][gc,stats] Pacing                            13266 us
[3.923s][info][gc,stats]
[3.923s][info][gc,stats] Allocation pacing accrued:
[3.924s][info][gc,stats]      13 of    18 ms ( 72.3%): thread3
[3.924s][info][gc,stats]      13 of    18 ms ( 72.3%): <total>
[3.924s][info][gc,stats]       1 of    18 ms (  4.0%): <average total>
[3.924s][info][gc,stats]      13 of    18 ms ( 72.3%): <average non-zero>
[3.924s][info][gc,stats]
[3.934s][info][gc,stats]
[3.934s][info][gc,stats] All times are wall-clock times, except per-root-class counters, that are sum over
[3.934s][info][gc,stats] all workers. Dividing the <total> over the root stage time estimates parallelism.
[3.934s][info][gc,stats]
[3.934s][info][gc,stats] Concurrent Reset                     88 us
[3.934s][info][gc,stats] Pause Init Mark (G)                 215 us
[3.934s][info][gc,stats] Pause Init Mark (N)                  27 us
[3.934s][info][gc,stats]   Update Region States                1 us
[3.934s][info][gc,stats] Concurrent Mark Roots              1017 us, parallelism: 0.92x
[3.934s][info][gc,stats]   CMR: <total>                      940 us
[3.934s][info][gc,stats]   CMR: Thread Roots                 453 us, workers (us): 453, ---, ---,
[3.934s][info][gc,stats]   CMR: VM Strong Roots               37 us, workers (us):  37, ---, ---,
[3.934s][info][gc,stats]   CMR: CLDG Roots                   450 us, workers (us): 450, ---, ---,
[3.934s][info][gc,stats] Concurrent Marking                 7023 us
[3.934s][info][gc,stats] Pacing                             8023 us
[3.934s][info][gc,stats]
[3.934s][info][gc,stats] Allocation pacing accrued:
[3.934s][info][gc,stats]       8 of    11 ms ( 76.3%): thread3
[3.934s][info][gc,stats]       8 of    11 ms ( 76.3%): <total>
[3.934s][info][gc,stats]       0 of    11 ms (  4.2%): <average total>
[3.934s][info][gc,stats]       8 of    11 ms ( 76.3%): <average non-zero>
[3.934s][info][gc,stats]
[3.959s][info][gc,stats]
[3.959s][info][gc,stats] All times are wall-clock times, except per-root-class counters, that are sum over
[3.959s][info][gc,stats] all workers. Dividing the <total> over the root stage time estimates parallelism.
[3.959s][info][gc,stats]
[3.959s][info][gc,stats]   Finish Mark                      2337 us
[3.959s][info][gc,stats] Pause Degenerated GC (G)           9090 us
[3.959s][info][gc,stats] Pause Degenerated GC (N)           8963 us
[3.959s][info][gc,stats]     System Purge                   6373 us
[3.959s][info][gc,stats]       Weak References                50 us, parallelism: 0.57x
[3.959s][info][gc,stats]         WRP: <total>                 29 us
[3.959s][info][gc,stats]         WRP: Weak References         29 us, workers (us):  27,   2,   1,
[3.959s][info][gc,stats]       Unload Classes               6048 us, parallelism: 0.45x
[3.959s][info][gc,stats]         DCU: <total>               2723 us
[3.959s][info][gc,stats]         DCU: Unload Code Caches     2723 us, workers (us): 903, 911, 909,
[3.959s][info][gc,stats]       Weak Roots                    241 us, parallelism: 2.57x
[3.959s][info][gc,stats]         DWR: <total>                619 us
[3.959s][info][gc,stats]         DWR: VM Weak Roots          619 us, workers (us): 211, 206, 202,
[3.959s][info][gc,stats]       CLDG                            1 us
[3.959s][info][gc,stats]   Update Region States                1 us
[3.959s][info][gc,stats]   Manage GC/TLABs                     5 us
[3.959s][info][gc,stats]   Choose Collection Set               8 us
[3.959s][info][gc,stats]   Rebuild Free Set                    2 us
[3.959s][info][gc,stats]   Cleanup                             1 us
[3.959s][info][gc,stats]
[3.959s][info][gc,stats] Allocation pacing accrued:
[3.959s][info][gc,stats]       0 of    25 ms (  0.0%): <total>
[3.959s][info][gc,stats]       0 of    25 ms (  0.0%): <average total>
[3.959s][info][gc,stats]
[3.977s][info][gc,stats]
[3.977s][info][gc,stats] All times are wall-clock times, except per-root-class counters, that are sum over
[3.977s][info][gc,stats] all workers. Dividing the <total> over the root stage time estimates parallelism.
[3.977s][info][gc,stats]
[3.977s][info][gc,stats] Concurrent Reset                     34 us
[3.977s][info][gc,stats] Pause Init Mark (G)                 150 us
[3.977s][info][gc,stats] Pause Init Mark (N)                  15 us
[3.977s][info][gc,stats]   Update Region States                1 us
[3.977s][info][gc,stats] Concurrent Mark Roots               517 us, parallelism: 0.87x
[3.977s][info][gc,stats]   CMR: <total>                      450 us
[3.977s][info][gc,stats]   CMR: Thread Roots                 212 us, workers (us): 212, ---, ---,
[3.977s][info][gc,stats]   CMR: VM Strong Roots               21 us, workers (us):  21, ---, ---,
[3.977s][info][gc,stats]   CMR: CLDG Roots                   217 us, workers (us): 217, ---, ---,
[3.977s][info][gc,stats] Concurrent Marking                12669 us
[3.977s][info][gc,stats] Pause Final Mark (G)                200 us
[3.977s][info][gc,stats] Pause Final Mark (N)                114 us
[3.977s][info][gc,stats]   Finish Mark                        93 us
[3.977s][info][gc,stats]   Update Region States                1 us
[3.977s][info][gc,stats]   Choose Collection Set               6 us
[3.977s][info][gc,stats]   Rebuild Free Set                    2 us
[3.977s][info][gc,stats] Concurrent Weak References           56 us, parallelism: 0.42x
[3.977s][info][gc,stats]   CWRF: <total>                      24 us
[3.977s][info][gc,stats]   CWRF: Weak References              24 us, workers (us):  24, ---, ---,
[3.977s][info][gc,stats] Concurrent Weak Roots               387 us
[3.977s][info][gc,stats]   Roots                             314 us, parallelism: 0.88x
[3.977s][info][gc,stats]     CWR: <total>                    275 us
[3.977s][info][gc,stats]     CWR: Code Cache Roots           135 us, workers (us): 135, ---, ---,
[3.977s][info][gc,stats]     CWR: VM Weak Roots              134 us, workers (us): 134, ---, ---,
[3.977s][info][gc,stats]     CWR: CLDG Roots                   6 us, workers (us):   6, ---, ---,
[3.977s][info][gc,stats]   Rendezvous                         69 us
[3.977s][info][gc,stats] Concurrent Cleanup                   32 us
[3.977s][info][gc,stats] Concurrent Class Unloading         2187 us
[3.977s][info][gc,stats]   Unlink Stale                     2090 us
[3.977s][info][gc,stats]     System Dictionary                 4 us
[3.977s][info][gc,stats]     Weak Class Links                  0 us
[3.977s][info][gc,stats]     Code Roots                     2085 us
[3.977s][info][gc,stats]   Rendezvous                         45 us
[3.977s][info][gc,stats]   Purge Unlinked                     46 us
[3.977s][info][gc,stats]     Code Roots                       39 us
[3.977s][info][gc,stats]     CLDG                              6 us
[3.977s][info][gc,stats]     Exception Caches                  0 us
[3.977s][info][gc,stats] Pause Final Roots (G)               187 us
[3.977s][info][gc,stats] Pause Final Roots (N)                 5 us
[3.977s][info][gc,stats]
[3.977s][info][gc,stats] Allocation pacing accrued:
[3.977s][info][gc,stats]       0 of    18 ms (  0.0%): <total>
[3.977s][info][gc,stats]       0 of    18 ms (  0.0%): <average total>
[3.977s][info][gc,stats]
[3.998s][info][gc,stats]
[3.998s][info][gc,stats] All times are wall-clock times, except per-root-class counters, that are sum over
[3.998s][info][gc,stats] all workers. Dividing the <total> over the root stage time estimates parallelism.
[3.998s][info][gc,stats]
[3.998s][info][gc,stats] Concurrent Reset                     31 us
[3.998s][info][gc,stats] Pause Init Mark (G)                 134 us
[3.998s][info][gc,stats] Pause Init Mark (N)                  22 us
[3.998s][info][gc,stats]   Update Region States                0 us
[3.998s][info][gc,stats] Concurrent Mark Roots              1026 us, parallelism: 0.95x
[3.998s][info][gc,stats]   CMR: <total>                      972 us
[3.998s][info][gc,stats]   CMR: Thread Roots                 344 us, workers (us): 344, ---, ---,
[3.998s][info][gc,stats]   CMR: VM Strong Roots               43 us, workers (us):  43, ---, ---,
[3.998s][info][gc,stats]   CMR: CLDG Roots                   584 us, workers (us): 584, ---, ---,
[3.998s][info][gc,stats] Concurrent Marking                11853 us
[3.998s][info][gc,stats] Pause Final Mark (G)                212 us
[3.998s][info][gc,stats] Pause Final Mark (N)                118 us
[3.998s][info][gc,stats]   Finish Mark                        99 us
[3.998s][info][gc,stats]   Update Region States                1 us
[3.998s][info][gc,stats]   Choose Collection Set               2 us
[3.998s][info][gc,stats]   Rebuild Free Set                    2 us
[3.998s][info][gc,stats] Concurrent Weak References           68 us, parallelism: 0.34x
[3.998s][info][gc,stats]   CWRF: <total>                      23 us
[3.998s][info][gc,stats]   CWRF: Weak References              23 us, workers (us):  23, ---, ---,
[3.998s][info][gc,stats] Concurrent Weak Roots               609 us
[3.998s][info][gc,stats]   Roots                             548 us, parallelism: 0.87x
[3.998s][info][gc,stats]     CWR: <total>                    476 us
[3.998s][info][gc,stats]     CWR: Code Cache Roots           175 us, workers (us): 175, ---, ---,
[3.998s][info][gc,stats]     CWR: VM Weak Roots              287 us, workers (us): 287, ---, ---,
[3.998s][info][gc,stats]     CWR: CLDG Roots                  13 us, workers (us):  13, ---, ---,
[3.998s][info][gc,stats]   Rendezvous                         54 us
[3.998s][info][gc,stats] Concurrent Cleanup                   15 us
[3.998s][info][gc,stats] Concurrent Class Unloading         2302 us
[3.998s][info][gc,stats]   Unlink Stale                     2142 us
[3.998s][info][gc,stats]     System Dictionary                10 us
[3.998s][info][gc,stats]     Weak Class Links                  0 us
[3.998s][info][gc,stats]     Code Roots                     2129 us
[3.998s][info][gc,stats]   Rendezvous                         98 us
[3.998s][info][gc,stats]   Purge Unlinked                     58 us
[3.998s][info][gc,stats]     Code Roots                       53 us
[3.998s][info][gc,stats]     CLDG                              4 us
[3.998s][info][gc,stats]     Exception Caches                  0 us
[3.998s][info][gc,stats] Pause Final Roots (G)                70 us
[3.998s][info][gc,stats] Pause Final Roots (N)                 5 us
[3.998s][info][gc,stats] Pacing                            33305 us
[3.998s][info][gc,stats]
[3.998s][info][gc,stats] Allocation pacing accrued:
[3.998s][info][gc,stats]      33 of    21 ms (160.1%): thread3
[3.998s][info][gc,stats]      33 of    21 ms (160.1%): <total>
[3.998s][info][gc,stats]       2 of    21 ms (  8.9%): <average total>
[3.998s][info][gc,stats]      33 of    21 ms (160.1%): <average non-zero>
[3.998s][info][gc,stats]
[4.013s][info][gc,stats]
[4.013s][info][gc,stats] All times are wall-clock times, except per-root-class counters, that are sum over
[4.013s][info][gc,stats] all workers. Dividing the <total> over the root stage time estimates parallelism.
[4.013s][info][gc,stats]
[4.013s][info][gc,stats] Concurrent Reset                     51 us
[4.013s][info][gc,stats] Pause Init Mark (G)                 148 us
[4.013s][info][gc,stats] Pause Init Mark (N)                  16 us
[4.013s][info][gc,stats]   Update Region States                1 us
[4.013s][info][gc,stats] Concurrent Mark Roots               530 us, parallelism: 0.87x
[4.013s][info][gc,stats]   CMR: <total>                      463 us
[4.013s][info][gc,stats]   CMR: Thread Roots                 215 us, workers (us): 215, ---, ---,
[4.013s][info][gc,stats]   CMR: VM Strong Roots               25 us, workers (us):  25, ---, ---,
[4.013s][info][gc,stats]   CMR: CLDG Roots                   223 us, workers (us): 223, ---, ---,
[4.013s][info][gc,stats] Concurrent Marking                12676 us
[4.013s][info][gc,stats] Pacing                            12023 us
[4.013s][info][gc,stats]
[4.013s][info][gc,stats] Allocation pacing accrued:
[4.013s][info][gc,stats]      12 of    15 ms ( 80.8%): thread3
[4.013s][info][gc,stats]      12 of    15 ms ( 80.8%): <total>
[4.013s][info][gc,stats]       1 of    15 ms (  4.5%): <average total>
[4.013s][info][gc,stats]      12 of    15 ms ( 80.8%): <average non-zero>
[4.013s][info][gc,stats]
[4.034s][info][gc,stats]
[4.035s][info][gc,stats] All times are wall-clock times, except per-root-class counters, that are sum over
[4.035s][info][gc,stats] all workers. Dividing the <total> over the root stage time estimates parallelism.
[4.035s][info][gc,stats]
[4.035s][info][gc,stats]   Finish Mark                       504 us
[4.035s][info][gc,stats] Pause Degenerated GC (G)           6881 us
[4.035s][info][gc,stats] Pause Degenerated GC (N)           6706 us
[4.035s][info][gc,stats]     System Purge                   5941 us
[4.035s][info][gc,stats]       Weak References                70 us, parallelism: 0.69x
[4.035s][info][gc,stats]         WRP: <total>                 48 us
[4.035s][info][gc,stats]         WRP: Weak References         48 us, workers (us):  46,   0,   1,
[4.035s][info][gc,stats]       Unload Classes               5397 us, parallelism: 0.50x
[4.035s][info][gc,stats]         DCU: <total>               2693 us
[4.035s][info][gc,stats]         DCU: Unload Code Caches     2693 us, workers (us): 881, 912, 900,
[4.035s][info][gc,stats]       Weak Roots                    440 us, parallelism: 2.49x
[4.035s][info][gc,stats]         DWR: <total>               1094 us
[4.035s][info][gc,stats]         DWR: VM Weak Roots         1094 us, workers (us): 367, 365, 363,
[4.035s][info][gc,stats]       CLDG                            0 us
[4.035s][info][gc,stats]   Update Region States                1 us
[4.035s][info][gc,stats]   Manage GC/TLABs                     6 us
[4.035s][info][gc,stats]   Choose Collection Set               7 us
[4.035s][info][gc,stats]   Rebuild Free Set                    2 us
[4.035s][info][gc,stats]   Cleanup                             1 us
[4.035s][info][gc,stats]
[4.035s][info][gc,stats] Allocation pacing accrued:
[4.035s][info][gc,stats]       0 of    22 ms (  0.0%): <total>
[4.035s][info][gc,stats]       0 of    22 ms (  0.0%): <average total>
[4.035s][info][gc,stats]
[4.054s][info][gc,stats]
[4.054s][info][gc,stats] All times are wall-clock times, except per-root-class counters, that are sum over
[4.054s][info][gc,stats] all workers. Dividing the <total> over the root stage time estimates parallelism.
[4.054s][info][gc,stats]
[4.054s][info][gc,stats] Concurrent Reset                     29 us
[4.054s][info][gc,stats] Pause Init Mark (G)                 117 us
[4.054s][info][gc,stats] Pause Init Mark (N)                  14 us
[4.054s][info][gc,stats]   Update Region States                0 us
[4.054s][info][gc,stats] Concurrent Mark Roots               513 us, parallelism: 0.89x
[4.054s][info][gc,stats]   CMR: <total>                      455 us
[4.054s][info][gc,stats]   CMR: Thread Roots                 209 us, workers (us): 209, ---, ---,
[4.054s][info][gc,stats]   CMR: VM Strong Roots               21 us, workers (us):  21, ---, ---,
[4.054s][info][gc,stats]   CMR: CLDG Roots                   224 us, workers (us): 224, ---, ---,
[4.054s][info][gc,stats] Concurrent Marking                13938 us
[4.054s][info][gc,stats] Pause Final Mark (G)                182 us
[4.054s][info][gc,stats] Pause Final Mark (N)                 95 us
[4.054s][info][gc,stats]   Finish Mark                        74 us
[4.054s][info][gc,stats]   Update Region States                1 us
[4.054s][info][gc,stats]   Choose Collection Set               5 us
[4.054s][info][gc,stats]   Rebuild Free Set                    2 us
[4.054s][info][gc,stats] Concurrent Weak References           57 us, parallelism: 0.43x
[4.054s][info][gc,stats]   CWRF: <total>                      24 us
[4.054s][info][gc,stats]   CWRF: Weak References              24 us, workers (us):  24, ---, ---,
[4.054s][info][gc,stats] Concurrent Weak Roots               395 us
[4.054s][info][gc,stats]   Roots                             340 us, parallelism: 0.85x
[4.054s][info][gc,stats]     CWR: <total>                    288 us
[4.055s][info][gc,stats]     CWR: Code Cache Roots           131 us, workers (us): 131, ---, ---,
[4.055s][info][gc,stats]     CWR: VM Weak Roots              147 us, workers (us): 147, ---, ---,
[4.055s][info][gc,stats]     CWR: CLDG Roots                  10 us, workers (us):  10, ---, ---,
[4.055s][info][gc,stats]   Rendezvous                         51 us
[4.055s][info][gc,stats] Concurrent Cleanup                   35 us
[4.055s][info][gc,stats] Concurrent Class Unloading         2281 us
[4.055s][info][gc,stats]   Unlink Stale                     2177 us
[4.055s][info][gc,stats]     System Dictionary                12 us
[4.055s][info][gc,stats]     Weak Class Links                  0 us
[4.055s][info][gc,stats]     Code Roots                     2164 us
[4.055s][info][gc,stats]   Rendezvous                         48 us
[4.055s][info][gc,stats]   Purge Unlinked                     50 us
[4.055s][info][gc,stats]     Code Roots                       42 us
[4.055s][info][gc,stats]     CLDG                              7 us
[4.055s][info][gc,stats]     Exception Caches                  0 us
[4.055s][info][gc,stats] Pause Final Roots (G)               225 us
[4.055s][info][gc,stats] Pause Final Roots (N)                 5 us
[4.055s][info][gc,stats] Pacing                             7025 us
[4.055s][info][gc,stats]
[4.055s][info][gc,stats] Allocation pacing accrued:
[4.055s][info][gc,stats]       7 of    20 ms ( 35.3%): thread3
[4.055s][info][gc,stats]       7 of    20 ms ( 35.3%): <total>
[4.055s][info][gc,stats]       0 of    20 ms (  2.0%): <average total>
[4.055s][info][gc,stats]       7 of    20 ms ( 35.3%): <average non-zero>
[4.055s][info][gc,stats]
[4.074s][info][gc,stats]
[4.074s][info][gc,stats] All times are wall-clock times, except per-root-class counters, that are sum over
[4.074s][info][gc,stats] all workers. Dividing the <total> over the root stage time estimates parallelism.
[4.074s][info][gc,stats]
[4.074s][info][gc,stats] Concurrent Reset                     36 us
[4.074s][info][gc,stats] Pause Init Mark (G)                 167 us
[4.074s][info][gc,stats] Pause Init Mark (N)                  16 us
[4.074s][info][gc,stats]   Update Region States                1 us
[4.074s][info][gc,stats] Concurrent Mark Roots               535 us, parallelism: 0.82x
[4.074s][info][gc,stats]   CMR: <total>                      440 us
[4.074s][info][gc,stats]   CMR: Thread Roots                 186 us, workers (us): 186, ---, ---,
[4.074s][info][gc,stats]   CMR: VM Strong Roots               23 us, workers (us):  23, ---, ---,
[4.074s][info][gc,stats]   CMR: CLDG Roots                   232 us, workers (us): 232, ---, ---,
[4.074s][info][gc,stats] Concurrent Marking                11888 us
[4.074s][info][gc,stats] Pause Final Mark (G)                283 us
[4.074s][info][gc,stats] Pause Final Mark (N)                146 us
[4.074s][info][gc,stats]   Finish Mark                       125 us
[4.074s][info][gc,stats]   Update Region States                1 us
[4.074s][info][gc,stats]   Choose Collection Set               5 us
[4.074s][info][gc,stats]   Rebuild Free Set                    3 us
[4.074s][info][gc,stats] Concurrent Weak References          156 us, parallelism: 0.49x
[4.074s][info][gc,stats]   CWRF: <total>                      77 us
[4.074s][info][gc,stats]   CWRF: Weak References              77 us, workers (us):  77, ---, ---,
[4.074s][info][gc,stats] Concurrent Weak Roots               482 us
[4.074s][info][gc,stats]   Roots                             405 us, parallelism: 0.87x
[4.074s][info][gc,stats]     CWR: <total>                    352 us
[4.074s][info][gc,stats]     CWR: Code Cache Roots           212 us, workers (us): 212, ---, ---,
[4.074s][info][gc,stats]     CWR: VM Weak Roots              135 us, workers (us): 135, ---, ---,
[4.074s][info][gc,stats]     CWR: CLDG Roots                   4 us, workers (us):   4, ---, ---,
[4.074s][info][gc,stats]   Rendezvous                         67 us
[4.074s][info][gc,stats] Concurrent Cleanup                   61 us
[4.074s][info][gc,stats] Concurrent Class Unloading         2659 us
[4.074s][info][gc,stats]   Unlink Stale                     2486 us
[4.074s][info][gc,stats]     System Dictionary                17 us
[4.074s][info][gc,stats]     Weak Class Links                  0 us
[4.074s][info][gc,stats]     Code Roots                     2466 us
[4.074s][info][gc,stats]   Rendezvous                         69 us
[4.074s][info][gc,stats]   Purge Unlinked                     91 us
[4.074s][info][gc,stats]     Code Roots                       81 us
[4.074s][info][gc,stats]     CLDG                              8 us
[4.074s][info][gc,stats]     Exception Caches                  1 us
[4.074s][info][gc,stats] Pause Final Roots (G)               116 us
[4.074s][info][gc,stats] Pause Final Roots (N)                 7 us
[4.074s][info][gc,stats] Pacing                            24296 us
[4.074s][info][gc,stats]
[4.074s][info][gc,stats] Allocation pacing accrued:
[4.074s][info][gc,stats]      24 of    20 ms (123.6%): thread3
[4.074s][info][gc,stats]      24 of    20 ms (123.6%): <total>
[4.074s][info][gc,stats]       1 of    20 ms (  6.9%): <average total>
[4.074s][info][gc,stats]      24 of    20 ms (123.6%): <average non-zero>
[4.074s][info][gc,stats]
[4.076s][info][gc,stats]
[4.076s][info][gc,stats] All times are wall-clock times, except per-root-class counters, that are sum over
[4.076s][info][gc,stats] all workers. Dividing the <total> over the root stage time estimates parallelism.
[4.076s][info][gc,stats]
[4.076s][info][gc,stats] Concurrent Reset                     77 us
[4.076s][info][gc,stats] Pause Init Mark (G)                 142 us
[4.076s][info][gc,stats] Pause Init Mark (N)                  21 us
[4.076s][info][gc,stats]   Update Region States                1 us
[4.076s][info][gc,stats] Concurrent Mark Roots               512 us, parallelism: 0.86x
[4.076s][info][gc,stats]   CMR: <total>                      442 us
[4.076s][info][gc,stats]   CMR: Thread Roots                 216 us, workers (us): 216, ---, ---,
[4.076s][info][gc,stats]   CMR: VM Strong Roots               26 us, workers (us):  26, ---, ---,
[4.076s][info][gc,stats]   CMR: CLDG Roots                   201 us, workers (us): 201, ---, ---,
[4.076s][info][gc,stats]
[4.076s][info][gc,stats] Allocation pacing accrued:
[4.076s][info][gc,stats]       0 of     2 ms (  0.0%): <total>
[4.076s][info][gc,stats]       0 of     2 ms (  0.0%): <average total>
[4.076s][info][gc,stats]
[4.100s][info][gc,stats]
[4.100s][info][gc,stats] All times are wall-clock times, except per-root-class counters, that are sum over
[4.100s][info][gc,stats] all workers. Dividing the <total> over the root stage time estimates parallelism.
[4.100s][info][gc,stats]
[4.100s][info][gc,stats] Pause Degenerated GC (G)          11276 us
[4.100s][info][gc,stats] Pause Degenerated GC (N)          11076 us
[4.100s][info][gc,stats]   Degen STW Mark                   5003 us, parallelism: 2.96x
[4.100s][info][gc,stats]     DSM: <total>                  14807 us
[4.100s][info][gc,stats]     DSM: Thread Roots               161 us, workers (us):  62,  51,  47,
[4.100s][info][gc,stats]     DSM: VM Strong Roots            110 us, workers (us):  86,   0,  24,
[4.100s][info][gc,stats]     DSM: CLDG Roots                 519 us, workers (us):   2, 514,   2,
[4.100s][info][gc,stats]     DSM: Parallel Mark            14016 us, workers (us): 4785, 4371, 4860,
[4.100s][info][gc,stats]     System Purge                   5739 us
[4.100s][info][gc,stats]       Weak References                56 us, parallelism: 0.69x
[4.100s][info][gc,stats]         WRP: <total>                 38 us
[4.100s][info][gc,stats]         WRP: Weak References         38 us, workers (us):   9,  29,   1,
[4.100s][info][gc,stats]       Unload Classes               5390 us, parallelism: 0.51x
[4.100s][info][gc,stats]         DCU: <total>               2751 us
[4.100s][info][gc,stats]         DCU: Unload Code Caches     2751 us, workers (us): 964, 906, 881,
[4.100s][info][gc,stats]       Weak Roots                    254 us, parallelism: 2.49x
[4.100s][info][gc,stats]         DWR: <total>                630 us
[4.100s][info][gc,stats]         DWR: VM Weak Roots          630 us, workers (us): 220, 205, 206,
[4.100s][info][gc,stats]       CLDG                            0 us
[4.100s][info][gc,stats]   Update Region States                1 us
[4.100s][info][gc,stats]   Manage GC/TLABs                     6 us
[4.100s][info][gc,stats]   Choose Collection Set               9 us
[4.100s][info][gc,stats]   Rebuild Free Set                    2 us
[4.100s][info][gc,stats]   Cleanup                             1 us
[4.100s][info][gc,stats]
[4.100s][info][gc,stats] Allocation pacing accrued:
[4.100s][info][gc,stats]       0 of    24 ms (  0.0%): <total>
[4.100s][info][gc,stats]       0 of    24 ms (  0.0%): <average total>
[4.100s][info][gc,stats]
[4.119s][info][gc,stats]
[4.119s][info][gc,stats] All times are wall-clock times, except per-root-class counters, that are sum over
[4.119s][info][gc,stats] all workers. Dividing the <total> over the root stage time estimates parallelism.
[4.119s][info][gc,stats]
[4.119s][info][gc,stats] Concurrent Reset                     32 us
[4.119s][info][gc,stats] Pause Init Mark (G)                 126 us
[4.119s][info][gc,stats] Pause Init Mark (N)                  14 us
[4.119s][info][gc,stats]   Update Region States                0 us
[4.119s][info][gc,stats] Concurrent Mark Roots               502 us, parallelism: 0.88x
[4.119s][info][gc,stats]   CMR: <total>                      443 us
[4.119s][info][gc,stats]   CMR: Thread Roots                 206 us, workers (us): 206, ---, ---,
[4.119s][info][gc,stats]   CMR: VM Strong Roots               21 us, workers (us):  21, ---, ---,
[4.119s][info][gc,stats]   CMR: CLDG Roots                   217 us, workers (us): 217, ---, ---,
[4.119s][info][gc,stats] Concurrent Marking                13396 us
[4.119s][info][gc,stats] Pause Final Mark (G)                252 us
[4.119s][info][gc,stats] Pause Final Mark (N)                141 us
[4.119s][info][gc,stats]   Finish Mark                       118 us
[4.119s][info][gc,stats]   Update Region States                1 us
[4.119s][info][gc,stats]   Choose Collection Set               6 us
[4.119s][info][gc,stats]   Rebuild Free Set                    3 us
[4.119s][info][gc,stats] Concurrent Weak References           79 us, parallelism: 0.32x
[4.119s][info][gc,stats]   CWRF: <total>                      25 us
[4.119s][info][gc,stats]   CWRF: Weak References              25 us, workers (us):  25, ---, ---,
[4.119s][info][gc,stats] Concurrent Weak Roots               552 us
[4.119s][info][gc,stats]   Roots                             471 us, parallelism: 0.87x
[4.119s][info][gc,stats]     CWR: <total>                    411 us
[4.119s][info][gc,stats]     CWR: Code Cache Roots           265 us, workers (us): 265, ---, ---,
[4.119s][info][gc,stats]     CWR: VM Weak Roots              141 us, workers (us): 141, ---, ---,
[4.119s][info][gc,stats]     CWR: CLDG Roots                   6 us, workers (us):   6, ---, ---,
[4.119s][info][gc,stats]   Rendezvous                         73 us
[4.119s][info][gc,stats] Concurrent Cleanup                   45 us
[4.119s][info][gc,stats] Concurrent Class Unloading         2244 us
[4.119s][info][gc,stats]   Unlink Stale                     2146 us
[4.119s][info][gc,stats]     System Dictionary                 8 us
[4.119s][info][gc,stats]     Weak Class Links                  0 us
[4.119s][info][gc,stats]     Code Roots                     2136 us
[4.119s][info][gc,stats]   Rendezvous                         49 us
[4.119s][info][gc,stats]   Purge Unlinked                     44 us
[4.119s][info][gc,stats]     Code Roots                       39 us
[4.119s][info][gc,stats]     CLDG                              4 us
[4.119s][info][gc,stats]     Exception Caches                  0 us
[4.119s][info][gc,stats] Pause Final Roots (G)               115 us
[4.119s][info][gc,stats] Pause Final Roots (N)                 5 us
[4.119s][info][gc,stats]
[4.119s][info][gc,stats] Allocation pacing accrued:
[4.119s][info][gc,stats]       0 of    19 ms (  0.0%): <total>
[4.119s][info][gc,stats]       0 of    19 ms (  0.0%): <average total>
[4.119s][info][gc,stats]
[4.137s][info][gc,stats]
[4.137s][info][gc,stats] All times are wall-clock times, except per-root-class counters, that are sum over
[4.137s][info][gc,stats] all workers. Dividing the <total> over the root stage time estimates parallelism.
[4.137s][info][gc,stats]
[4.137s][info][gc,stats] Concurrent Reset                     29 us
[4.137s][info][gc,stats] Pause Init Mark (G)                 116 us
[4.137s][info][gc,stats] Pause Init Mark (N)                  13 us
[4.137s][info][gc,stats]   Update Region States                0 us
[4.137s][info][gc,stats] Concurrent Mark Roots               483 us, parallelism: 0.92x
[4.137s][info][gc,stats]   CMR: <total>                      443 us
[4.137s][info][gc,stats]   CMR: Thread Roots                 184 us, workers (us): 184, ---, ---,
[4.137s][info][gc,stats]   CMR: VM Strong Roots               22 us, workers (us):  22, ---, ---,
[4.137s][info][gc,stats]   CMR: CLDG Roots                   237 us, workers (us): 237, ---, ---,
[4.137s][info][gc,stats] Concurrent Marking                12465 us
[4.137s][info][gc,stats] Pause Final Mark (G)                202 us
[4.137s][info][gc,stats] Pause Final Mark (N)                119 us
[4.137s][info][gc,stats]   Finish Mark                       101 us
[4.137s][info][gc,stats]   Update Region States                1 us
[4.137s][info][gc,stats]   Choose Collection Set               3 us
[4.137s][info][gc,stats]   Rebuild Free Set                    2 us
[4.137s][info][gc,stats] Concurrent Weak References           46 us, parallelism: 0.53x
[4.137s][info][gc,stats]   CWRF: <total>                      24 us
[4.137s][info][gc,stats]   CWRF: Weak References              24 us, workers (us):  24, ---, ---,
[4.137s][info][gc,stats] Concurrent Weak Roots               391 us
[4.137s][info][gc,stats]   Roots                             317 us, parallelism: 0.88x
[4.137s][info][gc,stats]     CWR: <total>                    278 us
[4.137s][info][gc,stats]     CWR: Code Cache Roots           133 us, workers (us): 133, ---, ---,
[4.137s][info][gc,stats]     CWR: VM Weak Roots              139 us, workers (us): 139, ---, ---,
[4.137s][info][gc,stats]     CWR: CLDG Roots                   6 us, workers (us):   6, ---, ---,
[4.137s][info][gc,stats]   Rendezvous                         71 us
[4.137s][info][gc,stats] Concurrent Cleanup                    1 us
[4.137s][info][gc,stats] Concurrent Class Unloading         2129 us
[4.137s][info][gc,stats]   Unlink Stale                     2060 us
[4.137s][info][gc,stats]     System Dictionary                 4 us
[4.137s][info][gc,stats]     Weak Class Links                  0 us
[4.137s][info][gc,stats]     Code Roots                     2055 us
[4.137s][info][gc,stats]   Rendezvous                         38 us
[4.137s][info][gc,stats]   Purge Unlinked                     28 us
[4.137s][info][gc,stats]     Code Roots                       25 us
[4.137s][info][gc,stats]     CLDG                              3 us
[4.137s][info][gc,stats]     Exception Caches                  0 us
[4.137s][info][gc,stats] Pause Final Roots (G)                59 us
[4.137s][info][gc,stats] Pause Final Roots (N)                 4 us
[4.137s][info][gc,stats] Pacing                            31306 us
[4.137s][info][gc,stats]
[4.137s][info][gc,stats] Allocation pacing accrued:
[4.137s][info][gc,stats]      31 of    18 ms (176.1%): thread3
[4.137s][info][gc,stats]      31 of    18 ms (176.1%): <total>
[4.137s][info][gc,stats]       2 of    18 ms (  9.8%): <average total>
[4.137s][info][gc,stats]      31 of    18 ms (176.1%): <average non-zero>
[4.137s][info][gc,stats]
[4.155s][info][gc,stats]
[4.155s][info][gc,stats] All times are wall-clock times, except per-root-class counters, that are sum over
[4.155s][info][gc,stats] all workers. Dividing the <total> over the root stage time estimates parallelism.
[4.155s][info][gc,stats]
[4.155s][info][gc,stats] Concurrent Reset                     56 us
[4.155s][info][gc,stats] Pause Init Mark (G)                 116 us
[4.155s][info][gc,stats] Pause Init Mark (N)                  13 us
[4.155s][info][gc,stats]   Update Region States                0 us
[4.155s][info][gc,stats] Concurrent Mark Roots               771 us, parallelism: 0.93x
[4.155s][info][gc,stats]   CMR: <total>                      719 us
[4.155s][info][gc,stats]   CMR: Thread Roots                 442 us, workers (us): 442, ---, ---,
[4.155s][info][gc,stats]   CMR: VM Strong Roots               22 us, workers (us):  22, ---, ---,
[4.155s][info][gc,stats]   CMR: CLDG Roots                   255 us, workers (us): 255, ---, ---,
[4.155s][info][gc,stats] Concurrent Marking                12059 us
[4.155s][info][gc,stats] Pause Final Mark (G)                236 us
[4.155s][info][gc,stats] Pause Final Mark (N)                125 us
[4.155s][info][gc,stats]   Finish Mark                       106 us
[4.155s][info][gc,stats]   Update Region States                1 us
[4.155s][info][gc,stats]   Choose Collection Set               6 us
[4.155s][info][gc,stats]   Rebuild Free Set                    2 us
[4.155s][info][gc,stats] Concurrent Weak References           73 us, parallelism: 0.38x
[4.155s][info][gc,stats]   CWRF: <total>                      28 us
[4.155s][info][gc,stats]   CWRF: Weak References              28 us, workers (us):  28, ---, ---,
[4.155s][info][gc,stats] Concurrent Weak Roots               393 us
[4.155s][info][gc,stats]   Roots                             326 us, parallelism: 0.84x
[4.155s][info][gc,stats]     CWR: <total>                    274 us
[4.155s][info][gc,stats]     CWR: Code Cache Roots           131 us, workers (us): 131, ---, ---,
[4.155s][info][gc,stats]     CWR: VM Weak Roots              139 us, workers (us): 139, ---, ---,
[4.155s][info][gc,stats]     CWR: CLDG Roots                   5 us, workers (us):   5, ---, ---,
[4.155s][info][gc,stats]   Rendezvous                         60 us
[4.155s][info][gc,stats] Concurrent Cleanup                   85 us
[4.155s][info][gc,stats] Concurrent Class Unloading         2234 us
[4.155s][info][gc,stats]   Unlink Stale                     2114 us
[4.155s][info][gc,stats]     System Dictionary                 7 us
[4.155s][info][gc,stats]     Weak Class Links                  0 us
[4.155s][info][gc,stats]     Code Roots                     2104 us
[4.155s][info][gc,stats]   Rendezvous                         51 us
[4.155s][info][gc,stats]   Purge Unlinked                     62 us
[4.155s][info][gc,stats]     Code Roots                       56 us
[4.155s][info][gc,stats]     CLDG                              5 us
[4.155s][info][gc,stats]     Exception Caches                  0 us
[4.155s][info][gc,stats] Pause Final Roots (G)                94 us
[4.155s][info][gc,stats] Pause Final Roots (N)                 5 us
[4.155s][info][gc,stats] Pacing                            13061 us
[4.155s][info][gc,stats]
[4.155s][info][gc,stats] Allocation pacing accrued:
[4.155s][info][gc,stats]      13 of    18 ms ( 73.3%): thread3
[4.155s][info][gc,stats]      13 of    18 ms ( 73.3%): <total>
[4.155s][info][gc,stats]       1 of    18 ms (  4.1%): <average total>
[4.155s][info][gc,stats]      13 of    18 ms ( 73.3%): <average non-zero>
[4.155s][info][gc,stats]
[4.185s][info][gc,stats]
[4.185s][info][gc,stats] All times are wall-clock times, except per-root-class counters, that are sum over
[4.185s][info][gc,stats] all workers. Dividing the <total> over the root stage time estimates parallelism.
[4.185s][info][gc,stats]
[4.185s][info][gc,stats] Concurrent Reset                     50 us
[4.185s][info][gc,stats] Pause Init Mark (G)                 118 us
[4.185s][info][gc,stats] Pause Init Mark (N)                  24 us
[4.185s][info][gc,stats]   Update Region States                1 us
[4.185s][info][gc,stats] Concurrent Mark Roots              1014 us, parallelism: 0.96x
[4.185s][info][gc,stats]   CMR: <total>                      975 us
[4.185s][info][gc,stats]   CMR: Thread Roots                 440 us, workers (us): 440, ---, ---,
[4.185s][info][gc,stats]   CMR: VM Strong Roots               39 us, workers (us):  39, ---, ---,
[4.185s][info][gc,stats]   CMR: CLDG Roots                   496 us, workers (us): 496, ---, ---,
[4.185s][info][gc,stats] Concurrent Marking                12193 us
[4.185s][info][gc,stats] Pause Final Mark (G)                185 us
[4.185s][info][gc,stats] Pause Final Mark (N)                113 us
[4.185s][info][gc,stats]   Finish Mark                        93 us
[4.185s][info][gc,stats]   Update Region States                1 us
[4.185s][info][gc,stats]   Choose Collection Set               7 us
[4.185s][info][gc,stats]   Rebuild Free Set                    2 us
[4.185s][info][gc,stats] Concurrent Weak References           46 us, parallelism: 0.52x
[4.185s][info][gc,stats]   CWRF: <total>                      24 us
[4.185s][info][gc,stats]   CWRF: Weak References              24 us, workers (us):  24, ---, ---,
[4.185s][info][gc,stats] Concurrent Weak Roots               368 us
[4.185s][info][gc,stats]   Roots                             300 us, parallelism: 0.91x
[4.185s][info][gc,stats]     CWR: <total>                    273 us
[4.185s][info][gc,stats]     CWR: Code Cache Roots           135 us, workers (us): 135, ---, ---,
[4.185s][info][gc,stats]     CWR: VM Weak Roots              133 us, workers (us): 133, ---, ---,
[4.185s][info][gc,stats]     CWR: CLDG Roots                   5 us, workers (us):   5, ---, ---,
[4.185s][info][gc,stats]   Rendezvous                         65 us
[4.185s][info][gc,stats] Concurrent Cleanup                   70 us
[4.185s][info][gc,stats] Concurrent Class Unloading         2213 us
[4.185s][info][gc,stats]   Unlink Stale                     2081 us
[4.185s][info][gc,stats]     System Dictionary                 4 us
[4.185s][info][gc,stats]     Weak Class Links                  0 us
[4.185s][info][gc,stats]     Code Roots                     2075 us
[4.185s][info][gc,stats]   Rendezvous                         72 us
[4.185s][info][gc,stats]   Purge Unlinked                     55 us
[4.185s][info][gc,stats]     Code Roots                       50 us
[4.185s][info][gc,stats]     CLDG                              4 us
[4.185s][info][gc,stats]     Exception Caches                  0 us
[4.185s][info][gc,stats] Pause Final Roots (G)               119 us
[4.185s][info][gc,stats] Pause Final Roots (N)                 5 us
[4.185s][info][gc,stats] Pacing                            27106 us
[4.185s][info][gc,stats]
[4.185s][info][gc,stats] Allocation pacing accrued:
[4.185s][info][gc,stats]      27 of    30 ms ( 89.5%): thread3
[4.185s][info][gc,stats]      27 of    30 ms ( 89.5%): <total>
[4.185s][info][gc,stats]       2 of    30 ms (  5.0%): <average total>
[4.185s][info][gc,stats]      27 of    30 ms ( 89.5%): <average non-zero>
[4.185s][info][gc,stats]
[4.203s][info][gc,stats]
[4.203s][info][gc,stats] All times are wall-clock times, except per-root-class counters, that are sum over
[4.203s][info][gc,stats] all workers. Dividing the <total> over the root stage time estimates parallelism.
[4.203s][info][gc,stats]
[4.203s][info][gc,stats] Concurrent Reset                     28 us
[4.203s][info][gc,stats] Pause Init Mark (G)                  82 us
[4.203s][info][gc,stats] Pause Init Mark (N)                  13 us
[4.203s][info][gc,stats]   Update Region States                0 us
[4.203s][info][gc,stats] Concurrent Mark Roots               478 us, parallelism: 0.94x
[4.203s][info][gc,stats]   CMR: <total>                      448 us
[4.203s][info][gc,stats]   CMR: Thread Roots                 205 us, workers (us): 205, ---, ---,
[4.203s][info][gc,stats]   CMR: VM Strong Roots               21 us, workers (us):  21, ---, ---,
[4.203s][info][gc,stats]   CMR: CLDG Roots                   223 us, workers (us): 223, ---, ---,
[4.203s][info][gc,stats] Concurrent Marking                12184 us
[4.203s][info][gc,stats] Pause Final Mark (G)                184 us
[4.203s][info][gc,stats] Pause Final Mark (N)                105 us
[4.203s][info][gc,stats]   Finish Mark                        87 us
[4.203s][info][gc,stats]   Update Region States                1 us
[4.203s][info][gc,stats]   Choose Collection Set               5 us
[4.203s][info][gc,stats]   Rebuild Free Set                    2 us
[4.203s][info][gc,stats] Concurrent Weak References           61 us, parallelism: 0.49x
[4.203s][info][gc,stats]   CWRF: <total>                      30 us
[4.203s][info][gc,stats]   CWRF: Weak References              30 us, workers (us):  30, ---, ---,
[4.203s][info][gc,stats] Concurrent Weak Roots               731 us
[4.203s][info][gc,stats]   Roots                             683 us, parallelism: 0.88x
[4.203s][info][gc,stats]     CWR: <total>                    600 us
[4.203s][info][gc,stats]     CWR: Code Cache Roots           219 us, workers (us): 219, ---, ---,
[4.203s][info][gc,stats]     CWR: VM Weak Roots              364 us, workers (us): 364, ---, ---,
[4.203s][info][gc,stats]     CWR: CLDG Roots                  17 us, workers (us):  17, ---, ---,
[4.203s][info][gc,stats]   Rendezvous                         42 us
[4.203s][info][gc,stats] Concurrent Cleanup                   44 us
[4.203s][info][gc,stats] Concurrent Class Unloading         2416 us
[4.203s][info][gc,stats]   Unlink Stale                     2320 us
[4.203s][info][gc,stats]     System Dictionary                11 us
[4.203s][info][gc,stats]     Weak Class Links                  0 us
[4.203s][info][gc,stats]     Code Roots                     2308 us
[4.203s][info][gc,stats]   Rendezvous                         54 us
[4.203s][info][gc,stats]   Purge Unlinked                     37 us
[4.203s][info][gc,stats]     Code Roots                       33 us
[4.203s][info][gc,stats]     CLDG                              3 us
[4.203s][info][gc,stats]     Exception Caches                  0 us
[4.203s][info][gc,stats] Pause Final Roots (G)               107 us
[4.203s][info][gc,stats] Pause Final Roots (N)                 4 us
[4.203s][info][gc,stats] Pacing                            13051 us
[4.203s][info][gc,stats]
[4.203s][info][gc,stats] Allocation pacing accrued:
[4.203s][info][gc,stats]      13 of    18 ms ( 72.9%): thread3
[4.203s][info][gc,stats]      13 of    18 ms ( 72.9%): <total>
[4.203s][info][gc,stats]       1 of    18 ms (  4.1%): <average total>
[4.203s][info][gc,stats]      13 of    18 ms ( 72.9%): <average non-zero>
[4.203s][info][gc,stats]
[4.221s][info][gc,stats]
[4.221s][info][gc,stats] All times are wall-clock times, except per-root-class counters, that are sum over
[4.221s][info][gc,stats] all workers. Dividing the <total> over the root stage time estimates parallelism.
[4.221s][info][gc,stats]
[4.221s][info][gc,stats] Concurrent Reset                     43 us
[4.221s][info][gc,stats] Pause Init Mark (G)                 100 us
[4.221s][info][gc,stats] Pause Init Mark (N)                  13 us
[4.221s][info][gc,stats]   Update Region States                0 us
[4.221s][info][gc,stats] Concurrent Mark Roots               486 us, parallelism: 0.92x
[4.221s][info][gc,stats]   CMR: <total>                      448 us
[4.221s][info][gc,stats]   CMR: Thread Roots                 207 us, workers (us): 207, ---, ---,
[4.221s][info][gc,stats]   CMR: VM Strong Roots               21 us, workers (us):  21, ---, ---,
[4.221s][info][gc,stats]   CMR: CLDG Roots                   220 us, workers (us): 220, ---, ---,
[4.221s][info][gc,stats] Concurrent Marking                12209 us
[4.221s][info][gc,stats] Pause Final Mark (G)                277 us
[4.221s][info][gc,stats] Pause Final Mark (N)                143 us
[4.221s][info][gc,stats]   Finish Mark                       114 us
[4.221s][info][gc,stats]   Update Region States                2 us
[4.221s][info][gc,stats]   Choose Collection Set               8 us
[4.221s][info][gc,stats]   Rebuild Free Set                    3 us
[4.221s][info][gc,stats] Concurrent Weak References           75 us, parallelism: 0.37x
[4.221s][info][gc,stats]   CWRF: <total>                      28 us
[4.222s][info][gc,stats]   CWRF: Weak References              28 us, workers (us):  28, ---, ---,
[4.222s][info][gc,stats] Concurrent Weak Roots               387 us
[4.222s][info][gc,stats]   Roots                             333 us, parallelism: 0.82x
[4.222s][info][gc,stats]     CWR: <total>                    273 us
[4.222s][info][gc,stats]     CWR: Code Cache Roots           131 us, workers (us): 131, ---, ---,
[4.222s][info][gc,stats]     CWR: VM Weak Roots              135 us, workers (us): 135, ---, ---,
[4.222s][info][gc,stats]     CWR: CLDG Roots                   7 us, workers (us):   7, ---, ---,
[4.222s][info][gc,stats]   Rendezvous                         49 us
[4.222s][info][gc,stats] Concurrent Cleanup                   42 us
[4.222s][info][gc,stats] Concurrent Class Unloading         2939 us
[4.222s][info][gc,stats]   Unlink Stale                     2776 us
[4.222s][info][gc,stats]     System Dictionary                 4 us
[4.222s][info][gc,stats]     Weak Class Links                  0 us
[4.222s][info][gc,stats]     Code Roots                     2770 us
[4.222s][info][gc,stats]   Rendezvous                         69 us
[4.222s][info][gc,stats]   Purge Unlinked                     90 us
[4.222s][info][gc,stats]     Code Roots                       80 us
[4.222s][info][gc,stats]     CLDG                              8 us
[4.222s][info][gc,stats]     Exception Caches                  0 us
[4.222s][info][gc,stats] Pause Final Roots (G)               145 us
[4.222s][info][gc,stats] Pause Final Roots (N)                 5 us
[4.222s][info][gc,stats] Pacing                            13325 us
[4.222s][info][gc,stats]
[4.222s][info][gc,stats] Allocation pacing accrued:
[4.222s][info][gc,stats]      13 of    19 ms ( 71.7%): thread3
[4.222s][info][gc,stats]      13 of    19 ms ( 71.7%): <total>
[4.222s][info][gc,stats]       1 of    19 ms (  4.0%): <average total>
[4.222s][info][gc,stats]      13 of    19 ms ( 71.7%): <average non-zero>
[4.222s][info][gc,stats]
[4.233s][info][gc,stats]
[4.233s][info][gc,stats] All times are wall-clock times, except per-root-class counters, that are sum over
[4.233s][info][gc,stats] all workers. Dividing the <total> over the root stage time estimates parallelism.
[4.233s][info][gc,stats]
[4.233s][info][gc,stats] Concurrent Reset                     34 us
[4.233s][info][gc,stats] Pause Init Mark (G)                 103 us
[4.233s][info][gc,stats] Pause Init Mark (N)                  14 us
[4.233s][info][gc,stats]   Update Region States                1 us
[4.233s][info][gc,stats] Concurrent Mark Roots               561 us, parallelism: 0.89x
[4.233s][info][gc,stats]   CMR: <total>                      501 us
[4.233s][info][gc,stats]   CMR: Thread Roots                 253 us, workers (us): 253, ---, ---,
[4.233s][info][gc,stats]   CMR: VM Strong Roots               22 us, workers (us):  22, ---, ---,
[4.233s][info][gc,stats]   CMR: CLDG Roots                   226 us, workers (us): 226, ---, ---,
[4.233s][info][gc,stats] Concurrent Marking                 8893 us
[4.233s][info][gc,stats] Pacing                             9451 us
[4.233s][info][gc,stats]
[4.233s][info][gc,stats] Allocation pacing accrued:
[4.233s][info][gc,stats]       9 of    12 ms ( 81.2%): thread3
[4.233s][info][gc,stats]       9 of    12 ms ( 81.2%): <total>
[4.233s][info][gc,stats]       1 of    12 ms (  4.5%): <average total>
[4.233s][info][gc,stats]       9 of    12 ms ( 81.2%): <average non-zero>
[4.233s][info][gc,stats]
[4.256s][info][gc,stats]
[4.256s][info][gc,stats] All times are wall-clock times, except per-root-class counters, that are sum over
[4.256s][info][gc,stats] all workers. Dividing the <total> over the root stage time estimates parallelism.
[4.256s][info][gc,stats]
[4.256s][info][gc,stats]   Finish Mark                      1824 us
[4.256s][info][gc,stats] Pause Degenerated GC (G)           8151 us
[4.256s][info][gc,stats] Pause Degenerated GC (N)           8014 us
[4.256s][info][gc,stats]     System Purge                   5928 us
[4.256s][info][gc,stats]       Weak References                52 us, parallelism: 0.63x
[4.256s][info][gc,stats]         WRP: <total>                 33 us
[4.256s][info][gc,stats]         WRP: Weak References         33 us, workers (us):   0,  32,   0,
[4.256s][info][gc,stats]       Unload Classes               5616 us, parallelism: 0.44x
[4.256s][info][gc,stats]         DCU: <total>               2492 us
[4.256s][info][gc,stats]         DCU: Unload Code Caches     2492 us, workers (us): 844, 842, 806,
[4.256s][info][gc,stats]       Weak Roots                    225 us, parallelism: 2.61x
[4.256s][info][gc,stats]         DWR: <total>                588 us
[4.256s][info][gc,stats]         DWR: VM Weak Roots          588 us, workers (us): 198, 193, 197,
[4.256s][info][gc,stats]       CLDG                            1 us
[4.256s][info][gc,stats]   Update Region States                2 us
[4.256s][info][gc,stats]   Manage GC/TLABs                     8 us
[4.256s][info][gc,stats]   Choose Collection Set              11 us
[4.256s][info][gc,stats]   Rebuild Free Set                    2 us
[4.256s][info][gc,stats]   Cleanup                             1 us
[4.256s][info][gc,stats]
[4.256s][info][gc,stats] Allocation pacing accrued:
[4.256s][info][gc,stats]       0 of    23 ms (  0.0%): <total>
[4.256s][info][gc,stats]       0 of    23 ms (  0.0%): <average total>
[4.256s][info][gc,stats]
[4.275s][info][gc,stats]
[4.275s][info][gc,stats] All times are wall-clock times, except per-root-class counters, that are sum over
[4.275s][info][gc,stats] all workers. Dividing the <total> over the root stage time estimates parallelism.
[4.275s][info][gc,stats]
[4.275s][info][gc,stats] Concurrent Reset                     72 us
[4.275s][info][gc,stats] Pause Init Mark (G)                 130 us
[4.275s][info][gc,stats] Pause Init Mark (N)                  16 us
[4.275s][info][gc,stats]   Update Region States                0 us
[4.275s][info][gc,stats] Concurrent Mark Roots               573 us, parallelism: 0.88x
[4.275s][info][gc,stats]   CMR: <total>                      504 us
[4.275s][info][gc,stats]   CMR: Thread Roots                 259 us, workers (us): 259, ---, ---,
[4.275s][info][gc,stats]   CMR: VM Strong Roots               22 us, workers (us):  22, ---, ---,
[4.275s][info][gc,stats]   CMR: CLDG Roots                   223 us, workers (us): 223, ---, ---,
[4.275s][info][gc,stats] Concurrent Marking                12868 us
[4.275s][info][gc,stats] Pause Final Mark (G)                244 us
[4.275s][info][gc,stats] Pause Final Mark (N)                116 us
[4.275s][info][gc,stats]   Finish Mark                        84 us
[4.275s][info][gc,stats]   Update Region States                2 us
[4.275s][info][gc,stats]   Choose Collection Set               9 us
[4.275s][info][gc,stats]   Rebuild Free Set                    4 us
[4.275s][info][gc,stats] Concurrent Weak References           84 us, parallelism: 0.30x
[4.275s][info][gc,stats]   CWRF: <total>                      25 us
[4.275s][info][gc,stats]   CWRF: Weak References              25 us, workers (us):  25, ---, ---,
[4.275s][info][gc,stats] Concurrent Weak Roots               635 us
[4.275s][info][gc,stats]   Roots                             573 us, parallelism: 0.84x
[4.275s][info][gc,stats]     CWR: <total>                    481 us
[4.275s][info][gc,stats]     CWR: Code Cache Roots           187 us, workers (us): 187, ---, ---,
[4.275s][info][gc,stats]     CWR: VM Weak Roots              281 us, workers (us): 281, ---, ---,
[4.275s][info][gc,stats]     CWR: CLDG Roots                  13 us, workers (us):  13, ---, ---,
[4.275s][info][gc,stats]   Rendezvous                         49 us
[4.275s][info][gc,stats] Concurrent Cleanup                   63 us
[4.275s][info][gc,stats] Concurrent Class Unloading         2751 us
[4.276s][info][gc,stats]   Unlink Stale                     2627 us
[4.276s][info][gc,stats]     System Dictionary                15 us
[4.276s][info][gc,stats]     Weak Class Links                  0 us
[4.276s][info][gc,stats]     Code Roots                     2609 us
[4.276s][info][gc,stats]   Rendezvous                         58 us
[4.276s][info][gc,stats]   Purge Unlinked                     59 us
[4.276s][info][gc,stats]     Code Roots                       49 us
[4.276s][info][gc,stats]     CLDG                              8 us
[4.276s][info][gc,stats]     Exception Caches                  0 us
[4.276s][info][gc,stats] Pause Final Roots (G)               143 us
[4.276s][info][gc,stats] Pause Final Roots (N)                 5 us
[4.276s][info][gc,stats]
[4.276s][info][gc,stats] Allocation pacing accrued:
[4.276s][info][gc,stats]       0 of    20 ms (  0.0%): <total>
[4.276s][info][gc,stats]       0 of    20 ms (  0.0%): <average total>
[4.276s][info][gc,stats]
[4.294s][info][gc,stats]
[4.294s][info][gc,stats] All times are wall-clock times, except per-root-class counters, that are sum over
[4.294s][info][gc,stats] all workers. Dividing the <total> over the root stage time estimates parallelism.
[4.294s][info][gc,stats]
[4.294s][info][gc,stats] Concurrent Reset                     26 us
[4.294s][info][gc,stats] Pause Init Mark (G)                  73 us
[4.294s][info][gc,stats] Pause Init Mark (N)                  12 us
[4.294s][info][gc,stats]   Update Region States                0 us
[4.294s][info][gc,stats] Concurrent Mark Roots               488 us, parallelism: 0.92x
[4.294s][info][gc,stats]   CMR: <total>                      449 us
[4.294s][info][gc,stats]   CMR: Thread Roots                 184 us, workers (us): 184, ---, ---,
[4.294s][info][gc,stats]   CMR: VM Strong Roots               23 us, workers (us):  23, ---, ---,
[4.294s][info][gc,stats]   CMR: CLDG Roots                   241 us, workers (us): 241, ---, ---,
[4.294s][info][gc,stats] Concurrent Marking                12761 us
[4.294s][info][gc,stats] Pause Final Mark (G)                183 us
[4.294s][info][gc,stats] Pause Final Mark (N)                104 us
[4.294s][info][gc,stats]   Finish Mark                        85 us
[4.294s][info][gc,stats]   Update Region States                1 us
[4.294s][info][gc,stats]   Choose Collection Set               2 us
[4.295s][info][gc,stats]   Rebuild Free Set                    2 us
[4.295s][info][gc,stats] Concurrent Weak References           49 us, parallelism: 0.54x
[4.295s][info][gc,stats]   CWRF: <total>                      26 us
[4.295s][info][gc,stats]   CWRF: Weak References              26 us, workers (us):  26, ---, ---,
[4.295s][info][gc,stats] Concurrent Weak Roots               489 us
[4.295s][info][gc,stats]   Roots                             423 us, parallelism: 0.91x
[4.295s][info][gc,stats]     CWR: <total>                    383 us
[4.295s][info][gc,stats]     CWR: Code Cache Roots           183 us, workers (us): 183, ---, ---,
[4.295s][info][gc,stats]     CWR: VM Weak Roots              189 us, workers (us): 189, ---, ---,
[4.295s][info][gc,stats]     CWR: CLDG Roots                  12 us, workers (us):  12, ---, ---,
[4.295s][info][gc,stats]   Rendezvous                         63 us
[4.295s][info][gc,stats] Concurrent Cleanup                    1 us
[4.295s][info][gc,stats] Concurrent Class Unloading         2558 us
[4.295s][info][gc,stats]   Unlink Stale                     2421 us
[4.295s][info][gc,stats]     System Dictionary                 4 us
[4.295s][info][gc,stats]     Weak Class Links                  0 us
[4.295s][info][gc,stats]     Code Roots                     2415 us
[4.295s][info][gc,stats]   Rendezvous                         70 us
[4.295s][info][gc,stats]   Purge Unlinked                     61 us
[4.295s][info][gc,stats]     Code Roots                       55 us
[4.295s][info][gc,stats]     CLDG                              5 us
[4.295s][info][gc,stats]     Exception Caches                  0 us
[4.295s][info][gc,stats] Pause Final Roots (G)               166 us
[4.295s][info][gc,stats] Pause Final Roots (N)                 9 us
[4.295s][info][gc,stats] Pacing                            32202 us
[4.295s][info][gc,stats]
[4.295s][info][gc,stats] Allocation pacing accrued:
[4.295s][info][gc,stats]      32 of    19 ms (169.4%): thread3
[4.295s][info][gc,stats]      32 of    19 ms (169.4%): <total>
[4.295s][info][gc,stats]       2 of    19 ms (  9.4%): <average total>
[4.295s][info][gc,stats]      32 of    19 ms (169.4%): <average non-zero>
[4.295s][info][gc,stats]
[4.310s][info][gc,stats]
[4.310s][info][gc,stats] All times are wall-clock times, except per-root-class counters, that are sum over
[4.310s][info][gc,stats] all workers. Dividing the <total> over the root stage time estimates parallelism.
[4.310s][info][gc,stats]
[4.310s][info][gc,stats] Concurrent Reset                     49 us
[4.310s][info][gc,stats] Pause Init Mark (G)                 126 us
[4.310s][info][gc,stats] Pause Init Mark (N)                  15 us
[4.310s][info][gc,stats]   Update Region States                1 us
[4.310s][info][gc,stats] Concurrent Mark Roots               522 us, parallelism: 0.89x
[4.310s][info][gc,stats]   CMR: <total>                      463 us
[4.310s][info][gc,stats]   CMR: Thread Roots                 210 us, workers (us): 210, ---, ---,
[4.310s][info][gc,stats]   CMR: VM Strong Roots               26 us, workers (us):  26, ---, ---,
[4.310s][info][gc,stats]   CMR: CLDG Roots                   227 us, workers (us): 227, ---, ---,
[4.310s][info][gc,stats] Concurrent Marking                12760 us
[4.310s][info][gc,stats] Pacing                            13287 us
[4.310s][info][gc,stats]
[4.310s][info][gc,stats] Allocation pacing accrued:
[4.310s][info][gc,stats]      13 of    16 ms ( 85.1%): thread3
[4.310s][info][gc,stats]      13 of    16 ms ( 85.1%): <total>
[4.310s][info][gc,stats]       1 of    16 ms (  4.7%): <average total>
[4.310s][info][gc,stats]      13 of    16 ms ( 85.1%): <average non-zero>
[4.310s][info][gc,stats]
[4.332s][info][gc,stats]
[4.332s][info][gc,stats] All times are wall-clock times, except per-root-class counters, that are sum over
[4.332s][info][gc,stats] all workers. Dividing the <total> over the root stage time estimates parallelism.
[4.332s][info][gc,stats]
[4.332s][info][gc,stats]   Finish Mark                       247 us
[4.332s][info][gc,stats] Pause Degenerated GC (G)           6408 us
[4.332s][info][gc,stats] Pause Degenerated GC (N)           6260 us
[4.332s][info][gc,stats]     System Purge                   5587 us
[4.332s][info][gc,stats]       Weak References                50 us, parallelism: 0.71x
[4.332s][info][gc,stats]         WRP: <total>                 36 us
[4.332s][info][gc,stats]         WRP: Weak References         36 us, workers (us):  35,   0,   0,
[4.332s][info][gc,stats]       Unload Classes               5169 us, parallelism: 0.46x
[4.332s][info][gc,stats]         DCU: <total>               2362 us
[4.332s][info][gc,stats]         DCU: Unload Code Caches     2362 us, workers (us): 769, 796, 798,
[4.332s][info][gc,stats]       Weak Roots                    333 us, parallelism: 2.52x
[4.332s][info][gc,stats]         DWR: <total>                839 us
[4.332s][info][gc,stats]         DWR: VM Weak Roots          839 us, workers (us): 270, 271, 298,
[4.332s][info][gc,stats]       CLDG                            1 us
[4.332s][info][gc,stats]   Update Region States                1 us
[4.332s][info][gc,stats]   Manage GC/TLABs                     6 us
[4.332s][info][gc,stats]   Choose Collection Set               8 us
[4.332s][info][gc,stats]   Rebuild Free Set                    7 us
[4.332s][info][gc,stats]   Cleanup                             1 us
[4.332s][info][gc,stats]
[4.332s][info][gc,stats] Allocation pacing accrued:
[4.332s][info][gc,stats]       0 of    22 ms (  0.0%): <total>
[4.332s][info][gc,stats]       0 of    22 ms (  0.0%): <average total>
[4.332s][info][gc,stats]
[4.351s][info][gc,stats]
[4.351s][info][gc,stats] All times are wall-clock times, except per-root-class counters, that are sum over
[4.351s][info][gc,stats] all workers. Dividing the <total> over the root stage time estimates parallelism.
[4.351s][info][gc,stats]
[4.351s][info][gc,stats] Concurrent Reset                     48 us
[4.351s][info][gc,stats] Pause Init Mark (G)                 160 us
[4.351s][info][gc,stats] Pause Init Mark (N)                  15 us
[4.351s][info][gc,stats]   Update Region States                1 us
[4.351s][info][gc,stats] Concurrent Mark Roots               515 us, parallelism: 0.87x
[4.351s][info][gc,stats]   CMR: <total>                      447 us
[4.351s][info][gc,stats]   CMR: Thread Roots                 205 us, workers (us): 205, ---, ---,
[4.351s][info][gc,stats]   CMR: VM Strong Roots               23 us, workers (us):  23, ---, ---,
[4.351s][info][gc,stats]   CMR: CLDG Roots                   219 us, workers (us): 219, ---, ---,
[4.351s][info][gc,stats] Concurrent Marking                13497 us
[4.351s][info][gc,stats] Pause Final Mark (G)                236 us
[4.351s][info][gc,stats] Pause Final Mark (N)                146 us
[4.351s][info][gc,stats]   Finish Mark                       114 us
[4.351s][info][gc,stats]   Update Region States                2 us
[4.351s][info][gc,stats]   Choose Collection Set               9 us
[4.351s][info][gc,stats]   Rebuild Free Set                    3 us
[4.351s][info][gc,stats] Concurrent Weak References          147 us, parallelism: 0.57x
[4.351s][info][gc,stats]   CWRF: <total>                      84 us
[4.351s][info][gc,stats]   CWRF: Weak References              84 us, workers (us):  84, ---, ---,
[4.351s][info][gc,stats] Concurrent Weak Roots               698 us
[4.351s][info][gc,stats]   Roots                             650 us, parallelism: 0.92x
[4.351s][info][gc,stats]     CWR: <total>                    600 us
[4.351s][info][gc,stats]     CWR: Code Cache Roots           221 us, workers (us): 221, ---, ---,
[4.351s][info][gc,stats]     CWR: VM Weak Roots              364 us, workers (us): 364, ---, ---,
[4.351s][info][gc,stats]     CWR: CLDG Roots                  15 us, workers (us):  15, ---, ---,
[4.351s][info][gc,stats]   Rendezvous                         45 us
[4.351s][info][gc,stats] Concurrent Cleanup                   37 us
[4.351s][info][gc,stats] Concurrent Class Unloading         2191 us
[4.351s][info][gc,stats]   Unlink Stale                     2120 us
[4.351s][info][gc,stats]     System Dictionary                10 us
[4.351s][info][gc,stats]     Weak Class Links                  0 us
[4.351s][info][gc,stats]     Code Roots                     2109 us
[4.351s][info][gc,stats]   Rendezvous                         33 us
[4.351s][info][gc,stats]   Purge Unlinked                     34 us
[4.351s][info][gc,stats]     Code Roots                       30 us
[4.351s][info][gc,stats]     CLDG                              4 us
[4.351s][info][gc,stats]     Exception Caches                  0 us
[4.351s][info][gc,stats] Pause Final Roots (G)               101 us
[4.351s][info][gc,stats] Pause Final Roots (N)                 4 us
[4.351s][info][gc,stats]
[4.351s][info][gc,stats] Allocation pacing accrued:
[4.351s][info][gc,stats]       0 of    19 ms (  0.0%): <total>
[4.351s][info][gc,stats]       0 of    19 ms (  0.0%): <average total>
[4.351s][info][gc,stats]
[4.373s][info][gc,stats]
[4.373s][info][gc,stats] All times are wall-clock times, except per-root-class counters, that are sum over
[4.373s][info][gc,stats] all workers. Dividing the <total> over the root stage time estimates parallelism.
[4.373s][info][gc,stats]
[4.373s][info][gc,stats] Concurrent Reset                     38 us
[4.373s][info][gc,stats] Pause Init Mark (G)                 122 us
[4.373s][info][gc,stats] Pause Init Mark (N)                  13 us
thread: [4.373s][info][gc,stats]   Update Region States                0 us
[4.373s][info][gc,stats] Concurrent Mark Roots               728 us, parallelism: 0.92x
[4.373s][info][gc,stats]   CMR: <total>                      673 us
thread1[4.373s][info][gc,stats]   CMR: Thread Roots                 226 us, workers (us): 226, ---, ---,
[4.373s][info][gc,stats]   CMR: VM Strong Roots               39 us, workers (us):  39, ---, ---,
[4.373s][info][gc,stats]   CMR: CLDG Roots                   409 us, workers (us): 409, ---, ---,
, costs [4.373s][info][gc,stats] Concurrent Marking                11847 us
[4.373s][info][gc,stats] Pause Final Mark (G)                215 us
[4.373s][info][gc,stats] Pause Final Mark (N)                125 us
[4.373s][info][gc,stats]   Finish Mark                       104 us
[4.373s][info][gc,stats]   Update Region States                1 us
[4.373s][info][gc,stats]   Choose Collection Set               5 us
[4.373s][info][gc,stats]   Rebuild Free Set                    2 us
[4.373s][info][gc,stats] Concurrent Weak References          155 us, parallelism: 0.53x
1003[4.373s][info][gc,stats]   CWRF: <total>                      82 us
[4.373s][info][gc,stats]   CWRF: Weak References              82 us, workers (us):  82, ---, ---,
 ms
[4.373s][info][gc,stats] Concurrent Weak Roots               391 us
[4.373s][info][gc,stats]   Roots                             331 us, parallelism: 0.84x
[4.373s][info][gc,stats]     CWR: <total>                    278 us
[4.373s][info][gc,stats]     CWR: Code Cache Roots           137 us, workers (us): 137, ---, ---,
[4.373s][info][gc,stats]     CWR: VM Weak Roots              137 us, workers (us): 137, ---, ---,
[4.373s][info][gc,stats]     CWR: CLDG Roots                   4 us, workers (us):   4, ---, ---,
[4.373s][info][gc,stats]   Rendezvous                         54 us
[4.373s][info][gc,stats] Concurrent Cleanup                   45 us
[4.373s][info][gc,stats] Concurrent Class Unloading         2264 us
[4.373s][info][gc,stats]   Unlink Stale                     2079 us
[4.373s][info][gc,stats]     System Dictionary                 8 us
[4.373s][info][gc,stats]     Weak Class Links                  0 us
[4.373s][info][gc,stats]     Code Roots                     2069 us
[4.373s][info][gc,stats]   Rendezvous                         43 us
[4.373s][info][gc,stats]   Purge Unlinked                    138 us
[4.373s][info][gc,stats]     Code Roots                      135 us
[4.373s][info][gc,stats]     CLDG                              2 us
[4.373s][info][gc,stats]     Exception Caches                  0 us
[4.373s][info][gc,stats] Pause Final Roots (G)               139 us
[4.373s][info][gc,stats] Pause Final Roots (N)                 3 us
[4.373s][info][gc,stats] Pacing                            48280 us
[4.373s][info][gc,stats]
[4.373s][info][gc,stats] Allocation pacing accrued:
[4.373s][info][gc,stats]      13 of    22 ms ( 60.9%): thread1
[4.373s][info][gc,stats]      35 of    22 ms (163.2%): thread3
[4.373s][info][gc,stats]      48 of    22 ms (224.1%): <total>
[4.373s][info][gc,stats]       3 of    22 ms ( 12.4%): <average total>
[4.373s][info][gc,stats]      24 of    22 ms (112.0%): <average non-zero>
[4.373s][info][gc,stats]
[4.391s][info][gc,stats]
[4.391s][info][gc,stats] All times are wall-clock times, except per-root-class counters, that are sum over
[4.391s][info][gc,stats] all workers. Dividing the <total> over the root stage time estimates parallelism.
[4.391s][info][gc,stats]
[4.391s][info][gc,stats] Concurrent Reset                     61 us
[4.391s][info][gc,stats] Pause Init Mark (G)                 160 us
[4.391s][info][gc,stats] Pause Init Mark (N)                  19 us
[4.391s][info][gc,stats]   Update Region States                1 us
[4.391s][info][gc,stats] Concurrent Mark Roots               509 us, parallelism: 0.89x
[4.391s][info][gc,stats]   CMR: <total>                      453 us
[4.391s][info][gc,stats]   CMR: Thread Roots                 210 us, workers (us): 210, ---, ---,
[4.391s][info][gc,stats]   CMR: VM Strong Roots               22 us, workers (us):  22, ---, ---,
[4.391s][info][gc,stats]   CMR: CLDG Roots                   221 us, workers (us): 221, ---, ---,
[4.391s][info][gc,stats] Concurrent Marking                12002 us
[4.391s][info][gc,stats] Pause Final Mark (G)                212 us
[4.391s][info][gc,stats] Pause Final Mark (N)                116 us
[4.391s][info][gc,stats]   Finish Mark                        94 us
[4.391s][info][gc,stats]   Update Region States                1 us
[4.391s][info][gc,stats]   Choose Collection Set               6 us
[4.391s][info][gc,stats]   Rebuild Free Set                    2 us
[4.391s][info][gc,stats] Concurrent Weak References           66 us, parallelism: 0.52x
[4.391s][info][gc,stats]   CWRF: <total>                      34 us
[4.391s][info][gc,stats]   CWRF: Weak References              34 us, workers (us):  34, ---, ---,
[4.391s][info][gc,stats] Concurrent Weak Roots               735 us
[4.391s][info][gc,stats]   Roots                             674 us, parallelism: 0.88x
[4.391s][info][gc,stats]     CWR: <total>                    593 us
[4.391s][info][gc,stats]     CWR: Code Cache Roots           218 us, workers (us): 218, ---, ---,
[4.391s][info][gc,stats]     CWR: VM Weak Roots              361 us, workers (us): 361, ---, ---,
[4.391s][info][gc,stats]     CWR: CLDG Roots                  14 us, workers (us):  14, ---, ---,
[4.391s][info][gc,stats]   Rendezvous                         58 us
[4.391s][info][gc,stats] Concurrent Cleanup                   35 us
[4.391s][info][gc,stats] Concurrent Class Unloading         2307 us
[4.391s][info][gc,stats]   Unlink Stale                     2195 us
[4.391s][info][gc,stats]     System Dictionary                12 us
[4.391s][info][gc,stats]     Weak Class Links                  0 us
[4.391s][info][gc,stats]     Code Roots                     2181 us
[4.391s][info][gc,stats]   Rendezvous                         48 us
[4.391s][info][gc,stats]   Purge Unlinked                     57 us
[4.391s][info][gc,stats]     Code Roots                       49 us
[4.391s][info][gc,stats]     CLDG                              7 us
[4.391s][info][gc,stats]     Exception Caches                  0 us
[4.391s][info][gc,stats] Pause Final Roots (G)               141 us
[4.391s][info][gc,stats] Pause Final Roots (N)                 5 us
[4.391s][info][gc,stats] Pacing                            13006 us
[4.391s][info][gc,stats]
[4.391s][info][gc,stats] Allocation pacing accrued:
[4.391s][info][gc,stats]      13 of    18 ms ( 71.4%): thread3
[4.391s][info][gc,stats]      13 of    18 ms ( 71.4%): <total>
[4.391s][info][gc,stats]       1 of    18 ms (  4.0%): <average total>
[4.391s][info][gc,stats]      13 of    18 ms ( 71.4%): <average non-zero>
[4.391s][info][gc,stats]
[4.422s][info][gc,stats]
[4.422s][info][gc,stats] All times are wall-clock times, except per-root-class counters, that are sum over
[4.422s][info][gc,stats] all workers. Dividing the <total> over the root stage time estimates parallelism.
[4.422s][info][gc,stats]
[4.422s][info][gc,stats] Concurrent Reset                    199 us
[4.422s][info][gc,stats] Pause Init Mark (G)                 116 us
[4.422s][info][gc,stats] Pause Init Mark (N)                  24 us
[4.422s][info][gc,stats]   Update Region States                1 us
[4.422s][info][gc,stats] Concurrent Mark Roots              1131 us, parallelism: 0.95x
[4.422s][info][gc,stats]   CMR: <total>                     1079 us
[4.422s][info][gc,stats]   CMR: Thread Roots                 449 us, workers (us): 449, ---, ---,
[4.422s][info][gc,stats]   CMR: VM Strong Roots               44 us, workers (us):  44, ---, ---,
[4.422s][info][gc,stats]   CMR: CLDG Roots                   586 us, workers (us): 586, ---, ---,
[4.422s][info][gc,stats] Concurrent Marking                12206 us
[4.422s][info][gc,stats] Pause Final Mark (G)                195 us
[4.422s][info][gc,stats] Pause Final Mark (N)                101 us
[4.422s][info][gc,stats]   Finish Mark                        81 us
[4.422s][info][gc,stats]   Update Region States                1 us
[4.422s][info][gc,stats]   Choose Collection Set               6 us
[4.422s][info][gc,stats]   Rebuild Free Set                    2 us
[4.422s][info][gc,stats] Concurrent Weak References           79 us, parallelism: 0.43x
[4.422s][info][gc,stats]   CWRF: <total>                      34 us
[4.422s][info][gc,stats]   CWRF: Weak References              34 us, workers (us):  34, ---, ---,
[4.422s][info][gc,stats] Concurrent Weak Roots               475 us
[4.423s][info][gc,stats]   Roots                             401 us, parallelism: 0.85x
[4.423s][info][gc,stats]     CWR: <total>                    343 us
[4.423s][info][gc,stats]     CWR: Code Cache Roots           189 us, workers (us): 189, ---, ---,
[4.423s][info][gc,stats]     CWR: VM Weak Roots              142 us, workers (us): 142, ---, ---,
[4.423s][info][gc,stats]     CWR: CLDG Roots                  13 us, workers (us):  13, ---, ---,
[4.423s][info][gc,stats]   Rendezvous                         69 us
[4.423s][info][gc,stats] Concurrent Cleanup                  111 us
[4.423s][info][gc,stats] Concurrent Class Unloading         3019 us
[4.423s][info][gc,stats]   Unlink Stale                     2872 us
[4.423s][info][gc,stats]     System Dictionary                 9 us
[4.423s][info][gc,stats]     Weak Class Links                  0 us
[4.423s][info][gc,stats]     Code Roots                     2861 us
[4.423s][info][gc,stats]   Rendezvous                         82 us
[4.423s][info][gc,stats]   Purge Unlinked                     61 us
[4.423s][info][gc,stats]     Code Roots                       57 us
[4.423s][info][gc,stats]     CLDG                              4 us
[4.423s][info][gc,stats]     Exception Caches                  0 us
[4.423s][info][gc,stats] Pause Final Roots (G)               184 us
[4.423s][info][gc,stats] Pause Final Roots (N)                 5 us
[4.423s][info][gc,stats] Pacing                            28635 us
[4.423s][info][gc,stats]
[4.423s][info][gc,stats] Allocation pacing accrued:
[4.423s][info][gc,stats]      29 of    31 ms ( 91.1%): thread3
[4.423s][info][gc,stats]      29 of    31 ms ( 91.1%): <total>
[4.423s][info][gc,stats]       2 of    31 ms (  5.1%): <average total>
[4.423s][info][gc,stats]      29 of    31 ms ( 91.1%): <average non-zero>
[4.423s][info][gc,stats]
[4.441s][info][gc,stats]
[4.441s][info][gc,stats] All times are wall-clock times, except per-root-class counters, that are sum over
[4.441s][info][gc,stats] all workers. Dividing the <total> over the root stage time estimates parallelism.
[4.441s][info][gc,stats]
[4.441s][info][gc,stats] Concurrent Reset                     90 us
[4.441s][info][gc,stats] Pause Init Mark (G)                 168 us
[4.441s][info][gc,stats] Pause Init Mark (N)                  23 us
[4.441s][info][gc,stats]   Update Region States                0 us
[4.441s][info][gc,stats] Concurrent Mark Roots               692 us, parallelism: 0.90x
[4.441s][info][gc,stats]   CMR: <total>                      623 us
[4.441s][info][gc,stats]   CMR: Thread Roots                 224 us, workers (us): 224, ---, ---,
[4.441s][info][gc,stats]   CMR: VM Strong Roots               31 us, workers (us):  31, ---, ---,
[4.441s][info][gc,stats]   CMR: CLDG Roots                   368 us, workers (us): 368, ---, ---,
[4.441s][info][gc,stats] Concurrent Marking                12104 us
[4.441s][info][gc,stats] Pause Final Mark (G)                236 us
[4.441s][info][gc,stats] Pause Final Mark (N)                110 us
[4.441s][info][gc,stats]   Finish Mark                        69 us
[4.441s][info][gc,stats]   Update Region States                3 us
[4.442s][info][gc,stats]   Choose Collection Set              12 us
[4.442s][info][gc,stats]   Rebuild Free Set                    3 us
[4.442s][info][gc,stats] Concurrent Weak References           60 us, parallelism: 0.63x
[4.442s][info][gc,stats]   CWRF: <total>                      38 us
[4.442s][info][gc,stats]   CWRF: Weak References              38 us, workers (us):  38, ---, ---,
[4.442s][info][gc,stats] Concurrent Weak Roots               470 us
[4.442s][info][gc,stats]   Roots                             377 us, parallelism: 0.82x
[4.442s][info][gc,stats]     CWR: <total>                    310 us
[4.442s][info][gc,stats]     CWR: Code Cache Roots           160 us, workers (us): 160, ---, ---,
[4.442s][info][gc,stats]     CWR: VM Weak Roots              139 us, workers (us): 139, ---, ---,
[4.442s][info][gc,stats]     CWR: CLDG Roots                  11 us, workers (us):  11, ---, ---,
[4.442s][info][gc,stats]   Rendezvous                         81 us
[4.442s][info][gc,stats] Concurrent Cleanup                  160 us
[4.442s][info][gc,stats] Concurrent Class Unloading         2579 us
[4.442s][info][gc,stats]   Unlink Stale                     2380 us
[4.442s][info][gc,stats]     System Dictionary                13 us
[4.442s][info][gc,stats]     Weak Class Links                  0 us
[4.442s][info][gc,stats]     Code Roots                     2365 us
[4.442s][info][gc,stats]   Rendezvous                         98 us
[4.442s][info][gc,stats]   Purge Unlinked                     93 us
[4.442s][info][gc,stats]     Code Roots                       84 us
[4.442s][info][gc,stats]     CLDG                              7 us
[4.442s][info][gc,stats]     Exception Caches                  0 us
[4.442s][info][gc,stats] Pause Final Roots (G)               143 us
[4.442s][info][gc,stats] Pause Final Roots (N)                 5 us
[4.442s][info][gc,stats] Pacing                            12245 us
[4.442s][info][gc,stats]
[4.442s][info][gc,stats] Allocation pacing accrued:
[4.442s][info][gc,stats]      12 of    19 ms ( 64.4%): thread3
[4.442s][info][gc,stats]      12 of    19 ms ( 64.4%): <total>
[4.442s][info][gc,stats]       1 of    19 ms (  3.6%): <average total>
[4.442s][info][gc,stats]      12 of    19 ms ( 64.4%): <average non-zero>
[4.442s][info][gc,stats]
[4.453s][info][gc,stats]
[4.453s][info][gc,stats] All times are wall-clock times, except per-root-class counters, that are sum over
[4.453s][info][gc,stats] all workers. Dividing the <total> over the root stage time estimates parallelism.
[4.453s][info][gc,stats]
[4.453s][info][gc,stats] Concurrent Reset                     95 us
[4.453s][info][gc,stats] Pause Init Mark (G)                 169 us
[4.453s][info][gc,stats] Pause Init Mark (N)                  19 us
[4.453s][info][gc,stats]   Update Region States                1 us
[4.453s][info][gc,stats] Concurrent Mark Roots               869 us, parallelism: 0.91x
[4.453s][info][gc,stats]   CMR: <total>                      791 us
[4.453s][info][gc,stats]   CMR: Thread Roots                 299 us, workers (us): 299, ---, ---,
[4.453s][info][gc,stats]   CMR: VM Strong Roots               39 us, workers (us):  39, ---, ---,
[4.453s][info][gc,stats]   CMR: CLDG Roots                   453 us, workers (us): 453, ---, ---,
[4.453s][info][gc,stats] Concurrent Marking                 8395 us
[4.453s][info][gc,stats] Pacing                            10320 us
[4.453s][info][gc,stats]
[4.453s][info][gc,stats] Allocation pacing accrued:
[4.453s][info][gc,stats]      10 of    12 ms ( 88.5%): thread3
[4.453s][info][gc,stats]      10 of    12 ms ( 88.5%): <total>
[4.453s][info][gc,stats]       1 of    12 ms (  4.9%): <average total>
[4.453s][info][gc,stats]      10 of    12 ms ( 88.5%): <average non-zero>
[4.453s][info][gc,stats]
[4.477s][info][gc,stats]
[4.477s][info][gc,stats] All times are wall-clock times, except per-root-class counters, that are sum over
[4.477s][info][gc,stats] all workers. Dividing the <total> over the root stage time estimates parallelism.
[4.477s][info][gc,stats]
[4.477s][info][gc,stats]   Finish Mark                      2071 us
[4.477s][info][gc,stats] Pause Degenerated GC (G)           8678 us
[4.477s][info][gc,stats] Pause Degenerated GC (N)           8527 us
[4.477s][info][gc,stats]     System Purge                   6041 us
[4.477s][info][gc,stats]       Weak References                45 us, parallelism: 0.70x
[4.477s][info][gc,stats]         WRP: <total>                 31 us
[4.477s][info][gc,stats]         WRP: Weak References         31 us, workers (us):  31,   0,   0,
[4.477s][info][gc,stats]       Unload Classes               5716 us, parallelism: 0.55x
[4.477s][info][gc,stats]         DCU: <total>               3170 us
[4.477s][info][gc,stats]         DCU: Unload Code Caches     3170 us, workers (us): 1059, 1067, 1044,
[4.477s][info][gc,stats]       Weak Roots                    247 us, parallelism: 2.44x
[4.477s][info][gc,stats]         DWR: <total>                603 us
[4.477s][info][gc,stats]         DWR: VM Weak Roots          603 us, workers (us): 203, 195, 205,
[4.477s][info][gc,stats]       CLDG                            1 us
[4.477s][info][gc,stats]   Update Region States                1 us
[4.477s][info][gc,stats]   Manage GC/TLABs                     6 us
[4.477s][info][gc,stats]   Choose Collection Set               8 us
[4.477s][info][gc,stats]   Rebuild Free Set                    2 us
[4.477s][info][gc,stats]   Cleanup                             1 us
[4.477s][info][gc,stats]
[4.477s][info][gc,stats] Allocation pacing accrued:
[4.478s][info][gc,stats]       0 of    24 ms (  0.0%): <total>
[4.478s][info][gc,stats]       0 of    24 ms (  0.0%): <average total>
[4.478s][info][gc,stats]
[4.497s][info][gc,stats]
[4.497s][info][gc,stats] All times are wall-clock times, except per-root-class counters, that are sum over
[4.497s][info][gc,stats] all workers. Dividing the <total> over the root stage time estimates parallelism.
[4.497s][info][gc,stats]
[4.497s][info][gc,stats] Concurrent Reset                     31 us
[4.497s][info][gc,stats] Pause Init Mark (G)                 178 us
[4.497s][info][gc,stats] Pause Init Mark (N)                  28 us
[4.497s][info][gc,stats]   Update Region States                1 us
[4.497s][info][gc,stats] Concurrent Mark Roots              1006 us, parallelism: 0.94x
[4.497s][info][gc,stats]   CMR: <total>                      945 us
[4.497s][info][gc,stats]   CMR: Thread Roots                 453 us, workers (us): 453, ---, ---,
[4.497s][info][gc,stats]   CMR: VM Strong Roots               38 us, workers (us):  38, ---, ---,
[4.497s][info][gc,stats]   CMR: CLDG Roots                   453 us, workers (us): 453, ---, ---,
[4.497s][info][gc,stats] Concurrent Marking                13202 us
[4.497s][info][gc,stats] Pause Final Mark (G)                152 us
[4.497s][info][gc,stats] Pause Final Mark (N)                 72 us
[4.497s][info][gc,stats]   Finish Mark                        51 us
[4.497s][info][gc,stats]   Update Region States                1 us
[4.497s][info][gc,stats]   Choose Collection Set               6 us
[4.497s][info][gc,stats]   Rebuild Free Set                    2 us
[4.497s][info][gc,stats] Concurrent Weak References           50 us, parallelism: 0.55x
[4.497s][info][gc,stats]   CWRF: <total>                      27 us
[4.497s][info][gc,stats]   CWRF: Weak References              27 us, workers (us):  27, ---, ---,
[4.497s][info][gc,stats] Concurrent Weak Roots               388 us
[4.497s][info][gc,stats]   Roots                             330 us, parallelism: 0.87x
[4.497s][info][gc,stats]     CWR: <total>                    288 us
[4.497s][info][gc,stats]     CWR: Code Cache Roots           131 us, workers (us): 131, ---, ---,
[4.497s][info][gc,stats]     CWR: VM Weak Roots              145 us, workers (us): 145, ---, ---,
[4.497s][info][gc,stats]     CWR: CLDG Roots                  11 us, workers (us):  11, ---, ---,
[4.497s][info][gc,stats]   Rendezvous                         55 us
[4.497s][info][gc,stats] Concurrent Cleanup                   38 us
[4.497s][info][gc,stats] Concurrent Class Unloading         2197 us
[4.497s][info][gc,stats]   Unlink Stale                     2121 us
[4.497s][info][gc,stats]     System Dictionary                 8 us
[4.497s][info][gc,stats]     Weak Class Links                  0 us
[4.497s][info][gc,stats]     Code Roots                     2112 us
[4.497s][info][gc,stats]   Rendezvous                         39 us
[4.497s][info][gc,stats]   Purge Unlinked                     34 us
[4.497s][info][gc,stats]     Code Roots                       30 us
[4.497s][info][gc,stats]     CLDG                              4 us
[4.497s][info][gc,stats]     Exception Caches                  0 us
[4.497s][info][gc,stats] Pause Final Roots (G)               104 us
[4.497s][info][gc,stats] Pause Final Roots (N)                 5 us
[4.497s][info][gc,stats] Pacing                             6005 us
[4.497s][info][gc,stats]
[4.497s][info][gc,stats] Allocation pacing accrued:
[4.497s][info][gc,stats]       6 of    20 ms ( 30.6%): thread3
[4.497s][info][gc,stats]       6 of    20 ms ( 30.6%): <total>
[4.497s][info][gc,stats]       0 of    20 ms (  1.7%): <average total>
[4.497s][info][gc,stats]       6 of    20 ms ( 30.6%): <average non-zero>
[4.497s][info][gc,stats]
[4.517s][info][gc,stats]
[4.517s][info][gc,stats] All times are wall-clock times, except per-root-class counters, that are sum over
[4.517s][info][gc,stats] all workers. Dividing the <total> over the root stage time estimates parallelism.
[4.517s][info][gc,stats]
[4.517s][info][gc,stats] Concurrent Reset                     22 us
[4.517s][info][gc,stats] Pause Init Mark (G)                 139 us
[4.517s][info][gc,stats] Pause Init Mark (N)                  11 us
[4.517s][info][gc,stats]   Update Region States                0 us
[4.517s][info][gc,stats] Concurrent Mark Roots               933 us, parallelism: 0.95x
[4.517s][info][gc,stats]   CMR: <total>                      884 us
[4.517s][info][gc,stats]   CMR: Thread Roots                 399 us, workers (us): 399, ---, ---,
[4.517s][info][gc,stats]   CMR: VM Strong Roots               36 us, workers (us):  36, ---, ---,
[4.517s][info][gc,stats]   CMR: CLDG Roots                   449 us, workers (us): 449, ---, ---,
[4.517s][info][gc,stats] Concurrent Marking                11954 us
[4.517s][info][gc,stats] Pause Final Mark (G)                236 us
[4.517s][info][gc,stats] Pause Final Mark (N)                128 us
[4.517s][info][gc,stats]   Finish Mark                       107 us
[4.517s][info][gc,stats]   Update Region States                1 us
[4.517s][info][gc,stats]   Choose Collection Set               6 us
[4.517s][info][gc,stats]   Rebuild Free Set                    2 us
[4.517s][info][gc,stats] Concurrent Weak References           61 us, parallelism: 0.46x
[4.517s][info][gc,stats]   CWRF: <total>                      28 us
[4.517s][info][gc,stats]   CWRF: Weak References              28 us, workers (us):  28, ---, ---,
[4.517s][info][gc,stats] Concurrent Weak Roots               765 us
[4.517s][info][gc,stats]   Roots                             688 us, parallelism: 0.88x
[4.517s][info][gc,stats]     CWR: <total>                    606 us
[4.517s][info][gc,stats]     CWR: Code Cache Roots           226 us, workers (us): 226, ---, ---,
[4.517s][info][gc,stats]     CWR: VM Weak Roots              362 us, workers (us): 362, ---, ---,
[4.517s][info][gc,stats]     CWR: CLDG Roots                  18 us, workers (us):  18, ---, ---,
[4.517s][info][gc,stats]   Rendezvous                         73 us
[4.517s][info][gc,stats] Concurrent Cleanup                   36 us
[4.517s][info][gc,stats] Concurrent Class Unloading         2674 us
[4.517s][info][gc,stats]   Unlink Stale                     2504 us
[4.517s][info][gc,stats]     System Dictionary                12 us
[4.517s][info][gc,stats]     Weak Class Links                  0 us
[4.517s][info][gc,stats]     Code Roots                     2489 us
[4.517s][info][gc,stats]   Rendezvous                         91 us
[4.517s][info][gc,stats]   Purge Unlinked                     70 us
[4.517s][info][gc,stats]     Code Roots                       64 us
[4.517s][info][gc,stats]     CLDG                              5 us
[4.517s][info][gc,stats]     Exception Caches                  0 us
[4.517s][info][gc,stats] Pause Final Roots (G)               181 us
[4.517s][info][gc,stats] Pause Final Roots (N)                19 us
[4.517s][info][gc,stats] Pacing                            22400 us
[4.517s][info][gc,stats]
[4.517s][info][gc,stats] Allocation pacing accrued:
[4.517s][info][gc,stats]      22 of    20 ms (112.5%): thread3
[4.517s][info][gc,stats]      22 of    20 ms (112.5%): <total>
[4.517s][info][gc,stats]       1 of    20 ms (  6.3%): <average total>
[4.517s][info][gc,stats]      22 of    20 ms (112.5%): <average non-zero>
[4.517s][info][gc,stats]
[4.531s][info][gc,stats]
[4.531s][info][gc,stats] All times are wall-clock times, except per-root-class counters, that are sum over
[4.531s][info][gc,stats] all workers. Dividing the <total> over the root stage time estimates parallelism.
[4.531s][info][gc,stats]
[4.531s][info][gc,stats] Concurrent Reset                     78 us
[4.531s][info][gc,stats] Pause Init Mark (G)                 240 us
[4.531s][info][gc,stats] Pause Init Mark (N)                  35 us
[4.531s][info][gc,stats]   Update Region States                1 us
[4.531s][info][gc,stats] Concurrent Mark Roots               608 us, parallelism: 0.79x
[4.531s][info][gc,stats]   CMR: <total>                      482 us
[4.531s][info][gc,stats]   CMR: Thread Roots                 256 us, workers (us): 256, ---, ---,
[4.531s][info][gc,stats]   CMR: VM Strong Roots               29 us, workers (us):  29, ---, ---,
[4.531s][info][gc,stats]   CMR: CLDG Roots                   197 us, workers (us): 197, ---, ---,
[4.531s][info][gc,stats] Pacing                            13034 us
[4.531s][info][gc,stats]
[4.531s][info][gc,stats] Allocation pacing accrued:
[4.531s][info][gc,stats]      13 of    14 ms ( 94.8%): thread3
[4.531s][info][gc,stats]      13 of    14 ms ( 94.8%): <total>
[4.531s][info][gc,stats]       1 of    14 ms (  5.3%): <average total>
[4.531s][info][gc,stats]      13 of    14 ms ( 94.8%): <average non-zero>
[4.531s][info][gc,stats]
[4.557s][info][gc,stats]
[4.557s][info][gc,stats] All times are wall-clock times, except per-root-class counters, that are sum over
[4.557s][info][gc,stats] all workers. Dividing the <total> over the root stage time estimates parallelism.
[4.557s][info][gc,stats]
[4.557s][info][gc,stats] Pause Degenerated GC (G)          11267 us
[4.557s][info][gc,stats] Pause Degenerated GC (N)          11132 us
[4.557s][info][gc,stats]   Degen STW Mark                   4735 us, parallelism: 2.98x
[4.557s][info][gc,stats]     DSM: <total>                  14091 us
[4.557s][info][gc,stats]     DSM: Thread Roots               109 us, workers (us):  36,  38,  35,
[4.557s][info][gc,stats]     DSM: VM Strong Roots             36 us, workers (us):  17,   0,  19,
[4.557s][info][gc,stats]     DSM: CLDG Roots                 249 us, workers (us):   2, 245,   2,
[4.557s][info][gc,stats]     DSM: Parallel Mark            13698 us, workers (us): 4643, 4418, 4637,
[4.557s][info][gc,stats]     System Purge                   5771 us
[4.557s][info][gc,stats]       Weak References                68 us, parallelism: 0.60x
[4.557s][info][gc,stats]         WRP: <total>                 41 us
[4.557s][info][gc,stats]         WRP: Weak References         41 us, workers (us):  10,  30,   1,
[4.557s][info][gc,stats]       Unload Classes               5419 us, parallelism: 0.52x
[4.557s][info][gc,stats]         DCU: <total>               2810 us
[4.557s][info][gc,stats]         DCU: Unload Code Caches     2810 us, workers (us): 936, 951, 923,
[4.557s][info][gc,stats]       Weak Roots                    251 us, parallelism: 2.55x
[4.557s][info][gc,stats]         DWR: <total>                639 us
[4.557s][info][gc,stats]         DWR: VM Weak Roots          639 us, workers (us): 220, 210, 209,
[4.557s][info][gc,stats]       CLDG                            0 us
[4.557s][info][gc,stats]   Update Region States                1 us
[4.557s][info][gc,stats]   Manage GC/TLABs                     6 us
[4.557s][info][gc,stats]   Choose Collection Set               8 us
[4.557s][info][gc,stats]   Rebuild Free Set                    2 us
[4.557s][info][gc,stats]   Cleanup                             1 us
[4.557s][info][gc,stats]
[4.557s][info][gc,stats] Allocation pacing accrued:
[4.557s][info][gc,stats]       0 of    26 ms (  0.0%): <total>
[4.557s][info][gc,stats]       0 of    26 ms (  0.0%): <average total>
[4.557s][info][gc,stats]
[4.575s][info][gc,stats]
[4.576s][info][gc,stats] All times are wall-clock times, except per-root-class counters, that are sum over
[4.576s][info][gc,stats] all workers. Dividing the <total> over the root stage time estimates parallelism.
[4.576s][info][gc,stats]
[4.576s][info][gc,stats] Concurrent Reset                     31 us
[4.576s][info][gc,stats] Pause Init Mark (G)                 129 us
[4.576s][info][gc,stats] Pause Init Mark (N)                  14 us
[4.576s][info][gc,stats]   Update Region States                0 us
[4.576s][info][gc,stats] Concurrent Mark Roots               514 us, parallelism: 0.88x
[4.576s][info][gc,stats]   CMR: <total>                      453 us
[4.576s][info][gc,stats]   CMR: Thread Roots                 210 us, workers (us): 210, ---, ---,
[4.576s][info][gc,stats]   CMR: VM Strong Roots               21 us, workers (us):  21, ---, ---,
[4.576s][info][gc,stats]   CMR: CLDG Roots                   222 us, workers (us): 222, ---, ---,
[4.576s][info][gc,stats] Concurrent Marking                12748 us
[4.576s][info][gc,stats] Pause Final Mark (G)                231 us
[4.576s][info][gc,stats] Pause Final Mark (N)                130 us
[4.576s][info][gc,stats]   Finish Mark                       109 us
[4.576s][info][gc,stats]   Update Region States                1 us
[4.576s][info][gc,stats]   Choose Collection Set               5 us
[4.576s][info][gc,stats]   Rebuild Free Set                    2 us
[4.576s][info][gc,stats] Concurrent Weak References          178 us, parallelism: 0.48x
[4.576s][info][gc,stats]   CWRF: <total>                      85 us
[4.576s][info][gc,stats]   CWRF: Weak References              85 us, workers (us):  85, ---, ---,
[4.576s][info][gc,stats] Concurrent Weak Roots               402 us
[4.576s][info][gc,stats]   Roots                             337 us, parallelism: 0.82x
[4.576s][info][gc,stats]     CWR: <total>                    277 us
[4.576s][info][gc,stats]     CWR: Code Cache Roots           129 us, workers (us): 129, ---, ---,
[4.576s][info][gc,stats]     CWR: VM Weak Roots              143 us, workers (us): 143, ---, ---,
[4.576s][info][gc,stats]     CWR: CLDG Roots                   5 us, workers (us):   5, ---, ---,
[4.576s][info][gc,stats]   Rendezvous                         57 us
[4.576s][info][gc,stats] Concurrent Cleanup                   34 us
[4.576s][info][gc,stats] Concurrent Class Unloading         2478 us
[4.576s][info][gc,stats]   Unlink Stale                     2300 us
[4.576s][info][gc,stats]     System Dictionary                 4 us
[4.576s][info][gc,stats]     Weak Class Links                  0 us
[4.576s][info][gc,stats]     Code Roots                     2294 us
[4.576s][info][gc,stats]   Rendezvous                         46 us
[4.576s][info][gc,stats]   Purge Unlinked                    127 us
[4.576s][info][gc,stats]     Code Roots                      118 us
[4.576s][info][gc,stats]     CLDG                              7 us
[4.576s][info][gc,stats]     Exception Caches                  0 us
[4.576s][info][gc,stats] Pause Final Roots (G)               169 us
[4.576s][info][gc,stats] Pause Final Roots (N)                 4 us
[4.576s][info][gc,stats]
[4.576s][info][gc,stats] Allocation pacing accrued:
[4.576s][info][gc,stats]       0 of    19 ms (  0.0%): <total>
[4.576s][info][gc,stats]       0 of    19 ms (  0.0%): <average total>
[4.576s][info][gc,stats]
[4.595s][info][gc,stats]
[4.595s][info][gc,stats] All times are wall-clock times, except per-root-class counters, that are sum over
[4.595s][info][gc,stats] all workers. Dividing the <total> over the root stage time estimates parallelism.
[4.595s][info][gc,stats]
[4.595s][info][gc,stats] Concurrent Reset                     33 us
[4.595s][info][gc,stats] Pause Init Mark (G)                  94 us
[4.595s][info][gc,stats] Pause Init Mark (N)                  16 us
[4.595s][info][gc,stats]   Update Region States                0 us
[4.595s][info][gc,stats] Concurrent Mark Roots               932 us, parallelism: 0.93x
[4.595s][info][gc,stats]   CMR: <total>                      864 us
[4.595s][info][gc,stats]   CMR: Thread Roots                 410 us, workers (us): 410, ---, ---,
[4.595s][info][gc,stats]   CMR: VM Strong Roots               22 us, workers (us):  22, ---, ---,
[4.595s][info][gc,stats]   CMR: CLDG Roots                   433 us, workers (us): 433, ---, ---,
[4.595s][info][gc,stats] Concurrent Marking                12567 us
[4.595s][info][gc,stats] Pause Final Mark (G)                255 us
[4.595s][info][gc,stats] Pause Final Mark (N)                106 us
[4.595s][info][gc,stats]   Finish Mark                        74 us
[4.595s][info][gc,stats]   Update Region States                2 us
[4.595s][info][gc,stats]   Choose Collection Set               5 us
[4.595s][info][gc,stats]   Rebuild Free Set                    4 us
[4.595s][info][gc,stats] Concurrent Weak References          142 us, parallelism: 0.54x
[4.595s][info][gc,stats]   CWRF: <total>                      77 us
[4.595s][info][gc,stats]   CWRF: Weak References              77 us, workers (us):  77, ---, ---,
[4.595s][info][gc,stats] Concurrent Weak Roots               632 us
[4.595s][info][gc,stats]   Roots                             545 us, parallelism: 0.86x
[4.595s][info][gc,stats]     CWR: <total>                    471 us
[4.595s][info][gc,stats]     CWR: Code Cache Roots           175 us, workers (us): 175, ---, ---,
[4.595s][info][gc,stats]     CWR: VM Weak Roots              285 us, workers (us): 285, ---, ---,
[4.595s][info][gc,stats]     CWR: CLDG Roots                  10 us, workers (us):  10, ---, ---,
[4.595s][info][gc,stats]   Rendezvous                         80 us
[4.595s][info][gc,stats] Concurrent Cleanup                    3 us
[4.595s][info][gc,stats] Concurrent Class Unloading         2523 us
[4.595s][info][gc,stats]   Unlink Stale                     2410 us
[4.595s][info][gc,stats]     System Dictionary                11 us
[4.595s][info][gc,stats]     Weak Class Links                  0 us
[4.595s][info][gc,stats]     Code Roots                     2397 us
[4.595s][info][gc,stats]   Rendezvous                         60 us
[4.595s][info][gc,stats]   Purge Unlinked                     48 us
[4.595s][info][gc,stats]     Code Roots                       44 us
[4.595s][info][gc,stats]     CLDG                              4 us
[4.595s][info][gc,stats]     Exception Caches                  0 us
[4.595s][info][gc,stats] Pause Final Roots (G)               105 us
[4.595s][info][gc,stats] Pause Final Roots (N)                 5 us
[4.595s][info][gc,stats] Pacing                            30986 us
[4.595s][info][gc,stats]
[4.595s][info][gc,stats] Allocation pacing accrued:
[4.595s][info][gc,stats]      31 of    19 ms (160.0%): thread3
[4.595s][info][gc,stats]      31 of    19 ms (160.0%): <total>
[4.595s][info][gc,stats]       2 of    19 ms (  8.9%): <average total>
[4.595s][info][gc,stats]      31 of    19 ms (160.0%): <average non-zero>
[4.595s][info][gc,stats]
[4.610s][info][gc,stats]
[4.610s][info][gc,stats] All times are wall-clock times, except per-root-class counters, that are sum over
[4.610s][info][gc,stats] all workers. Dividing the <total> over the root stage time estimates parallelism.
[4.610s][info][gc,stats]
[4.610s][info][gc,stats] Concurrent Reset                     36 us
[4.610s][info][gc,stats] Pause Init Mark (G)                  95 us
[4.610s][info][gc,stats] Pause Init Mark (N)                  15 us
[4.610s][info][gc,stats]   Update Region States                1 us
[4.610s][info][gc,stats] Concurrent Mark Roots               842 us, parallelism: 0.93x
[4.610s][info][gc,stats]   CMR: <total>                      787 us
[4.610s][info][gc,stats]   CMR: Thread Roots                 439 us, workers (us): 439, ---, ---,
[4.610s][info][gc,stats]   CMR: VM Strong Roots               21 us, workers (us):  21, ---, ---,
[4.610s][info][gc,stats]   CMR: CLDG Roots                   327 us, workers (us): 327, ---, ---,
[4.610s][info][gc,stats] Concurrent Marking                12749 us
[4.610s][info][gc,stats] Pacing                            14415 us
[4.610s][info][gc,stats]
[4.610s][info][gc,stats] Allocation pacing accrued:
[4.610s][info][gc,stats]      14 of    15 ms ( 94.5%): thread3
[4.611s][info][gc,stats]      14 of    15 ms ( 94.5%): <total>
[4.611s][info][gc,stats]       1 of    15 ms (  5.2%): <average total>
[4.611s][info][gc,stats]      14 of    15 ms ( 94.5%): <average non-zero>
[4.611s][info][gc,stats]
[4.633s][info][gc,stats]
[4.633s][info][gc,stats] All times are wall-clock times, except per-root-class counters, that are sum over
[4.633s][info][gc,stats] all workers. Dividing the <total> over the root stage time estimates parallelism.
[4.633s][info][gc,stats]
[4.633s][info][gc,stats]   Finish Mark                        55 us
[4.633s][info][gc,stats] Pause Degenerated GC (G)           6864 us
[4.633s][info][gc,stats] Pause Degenerated GC (N)           6671 us
[4.633s][info][gc,stats]     System Purge                   6348 us
[4.633s][info][gc,stats]       Weak References                83 us, parallelism: 0.62x
[4.633s][info][gc,stats]         WRP: <total>                 52 us
[4.633s][info][gc,stats]         WRP: Weak References         52 us, workers (us):  51,   1,   0,
[4.633s][info][gc,stats]       Unload Classes               5825 us, parallelism: 0.54x
[4.633s][info][gc,stats]         DCU: <total>               3165 us
[4.633s][info][gc,stats]         DCU: Unload Code Caches     3165 us, workers (us): 1046, 1053, 1066,
[4.633s][info][gc,stats]       Weak Roots                    406 us, parallelism: 2.59x
[4.633s][info][gc,stats]         DWR: <total>               1052 us
[4.633s][info][gc,stats]         DWR: VM Weak Roots         1052 us, workers (us): 342, 340, 370,
[4.633s][info][gc,stats]       CLDG                            1 us
[4.633s][info][gc,stats]   Update Region States                1 us
[4.633s][info][gc,stats]   Manage GC/TLABs                     7 us
[4.633s][info][gc,stats]   Choose Collection Set               9 us
[4.633s][info][gc,stats]   Rebuild Free Set                    2 us
[4.633s][info][gc,stats]   Cleanup                             1 us
[4.633s][info][gc,stats]
[4.633s][info][gc,stats] Allocation pacing accrued:
[4.633s][info][gc,stats]       0 of    22 ms (  0.0%): <total>
[4.633s][info][gc,stats]       0 of    22 ms (  0.0%): <average total>
[4.633s][info][gc,stats]
[4.651s][info][gc,stats]
[4.651s][info][gc,stats] All times are wall-clock times, except per-root-class counters, that are sum over
[4.651s][info][gc,stats] all workers. Dividing the <total> over the root stage time estimates parallelism.
[4.651s][info][gc,stats]
[4.651s][info][gc,stats] Concurrent Reset                     72 us
[4.651s][info][gc,stats] Pause Init Mark (G)                 122 us
[4.651s][info][gc,stats] Pause Init Mark (N)                  16 us
[4.651s][info][gc,stats]   Update Region States                0 us
[4.651s][info][gc,stats] Concurrent Mark Roots               514 us, parallelism: 0.88x
[4.651s][info][gc,stats]   CMR: <total>                      454 us
[4.651s][info][gc,stats]   CMR: Thread Roots                 209 us, workers (us): 209, ---, ---,
[4.651s][info][gc,stats]   CMR: VM Strong Roots               22 us, workers (us):  22, ---, ---,
[4.651s][info][gc,stats]   CMR: CLDG Roots                   224 us, workers (us): 224, ---, ---,
[4.652s][info][gc,stats] Concurrent Marking                12947 us
[4.652s][info][gc,stats] Pause Final Mark (G)                183 us
[4.652s][info][gc,stats] Pause Final Mark (N)                102 us
[4.652s][info][gc,stats]   Finish Mark                        80 us
[4.652s][info][gc,stats]   Update Region States                1 us
[4.652s][info][gc,stats]   Choose Collection Set               6 us
[4.652s][info][gc,stats]   Rebuild Free Set                    2 us
[4.652s][info][gc,stats] Concurrent Weak References           50 us, parallelism: 0.56x
[4.652s][info][gc,stats]   CWRF: <total>                      28 us
[4.652s][info][gc,stats]   CWRF: Weak References              28 us, workers (us):  28, ---, ---,
[4.652s][info][gc,stats] Concurrent Weak Roots               612 us
[4.652s][info][gc,stats]   Roots                             552 us, parallelism: 0.89x
[4.652s][info][gc,stats]     CWR: <total>                    489 us
[4.652s][info][gc,stats]     CWR: Code Cache Roots           179 us, workers (us): 179, ---, ---,
[4.652s][info][gc,stats]     CWR: VM Weak Roots              297 us, workers (us): 297, ---, ---,
[4.652s][info][gc,stats]     CWR: CLDG Roots                  13 us, workers (us):  13, ---, ---,
[4.652s][info][gc,stats]   Rendezvous                         57 us
[4.652s][info][gc,stats] Concurrent Cleanup                   37 us
[4.652s][info][gc,stats] Concurrent Class Unloading         2194 us
[4.652s][info][gc,stats]   Unlink Stale                     2115 us
[4.652s][info][gc,stats]     System Dictionary                 9 us
[4.652s][info][gc,stats]     Weak Class Links                  0 us
[4.652s][info][gc,stats]     Code Roots                     2104 us
[4.652s][info][gc,stats]   Rendezvous                         42 us
[4.652s][info][gc,stats]   Purge Unlinked                     35 us
[4.652s][info][gc,stats]     Code Roots                       30 us
[4.652s][info][gc,stats]     CLDG                              4 us
[4.652s][info][gc,stats]     Exception Caches                  0 us
[4.652s][info][gc,stats] Pause Final Roots (G)               110 us
[4.652s][info][gc,stats] Pause Final Roots (N)                 5 us
[4.652s][info][gc,stats] Pacing                             7091 us
[4.652s][info][gc,stats]
[4.652s][info][gc,stats] Allocation pacing accrued:
[4.652s][info][gc,stats]       7 of    19 ms ( 37.9%): thread3
[4.652s][info][gc,stats]       7 of    19 ms ( 37.9%): <total>
[4.652s][info][gc,stats]       0 of    19 ms (  2.1%): <average total>
[4.652s][info][gc,stats]       7 of    19 ms ( 37.9%): <average non-zero>
[4.652s][info][gc,stats]
[4.675s][info][gc,stats]
[4.675s][info][gc,stats] All times are wall-clock times, except per-root-class counters, that are sum over
[4.675s][info][gc,stats] all workers. Dividing the <total> over the root stage time estimates parallelism.
[4.675s][info][gc,stats]
[4.675s][info][gc,stats] Concurrent Reset                     29 us
[4.675s][info][gc,stats] Pause Init Mark (G)                 153 us
[4.675s][info][gc,stats] Pause Init Mark (N)                  13 us
[4.675s][info][gc,stats]   Update Region States                0 us
[4.675s][info][gc,stats] Concurrent Mark Roots               495 us, parallelism: 0.90x
[4.675s][info][gc,stats]   CMR: <total>                      447 us
[4.675s][info][gc,stats]   CMR: Thread Roots                 185 us, workers (us): 185, ---, ---,
[4.675s][info][gc,stats]   CMR: VM Strong Roots               21 us, workers (us):  21, ---, ---,
[4.675s][info][gc,stats]   CMR: CLDG Roots                   241 us, workers (us): 241, ---, ---,
[4.675s][info][gc,stats] Concurrent Marking                11943 us
[4.675s][info][gc,stats] Pause Final Mark (G)                254 us
[4.675s][info][gc,stats] Pause Final Mark (N)                155 us
[4.675s][info][gc,stats]   Finish Mark                       122 us
[4.675s][info][gc,stats]   Update Region States                2 us
[4.675s][info][gc,stats]   Choose Collection Set               9 us
[4.675s][info][gc,stats]   Rebuild Free Set                    3 us
[4.675s][info][gc,stats] Concurrent Weak References          114 us, parallelism: 0.63x
[4.675s][info][gc,stats]   CWRF: <total>                      72 us
[4.675s][info][gc,stats]   CWRF: Weak References              72 us, workers (us):  72, ---, ---,
[4.675s][info][gc,stats] Concurrent Weak Roots               690 us
[4.675s][info][gc,stats]   Roots                             610 us, parallelism: 0.75x
[4.675s][info][gc,stats]     CWR: <total>                    459 us
[4.675s][info][gc,stats]     CWR: Code Cache Roots           169 us, workers (us): 169, ---, ---,
[4.675s][info][gc,stats]     CWR: VM Weak Roots              280 us, workers (us): 280, ---, ---,
[4.675s][info][gc,stats]     CWR: CLDG Roots                  11 us, workers (us):  11, ---, ---,
[4.675s][info][gc,stats]   Rendezvous                         76 us
[4.675s][info][gc,stats] Concurrent Cleanup                   37 us
[4.675s][info][gc,stats] Concurrent Class Unloading         3335 us
[4.675s][info][gc,stats]   Unlink Stale                     3216 us
[4.675s][info][gc,stats]     System Dictionary                 4 us
[4.675s][info][gc,stats]     Weak Class Links                  0 us
[4.675s][info][gc,stats]     Code Roots                     3209 us
[4.675s][info][gc,stats]   Rendezvous                         72 us
[4.675s][info][gc,stats]   Purge Unlinked                     42 us
[4.675s][info][gc,stats]     Code Roots                       37 us
[4.675s][info][gc,stats]     CLDG                              5 us
[4.675s][info][gc,stats]     Exception Caches                  0 us
[4.675s][info][gc,stats] Pause Final Roots (G)               145 us
[4.675s][info][gc,stats] Pause Final Roots (N)                 6 us
[4.675s][info][gc,stats] Pacing                            24111 us
[4.675s][info][gc,stats]
[4.675s][info][gc,stats] Allocation pacing accrued:
[4.675s][info][gc,stats]      24 of    23 ms (103.0%): thread3
[4.675s][info][gc,stats]      24 of    23 ms (103.0%): <total>
[4.675s][info][gc,stats]       1 of    23 ms (  5.7%): <average total>
[4.675s][info][gc,stats]      24 of    23 ms (103.0%): <average non-zero>
[4.675s][info][gc,stats]
[4.690s][info][gc,stats]
[4.690s][info][gc,stats] All times are wall-clock times, except per-root-class counters, that are sum over
[4.690s][info][gc,stats] all workers. Dividing the <total> over the root stage time estimates parallelism.
[4.690s][info][gc,stats]
[4.690s][info][gc,stats] Concurrent Reset                     96 us
[4.690s][info][gc,stats] Pause Init Mark (G)                 175 us
[4.690s][info][gc,stats] Pause Init Mark (N)                  33 us
[4.690s][info][gc,stats]   Update Region States                1 us
[4.690s][info][gc,stats] Concurrent Mark Roots               915 us, parallelism: 0.93x
[4.690s][info][gc,stats]   CMR: <total>                      852 us
[4.690s][info][gc,stats]   CMR: Thread Roots                 443 us, workers (us): 443, ---, ---,
[4.690s][info][gc,stats]   CMR: VM Strong Roots               34 us, workers (us):  34, ---, ---,
[4.690s][info][gc,stats]   CMR: CLDG Roots                   375 us, workers (us): 375, ---, ---,
[4.690s][info][gc,stats] Pacing                            14125 us
[4.690s][info][gc,stats]
[4.690s][info][gc,stats] Allocation pacing accrued:
[4.690s][info][gc,stats]      14 of    15 ms ( 94.8%): thread3
[4.690s][info][gc,stats]      14 of    15 ms ( 94.8%): <total>
[4.690s][info][gc,stats]       1 of    15 ms (  5.3%): <average total>
[4.690s][info][gc,stats]      14 of    15 ms ( 94.8%): <average non-zero>
[4.690s][info][gc,stats]
[4.716s][info][gc,stats]
[4.716s][info][gc,stats] All times are wall-clock times, except per-root-class counters, that are sum over
[4.716s][info][gc,stats] all workers. Dividing the <total> over the root stage time estimates parallelism.
[4.716s][info][gc,stats]
[4.716s][info][gc,stats] Pause Degenerated GC (G)          11482 us
[4.716s][info][gc,stats] Pause Degenerated GC (N)          11333 us
[4.716s][info][gc,stats]   Degen STW Mark                   5186 us, parallelism: 2.96x
[4.716s][info][gc,stats]     DSM: <total>                  15376 us
[4.716s][info][gc,stats]     DSM: Thread Roots               144 us, workers (us):  46,  54,  43,
[4.716s][info][gc,stats]     DSM: VM Strong Roots             42 us, workers (us):   0,  21,  21,
[4.716s][info][gc,stats]     DSM: CLDG Roots                 426 us, workers (us): 421,   2,   3,
[4.716s][info][gc,stats]     DSM: Parallel Mark            14765 us, workers (us): 4659, 5049, 5056,
[4.716s][info][gc,stats]     System Purge                   5753 us
[4.716s][info][gc,stats]       Weak References                58 us, parallelism: 0.64x
[4.716s][info][gc,stats]         WRP: <total>                 37 us
[4.716s][info][gc,stats]         WRP: Weak References         37 us, workers (us):  28,   9,   1,
[4.716s][info][gc,stats]       Unload Classes               5413 us, parallelism: 0.50x
[4.716s][info][gc,stats]         DCU: <total>               2682 us
[4.716s][info][gc,stats]         DCU: Unload Code Caches     2682 us, workers (us): 897, 879, 906,
[4.716s][info][gc,stats]       Weak Roots                    247 us, parallelism: 2.50x
[4.716s][info][gc,stats]         DWR: <total>                619 us
[4.716s][info][gc,stats]         DWR: VM Weak Roots          619 us, workers (us): 209, 210, 200,
[4.716s][info][gc,stats]       CLDG                            1 us
[4.716s][info][gc,stats]   Update Region States                1 us
[4.716s][info][gc,stats]   Manage GC/TLABs                     6 us
[4.716s][info][gc,stats]   Choose Collection Set               8 us
[4.716s][info][gc,stats]   Rebuild Free Set                    2 us
[4.716s][info][gc,stats]   Cleanup                             1 us
[4.716s][info][gc,stats]
[4.716s][info][gc,stats] Allocation pacing accrued:
[4.716s][info][gc,stats]       0 of    26 ms (  0.0%): <total>
[4.716s][info][gc,stats]       0 of    26 ms (  0.0%): <average total>
[4.716s][info][gc,stats]
[4.735s][info][gc,stats]
[4.735s][info][gc,stats] All times are wall-clock times, except per-root-class counters, that are sum over
[4.735s][info][gc,stats] all workers. Dividing the <total> over the root stage time estimates parallelism.
[4.735s][info][gc,stats]
[4.735s][info][gc,stats] Concurrent Reset                     33 us
[4.735s][info][gc,stats] Pause Init Mark (G)                 118 us
[4.735s][info][gc,stats] Pause Init Mark (N)                  14 us
[4.735s][info][gc,stats]   Update Region States                0 us
[4.735s][info][gc,stats] Concurrent Mark Roots               504 us, parallelism: 0.88x
[4.735s][info][gc,stats]   CMR: <total>                      446 us
[4.735s][info][gc,stats]   CMR: Thread Roots                 213 us, workers (us): 213, ---, ---,
[4.735s][info][gc,stats]   CMR: VM Strong Roots               20 us, workers (us):  20, ---, ---,
[4.735s][info][gc,stats]   CMR: CLDG Roots                   212 us, workers (us): 212, ---, ---,
[4.735s][info][gc,stats] Concurrent Marking                13277 us
[4.735s][info][gc,stats] Pause Final Mark (G)                225 us
[4.735s][info][gc,stats] Pause Final Mark (N)                100 us
[4.735s][info][gc,stats]   Finish Mark                        68 us
[4.735s][info][gc,stats]   Update Region States                2 us
[4.735s][info][gc,stats]   Choose Collection Set               9 us
[4.735s][info][gc,stats]   Rebuild Free Set                    3 us
[4.735s][info][gc,stats] Concurrent Weak References           76 us, parallelism: 0.53x
[4.735s][info][gc,stats]   CWRF: <total>                      40 us
[4.735s][info][gc,stats]   CWRF: Weak References              40 us, workers (us):  40, ---, ---,
[4.735s][info][gc,stats] Concurrent Weak Roots               381 us
[4.735s][info][gc,stats]   Roots                             326 us, parallelism: 0.87x
[4.735s][info][gc,stats]     CWR: <total>                    284 us
[4.735s][info][gc,stats]     CWR: Code Cache Roots           132 us, workers (us): 132, ---, ---,
[4.735s][info][gc,stats]     CWR: VM Weak Roots              141 us, workers (us): 141, ---, ---,
[4.735s][info][gc,stats]     CWR: CLDG Roots                  11 us, workers (us):  11, ---, ---,
[4.735s][info][gc,stats]   Rendezvous                         52 us
[4.735s][info][gc,stats] Concurrent Cleanup                   37 us
[4.735s][info][gc,stats] Concurrent Class Unloading         2215 us
[4.735s][info][gc,stats]   Unlink Stale                     2141 us
[4.735s][info][gc,stats]     System Dictionary                10 us
[4.735s][info][gc,stats]     Weak Class Links                  0 us
[4.735s][info][gc,stats]     Code Roots                     2130 us
[4.735s][info][gc,stats]   Rendezvous                         37 us
[4.735s][info][gc,stats]   Purge Unlinked                     34 us
[4.735s][info][gc,stats]     Code Roots                       30 us
[4.735s][info][gc,stats]     CLDG                              4 us
[4.735s][info][gc,stats]     Exception Caches                  0 us
[4.735s][info][gc,stats] Pause Final Roots (G)               112 us
[4.735s][info][gc,stats] Pause Final Roots (N)                 5 us
[4.735s][info][gc,stats]
[4.735s][info][gc,stats] Allocation pacing accrued:
[4.735s][info][gc,stats]       0 of    18 ms (  0.0%): <total>
[4.735s][info][gc,stats]       0 of    18 ms (  0.0%): <average total>
[4.735s][info][gc,stats]
[4.755s][info][gc,stats]
[4.755s][info][gc,stats] All times are wall-clock times, except per-root-class counters, that are sum over
[4.755s][info][gc,stats] all workers. Dividing the <total> over the root stage time estimates parallelism.
[4.755s][info][gc,stats]
[4.755s][info][gc,stats] Concurrent Reset                     39 us
[4.755s][info][gc,stats] Pause Init Mark (G)                  85 us
[4.755s][info][gc,stats] Pause Init Mark (N)                  12 us
[4.755s][info][gc,stats]   Update Region States                0 us
[4.755s][info][gc,stats] Concurrent Mark Roots              1007 us, parallelism: 0.93x
[4.755s][info][gc,stats]   CMR: <total>                      938 us
[4.755s][info][gc,stats]   CMR: Thread Roots                 434 us, workers (us): 434, ---, ---,
[4.755s][info][gc,stats]   CMR: VM Strong Roots               23 us, workers (us):  23, ---, ---,
[4.755s][info][gc,stats]   CMR: CLDG Roots                   481 us, workers (us): 481, ---, ---,
[4.755s][info][gc,stats] Concurrent Marking                13381 us
[4.755s][info][gc,stats] Pause Final Mark (G)                242 us
[4.755s][info][gc,stats] Pause Final Mark (N)                140 us
[4.755s][info][gc,stats]   Finish Mark                       119 us
[4.755s][info][gc,stats]   Update Region States                1 us
[4.755s][info][gc,stats]   Choose Collection Set               6 us
[4.755s][info][gc,stats]   Rebuild Free Set                    2 us
[4.755s][info][gc,stats] Concurrent Weak References           86 us, parallelism: 0.34x
[4.755s][info][gc,stats]   CWRF: <total>                      29 us
[4.755s][info][gc,stats]   CWRF: Weak References              29 us, workers (us):  29, ---, ---,
[4.755s][info][gc,stats] Concurrent Weak Roots               438 us
[4.755s][info][gc,stats]   Roots                             388 us, parallelism: 0.80x
[4.755s][info][gc,stats]     CWR: <total>                    312 us
[4.755s][info][gc,stats]     CWR: Code Cache Roots           158 us, workers (us): 158, ---, ---,
[4.755s][info][gc,stats]     CWR: VM Weak Roots              143 us, workers (us): 143, ---, ---,
[4.755s][info][gc,stats]     CWR: CLDG Roots                  11 us, workers (us):  11, ---, ---,
[4.755s][info][gc,stats]   Rendezvous                         43 us
[4.755s][info][gc,stats] Concurrent Cleanup                   45 us
[4.755s][info][gc,stats] Concurrent Class Unloading         2357 us
[4.755s][info][gc,stats]   Unlink Stale                     2251 us
[4.755s][info][gc,stats]     System Dictionary                12 us
[4.755s][info][gc,stats]     Weak Class Links                  0 us
[4.755s][info][gc,stats]     Code Roots                     2237 us
[4.755s][info][gc,stats]   Rendezvous                         61 us
[4.755s][info][gc,stats]   Purge Unlinked                     40 us
[4.755s][info][gc,stats]     Code Roots                       36 us
[4.755s][info][gc,stats]     CLDG                              3 us
[4.755s][info][gc,stats]     Exception Caches                  0 us
[4.755s][info][gc,stats] Pause Final Roots (G)               143 us
[4.755s][info][gc,stats] Pause Final Roots (N)                 5 us
[4.755s][info][gc,stats] Pacing                            32966 us
[4.755s][info][gc,stats]
[4.755s][info][gc,stats] Allocation pacing accrued:
[4.755s][info][gc,stats]      33 of    20 ms (164.3%): thread3
[4.755s][info][gc,stats]      33 of    20 ms (164.3%): <total>
[4.755s][info][gc,stats]       2 of    20 ms (  9.1%): <average total>
[4.755s][info][gc,stats]      33 of    20 ms (164.3%): <average non-zero>
[4.755s][info][gc,stats]
[4.786s][info][gc,stats]
[4.786s][info][gc,stats] All times are wall-clock times, except per-root-class counters, that are sum over
[4.786s][info][gc,stats] all workers. Dividing the <total> over the root stage time estimates parallelism.
[4.786s][info][gc,stats]
[4.786s][info][gc,stats] Concurrent Reset                     44 us
[4.786s][info][gc,stats] Pause Init Mark (G)                 178 us
[4.786s][info][gc,stats] Pause Init Mark (N)                  30 us
[4.786s][info][gc,stats]   Update Region States                1 us
[4.786s][info][gc,stats] Concurrent Mark Roots              1070 us, parallelism: 0.92x
[4.786s][info][gc,stats]   CMR: <total>                      986 us
[4.786s][info][gc,stats]   CMR: Thread Roots                 432 us, workers (us): 432, ---, ---,
[4.786s][info][gc,stats]   CMR: VM Strong Roots               45 us, workers (us):  45, ---, ---,
[4.786s][info][gc,stats]   CMR: CLDG Roots                   509 us, workers (us): 509, ---, ---,
[4.786s][info][gc,stats] Concurrent Marking                13147 us
[4.786s][info][gc,stats] Pause Final Mark (G)                220 us
[4.786s][info][gc,stats] Pause Final Mark (N)                121 us
[4.786s][info][gc,stats]   Finish Mark                       102 us
[4.786s][info][gc,stats]   Update Region States                1 us
[4.786s][info][gc,stats]   Choose Collection Set               6 us
[4.786s][info][gc,stats]   Rebuild Free Set                    2 us
[4.786s][info][gc,stats] Concurrent Weak References           82 us, parallelism: 0.35x
[4.786s][info][gc,stats]   CWRF: <total>                      29 us
[4.786s][info][gc,stats]   CWRF: Weak References              29 us, workers (us):  29, ---, ---,
[4.786s][info][gc,stats] Concurrent Weak Roots               414 us
[4.786s][info][gc,stats]   Roots                             364 us, parallelism: 0.79x
[4.786s][info][gc,stats]     CWR: <total>                    289 us
[4.786s][info][gc,stats]     CWR: Code Cache Roots           132 us, workers (us): 132, ---, ---,
[4.786s][info][gc,stats]     CWR: VM Weak Roots              147 us, workers (us): 147, ---, ---,
[4.786s][info][gc,stats]     CWR: CLDG Roots                  10 us, workers (us):  10, ---, ---,
[4.786s][info][gc,stats]   Rendezvous                         43 us
[4.786s][info][gc,stats] Concurrent Cleanup                   45 us
[4.786s][info][gc,stats] Concurrent Class Unloading         2293 us
[4.786s][info][gc,stats]   Unlink Stale                     2178 us
[4.786s][info][gc,stats]     System Dictionary                12 us
[4.786s][info][gc,stats]     Weak Class Links                  0 us
[4.786s][info][gc,stats]     Code Roots                     2164 us
[4.786s][info][gc,stats]   Rendezvous                         51 us
[4.786s][info][gc,stats]   Purge Unlinked                     55 us
[4.786s][info][gc,stats]     Code Roots                       49 us
[4.786s][info][gc,stats]     CLDG                              5 us
[4.786s][info][gc,stats]     Exception Caches                  0 us
[4.786s][info][gc,stats] Pause Final Roots (G)                94 us
[4.786s][info][gc,stats] Pause Final Roots (N)                 5 us
[4.786s][info][gc,stats] Pacing                            27065 us
[4.786s][info][gc,stats]
[4.786s][info][gc,stats] Allocation pacing accrued:
[4.786s][info][gc,stats]      27 of    32 ms ( 85.6%): thread3
[4.786s][info][gc,stats]      27 of    32 ms ( 85.6%): <total>
[4.786s][info][gc,stats]       2 of    32 ms (  4.8%): <average total>
[4.786s][info][gc,stats]      27 of    32 ms ( 85.6%): <average non-zero>
[4.786s][info][gc,stats]
[4.804s][info][gc,stats]
[4.804s][info][gc,stats] All times are wall-clock times, except per-root-class counters, that are sum over
[4.804s][info][gc,stats] all workers. Dividing the <total> over the root stage time estimates parallelism.
[4.804s][info][gc,stats]
[4.804s][info][gc,stats] Concurrent Reset                     55 us
[4.804s][info][gc,stats] Pause Init Mark (G)                  95 us
[4.804s][info][gc,stats] Pause Init Mark (N)                  15 us
[4.804s][info][gc,stats]   Update Region States                1 us
[4.804s][info][gc,stats] Concurrent Mark Roots               496 us, parallelism: 0.90x
[4.804s][info][gc,stats]   CMR: <total>                      447 us
[4.804s][info][gc,stats]   CMR: Thread Roots                 203 us, workers (us): 203, ---, ---,
[4.804s][info][gc,stats]   CMR: VM Strong Roots               21 us, workers (us):  21, ---, ---,
[4.804s][info][gc,stats]   CMR: CLDG Roots                   223 us, workers (us): 223, ---, ---,
[4.804s][info][gc,stats] Concurrent Marking                12050 us
[4.804s][info][gc,stats] Pause Final Mark (G)                271 us
[4.804s][info][gc,stats] Pause Final Mark (N)                136 us
[4.804s][info][gc,stats]   Finish Mark                       103 us
[4.804s][info][gc,stats]   Update Region States                2 us
[4.804s][info][gc,stats]   Choose Collection Set              11 us
[4.804s][info][gc,stats]   Rebuild Free Set                    3 us
[4.804s][info][gc,stats] Concurrent Weak References           89 us, parallelism: 0.30x
[4.804s][info][gc,stats]   CWRF: <total>                      27 us
[4.804s][info][gc,stats]   CWRF: Weak References              27 us, workers (us):  27, ---, ---,
[4.804s][info][gc,stats] Concurrent Weak Roots               414 us
[4.804s][info][gc,stats]   Roots                             331 us, parallelism: 0.91x
[4.804s][info][gc,stats]     CWR: <total>                    301 us
[4.804s][info][gc,stats]     CWR: Code Cache Roots           138 us, workers (us): 138, ---, ---,
[4.804s][info][gc,stats]     CWR: VM Weak Roots              157 us, workers (us): 157, ---, ---,
[4.804s][info][gc,stats]     CWR: CLDG Roots                   6 us, workers (us):   6, ---, ---,
[4.804s][info][gc,stats]   Rendezvous                         79 us
[4.804s][info][gc,stats] Concurrent Cleanup                   83 us
[4.804s][info][gc,stats] Concurrent Class Unloading         2300 us
[4.804s][info][gc,stats]   Unlink Stale                     2165 us
[4.804s][info][gc,stats]     System Dictionary                 5 us
[4.804s][info][gc,stats]     Weak Class Links                  0 us
[4.804s][info][gc,stats]     Code Roots                     2158 us
[4.804s][info][gc,stats]   Rendezvous                         74 us
[4.804s][info][gc,stats]   Purge Unlinked                     56 us
[4.804s][info][gc,stats]     Code Roots                       49 us
[4.804s][info][gc,stats]     CLDG                              6 us
[4.804s][info][gc,stats]     Exception Caches                  0 us
[4.804s][info][gc,stats] Pause Final Roots (G)               117 us
[4.804s][info][gc,stats] Pause Final Roots (N)                 6 us
[4.804s][info][gc,stats] Pacing                            14021 us
[4.804s][info][gc,stats]
[4.804s][info][gc,stats] Allocation pacing accrued:
[4.804s][info][gc,stats]      14 of    17 ms ( 80.8%): thread3
[4.804s][info][gc,stats]      14 of    17 ms ( 80.8%): <total>
[4.804s][info][gc,stats]       1 of    17 ms (  4.5%): <average total>
[4.804s][info][gc,stats]      14 of    17 ms ( 80.8%): <average non-zero>
[4.804s][info][gc,stats]
[4.846s][info][gc,stats]
[4.846s][info][gc,stats] All times are wall-clock times, except per-root-class counters, that are sum over
[4.846s][info][gc,stats] all workers. Dividing the <total> over the root stage time estimates parallelism.
[4.846s][info][gc,stats]
[4.846s][info][gc,stats] Pause Degenerated GC (G)          29343 us
[4.846s][info][gc,stats] Pause Degenerated GC (N)          29218 us
[4.846s][info][gc,stats]   Degen STW Mark                   4961 us, parallelism: 2.96x
[4.846s][info][gc,stats]     DSM: <total>                  14669 us
[4.846s][info][gc,stats]     DSM: Thread Roots               180 us, workers (us):  60,  55,  65,
[4.846s][info][gc,stats]     DSM: VM Strong Roots             40 us, workers (us):   1,  38,   2,
[4.846s][info][gc,stats]     DSM: CLDG Roots                 307 us, workers (us): 292,   2,  13,
[4.846s][info][gc,stats]     DSM: Parallel Mark            14142 us, workers (us): 4549, 4801, 4793,
[4.846s][info][gc,stats]     System Purge                   5705 us
[4.846s][info][gc,stats]       Weak References                56 us, parallelism: 0.77x
[4.846s][info][gc,stats]         WRP: <total>                 43 us
[4.846s][info][gc,stats]         WRP: Weak References         43 us, workers (us):  32,  11,   0,
[4.846s][info][gc,stats]       Unload Classes               5376 us, parallelism: 0.51x
[4.846s][info][gc,stats]         DCU: <total>               2756 us
[4.846s][info][gc,stats]         DCU: Unload Code Caches     2756 us, workers (us): 909, 973, 874,
[4.846s][info][gc,stats]       Weak Roots                    241 us, parallelism: 2.54x
[4.846s][info][gc,stats]         DWR: <total>                611 us
[4.846s][info][gc,stats]         DWR: VM Weak Roots          611 us, workers (us): 217, 205, 188,
[4.846s][info][gc,stats]       CLDG                            0 us
[4.846s][info][gc,stats]   Update Region States                1 us
[4.846s][info][gc,stats]   Manage GC/TLABs                     6 us
[4.846s][info][gc,stats]   Choose Collection Set               3 us
[4.846s][info][gc,stats]   Rebuild Free Set                    2 us
[4.846s][info][gc,stats]   Cleanup                             1 us
[4.846s][info][gc,stats]   Pre Heap Dump                       0 us
[4.846s][info][gc,stats]   Prepare                            48 us
[4.846s][info][gc,stats]   Mark                            10547 us, parallelism: 1.22x
[4.846s][info][gc,stats]     FM: <total>                   12822 us
[4.846s][info][gc,stats]     FM: Thread Roots                106 us, workers (us):  44,  29,  33,
[4.846s][info][gc,stats]     FM: VM Strong Roots              28 us, workers (us):   0,  24,   3,
[4.846s][info][gc,stats]     FM: CLDG Roots                  176 us, workers (us): 169,   2,   5,
[4.846s][info][gc,stats]     FM: Parallel Mark             12512 us, workers (us): 4078, 4216, 4217,
[4.846s][info][gc,stats]     System Purge                   6204 us
[4.846s][info][gc,stats]       Weak References                64 us, parallelism: 0.74x
[4.846s][info][gc,stats]         WRP: <total>                 47 us
[4.846s][info][gc,stats]         WRP: Weak References         47 us, workers (us):  32,  12,   3,
[4.846s][info][gc,stats]       Unload Classes               5901 us, parallelism: 0.46x
[4.846s][info][gc,stats]         CU: <total>                2692 us
[4.846s][info][gc,stats]         CU: Unload Code Caches     2692 us, workers (us): 904, 880, 907,
[4.846s][info][gc,stats]       Weak Roots                    202 us, parallelism: 2.49x
[4.846s][info][gc,stats]         WR: <total>                 504 us
[4.846s][info][gc,stats]         WR: VM Weak Roots           504 us, workers (us): 180, 164, 160,
[4.846s][info][gc,stats]       CLDG                            1 us
[4.846s][info][gc,stats]   Calculate Addresses              2903 us
[4.846s][info][gc,stats]     Regular Objects                2898 us
[4.847s][info][gc,stats]     Humongous Objects                 1 us
[4.847s][info][gc,stats]   Adjust Pointers                  3200 us
[4.847s][info][gc,stats]     FA: <total>                    1478 us
[4.847s][info][gc,stats]     FA: Thread Roots                 54 us, workers (us):   2,  51,   1,
[4.847s][info][gc,stats]     FA: Code Cache Roots           1089 us, workers (us): 621, 108, 360,
[4.847s][info][gc,stats]     FA: VM Strong Roots              11 us, workers (us):   6,   3,   2,
[4.847s][info][gc,stats]     FA: VM Weak Roots               264 us, workers (us):  88,  89,  87,
[4.847s][info][gc,stats]     FA: CLDG Roots                   59 us, workers (us):   7,  43,   9,
[4.847s][info][gc,stats]   Copy Objects                     1488 us
[4.847s][info][gc,stats]     Regular Objects                1454 us
[4.847s][info][gc,stats]     Humongous Objects                 0 us
[4.847s][info][gc,stats]     Reset Complete Bitmap            27 us
[4.847s][info][gc,stats]     Rebuild Region Sets               5 us
[4.847s][info][gc,stats]   Post Heap Dump                      1 us
[4.847s][info][gc,stats]
[4.847s][info][gc,stats] Allocation pacing accrued:
[4.847s][info][gc,stats]       0 of    43 ms (  0.0%): <total>
[4.847s][info][gc,stats]       0 of    43 ms (  0.0%): <average total>
[4.847s][info][gc,stats]
[4.866s][info][gc,stats]
[4.866s][info][gc,stats] All times are wall-clock times, except per-root-class counters, that are sum over
[4.866s][info][gc,stats] all workers. Dividing the <total> over the root stage time estimates parallelism.
[4.866s][info][gc,stats]
[4.866s][info][gc,stats] Concurrent Reset                     39 us
[4.866s][info][gc,stats] Pause Init Mark (G)                 213 us
[4.866s][info][gc,stats] Pause Init Mark (N)                  30 us
[4.866s][info][gc,stats]   Update Region States                2 us
[4.866s][info][gc,stats] Concurrent Mark Roots               725 us, parallelism: 0.94x
[4.866s][info][gc,stats]   CMR: <total>                      682 us
[4.866s][info][gc,stats]   CMR: Thread Roots                 199 us, workers (us): 199, ---, ---,
[4.866s][info][gc,stats]   CMR: VM Strong Roots               40 us, workers (us):  40, ---, ---,
[4.866s][info][gc,stats]   CMR: CLDG Roots                   442 us, workers (us): 442, ---, ---,
[4.866s][info][gc,stats] Concurrent Marking                12764 us
[4.866s][info][gc,stats] Pause Final Mark (G)                199 us
[4.866s][info][gc,stats] Pause Final Mark (N)                 79 us
[4.866s][info][gc,stats]   Finish Mark                        52 us
[4.866s][info][gc,stats]   Update Region States                2 us
[4.866s][info][gc,stats]   Choose Collection Set              10 us
[4.866s][info][gc,stats]   Rebuild Free Set                    2 us
[4.866s][info][gc,stats] Concurrent Weak References          101 us, parallelism: 0.50x
[4.866s][info][gc,stats]   CWRF: <total>                      50 us
[4.866s][info][gc,stats]   CWRF: Weak References              50 us, workers (us):  50, ---, ---,
[4.866s][info][gc,stats] Concurrent Weak Roots               505 us
[4.866s][info][gc,stats]   Roots                             392 us, parallelism: 0.85x
[4.866s][info][gc,stats]     CWR: <total>                    333 us
[4.866s][info][gc,stats]     CWR: Code Cache Roots           182 us, workers (us): 182, ---, ---,
[4.866s][info][gc,stats]     CWR: VM Weak Roots              143 us, workers (us): 143, ---, ---,
[4.866s][info][gc,stats]     CWR: CLDG Roots                   8 us, workers (us):   8, ---, ---,
[4.866s][info][gc,stats]   Rendezvous                        106 us
[4.866s][info][gc,stats] Concurrent Cleanup                   52 us
[4.866s][info][gc,stats] Concurrent Class Unloading         2465 us
[4.866s][info][gc,stats]   Unlink Stale                     2346 us
[4.866s][info][gc,stats]     System Dictionary                 8 us
[4.866s][info][gc,stats]     Weak Class Links                  0 us
[4.866s][info][gc,stats]     Code Roots                     2336 us
[4.866s][info][gc,stats]   Rendezvous                         57 us
[4.866s][info][gc,stats]   Purge Unlinked                     56 us
[4.866s][info][gc,stats]     Code Roots                       52 us
[4.866s][info][gc,stats]     CLDG                              4 us
[4.866s][info][gc,stats]     Exception Caches                  0 us
[4.866s][info][gc,stats] Pause Final Roots (G)               140 us
[4.866s][info][gc,stats] Pause Final Roots (N)                 6 us
[4.866s][info][gc,stats] Pacing                            14101 us
[4.866s][info][gc,stats]
[4.866s][info][gc,stats] Allocation pacing accrued:
[4.866s][info][gc,stats]      14 of    19 ms ( 72.5%): thread3
[4.866s][info][gc,stats]      14 of    19 ms ( 72.5%): <total>
[4.866s][info][gc,stats]       1 of    19 ms (  4.0%): <average total>
[4.866s][info][gc,stats]      14 of    19 ms ( 72.5%): <average non-zero>
[4.866s][info][gc,stats]
[4.881s][info][gc,stats]
[4.881s][info][gc,stats] All times are wall-clock times, except per-root-class counters, that are sum over
[4.881s][info][gc,stats] all workers. Dividing the <total> over the root stage time estimates parallelism.
[4.881s][info][gc,stats]
[4.881s][info][gc,stats] Concurrent Reset                     47 us
[4.881s][info][gc,stats] Pause Init Mark (G)                 126 us
[4.881s][info][gc,stats] Pause Init Mark (N)                  15 us
[4.881s][info][gc,stats]   Update Region States                1 us
[4.881s][info][gc,stats] Concurrent Mark Roots               576 us, parallelism: 0.80x
[4.881s][info][gc,stats]   CMR: <total>                      459 us
[4.881s][info][gc,stats]   CMR: Thread Roots                 211 us, workers (us): 211, ---, ---,
[4.881s][info][gc,stats]   CMR: VM Strong Roots               25 us, workers (us):  25, ---, ---,
[4.881s][info][gc,stats]   CMR: CLDG Roots                   223 us, workers (us): 223, ---, ---,
[4.881s][info][gc,stats] Concurrent Marking                12506 us
[4.881s][info][gc,stats] Pacing                            13056 us
[4.881s][info][gc,stats]
[4.881s][info][gc,stats] Allocation pacing accrued:
[4.881s][info][gc,stats]      13 of    15 ms ( 87.0%): thread3
[4.881s][info][gc,stats]      13 of    15 ms ( 87.0%): <total>
[4.881s][info][gc,stats]       1 of    15 ms (  4.8%): <average total>
[4.881s][info][gc,stats]      13 of    15 ms ( 87.0%): <average non-zero>
[4.881s][info][gc,stats]
[4.903s][info][gc,stats]
[4.903s][info][gc,stats] All times are wall-clock times, except per-root-class counters, that are sum over
[4.903s][info][gc,stats] all workers. Dividing the <total> over the root stage time estimates parallelism.
[4.903s][info][gc,stats]
[4.903s][info][gc,stats]   Finish Mark                        55 us
[4.903s][info][gc,stats] Pause Degenerated GC (G)           6515 us
[4.903s][info][gc,stats] Pause Degenerated GC (N)           6211 us
[4.903s][info][gc,stats]     System Purge                   5889 us
[4.903s][info][gc,stats]       Weak References                72 us, parallelism: 0.74x
[4.903s][info][gc,stats]         WRP: <total>                 53 us
[4.903s][info][gc,stats]         WRP: Weak References         53 us, workers (us):  52,   1,   0,
[4.903s][info][gc,stats]       Unload Classes               5423 us, parallelism: 0.57x
[4.903s][info][gc,stats]         DCU: <total>               3085 us
[4.903s][info][gc,stats]         DCU: Unload Code Caches     3085 us, workers (us): 1019, 1036, 1030,
[4.903s][info][gc,stats]       Weak Roots                    360 us, parallelism: 2.68x
[4.903s][info][gc,stats]         DWR: <total>                966 us
[4.903s][info][gc,stats]         DWR: VM Weak Roots          966 us, workers (us): 320, 320, 326,
[4.903s][info][gc,stats]       CLDG                            1 us
[4.903s][info][gc,stats]   Update Region States                1 us
[4.903s][info][gc,stats]   Manage GC/TLABs                     5 us
[4.903s][info][gc,stats]   Choose Collection Set               9 us
[4.903s][info][gc,stats]   Rebuild Free Set                    2 us
[4.903s][info][gc,stats]   Cleanup                             2 us
[4.903s][info][gc,stats]
[4.903s][info][gc,stats] Allocation pacing accrued:
[4.903s][info][gc,stats]       0 of    22 ms (  0.0%): <total>
[4.903s][info][gc,stats]       0 of    22 ms (  0.0%): <average total>
[4.903s][info][gc,stats]
[4.920s][info][gc,stats]
[4.920s][info][gc,stats] All times are wall-clock times, except per-root-class counters, that are sum over
[4.921s][info][gc,stats] all workers. Dividing the <total> over the root stage time estimates parallelism.
[4.921s][info][gc,stats]
[4.921s][info][gc,stats] Concurrent Reset                     81 us
[4.921s][info][gc,stats] Pause Init Mark (G)                 107 us
[4.921s][info][gc,stats] Pause Init Mark (N)                  25 us
[4.921s][info][gc,stats]   Update Region States                0 us
[4.921s][info][gc,stats] Concurrent Mark Roots               683 us, parallelism: 0.94x
[4.921s][info][gc,stats]   CMR: <total>                      640 us
[4.921s][info][gc,stats]   CMR: Thread Roots                 278 us, workers (us): 278, ---, ---,
[4.921s][info][gc,stats]   CMR: VM Strong Roots               29 us, workers (us):  29, ---, ---,
[4.921s][info][gc,stats]   CMR: CLDG Roots                   333 us, workers (us): 333, ---, ---,
[4.921s][info][gc,stats] Concurrent Marking                12041 us
[4.921s][info][gc,stats] Pause Final Mark (G)                192 us
[4.921s][info][gc,stats] Pause Final Mark (N)                 70 us
[4.921s][info][gc,stats]   Finish Mark                        48 us
[4.921s][info][gc,stats]   Update Region States                1 us
[4.921s][info][gc,stats]   Choose Collection Set               6 us
[4.921s][info][gc,stats]   Rebuild Free Set                    2 us
[4.921s][info][gc,stats] Concurrent Weak References           70 us, parallelism: 0.43x
[4.921s][info][gc,stats]   CWRF: <total>                      30 us
[4.921s][info][gc,stats]   CWRF: Weak References              30 us, workers (us):  30, ---, ---,
[4.921s][info][gc,stats] Concurrent Weak Roots               401 us
[4.921s][info][gc,stats]   Roots                             348 us, parallelism: 0.83x
[4.921s][info][gc,stats]     CWR: <total>                    288 us
[4.921s][info][gc,stats]     CWR: Code Cache Roots           144 us, workers (us): 144, ---, ---,
[4.921s][info][gc,stats]     CWR: VM Weak Roots              135 us, workers (us): 135, ---, ---,
[4.921s][info][gc,stats]     CWR: CLDG Roots                   8 us, workers (us):   8, ---, ---,
[4.921s][info][gc,stats]   Rendezvous                         49 us
[4.921s][info][gc,stats] Concurrent Cleanup                   36 us
[4.921s][info][gc,stats] Concurrent Class Unloading         2184 us
[4.921s][info][gc,stats]   Unlink Stale                     2083 us
[4.921s][info][gc,stats]     System Dictionary                10 us
[4.921s][info][gc,stats]     Weak Class Links                  0 us
[4.921s][info][gc,stats]     Code Roots                     2072 us
[4.921s][info][gc,stats]   Rendezvous                         52 us
[4.921s][info][gc,stats]   Purge Unlinked                     45 us
[4.921s][info][gc,stats]     Code Roots                       40 us
[4.921s][info][gc,stats]     CLDG                              4 us
[4.921s][info][gc,stats]     Exception Caches                  0 us
[4.921s][info][gc,stats] Pause Final Roots (G)                95 us
[4.921s][info][gc,stats] Pause Final Roots (N)                 7 us
[4.921s][info][gc,stats]
[4.921s][info][gc,stats] Allocation pacing accrued:
[4.921s][info][gc,stats]       0 of    18 ms (  0.0%): <total>
[4.921s][info][gc,stats]       0 of    18 ms (  0.0%): <average total>
[4.921s][info][gc,stats]
[4.944s][info][gc,stats]
[4.944s][info][gc,stats] All times are wall-clock times, except per-root-class counters, that are sum over
[4.944s][info][gc,stats] all workers. Dividing the <total> over the root stage time estimates parallelism.
[4.944s][info][gc,stats]
[4.944s][info][gc,stats] Concurrent Reset                     54 us
[4.944s][info][gc,stats] Pause Init Mark (G)                 191 us
[4.944s][info][gc,stats] Pause Init Mark (N)                  14 us
[4.944s][info][gc,stats]   Update Region States                0 us
[4.944s][info][gc,stats] Concurrent Mark Roots               494 us, parallelism: 0.89x
[4.944s][info][gc,stats]   CMR: <total>                      441 us
[4.944s][info][gc,stats]   CMR: Thread Roots                 188 us, workers (us): 188, ---, ---,
[4.944s][info][gc,stats]   CMR: VM Strong Roots               21 us, workers (us):  21, ---, ---,
[4.944s][info][gc,stats]   CMR: CLDG Roots                   231 us, workers (us): 231, ---, ---,
[4.944s][info][gc,stats] Concurrent Marking                12087 us
[4.944s][info][gc,stats] Pause Final Mark (G)                203 us
[4.944s][info][gc,stats] Pause Final Mark (N)                100 us
[4.944s][info][gc,stats]   Finish Mark                        80 us
[4.944s][info][gc,stats]   Update Region States                1 us
[4.944s][info][gc,stats]   Choose Collection Set               3 us
[4.944s][info][gc,stats]   Rebuild Free Set                    3 us
[4.944s][info][gc,stats] Concurrent Weak References           93 us, parallelism: 0.41x
[4.944s][info][gc,stats]   CWRF: <total>                      38 us
[4.944s][info][gc,stats]   CWRF: Weak References              38 us, workers (us):  38, ---, ---,
[4.944s][info][gc,stats] Concurrent Weak Roots               440 us
[4.944s][info][gc,stats]   Roots                             337 us, parallelism: 0.82x
[4.944s][info][gc,stats]     CWR: <total>                    276 us
[4.944s][info][gc,stats]     CWR: Code Cache Roots           130 us, workers (us): 130, ---, ---,
[4.944s][info][gc,stats]     CWR: VM Weak Roots              138 us, workers (us): 138, ---, ---,
[4.944s][info][gc,stats]     CWR: CLDG Roots                   8 us, workers (us):   8, ---, ---,
[4.944s][info][gc,stats]   Rendezvous                         96 us
[4.944s][info][gc,stats] Concurrent Cleanup                    3 us
[4.944s][info][gc,stats] Concurrent Class Unloading         2293 us
[4.944s][info][gc,stats]   Unlink Stale                     2185 us
[4.944s][info][gc,stats]     System Dictionary                 7 us
[4.944s][info][gc,stats]     Weak Class Links                  0 us
[4.944s][info][gc,stats]     Code Roots                     2175 us
[4.944s][info][gc,stats]   Rendezvous                         46 us
[4.944s][info][gc,stats]   Purge Unlinked                     56 us
[4.944s][info][gc,stats]     Code Roots                       49 us
[4.944s][info][gc,stats]     CLDG                              6 us
[4.944s][info][gc,stats]     Exception Caches                  0 us
[4.944s][info][gc,stats] Pause Final Roots (G)               170 us
[4.944s][info][gc,stats] Pause Final Roots (N)                 6 us
[4.944s][info][gc,stats] Pacing                            34397 us
[4.944s][info][gc,stats]
[4.944s][info][gc,stats] Allocation pacing accrued:
[4.944s][info][gc,stats]      34 of    23 ms (148.3%): thread3
[4.944s][info][gc,stats]      34 of    23 ms (148.3%): <total>
[4.944s][info][gc,stats]       2 of    23 ms (  8.2%): <average total>
[4.944s][info][gc,stats]      34 of    23 ms (148.3%): <average non-zero>
[4.944s][info][gc,stats]
[4.958s][info][gc,stats]
[4.958s][info][gc,stats] All times are wall-clock times, except per-root-class counters, that are sum over
[4.958s][info][gc,stats] all workers. Dividing the <total> over the root stage time estimates parallelism.
[4.958s][info][gc,stats]
[4.958s][info][gc,stats] Concurrent Reset                     49 us
[4.958s][info][gc,stats] Pause Init Mark (G)                 145 us
[4.958s][info][gc,stats] Pause Init Mark (N)                  14 us
[4.958s][info][gc,stats]   Update Region States                0 us
[4.958s][info][gc,stats] Concurrent Mark Roots               579 us, parallelism: 0.85x
[4.958s][info][gc,stats]   CMR: <total>                      491 us
[4.958s][info][gc,stats]   CMR: Thread Roots                 216 us, workers (us): 216, ---, ---,
[4.958s][info][gc,stats]   CMR: VM Strong Roots               27 us, workers (us):  27, ---, ---,
[4.958s][info][gc,stats]   CMR: CLDG Roots                   248 us, workers (us): 248, ---, ---,
[4.958s][info][gc,stats] Concurrent Marking                11919 us
[4.958s][info][gc,stats] Pacing                            12535 us
[4.958s][info][gc,stats]
[4.958s][info][gc,stats] Allocation pacing accrued:
[4.958s][info][gc,stats]      13 of    14 ms ( 86.9%): thread3
[4.958s][info][gc,stats]      13 of    14 ms ( 86.9%): <total>
[4.959s][info][gc,stats]       1 of    14 ms (  4.8%): <average total>
[4.959s][info][gc,stats]      13 of    14 ms ( 86.9%): <average non-zero>
[4.959s][info][gc,stats]
[4.981s][info][gc,stats]
[4.981s][info][gc,stats] All times are wall-clock times, except per-root-class counters, that are sum over
[4.981s][info][gc,stats] all workers. Dividing the <total> over the root stage time estimates parallelism.
[4.981s][info][gc,stats]
[4.981s][info][gc,stats]   Finish Mark                       532 us
[4.981s][info][gc,stats] Pause Degenerated GC (G)           7144 us
[4.981s][info][gc,stats] Pause Degenerated GC (N)           7003 us
[4.981s][info][gc,stats]     System Purge                   6020 us
[4.981s][info][gc,stats]       Weak References                54 us, parallelism: 0.61x
[4.981s][info][gc,stats]         WRP: <total>                 33 us
[4.981s][info][gc,stats]         WRP: Weak References         33 us, workers (us):  32,   0,   0,
[4.981s][info][gc,stats]       Unload Classes               5677 us, parallelism: 0.59x
[4.981s][info][gc,stats]         DCU: <total>               3332 us
[4.981s][info][gc,stats]         DCU: Unload Code Caches     3332 us, workers (us): 1118, 1090, 1124,
[4.981s][info][gc,stats]       Weak Roots                    255 us, parallelism: 2.56x
[4.981s][info][gc,stats]         DWR: <total>                654 us
[4.981s][info][gc,stats]         DWR: VM Weak Roots          654 us, workers (us): 229, 218, 206,
[4.981s][info][gc,stats]       CLDG                            0 us
[4.981s][info][gc,stats]   Update Region States                1 us
[4.981s][info][gc,stats]   Manage GC/TLABs                     5 us
[4.981s][info][gc,stats]   Choose Collection Set               7 us
[4.981s][info][gc,stats]   Rebuild Free Set                    2 us
[4.981s][info][gc,stats]   Cleanup                             1 us
[4.981s][info][gc,stats]
[4.981s][info][gc,stats] Allocation pacing accrued:
[4.981s][info][gc,stats]       0 of    23 ms (  0.0%): <total>
[4.981s][info][gc,stats]       0 of    23 ms (  0.0%): <average total>
[4.981s][info][gc,stats]
[5.000s][info][gc,stats]
[5.000s][info][gc,stats] All times are wall-clock times, except per-root-class counters, that are sum over
[5.000s][info][gc,stats] all workers. Dividing the <total> over the root stage time estimates parallelism.
[5.000s][info][gc,stats]
[5.000s][info][gc,stats] Concurrent Reset                     48 us
[5.000s][info][gc,stats] Pause Init Mark (G)                 162 us
[5.000s][info][gc,stats] Pause Init Mark (N)                  15 us
[5.000s][info][gc,stats]   Update Region States                1 us
[5.000s][info][gc,stats] Concurrent Mark Roots               540 us, parallelism: 0.88x
[5.000s][info][gc,stats]   CMR: <total>                      472 us
[5.000s][info][gc,stats]   CMR: Thread Roots                 236 us, workers (us): 236, ---, ---,
[5.000s][info][gc,stats]   CMR: VM Strong Roots               22 us, workers (us):  22, ---, ---,
[5.000s][info][gc,stats]   CMR: CLDG Roots                   215 us, workers (us): 215, ---, ---,
[5.000s][info][gc,stats] Concurrent Marking                12905 us
[5.000s][info][gc,stats] Pause Final Mark (G)                212 us
[5.000s][info][gc,stats] Pause Final Mark (N)                130 us
[5.000s][info][gc,stats]   Finish Mark                       109 us
[5.000s][info][gc,stats]   Update Region States                1 us
[5.000s][info][gc,stats]   Choose Collection Set               6 us
[5.000s][info][gc,stats]   Rebuild Free Set                    1 us
[5.000s][info][gc,stats] Concurrent Weak References          149 us, parallelism: 0.58x
[5.000s][info][gc,stats]   CWRF: <total>                      87 us
[5.000s][info][gc,stats]   CWRF: Weak References              87 us, workers (us):  87, ---, ---,
[5.000s][info][gc,stats] Concurrent Weak Roots               385 us
[5.000s][info][gc,stats]   Roots                             315 us, parallelism: 0.88x
[5.000s][info][gc,stats]     CWR: <total>                    277 us
[5.000s][info][gc,stats]     CWR: Code Cache Roots           129 us, workers (us): 129, ---, ---,
[5.000s][info][gc,stats]     CWR: VM Weak Roots              140 us, workers (us): 140, ---, ---,
[5.000s][info][gc,stats]     CWR: CLDG Roots                   8 us, workers (us):   8, ---, ---,
[5.000s][info][gc,stats]   Rendezvous                         67 us
[5.000s][info][gc,stats] Concurrent Cleanup                   39 us
[5.000s][info][gc,stats] Concurrent Class Unloading         2188 us
[5.000s][info][gc,stats]   Unlink Stale                     2091 us
[5.000s][info][gc,stats]     System Dictionary                 4 us
[5.000s][info][gc,stats]     Weak Class Links                  0 us
[5.000s][info][gc,stats]     Code Roots                     2086 us
[5.000s][info][gc,stats]   Rendezvous                         34 us
[5.000s][info][gc,stats]   Purge Unlinked                     59 us
[5.000s][info][gc,stats]     Code Roots                       54 us
[5.000s][info][gc,stats]     CLDG                              5 us
[5.000s][info][gc,stats]     Exception Caches                  0 us
[5.000s][info][gc,stats] Pause Final Roots (G)               139 us
[5.000s][info][gc,stats] Pause Final Roots (N)                 5 us
[5.000s][info][gc,stats] Pacing                             7076 us
[5.000s][info][gc,stats]
[5.000s][info][gc,stats] Allocation pacing accrued:
[5.000s][info][gc,stats]       7 of    19 ms ( 37.1%): thread3
[5.000s][info][gc,stats]       7 of    19 ms ( 37.1%): <total>
[5.000s][info][gc,stats]       0 of    19 ms (  2.1%): <average total>
[5.000s][info][gc,stats]       7 of    19 ms ( 37.1%): <average non-zero>
[5.000s][info][gc,stats]
[5.023s][info][gc,stats]
[5.023s][info][gc,stats] All times are wall-clock times, except per-root-class counters, that are sum over
[5.023s][info][gc,stats] all workers. Dividing the <total> over the root stage time estimates parallelism.
[5.023s][info][gc,stats]
[5.023s][info][gc,stats] Concurrent Reset                     37 us
[5.023s][info][gc,stats] Pause Init Mark (G)                 103 us
[5.023s][info][gc,stats] Pause Init Mark (N)                  14 us
[5.023s][info][gc,stats]   Update Region States                1 us
[5.023s][info][gc,stats] Concurrent Mark Roots               951 us, parallelism: 0.91x
[5.023s][info][gc,stats]   CMR: <total>                      862 us
[5.023s][info][gc,stats]   CMR: Thread Roots                 368 us, workers (us): 368, ---, ---,
[5.023s][info][gc,stats]   CMR: VM Strong Roots               37 us, workers (us):  37, ---, ---,
[5.023s][info][gc,stats]   CMR: CLDG Roots                   458 us, workers (us): 458, ---, ---,
[5.023s][info][gc,stats] Concurrent Marking                12605 us
[5.023s][info][gc,stats] Pause Final Mark (G)                262 us
[5.023s][info][gc,stats] Pause Final Mark (N)                113 us
[5.023s][info][gc,stats]   Finish Mark                        80 us
[5.023s][info][gc,stats]   Update Region States                2 us
[5.023s][info][gc,stats]   Choose Collection Set               8 us
[5.023s][info][gc,stats]   Rebuild Free Set                    3 us
[5.023s][info][gc,stats] Concurrent Weak References          128 us, parallelism: 0.52x
[5.023s][info][gc,stats]   CWRF: <total>                      66 us
[5.023s][info][gc,stats]   CWRF: Weak References              66 us, workers (us):  66, ---, ---,
[5.023s][info][gc,stats] Concurrent Weak Roots               647 us
[5.023s][info][gc,stats]   Roots                             557 us, parallelism: 0.84x
[5.023s][info][gc,stats]     CWR: <total>                    466 us
[5.023s][info][gc,stats]     CWR: Code Cache Roots           173 us, workers (us): 173, ---, ---,
[5.023s][info][gc,stats]     CWR: VM Weak Roots              284 us, workers (us): 284, ---, ---,
[5.023s][info][gc,stats]     CWR: CLDG Roots                  10 us, workers (us):  10, ---, ---,
[5.023s][info][gc,stats]   Rendezvous                         83 us
[5.023s][info][gc,stats] Concurrent Cleanup                   41 us
[5.023s][info][gc,stats] Concurrent Class Unloading         2711 us
[5.023s][info][gc,stats]   Unlink Stale                     2587 us
[5.023s][info][gc,stats]     System Dictionary                12 us
[5.023s][info][gc,stats]     Weak Class Links                  0 us
[5.023s][info][gc,stats]     Code Roots                     2573 us
[5.023s][info][gc,stats]   Rendezvous                         71 us
[5.023s][info][gc,stats]   Purge Unlinked                     48 us
[5.023s][info][gc,stats]     Code Roots                       43 us
[5.023s][info][gc,stats]     CLDG                              4 us
[5.023s][info][gc,stats]     Exception Caches                  0 us
[5.023s][info][gc,stats] Pause Final Roots (G)               114 us
[5.023s][info][gc,stats] Pause Final Roots (N)                 5 us
[5.023s][info][gc,stats] Pacing                            25339 us
[5.023s][info][gc,stats]
[5.023s][info][gc,stats] Allocation pacing accrued:
[5.023s][info][gc,stats]      25 of    23 ms (108.5%): thread3
[5.023s][info][gc,stats]      25 of    23 ms (108.5%): <total>
[5.023s][info][gc,stats]       1 of    23 ms (  6.0%): <average total>
[5.023s][info][gc,stats]      25 of    23 ms (108.5%): <average non-zero>
[5.023s][info][gc,stats]
[5.048s][info][gc,stats]
[5.048s][info][gc,stats] All times are wall-clock times, except per-root-class counters, that are sum over
[5.048s][info][gc,stats] all workers. Dividing the <total> over the root stage time estimates parallelism.
[5.048s][info][gc,stats]
[5.049s][info][gc,stats] Pause Degenerated GC (G)          11408 us
[5.049s][info][gc,stats] Pause Degenerated GC (N)          11253 us
[5.049s][info][gc,stats]   Degen STW Mark                   5014 us, parallelism: 2.94x
[5.049s][info][gc,stats]     DSM: <total>                  14760 us
[5.049s][info][gc,stats]     DSM: Thread Roots               177 us, workers (us):  68,  56,  53,
[5.049s][info][gc,stats]     DSM: VM Strong Roots             54 us, workers (us):   1,  26,  27,
[5.049s][info][gc,stats]     DSM: CLDG Roots                 331 us, workers (us): 314,   8,   8,
[5.049s][info][gc,stats]     DSM: Parallel Mark            14198 us, workers (us): 4550, 4825, 4823,
[5.049s][info][gc,stats]     System Purge                   5813 us
[5.049s][info][gc,stats]       Weak References                66 us, parallelism: 0.74x
[5.049s][info][gc,stats]         WRP: <total>                 49 us
[5.049s][info][gc,stats]         WRP: Weak References         49 us, workers (us):  38,  10,   0,
[5.049s][info][gc,stats]       Unload Classes               5426 us, parallelism: 0.44x
[5.049s][info][gc,stats]         DCU: <total>               2388 us
[5.049s][info][gc,stats]         DCU: Unload Code Caches     2388 us, workers (us): 824, 794, 770,
[5.049s][info][gc,stats]       Weak Roots                    286 us, parallelism: 2.21x
[5.049s][info][gc,stats]         DWR: <total>                634 us
[5.049s][info][gc,stats]         DWR: VM Weak Roots          634 us, workers (us): 209, 198, 227,
[5.049s][info][gc,stats]       CLDG                            1 us
[5.049s][info][gc,stats]   Update Region States                1 us
[5.049s][info][gc,stats]   Manage GC/TLABs                     6 us
[5.049s][info][gc,stats]   Choose Collection Set               8 us
[5.049s][info][gc,stats]   Rebuild Free Set                    2 us
[5.049s][info][gc,stats]   Cleanup                             1 us
[5.049s][info][gc,stats] Pacing                            13603 us
[5.049s][info][gc,stats]
[5.049s][info][gc,stats] Allocation pacing accrued:
[5.049s][info][gc,stats]      14 of    25 ms ( 53.6%): thread3
[5.049s][info][gc,stats]      14 of    25 ms ( 53.6%): <total>
[5.049s][info][gc,stats]       1 of    25 ms (  3.0%): <average total>
[5.049s][info][gc,stats]      14 of    25 ms ( 53.6%): <average non-zero>
[5.049s][info][gc,stats]
[5.069s][info][gc,stats]
[5.069s][info][gc,stats] All times are wall-clock times, except per-root-class counters, that are sum over
[5.069s][info][gc,stats] all workers. Dividing the <total> over the root stage time estimates parallelism.
[5.069s][info][gc,stats]
[5.069s][info][gc,stats] Concurrent Reset                     78 us
[5.069s][info][gc,stats] Pause Init Mark (G)                 206 us
[5.069s][info][gc,stats] Pause Init Mark (N)                  28 us
[5.069s][info][gc,stats]   Update Region States                1 us
[5.069s][info][gc,stats] Concurrent Mark Roots               952 us, parallelism: 0.90x
[5.069s][info][gc,stats]   CMR: <total>                      856 us
[5.069s][info][gc,stats]   CMR: Thread Roots                 374 us, workers (us): 374, ---, ---,
[5.069s][info][gc,stats]   CMR: VM Strong Roots               37 us, workers (us):  37, ---, ---,
[5.069s][info][gc,stats]   CMR: CLDG Roots                   445 us, workers (us): 445, ---, ---,
[5.069s][info][gc,stats] Concurrent Marking                13046 us
[5.069s][info][gc,stats] Pause Final Mark (G)                374 us
[5.069s][info][gc,stats] Pause Final Mark (N)                150 us
[5.069s][info][gc,stats]   Finish Mark                       116 us
[5.069s][info][gc,stats]   Update Region States                2 us
[5.069s][info][gc,stats]   Choose Collection Set               9 us
[5.069s][info][gc,stats]   Rebuild Free Set                    3 us
[5.069s][info][gc,stats] Concurrent Weak References          158 us, parallelism: 0.38x
[5.069s][info][gc,stats]   CWRF: <total>                      61 us
[5.069s][info][gc,stats]   CWRF: Weak References              61 us, workers (us):  61, ---, ---,
[5.069s][info][gc,stats] Concurrent Weak Roots               799 us
[5.069s][info][gc,stats]   Roots                             725 us, parallelism: 0.83x
[5.069s][info][gc,stats]     CWR: <total>                    602 us
[5.069s][info][gc,stats]     CWR: Code Cache Roots           219 us, workers (us): 219, ---, ---,
[5.069s][info][gc,stats]     CWR: VM Weak Roots              369 us, workers (us): 369, ---, ---,
[5.069s][info][gc,stats]     CWR: CLDG Roots                  14 us, workers (us):  14, ---, ---,
[5.069s][info][gc,stats]   Rendezvous                         64 us
[5.069s][info][gc,stats] Concurrent Cleanup                   58 us
[5.069s][info][gc,stats] Concurrent Class Unloading         2315 us
[5.069s][info][gc,stats]   Unlink Stale                     2168 us
[5.069s][info][gc,stats]     System Dictionary                11 us
[5.069s][info][gc,stats]     Weak Class Links                  0 us
[5.069s][info][gc,stats]     Code Roots                     2155 us
[5.069s][info][gc,stats]   Rendezvous                        117 us
[5.069s][info][gc,stats]   Purge Unlinked                     25 us
[5.069s][info][gc,stats]     Code Roots                       23 us
[5.069s][info][gc,stats]     CLDG                              2 us
[5.069s][info][gc,stats]     Exception Caches                  0 us
[5.069s][info][gc,stats] Pause Final Roots (G)               125 us
[5.069s][info][gc,stats] Pause Final Roots (N)                 4 us
[5.069s][info][gc,stats] Pacing                            16277 us
[5.069s][info][gc,stats]
[5.069s][info][gc,stats] Allocation pacing accrued:
[5.069s][info][gc,stats]      16 of    20 ms ( 80.7%): thread3
[5.069s][info][gc,stats]      16 of    20 ms ( 80.7%): <total>
[5.069s][info][gc,stats]       1 of    20 ms (  4.5%): <average total>
[5.069s][info][gc,stats]      16 of    20 ms ( 80.7%): <average non-zero>
[5.069s][info][gc,stats]
[5.087s][info][gc,stats]
[5.087s][info][gc,stats] All times are wall-clock times, except per-root-class counters, that are sum over
[5.087s][info][gc,stats] all workers. Dividing the <total> over the root stage time estimates parallelism.
[5.087s][info][gc,stats]
[5.087s][info][gc,stats] Concurrent Reset                     43 us
[5.087s][info][gc,stats] Pause Init Mark (G)                 100 us
[5.087s][info][gc,stats] Pause Init Mark (N)                  14 us
[5.087s][info][gc,stats]   Update Region States                0 us
[5.087s][info][gc,stats] Concurrent Mark Roots               502 us, parallelism: 0.91x
[5.087s][info][gc,stats]   CMR: <total>                      458 us
[5.087s][info][gc,stats]   CMR: Thread Roots                 212 us, workers (us): 212, ---, ---,
[5.087s][info][gc,stats]   CMR: VM Strong Roots               22 us, workers (us):  22, ---, ---,
[5.087s][info][gc,stats]   CMR: CLDG Roots                   224 us, workers (us): 224, ---, ---,
[5.087s][info][gc,stats] Concurrent Marking                11944 us
[5.087s][info][gc,stats] Pause Final Mark (G)                303 us
[5.087s][info][gc,stats] Pause Final Mark (N)                173 us
[5.087s][info][gc,stats]   Finish Mark                       144 us
[5.087s][info][gc,stats]   Update Region States                1 us
[5.087s][info][gc,stats]   Choose Collection Set              10 us
[5.087s][info][gc,stats]   Rebuild Free Set                    2 us
[5.087s][info][gc,stats] Concurrent Weak References          126 us, parallelism: 0.35x
[5.087s][info][gc,stats]   CWRF: <total>                      44 us
[5.087s][info][gc,stats]   CWRF: Weak References              44 us, workers (us):  44, ---, ---,
[5.087s][info][gc,stats] Concurrent Weak Roots               439 us
[5.087s][info][gc,stats]   Roots                             352 us, parallelism: 0.83x
[5.087s][info][gc,stats]     CWR: <total>                    292 us
[5.087s][info][gc,stats]     CWR: Code Cache Roots           147 us, workers (us): 147, ---, ---,
[5.087s][info][gc,stats]     CWR: VM Weak Roots              139 us, workers (us): 139, ---, ---,
[5.087s][info][gc,stats]     CWR: CLDG Roots                   6 us, workers (us):   6, ---, ---,
[5.087s][info][gc,stats]   Rendezvous                         80 us
[5.087s][info][gc,stats] Concurrent Cleanup                   97 us
[5.087s][info][gc,stats] Concurrent Class Unloading         2444 us
[5.087s][info][gc,stats]   Unlink Stale                     2198 us
[5.087s][info][gc,stats]     System Dictionary                 7 us
[5.087s][info][gc,stats]     Weak Class Links                  0 us
[5.087s][info][gc,stats]     Code Roots                     2187 us
[5.087s][info][gc,stats]   Rendezvous                         90 us
[5.087s][info][gc,stats]   Purge Unlinked                    146 us
[5.087s][info][gc,stats]     Code Roots                      126 us
[5.087s][info][gc,stats]     CLDG                             19 us
[5.087s][info][gc,stats]     Exception Caches                  1 us
[5.087s][info][gc,stats] Pause Final Roots (G)               128 us
[5.087s][info][gc,stats] Pause Final Roots (N)                 6 us
[5.087s][info][gc,stats] Pacing                            13078 us
[5.087s][info][gc,stats]
[5.087s][info][gc,stats] Allocation pacing accrued:
[5.087s][info][gc,stats]      13 of    18 ms ( 72.5%): thread3
[5.087s][info][gc,stats]      13 of    18 ms ( 72.5%): <total>
[5.087s][info][gc,stats]       1 of    18 ms (  4.0%): <average total>
[5.087s][info][gc,stats]      13 of    18 ms ( 72.5%): <average non-zero>
[5.087s][info][gc,stats]
[5.119s][info][gc,stats]
[5.119s][info][gc,stats] All times are wall-clock times, except per-root-class counters, that are sum over
[5.119s][info][gc,stats] all workers. Dividing the <total> over the root stage time estimates parallelism.
[5.119s][info][gc,stats]
[5.119s][info][gc,stats] Concurrent Reset                     39 us
[5.120s][info][gc,stats] Pause Init Mark (G)                 207 us
[5.120s][info][gc,stats] Pause Init Mark (N)                  31 us
[5.120s][info][gc,stats]   Update Region States                2 us
[5.120s][info][gc,stats] Concurrent Mark Roots              1031 us, parallelism: 0.95x
[5.120s][info][gc,stats]   CMR: <total>                      976 us
[5.120s][info][gc,stats]   CMR: Thread Roots                 416 us, workers (us): 416, ---, ---,
[5.120s][info][gc,stats]   CMR: VM Strong Roots               43 us, workers (us):  43, ---, ---,
[5.120s][info][gc,stats]   CMR: CLDG Roots                   518 us, workers (us): 518, ---, ---,
[5.120s][info][gc,stats] Concurrent Marking                13729 us
[5.120s][info][gc,stats] Pause Final Mark (G)                341 us
[5.120s][info][gc,stats] Pause Final Mark (N)                153 us
[5.120s][info][gc,stats]   Finish Mark                       131 us
[5.120s][info][gc,stats]   Update Region States                1 us
[5.120s][info][gc,stats]   Choose Collection Set               6 us
[5.120s][info][gc,stats]   Rebuild Free Set                    2 us
[5.120s][info][gc,stats] Concurrent Weak References           91 us, parallelism: 0.31x
[5.120s][info][gc,stats]   CWRF: <total>                      28 us
[5.120s][info][gc,stats]   CWRF: Weak References              28 us, workers (us):  28, ---, ---,
[5.120s][info][gc,stats] Concurrent Weak Roots               432 us
[5.120s][info][gc,stats]   Roots                             347 us, parallelism: 0.80x
[5.120s][info][gc,stats]     CWR: <total>                    277 us
[5.120s][info][gc,stats]     CWR: Code Cache Roots           132 us, workers (us): 132, ---, ---,
[5.120s][info][gc,stats]     CWR: VM Weak Roots              136 us, workers (us): 136, ---, ---,
[5.120s][info][gc,stats]     CWR: CLDG Roots                   9 us, workers (us):   9, ---, ---,
[5.120s][info][gc,stats]   Rendezvous                         77 us
[5.120s][info][gc,stats] Concurrent Cleanup                   41 us
[5.120s][info][gc,stats] Concurrent Class Unloading         2715 us
[5.120s][info][gc,stats]   Unlink Stale                     2527 us
[5.120s][info][gc,stats]     System Dictionary                 8 us
[5.120s][info][gc,stats]     Weak Class Links                  0 us
[5.120s][info][gc,stats]     Code Roots                     2517 us
[5.120s][info][gc,stats]   Rendezvous                         97 us
[5.120s][info][gc,stats]   Purge Unlinked                     83 us
[5.120s][info][gc,stats]     Code Roots                       74 us
[5.120s][info][gc,stats]     CLDG                              7 us
[5.120s][info][gc,stats]     Exception Caches                  0 us
[5.120s][info][gc,stats] Pause Final Roots (G)               165 us
[5.120s][info][gc,stats] Pause Final Roots (N)                 7 us
[5.120s][info][gc,stats] Pacing                            28223 us
[5.120s][info][gc,stats]
[5.120s][info][gc,stats] Allocation pacing accrued:
[5.120s][info][gc,stats]      28 of    33 ms ( 86.0%): thread3
[5.120s][info][gc,stats]      28 of    33 ms ( 86.0%): <total>
[5.120s][info][gc,stats]       2 of    33 ms (  4.8%): <average total>
[5.120s][info][gc,stats]      28 of    33 ms ( 86.0%): <average non-zero>
[5.120s][info][gc,stats]
[5.144s][info][gc,stats]
[5.144s][info][gc,stats] All times are wall-clock times, except per-root-class counters, that are sum over
[5.144s][info][gc,stats] all workers. Dividing the <total> over the root stage time estimates parallelism.
[5.144s][info][gc,stats]
[5.144s][info][gc,stats] Pause Degenerated GC (G)          12312 us
[5.144s][info][gc,stats] Pause Degenerated GC (N)          12158 us
[5.144s][info][gc,stats]   Degen STW Mark                   4850 us, parallelism: 2.96x
[5.144s][info][gc,stats]     DSM: <total>                  14362 us
[5.144s][info][gc,stats]     DSM: Thread Roots               155 us, workers (us):  58,  52,  46,
[5.144s][info][gc,stats]     DSM: VM Strong Roots             30 us, workers (us):  11,  18,   0,
[5.144s][info][gc,stats]     DSM: CLDG Roots                 547 us, workers (us):   1,   2, 543,
[5.144s][info][gc,stats]     DSM: Parallel Mark            13629 us, workers (us): 4719, 4717, 4194,
[5.144s][info][gc,stats]     System Purge                   6773 us
[5.144s][info][gc,stats]       Weak References                70 us, parallelism: 0.58x
[5.144s][info][gc,stats]         WRP: <total>                 41 us
[5.144s][info][gc,stats]         WRP: Weak References         41 us, workers (us):  33,   8,   1,
[5.144s][info][gc,stats]       Unload Classes               6382 us, parallelism: 0.45x
[5.144s][info][gc,stats]         DCU: <total>               2855 us
[5.144s][info][gc,stats]         DCU: Unload Code Caches     2855 us, workers (us): 954, 976, 924,
[5.144s][info][gc,stats]       Weak Roots                    285 us, parallelism: 2.18x
[5.144s][info][gc,stats]         DWR: <total>                622 us
[5.144s][info][gc,stats]         DWR: VM Weak Roots          622 us, workers (us): 210, 201, 211,
[5.144s][info][gc,stats]       CLDG                            1 us
[5.144s][info][gc,stats]   Update Region States                2 us
[5.144s][info][gc,stats]   Manage GC/TLABs                     7 us
[5.144s][info][gc,stats]   Choose Collection Set               9 us
[5.144s][info][gc,stats]   Rebuild Free Set                    2 us
[5.144s][info][gc,stats]   Cleanup                             1 us
[5.144s][info][gc,stats] Pacing                            13153 us
[5.144s][info][gc,stats]
[5.144s][info][gc,stats] Allocation pacing accrued:
[5.144s][info][gc,stats]      13 of    25 ms ( 53.4%): thread3
[5.144s][info][gc,stats]      13 of    25 ms ( 53.4%): <total>
[5.144s][info][gc,stats]       1 of    25 ms (  3.0%): <average total>
[5.144s][info][gc,stats]      13 of    25 ms ( 53.4%): <average non-zero>
[5.144s][info][gc,stats]
[5.163s][info][gc,stats]
[5.163s][info][gc,stats] All times are wall-clock times, except per-root-class counters, that are sum over
[5.163s][info][gc,stats] all workers. Dividing the <total> over the root stage time estimates parallelism.
[5.163s][info][gc,stats]
[5.163s][info][gc,stats] Concurrent Reset                     51 us
[5.163s][info][gc,stats] Pause Init Mark (G)                 140 us
[5.163s][info][gc,stats] Pause Init Mark (N)                  14 us
[5.163s][info][gc,stats]   Update Region States                0 us
[5.163s][info][gc,stats] Concurrent Mark Roots               527 us, parallelism: 0.87x
[5.163s][info][gc,stats]   CMR: <total>                      456 us
[5.163s][info][gc,stats]   CMR: Thread Roots                 215 us, workers (us): 215, ---, ---,
[5.163s][info][gc,stats]   CMR: VM Strong Roots               21 us, workers (us):  21, ---, ---,
[5.163s][info][gc,stats]   CMR: CLDG Roots                   219 us, workers (us): 219, ---, ---,
[5.163s][info][gc,stats] Concurrent Marking                13529 us
[5.163s][info][gc,stats] Pause Final Mark (G)                242 us
[5.163s][info][gc,stats] Pause Final Mark (N)                147 us
[5.163s][info][gc,stats]   Finish Mark                       115 us
[5.163s][info][gc,stats]   Update Region States                2 us
[5.163s][info][gc,stats]   Choose Collection Set               9 us
[5.163s][info][gc,stats]   Rebuild Free Set                    4 us
[5.163s][info][gc,stats] Concurrent Weak References          152 us, parallelism: 0.58x
[5.163s][info][gc,stats]   CWRF: <total>                      88 us
[5.164s][info][gc,stats]   CWRF: Weak References              88 us, workers (us):  88, ---, ---,
[5.164s][info][gc,stats] Concurrent Weak Roots               731 us
[5.164s][info][gc,stats]   Roots                             654 us, parallelism: 0.92x
[5.164s][info][gc,stats]     CWR: <total>                    605 us
[5.164s][info][gc,stats]     CWR: Code Cache Roots           221 us, workers (us): 221, ---, ---,
[5.164s][info][gc,stats]     CWR: VM Weak Roots              368 us, workers (us): 368, ---, ---,
[5.164s][info][gc,stats]     CWR: CLDG Roots                  16 us, workers (us):  16, ---, ---,
[5.164s][info][gc,stats]   Rendezvous                         73 us
[5.164s][info][gc,stats] Concurrent Cleanup                   38 us
[5.164s][info][gc,stats] Concurrent Class Unloading         2250 us
[5.164s][info][gc,stats]   Unlink Stale                     2152 us
[5.164s][info][gc,stats]     System Dictionary                10 us
[5.164s][info][gc,stats]     Weak Class Links                  0 us
[5.164s][info][gc,stats]     Code Roots                     2140 us
[5.164s][info][gc,stats]   Rendezvous                         47 us
[5.164s][info][gc,stats]   Purge Unlinked                     47 us
[5.164s][info][gc,stats]     Code Roots                       42 us
[5.164s][info][gc,stats]     CLDG                              4 us
[5.164s][info][gc,stats]     Exception Caches                  0 us
[5.164s][info][gc,stats] Pause Final Roots (G)               122 us
[5.164s][info][gc,stats] Pause Final Roots (N)                 5 us
[5.164s][info][gc,stats] Pacing                            15993 us
[5.164s][info][gc,stats]
[5.164s][info][gc,stats] Allocation pacing accrued:
[5.164s][info][gc,stats]      16 of    19 ms ( 83.5%): thread3
[5.164s][info][gc,stats]      16 of    19 ms ( 83.5%): <total>
[5.164s][info][gc,stats]       1 of    19 ms (  4.6%): <average total>
[5.164s][info][gc,stats]      16 of    19 ms ( 83.5%): <average non-zero>
[5.164s][info][gc,stats]
[5.183s][info][gc,stats]
[5.183s][info][gc,stats] All times are wall-clock times, except per-root-class counters, that are sum over
[5.183s][info][gc,stats] all workers. Dividing the <total> over the root stage time estimates parallelism.
[5.183s][info][gc,stats]
[5.183s][info][gc,stats] Concurrent Reset                    112 us
[5.183s][info][gc,stats] Pause Init Mark (G)                 127 us
[5.183s][info][gc,stats] Pause Init Mark (N)                  19 us
[5.183s][info][gc,stats]   Update Region States                1 us
[5.183s][info][gc,stats] Concurrent Mark Roots               568 us, parallelism: 0.88x
[5.183s][info][gc,stats]   CMR: <total>                      500 us
[5.183s][info][gc,stats]   CMR: Thread Roots                 228 us, workers (us): 228, ---, ---,
[5.183s][info][gc,stats]   CMR: VM Strong Roots               30 us, workers (us):  30, ---, ---,
[5.183s][info][gc,stats]   CMR: CLDG Roots                   242 us, workers (us): 242, ---, ---,
[5.183s][info][gc,stats] Concurrent Marking                13173 us
[5.183s][info][gc,stats] Pause Final Mark (G)                213 us
[5.183s][info][gc,stats] Pause Final Mark (N)                102 us
[5.183s][info][gc,stats]   Finish Mark                        81 us
[5.183s][info][gc,stats]   Update Region States                1 us
[5.183s][info][gc,stats]   Choose Collection Set               6 us
[5.183s][info][gc,stats]   Rebuild Free Set                    2 us
[5.183s][info][gc,stats] Concurrent Weak References           62 us, parallelism: 0.47x
[5.183s][info][gc,stats]   CWRF: <total>                      29 us
[5.183s][info][gc,stats]   CWRF: Weak References              29 us, workers (us):  29, ---, ---,
[5.183s][info][gc,stats] Concurrent Weak Roots               613 us
[5.183s][info][gc,stats]   Roots                             560 us, parallelism: 0.87x
[5.183s][info][gc,stats]     CWR: <total>                    485 us
[5.183s][info][gc,stats]     CWR: Code Cache Roots           190 us, workers (us): 190, ---, ---,
[5.183s][info][gc,stats]     CWR: VM Weak Roots              280 us, workers (us): 280, ---, ---,
[5.183s][info][gc,stats]     CWR: CLDG Roots                  15 us, workers (us):  15, ---, ---,
[5.183s][info][gc,stats]   Rendezvous                         50 us
[5.183s][info][gc,stats] Concurrent Cleanup                   50 us
[5.183s][info][gc,stats] Concurrent Class Unloading         2352 us
[5.183s][info][gc,stats]   Unlink Stale                     2254 us
[5.183s][info][gc,stats]     System Dictionary                10 us
[5.183s][info][gc,stats]     Weak Class Links                  0 us
[5.183s][info][gc,stats]     Code Roots                     2243 us
[5.183s][info][gc,stats]   Rendezvous                         46 us
[5.183s][info][gc,stats]   Purge Unlinked                     46 us
[5.183s][info][gc,stats]     Code Roots                       39 us
[5.183s][info][gc,stats]     CLDG                              6 us
[5.183s][info][gc,stats]     Exception Caches                  0 us
[5.183s][info][gc,stats] Pause Final Roots (G)               160 us
[5.183s][info][gc,stats] Pause Final Roots (N)                 4 us
[5.183s][info][gc,stats] Pacing                            13268 us
[5.183s][info][gc,stats]
[5.183s][info][gc,stats] Allocation pacing accrued:
[5.183s][info][gc,stats]      13 of    20 ms ( 67.0%): thread3
[5.183s][info][gc,stats]      13 of    20 ms ( 67.0%): <total>
[5.183s][info][gc,stats]       1 of    20 ms (  3.7%): <average total>
[5.183s][info][gc,stats]      13 of    20 ms ( 67.0%): <average non-zero>
[5.183s][info][gc,stats]
[5.204s][info][gc,stats]
[5.204s][info][gc,stats] All times are wall-clock times, except per-root-class counters, that are sum over
[5.204s][info][gc,stats] all workers. Dividing the <total> over the root stage time estimates parallelism.
[5.204s][info][gc,stats]
[5.204s][info][gc,stats] Pause Degenerated GC (G)          11073 us
[5.204s][info][gc,stats] Pause Degenerated GC (N)          10942 us
[5.204s][info][gc,stats]   Degen STW Mark                   4651 us, parallelism: 2.96x
[5.204s][info][gc,stats]     DSM: <total>                  13785 us
[5.204s][info][gc,stats]     DSM: Thread Roots               114 us, workers (us):  36,  43,  35,
[5.204s][info][gc,stats]     DSM: VM Strong Roots             36 us, workers (us):  17,  19,   0,
[5.204s][info][gc,stats]     DSM: CLDG Roots                 225 us, workers (us):   2,   2, 222,
[5.204s][info][gc,stats]     DSM: Parallel Mark            13410 us, workers (us): 4543, 4531, 4336,
[5.204s][info][gc,stats]     System Purge                   5932 us
[5.204s][info][gc,stats]       Weak References                67 us, parallelism: 0.59x
[5.204s][info][gc,stats]         WRP: <total>                 40 us
[5.204s][info][gc,stats]         WRP: Weak References         40 us, workers (us):  32,   7,   1,
[5.204s][info][gc,stats]       Unload Classes               5578 us, parallelism: 0.53x
[5.204s][info][gc,stats]         DCU: <total>               2953 us
[5.204s][info][gc,stats]         DCU: Unload Code Caches     2953 us, workers (us): 944, 1102, 907,
[5.204s][info][gc,stats]       Weak Roots                    253 us, parallelism: 2.51x
[5.204s][info][gc,stats]         DWR: <total>                635 us
[5.204s][info][gc,stats]         DWR: VM Weak Roots          635 us, workers (us): 217, 207, 211,
[5.204s][info][gc,stats]       CLDG                            0 us
[5.204s][info][gc,stats]   Update Region States                2 us
[5.204s][info][gc,stats]   Manage GC/TLABs                     6 us
[5.204s][info][gc,stats]   Choose Collection Set               6 us
[5.204s][info][gc,stats]   Rebuild Free Set                    2 us
[5.204s][info][gc,stats]   Cleanup                             1 us
[5.204s][info][gc,stats]
[5.204s][info][gc,stats] Allocation pacing accrued:
[5.204s][info][gc,stats]       0 of    21 ms (  0.0%): <total>
[5.204s][info][gc,stats]       0 of    21 ms (  0.0%): <average total>
[5.204s][info][gc,stats]
[5.223s][info][gc,stats]
[5.223s][info][gc,stats] All times are wall-clock times, except per-root-class counters, that are sum over
[5.223s][info][gc,stats] all workers. Dividing the <total> over the root stage time estimates parallelism.
[5.223s][info][gc,stats]
[5.223s][info][gc,stats] Concurrent Reset                     47 us
[5.223s][info][gc,stats] Pause Init Mark (G)                 281 us
[5.223s][info][gc,stats] Pause Init Mark (N)                  17 us
[5.223s][info][gc,stats]   Update Region States                1 us
[5.223s][info][gc,stats] Concurrent Mark Roots               528 us, parallelism: 0.87x
[5.223s][info][gc,stats]   CMR: <total>                      459 us
[5.223s][info][gc,stats]   CMR: Thread Roots                 213 us, workers (us): 213, ---, ---,
[5.223s][info][gc,stats]   CMR: VM Strong Roots               25 us, workers (us):  25, ---, ---,
[5.223s][info][gc,stats]   CMR: CLDG Roots                   221 us, workers (us): 221, ---, ---,
[5.223s][info][gc,stats] Concurrent Marking                12729 us
[5.223s][info][gc,stats] Pause Final Mark (G)                247 us
[5.223s][info][gc,stats] Pause Final Mark (N)                144 us
[5.223s][info][gc,stats]   Finish Mark                       112 us
[5.223s][info][gc,stats]   Update Region States                2 us
[5.223s][info][gc,stats]   Choose Collection Set               9 us
[5.223s][info][gc,stats]   Rebuild Free Set                    3 us
[5.223s][info][gc,stats] Concurrent Weak References          155 us, parallelism: 0.60x
[5.223s][info][gc,stats]   CWRF: <total>                      93 us
[5.223s][info][gc,stats]   CWRF: Weak References              93 us, workers (us):  93, ---, ---,
[5.223s][info][gc,stats] Concurrent Weak Roots               703 us
[5.223s][info][gc,stats]   Roots                             654 us, parallelism: 0.92x
[5.223s][info][gc,stats]     CWR: <total>                    600 us
[5.223s][info][gc,stats]     CWR: Code Cache Roots           221 us, workers (us): 221, ---, ---,
[5.223s][info][gc,stats]     CWR: VM Weak Roots              364 us, workers (us): 364, ---, ---,
[5.223s][info][gc,stats]     CWR: CLDG Roots                  15 us, workers (us):  15, ---, ---,
[5.223s][info][gc,stats]   Rendezvous                         45 us
[5.223s][info][gc,stats] Concurrent Cleanup                   37 us
[5.223s][info][gc,stats] Concurrent Class Unloading         2191 us
[5.223s][info][gc,stats]   Unlink Stale                     2114 us
[5.223s][info][gc,stats]     System Dictionary                 9 us
[5.223s][info][gc,stats]     Weak Class Links                  0 us
[5.223s][info][gc,stats]     Code Roots                     2103 us
[5.223s][info][gc,stats]   Rendezvous                         40 us
[5.223s][info][gc,stats]   Purge Unlinked                     34 us
[5.223s][info][gc,stats]     Code Roots                       30 us
[5.223s][info][gc,stats]     CLDG                              4 us
[5.223s][info][gc,stats]     Exception Caches                  0 us
[5.223s][info][gc,stats] Pause Final Roots (G)               133 us
[5.223s][info][gc,stats] Pause Final Roots (N)                 6 us
[5.223s][info][gc,stats]
[5.223s][info][gc,stats] Allocation pacing accrued:
[5.223s][info][gc,stats]       0 of    19 ms (  0.0%): <total>
[5.223s][info][gc,stats]       0 of    19 ms (  0.0%): <average total>
[5.223s][info][gc,stats]
[5.240s][info][gc,stats]
[5.240s][info][gc,stats] All times are wall-clock times, except per-root-class counters, that are sum over
[5.240s][info][gc,stats] all workers. Dividing the <total> over the root stage time estimates parallelism.
[5.240s][info][gc,stats]
[5.240s][info][gc,stats] Concurrent Reset                     28 us
[5.240s][info][gc,stats] Pause Init Mark (G)                 100 us
[5.240s][info][gc,stats] Pause Init Mark (N)                  13 us
[5.240s][info][gc,stats]   Update Region States                1 us
[5.240s][info][gc,stats] Concurrent Mark Roots               476 us, parallelism: 0.94x
[5.240s][info][gc,stats]   CMR: <total>                      446 us
[5.240s][info][gc,stats]   CMR: Thread Roots                 193 us, workers (us): 193, ---, ---,
[5.240s][info][gc,stats]   CMR: VM Strong Roots               23 us, workers (us):  23, ---, ---,
[5.240s][info][gc,stats]   CMR: CLDG Roots                   230 us, workers (us): 230, ---, ---,
[5.240s][info][gc,stats] Concurrent Marking                11776 us
[5.240s][info][gc,stats] Pause Final Mark (G)                219 us
[5.240s][info][gc,stats] Pause Final Mark (N)                132 us
[5.240s][info][gc,stats]   Finish Mark                       107 us
[5.240s][info][gc,stats]   Update Region States                2 us
[5.240s][info][gc,stats]   Choose Collection Set               4 us
[5.240s][info][gc,stats]   Rebuild Free Set                    4 us
[5.240s][info][gc,stats] Concurrent Weak References          157 us, parallelism: 0.55x
[5.240s][info][gc,stats]   CWRF: <total>                      87 us
[5.240s][info][gc,stats]   CWRF: Weak References              87 us, workers (us):  87, ---, ---,
[5.240s][info][gc,stats] Concurrent Weak Roots               403 us
[5.240s][info][gc,stats]   Roots                             338 us, parallelism: 0.85x
[5.240s][info][gc,stats]     CWR: <total>                    289 us
[5.240s][info][gc,stats]     CWR: Code Cache Roots           144 us, workers (us): 144, ---, ---,
[5.240s][info][gc,stats]     CWR: VM Weak Roots              139 us, workers (us): 139, ---, ---,
[5.240s][info][gc,stats]     CWR: CLDG Roots                   6 us, workers (us):   6, ---, ---,
[5.240s][info][gc,stats]   Rendezvous                         58 us
[5.240s][info][gc,stats] Concurrent Cleanup                    3 us
[5.240s][info][gc,stats] Concurrent Class Unloading         2198 us
[5.240s][info][gc,stats]   Unlink Stale                     2081 us
[5.240s][info][gc,stats]     System Dictionary                 7 us
[5.240s][info][gc,stats]     Weak Class Links                  0 us
[5.240s][info][gc,stats]     Code Roots                     2072 us
[5.240s][info][gc,stats]   Rendezvous                         41 us
[5.240s][info][gc,stats]   Purge Unlinked                     69 us
[5.240s][info][gc,stats]     Code Roots                       62 us
[5.240s][info][gc,stats]     CLDG                              6 us
[5.240s][info][gc,stats]     Exception Caches                  0 us
[5.240s][info][gc,stats] Pause Final Roots (G)               114 us
[5.240s][info][gc,stats] Pause Final Roots (N)                 6 us
[5.240s][info][gc,stats] Pacing                            18004 us
[5.240s][info][gc,stats]
[5.240s][info][gc,stats] Allocation pacing accrued:
[5.240s][info][gc,stats]      18 of    17 ms (103.3%): thread3
[5.240s][info][gc,stats]      18 of    17 ms (103.3%): <total>
[5.240s][info][gc,stats]       1 of    17 ms (  5.7%): <average total>
[5.240s][info][gc,stats]      18 of    17 ms (103.3%): <average non-zero>
[5.240s][info][gc,stats]
[5.258s][info][gc,stats]
[5.258s][info][gc,stats] All times are wall-clock times, except per-root-class counters, that are sum over
[5.258s][info][gc,stats] all workers. Dividing the <total> over the root stage time estimates parallelism.
[5.258s][info][gc,stats]
[5.258s][info][gc,stats] Concurrent Reset                     52 us
[5.258s][info][gc,stats] Pause Init Mark (G)                 260 us
[5.258s][info][gc,stats] Pause Init Mark (N)                  57 us
[5.258s][info][gc,stats]   Update Region States                2 us
[5.258s][info][gc,stats] Concurrent Mark Roots               913 us, parallelism: 0.94x
[5.258s][info][gc,stats]   CMR: <total>                      857 us
[5.258s][info][gc,stats]   CMR: Thread Roots                 445 us, workers (us): 445, ---, ---,
[5.258s][info][gc,stats]   CMR: VM Strong Roots               38 us, workers (us):  38, ---, ---,
[5.258s][info][gc,stats]   CMR: CLDG Roots                   374 us, workers (us): 374, ---, ---,
[5.258s][info][gc,stats] Pacing                            26090 us
[5.258s][info][gc,stats]
[5.258s][info][gc,stats] Allocation pacing accrued:
[5.258s][info][gc,stats]      26 of    18 ms (148.0%): thread3
[5.258s][info][gc,stats]      26 of    18 ms (148.0%): <total>
[5.258s][info][gc,stats]       1 of    18 ms (  8.2%): <average total>
[5.258s][info][gc,stats]      26 of    18 ms (148.0%): <average non-zero>
[5.258s][info][gc,stats]
[5.284s][info][gc,stats]
[5.284s][info][gc,stats] All times are wall-clock times, except per-root-class counters, that are sum over
[5.284s][info][gc,stats] all workers. Dividing the <total> over the root stage time estimates parallelism.
[5.284s][info][gc,stats]
[5.284s][info][gc,stats] Pause Degenerated GC (G)          10940 us
[5.284s][info][gc,stats] Pause Degenerated GC (N)          10785 us
[5.284s][info][gc,stats]   Degen STW Mark                   4799 us, parallelism: 2.97x
[5.284s][info][gc,stats]     DSM: <total>                  14243 us
[5.284s][info][gc,stats]     DSM: Thread Roots                90 us, workers (us):  33,  32,  26,
[5.284s][info][gc,stats]     DSM: VM Strong Roots             34 us, workers (us):   0,  17,  17,
[5.284s][info][gc,stats]     DSM: CLDG Roots                 225 us, workers (us): 222,   2,   2,
[5.284s][info][gc,stats]     DSM: Parallel Mark            13892 us, workers (us): 4497, 4700, 4695,
[5.284s][info][gc,stats]     System Purge                   5648 us
[5.284s][info][gc,stats]       Weak References                56 us, parallelism: 0.72x
[5.284s][info][gc,stats]         WRP: <total>                 40 us
[5.284s][info][gc,stats]         WRP: Weak References         40 us, workers (us):  30,  10,   1,
[5.284s][info][gc,stats]       Unload Classes               5299 us, parallelism: 0.52x
[5.284s][info][gc,stats]         DCU: <total>               2753 us
[5.284s][info][gc,stats]         DCU: Unload Code Caches     2753 us, workers (us): 927, 921, 906,
[5.284s][info][gc,stats]       Weak Roots                    260 us, parallelism: 2.39x
[5.284s][info][gc,stats]         DWR: <total>                621 us
[5.284s][info][gc,stats]         DWR: VM Weak Roots          621 us, workers (us): 211, 212, 198,
[5.284s][info][gc,stats]       CLDG                            1 us
[5.284s][info][gc,stats]   Update Region States                1 us
[5.284s][info][gc,stats]   Manage GC/TLABs                     6 us
[5.284s][info][gc,stats]   Choose Collection Set               8 us
[5.284s][info][gc,stats]   Rebuild Free Set                    2 us
[5.284s][info][gc,stats]   Cleanup                             1 us
[5.284s][info][gc,stats]
[5.284s][info][gc,stats] Allocation pacing accrued:
[5.284s][info][gc,stats]       0 of    26 ms (  0.0%): <total>
[5.284s][info][gc,stats]       0 of    26 ms (  0.0%): <average total>
[5.284s][info][gc,stats]
[5.302s][info][gc,stats]
[5.302s][info][gc,stats] All times are wall-clock times, except per-root-class counters, that are sum over
[5.302s][info][gc,stats] all workers. Dividing the <total> over the root stage time estimates parallelism.
[5.302s][info][gc,stats]
[5.302s][info][gc,stats] Concurrent Reset                     32 us
[5.302s][info][gc,stats] Pause Init Mark (G)                 127 us
[5.302s][info][gc,stats] Pause Init Mark (N)                  14 us
[5.302s][info][gc,stats]   Update Region States                1 us
[5.302s][info][gc,stats] Concurrent Mark Roots               516 us, parallelism: 0.89x
[5.302s][info][gc,stats]   CMR: <total>                      460 us
[5.302s][info][gc,stats]   CMR: Thread Roots                 220 us, workers (us): 220, ---, ---,
[5.302s][info][gc,stats]   CMR: VM Strong Roots               22 us, workers (us):  22, ---, ---,
[5.302s][info][gc,stats]   CMR: CLDG Roots                   217 us, workers (us): 217, ---, ---,
[5.302s][info][gc,stats] Concurrent Marking                12633 us
[5.302s][info][gc,stats] Pause Final Mark (G)                255 us
[5.302s][info][gc,stats] Pause Final Mark (N)                110 us
[5.302s][info][gc,stats]   Finish Mark                        83 us
[5.302s][info][gc,stats]   Update Region States                1 us
[5.302s][info][gc,stats]   Choose Collection Set               9 us
[5.302s][info][gc,stats]   Rebuild Free Set                    3 us
[5.302s][info][gc,stats] Concurrent Weak References           94 us, parallelism: 0.30x
[5.302s][info][gc,stats]   CWRF: <total>                      28 us
[5.302s][info][gc,stats]   CWRF: Weak References              28 us, workers (us):  28, ---, ---,
[5.302s][info][gc,stats] Concurrent Weak Roots               468 us
[5.302s][info][gc,stats]   Roots                             361 us, parallelism: 0.81x
[5.302s][info][gc,stats]     CWR: <total>                    293 us
[5.302s][info][gc,stats]     CWR: Code Cache Roots           139 us, workers (us): 139, ---, ---,
[5.302s][info][gc,stats]     CWR: VM Weak Roots              144 us, workers (us): 144, ---, ---,
[5.302s][info][gc,stats]     CWR: CLDG Roots                  10 us, workers (us):  10, ---, ---,
[5.302s][info][gc,stats]   Rendezvous                        100 us
[5.302s][info][gc,stats] Concurrent Cleanup                   40 us
[5.302s][info][gc,stats] Concurrent Class Unloading         2258 us
[5.302s][info][gc,stats]   Unlink Stale                     2099 us
[5.302s][info][gc,stats]     System Dictionary                 7 us
[5.302s][info][gc,stats]     Weak Class Links                  0 us
[5.302s][info][gc,stats]     Code Roots                     2090 us
[5.302s][info][gc,stats]   Rendezvous                         47 us
[5.302s][info][gc,stats]   Purge Unlinked                    108 us
[5.302s][info][gc,stats]     Code Roots                      103 us
[5.302s][info][gc,stats]     CLDG                              4 us
[5.302s][info][gc,stats]     Exception Caches                  0 us
[5.302s][info][gc,stats] Pause Final Roots (G)               148 us
[5.302s][info][gc,stats] Pause Final Roots (N)                 5 us
[5.302s][info][gc,stats]
[5.302s][info][gc,stats] Allocation pacing accrued:
[5.302s][info][gc,stats]       0 of    18 ms (  0.0%): <total>
[5.302s][info][gc,stats]       0 of    18 ms (  0.0%): <average total>
[5.302s][info][gc,stats]
[5.322s][info][gc,stats]
[5.322s][info][gc,stats] All times are wall-clock times, except per-root-class counters, that are sum over
[5.322s][info][gc,stats] all workers. Dividing the <total> over the root stage time estimates parallelism.
[5.322s][info][gc,stats]
[5.322s][info][gc,stats] Concurrent Reset                     74 us
[5.322s][info][gc,stats] Pause Init Mark (G)                 326 us
[5.322s][info][gc,stats] Pause Init Mark (N)                  16 us
[5.322s][info][gc,stats]   Update Region States                1 us
[5.322s][info][gc,stats] Concurrent Mark Roots               750 us, parallelism: 0.93x
[5.322s][info][gc,stats]   CMR: <total>                      697 us
[5.322s][info][gc,stats]   CMR: Thread Roots                 339 us, workers (us): 339, ---, ---,
[5.322s][info][gc,stats]   CMR: VM Strong Roots               43 us, workers (us):  43, ---, ---,
[5.322s][info][gc,stats]   CMR: CLDG Roots                   315 us, workers (us): 315, ---, ---,
[5.322s][info][gc,stats] Concurrent Marking                12641 us
[5.322s][info][gc,stats] Pause Final Mark (G)                234 us
[5.322s][info][gc,stats] Pause Final Mark (N)                 63 us
[5.322s][info][gc,stats]   Finish Mark                        46 us
[5.322s][info][gc,stats]   Update Region States                1 us
[5.322s][info][gc,stats]   Choose Collection Set               2 us
[5.322s][info][gc,stats]   Rebuild Free Set                    2 us
[5.322s][info][gc,stats] Concurrent Weak References           79 us, parallelism: 0.47x
[5.322s][info][gc,stats]   CWRF: <total>                      38 us
[5.322s][info][gc,stats]   CWRF: Weak References              38 us, workers (us):  38, ---, ---,
[5.322s][info][gc,stats] Concurrent Weak Roots               605 us
[5.322s][info][gc,stats]   Roots                             529 us, parallelism: 0.89x
[5.322s][info][gc,stats]     CWR: <total>                    470 us
[5.322s][info][gc,stats]     CWR: Code Cache Roots           177 us, workers (us): 177, ---, ---,
[5.322s][info][gc,stats]     CWR: VM Weak Roots              285 us, workers (us): 285, ---, ---,
[5.322s][info][gc,stats]     CWR: CLDG Roots                   9 us, workers (us):   9, ---, ---,
[5.322s][info][gc,stats]   Rendezvous                         72 us
[5.322s][info][gc,stats] Concurrent Cleanup                    2 us
[5.322s][info][gc,stats] Concurrent Class Unloading         2657 us
[5.322s][info][gc,stats]   Unlink Stale                     2347 us
[5.322s][info][gc,stats]     System Dictionary                 8 us
[5.322s][info][gc,stats]     Weak Class Links                  0 us
[5.322s][info][gc,stats]     Code Roots                     2337 us
[5.322s][info][gc,stats]   Rendezvous                        107 us
[5.322s][info][gc,stats]   Purge Unlinked                    192 us
[5.322s][info][gc,stats]     Code Roots                      178 us
[5.322s][info][gc,stats]     CLDG                             11 us
[5.322s][info][gc,stats]     Exception Caches                  1 us
[5.322s][info][gc,stats] Pause Final Roots (G)               143 us
[5.322s][info][gc,stats] Pause Final Roots (N)                 6 us
[5.322s][info][gc,stats] Pacing                            32400 us
[5.322s][info][gc,stats]
[5.322s][info][gc,stats] Allocation pacing accrued:
[5.322s][info][gc,stats]      32 of    20 ms (161.5%): thread3
[5.322s][info][gc,stats]      32 of    20 ms (161.5%): <total>
[5.322s][info][gc,stats]       2 of    20 ms (  9.0%): <average total>
[5.322s][info][gc,stats]      32 of    20 ms (161.5%): <average non-zero>
[5.322s][info][gc,stats]
[5.324s][info][gc,stats]
[5.324s][info][gc,stats] All times are wall-clock times, except per-root-class counters, that are sum over
[5.324s][info][gc,stats] all workers. Dividing the <total> over the root stage time estimates parallelism.
[5.324s][info][gc,stats]
[5.324s][info][gc,stats] Concurrent Reset                     51 us
[5.324s][info][gc,stats] Pause Init Mark (G)                 139 us
[5.324s][info][gc,stats] Pause Init Mark (N)                  17 us
[5.324s][info][gc,stats]   Update Region States                0 us
[5.324s][info][gc,stats] Concurrent Mark Roots               611 us, parallelism: 0.85x
[5.324s][info][gc,stats]   CMR: <total>                      521 us
[5.324s][info][gc,stats]   CMR: Thread Roots                 237 us, workers (us): 237, ---, ---,
[5.324s][info][gc,stats]   CMR: VM Strong Roots               26 us, workers (us):  26, ---, ---,
[5.324s][info][gc,stats]   CMR: CLDG Roots                   259 us, workers (us): 259, ---, ---,
[5.324s][info][gc,stats]
[5.324s][info][gc,stats] Allocation pacing accrued:
[5.325s][info][gc,stats]       0 of     2 ms (  0.0%): <total>
[5.325s][info][gc,stats]       0 of     2 ms (  0.0%): <average total>
[5.325s][info][gc,stats]
[5.347s][info][gc,stats]
[5.347s][info][gc,stats] All times are wall-clock times, except per-root-class counters, that are sum over
[5.347s][info][gc,stats] all workers. Dividing the <total> over the root stage time estimates parallelism.
[5.347s][info][gc,stats]
[5.347s][info][gc,stats] Pause Degenerated GC (G)          11393 us
[5.347s][info][gc,stats] Pause Degenerated GC (N)          11212 us
[5.347s][info][gc,stats]   Degen STW Mark                   4887 us, parallelism: 2.95x
[5.347s][info][gc,stats]     DSM: <total>                  14418 us
[5.347s][info][gc,stats]     DSM: Thread Roots                96 us, workers (us):  35,  33,  27,
[5.347s][info][gc,stats]     DSM: VM Strong Roots             33 us, workers (us):   0,  17,  16,
[5.347s][info][gc,stats]     DSM: CLDG Roots                 217 us, workers (us): 212,   2,   2,
[5.347s][info][gc,stats]     DSM: Parallel Mark            14072 us, workers (us): 4563, 4752, 4757,
[5.347s][info][gc,stats]     System Purge                   6015 us
[5.347s][info][gc,stats]       Weak References                78 us, parallelism: 0.60x
[5.347s][info][gc,stats]         WRP: <total>                 47 us
[5.347s][info][gc,stats]         WRP: Weak References         47 us, workers (us):  32,  10,   4,
[5.347s][info][gc,stats]       Unload Classes               5661 us, parallelism: 0.41x
[5.347s][info][gc,stats]         DCU: <total>               2307 us
[5.347s][info][gc,stats]         DCU: Unload Code Caches     2307 us, workers (us): 776, 778, 753,
[5.347s][info][gc,stats]       Weak Roots                    240 us, parallelism: 2.18x
[5.347s][info][gc,stats]         DWR: <total>                523 us
[5.347s][info][gc,stats]         DWR: VM Weak Roots          523 us, workers (us): 180, 176, 168,
[5.347s][info][gc,stats]       CLDG                            1 us
[5.347s][info][gc,stats]   Update Region States                2 us
[5.347s][info][gc,stats]   Manage GC/TLABs                     7 us
[5.347s][info][gc,stats]   Choose Collection Set               9 us
[5.347s][info][gc,stats]   Rebuild Free Set                    2 us
[5.347s][info][gc,stats]   Cleanup                             1 us
[5.347s][info][gc,stats]
[5.347s][info][gc,stats] Allocation pacing accrued:
[5.347s][info][gc,stats]       0 of    23 ms (  0.0%): <total>
[5.347s][info][gc,stats]       0 of    23 ms (  0.0%): <average total>
[5.347s][info][gc,stats]
[5.366s][info][gc,stats]
[5.366s][info][gc,stats] All times are wall-clock times, except per-root-class counters, that are sum over
[5.366s][info][gc,stats] all workers. Dividing the <total> over the root stage time estimates parallelism.
[5.366s][info][gc,stats]
[5.366s][info][gc,stats] Concurrent Reset                     75 us
[5.366s][info][gc,stats] Pause Init Mark (G)                 190 us
[5.366s][info][gc,stats] Pause Init Mark (N)                  18 us
[5.366s][info][gc,stats]   Update Region States                1 us
[5.366s][info][gc,stats] Concurrent Mark Roots               559 us, parallelism: 0.81x
[5.366s][info][gc,stats]   CMR: <total>                      455 us
[5.366s][info][gc,stats]   CMR: Thread Roots                 214 us, workers (us): 214, ---, ---,
[5.366s][info][gc,stats]   CMR: VM Strong Roots               22 us, workers (us):  22, ---, ---,
[5.366s][info][gc,stats]   CMR: CLDG Roots                   219 us, workers (us): 219, ---, ---,
[5.366s][info][gc,stats] Concurrent Marking                12614 us
[5.366s][info][gc,stats] Pause Final Mark (G)                332 us
[5.366s][info][gc,stats] Pause Final Mark (N)                158 us
[5.366s][info][gc,stats]   Finish Mark                       122 us
[5.366s][info][gc,stats]   Update Region States                2 us
[5.366s][info][gc,stats]   Choose Collection Set               9 us
[5.366s][info][gc,stats]   Rebuild Free Set                    3 us
[5.366s][info][gc,stats] Concurrent Weak References          163 us, parallelism: 0.38x
[5.366s][info][gc,stats]   CWRF: <total>                      62 us
[5.366s][info][gc,stats]   CWRF: Weak References              62 us, workers (us):  62, ---, ---,
[5.366s][info][gc,stats] Concurrent Weak Roots               699 us
[5.366s][info][gc,stats]   Roots                             581 us, parallelism: 0.83x
[5.366s][info][gc,stats]     CWR: <total>                    481 us
[5.366s][info][gc,stats]     CWR: Code Cache Roots           181 us, workers (us): 181, ---, ---,
[5.366s][info][gc,stats]     CWR: VM Weak Roots              287 us, workers (us): 287, ---, ---,
[5.366s][info][gc,stats]     CWR: CLDG Roots                  13 us, workers (us):  13, ---, ---,
[5.366s][info][gc,stats]   Rendezvous                        108 us
[5.366s][info][gc,stats] Concurrent Cleanup                   55 us
[5.366s][info][gc,stats] Concurrent Class Unloading         2689 us
[5.366s][info][gc,stats]   Unlink Stale                     2582 us
[5.366s][info][gc,stats]     System Dictionary                18 us
[5.366s][info][gc,stats]     Weak Class Links                  0 us
[5.366s][info][gc,stats]     Code Roots                     2562 us
[5.366s][info][gc,stats]   Rendezvous                         56 us
[5.366s][info][gc,stats]   Purge Unlinked                     45 us
[5.366s][info][gc,stats]     Code Roots                       40 us
[5.366s][info][gc,stats]     CLDG                              4 us
[5.366s][info][gc,stats]     Exception Caches                  0 us
[5.366s][info][gc,stats] Pause Final Roots (G)                94 us
[5.366s][info][gc,stats] Pause Final Roots (N)                 5 us
[5.366s][info][gc,stats]
[5.366s][info][gc,stats] Allocation pacing accrued:
[5.366s][info][gc,stats]       0 of    19 ms (  0.0%): <total>
[5.366s][info][gc,stats]       0 of    19 ms (  0.0%): <average total>
[5.366s][info][gc,stats]
thread: thread1, costs 1003 ms
[5.398s][info][gc,stats]
[5.398s][info][gc,stats] All times are wall-clock times, except per-root-class counters, that are sum over
[5.398s][info][gc,stats] all workers. Dividing the <total> over the root stage time estimates parallelism.
[5.398s][info][gc,stats]
[5.398s][info][gc,stats] Concurrent Reset                     57 us
[5.398s][info][gc,stats] Pause Init Mark (G)                 180 us
[5.398s][info][gc,stats] Pause Init Mark (N)                  19 us
[5.398s][info][gc,stats]   Update Region States                1 us
[5.398s][info][gc,stats] Concurrent Mark Roots               557 us, parallelism: 0.90x
[5.398s][info][gc,stats]   CMR: <total>                      502 us
[5.398s][info][gc,stats]   CMR: Thread Roots                 211 us, workers (us): 211, ---, ---,
[5.398s][info][gc,stats]   CMR: VM Strong Roots               31 us, workers (us):  31, ---, ---,
[5.398s][info][gc,stats]   CMR: CLDG Roots                   260 us, workers (us): 260, ---, ---,
[5.398s][info][gc,stats] Concurrent Marking                12525 us
[5.398s][info][gc,stats] Pause Final Mark (G)                164 us
[5.398s][info][gc,stats] Pause Final Mark (N)                 84 us
[5.398s][info][gc,stats]   Finish Mark                        60 us
[5.398s][info][gc,stats]   Update Region States                1 us
[5.398s][info][gc,stats]   Choose Collection Set               8 us
[5.398s][info][gc,stats]   Rebuild Free Set                    3 us
[5.398s][info][gc,stats] Concurrent Weak References           64 us, parallelism: 0.48x
[5.398s][info][gc,stats]   CWRF: <total>                      31 us
[5.398s][info][gc,stats]   CWRF: Weak References              31 us, workers (us):  31, ---, ---,
[5.398s][info][gc,stats] Concurrent Weak Roots               390 us
[5.398s][info][gc,stats]   Roots                             345 us, parallelism: 0.81x
[5.398s][info][gc,stats]     CWR: <total>                    280 us
[5.398s][info][gc,stats]     CWR: Code Cache Roots           135 us, workers (us): 135, ---, ---,
[5.398s][info][gc,stats]     CWR: VM Weak Roots              134 us, workers (us): 134, ---, ---,
[5.398s][info][gc,stats]     CWR: CLDG Roots                  11 us, workers (us):  11, ---, ---,
[5.398s][info][gc,stats]   Rendezvous                         42 us
[5.398s][info][gc,stats] Concurrent Cleanup                   47 us
[5.399s][info][gc,stats] Concurrent Class Unloading         2552 us
[5.399s][info][gc,stats]   Unlink Stale                     2426 us
[5.399s][info][gc,stats]     System Dictionary                 4 us
[5.399s][info][gc,stats]     Weak Class Links                  0 us
[5.399s][info][gc,stats]     Code Roots                     2419 us
[5.399s][info][gc,stats]   Rendezvous                         72 us
[5.399s][info][gc,stats]   Purge Unlinked                     48 us
[5.399s][info][gc,stats]     Code Roots                       44 us
[5.399s][info][gc,stats]     CLDG                              4 us
[5.399s][info][gc,stats]     Exception Caches                  0 us
[5.399s][info][gc,stats] Pause Final Roots (G)               155 us
[5.399s][info][gc,stats] Pause Final Roots (N)                 7 us
[5.399s][info][gc,stats] Pacing                            64450 us
[5.399s][info][gc,stats]
[5.399s][info][gc,stats] Allocation pacing accrued:
[5.399s][info][gc,stats]      21 of    32 ms ( 66.1%): thread1
[5.399s][info][gc,stats]      43 of    32 ms (133.8%): thread3
[5.399s][info][gc,stats]      64 of    32 ms (199.8%): <total>
[5.399s][info][gc,stats]       4 of    32 ms ( 11.1%): <average total>
[5.399s][info][gc,stats]      32 of    32 ms ( 99.9%): <average non-zero>
[5.399s][info][gc,stats]
[5.423s][info][gc,stats]
[5.424s][info][gc,stats] All times are wall-clock times, except per-root-class counters, that are sum over
[5.424s][info][gc,stats] all workers. Dividing the <total> over the root stage time estimates parallelism.
[5.424s][info][gc,stats]
[5.424s][info][gc,stats] Pause Degenerated GC (G)          11614 us
[5.424s][info][gc,stats] Pause Degenerated GC (N)          11379 us
[5.424s][info][gc,stats]   Degen STW Mark                   4789 us, parallelism: 2.93x
[5.424s][info][gc,stats]     DSM: <total>                  14050 us
[5.424s][info][gc,stats]     DSM: Thread Roots               150 us, workers (us):  51,  36,  63,
[5.424s][info][gc,stats]     DSM: VM Strong Roots             35 us, workers (us):   0,  33,   1,
[5.424s][info][gc,stats]     DSM: CLDG Roots                 233 us, workers (us): 224,   2,   7,
[5.424s][info][gc,stats]     DSM: Parallel Mark            13632 us, workers (us): 4428, 4610, 4594,
[5.424s][info][gc,stats]     System Purge                   6218 us
[5.424s][info][gc,stats]       Weak References                80 us, parallelism: 0.57x
[5.424s][info][gc,stats]         WRP: <total>                 46 us
[5.424s][info][gc,stats]         WRP: Weak References         46 us, workers (us):  36,  10,   0,
[5.424s][info][gc,stats]       Unload Classes               5871 us, parallelism: 0.40x
[5.424s][info][gc,stats]         DCU: <total>               2340 us
[5.424s][info][gc,stats]         DCU: Unload Code Caches     2340 us, workers (us): 801, 770, 770,
[5.424s][info][gc,stats]       Weak Roots                    231 us, parallelism: 2.20x
[5.424s][info][gc,stats]         DWR: <total>                508 us
[5.424s][info][gc,stats]         DWR: VM Weak Roots          508 us, workers (us): 178, 169, 161,
[5.424s][info][gc,stats]       CLDG                            1 us
[5.424s][info][gc,stats]   Update Region States                1 us
[5.424s][info][gc,stats]   Manage GC/TLABs                     9 us
[5.424s][info][gc,stats]   Choose Collection Set               8 us
[5.424s][info][gc,stats]   Rebuild Free Set                    3 us
[5.424s][info][gc,stats]   Cleanup                             1 us
[5.424s][info][gc,stats] Pacing                            13076 us
[5.424s][info][gc,stats]
[5.424s][info][gc,stats] Allocation pacing accrued:
[5.424s][info][gc,stats]      13 of    25 ms ( 51.8%): thread3
[5.424s][info][gc,stats]      13 of    25 ms ( 51.8%): <total>
[5.424s][info][gc,stats]       1 of    25 ms (  2.9%): <average total>
[5.424s][info][gc,stats]      13 of    25 ms ( 51.8%): <average non-zero>
[5.424s][info][gc,stats]
[5.443s][info][gc,stats]
[5.443s][info][gc,stats] All times are wall-clock times, except per-root-class counters, that are sum over
[5.443s][info][gc,stats] all workers. Dividing the <total> over the root stage time estimates parallelism.
[5.443s][info][gc,stats]
[5.443s][info][gc,stats] Concurrent Reset                     61 us
[5.443s][info][gc,stats] Pause Init Mark (G)                 179 us
[5.443s][info][gc,stats] Pause Init Mark (N)                  16 us
[5.443s][info][gc,stats]   Update Region States                0 us
[5.443s][info][gc,stats] Concurrent Mark Roots               525 us, parallelism: 0.86x
[5.443s][info][gc,stats]   CMR: <total>                      449 us
[5.443s][info][gc,stats]   CMR: Thread Roots                 214 us, workers (us): 214, ---, ---,
[5.443s][info][gc,stats]   CMR: VM Strong Roots               21 us, workers (us):  21, ---, ---,
[5.443s][info][gc,stats]   CMR: CLDG Roots                   214 us, workers (us): 214, ---, ---,
[5.443s][info][gc,stats] Concurrent Marking                13203 us
[5.443s][info][gc,stats] Pause Final Mark (G)                298 us
[5.443s][info][gc,stats] Pause Final Mark (N)                127 us
[5.443s][info][gc,stats]   Finish Mark                        94 us
[5.443s][info][gc,stats]   Update Region States                2 us
[5.443s][info][gc,stats]   Choose Collection Set               8 us
[5.443s][info][gc,stats]   Rebuild Free Set                    3 us
[5.443s][info][gc,stats] Concurrent Weak References          150 us, parallelism: 0.45x
[5.443s][info][gc,stats]   CWRF: <total>                      67 us
[5.443s][info][gc,stats]   CWRF: Weak References              67 us, workers (us):  67, ---, ---,
[5.443s][info][gc,stats] Concurrent Weak Roots               620 us
[5.443s][info][gc,stats]   Roots                             549 us, parallelism: 0.85x
[5.443s][info][gc,stats]     CWR: <total>                    468 us
[5.443s][info][gc,stats]     CWR: Code Cache Roots           171 us, workers (us): 171, ---, ---,
[5.443s][info][gc,stats]     CWR: VM Weak Roots              284 us, workers (us): 284, ---, ---,
[5.443s][info][gc,stats]     CWR: CLDG Roots                  12 us, workers (us):  12, ---, ---,
[5.443s][info][gc,stats]   Rendezvous                         66 us
[5.443s][info][gc,stats] Concurrent Cleanup                   37 us
[5.443s][info][gc,stats] Concurrent Class Unloading         2281 us
[5.443s][info][gc,stats]   Unlink Stale                     2153 us
[5.443s][info][gc,stats]     System Dictionary                 4 us
[5.443s][info][gc,stats]     Weak Class Links                  0 us
[5.443s][info][gc,stats]     Code Roots                     2147 us
[5.443s][info][gc,stats]   Rendezvous                         75 us
[5.443s][info][gc,stats]   Purge Unlinked                     51 us
[5.443s][info][gc,stats]     Code Roots                       47 us
[5.443s][info][gc,stats]     CLDG                              3 us
[5.443s][info][gc,stats]     Exception Caches                  0 us
[5.443s][info][gc,stats] Pause Final Roots (G)               129 us
[5.443s][info][gc,stats] Pause Final Roots (N)                 7 us
[5.443s][info][gc,stats] Pacing                            16014 us
[5.443s][info][gc,stats]
[5.443s][info][gc,stats] Allocation pacing accrued:
[5.443s][info][gc,stats]      16 of    20 ms ( 82.0%): thread3
[5.443s][info][gc,stats]      16 of    20 ms ( 82.0%): <total>
[5.443s][info][gc,stats]       1 of    20 ms (  4.6%): <average total>
[5.443s][info][gc,stats]      16 of    20 ms ( 82.0%): <average non-zero>
[5.443s][info][gc,stats]
[5.461s][info][gc,stats]
[5.461s][info][gc,stats] All times are wall-clock times, except per-root-class counters, that are sum over
[5.461s][info][gc,stats] all workers. Dividing the <total> over the root stage time estimates parallelism.
[5.461s][info][gc,stats]
[5.461s][info][gc,stats] Concurrent Reset                     32 us
[5.461s][info][gc,stats] Pause Init Mark (G)                  96 us
[5.461s][info][gc,stats] Pause Init Mark (N)                  13 us
[5.461s][info][gc,stats]   Update Region States                0 us
[5.461s][info][gc,stats] Concurrent Mark Roots               530 us, parallelism: 0.90x
[5.461s][info][gc,stats]   CMR: <total>                      479 us
[5.461s][info][gc,stats]   CMR: Thread Roots                 227 us, workers (us): 227, ---, ---,
[5.461s][info][gc,stats]   CMR: VM Strong Roots               25 us, workers (us):  25, ---, ---,
[5.461s][info][gc,stats]   CMR: CLDG Roots                   227 us, workers (us): 227, ---, ---,
[5.461s][info][gc,stats] Concurrent Marking                11897 us
[5.461s][info][gc,stats] Pause Final Mark (G)                332 us
[5.461s][info][gc,stats] Pause Final Mark (N)                151 us
[5.461s][info][gc,stats]   Finish Mark                       117 us
[5.461s][info][gc,stats]   Update Region States                2 us
[5.461s][info][gc,stats]   Choose Collection Set              10 us
[5.461s][info][gc,stats]   Rebuild Free Set                    3 us
[5.461s][info][gc,stats] Concurrent Weak References          179 us, parallelism: 0.39x
[5.461s][info][gc,stats]   CWRF: <total>                      71 us
[5.461s][info][gc,stats]   CWRF: Weak References              71 us, workers (us):  71, ---, ---,
[5.461s][info][gc,stats] Concurrent Weak Roots               416 us
[5.461s][info][gc,stats]   Roots                             331 us, parallelism: 0.89x
[5.461s][info][gc,stats]     CWR: <total>                    296 us
[5.461s][info][gc,stats]     CWR: Code Cache Roots           154 us, workers (us): 154, ---, ---,
[5.461s][info][gc,stats]     CWR: VM Weak Roots              136 us, workers (us): 136, ---, ---,
[5.461s][info][gc,stats]     CWR: CLDG Roots                   6 us, workers (us):   6, ---, ---,
[5.461s][info][gc,stats]   Rendezvous                         75 us
[5.461s][info][gc,stats] Concurrent Cleanup                   78 us
[5.461s][info][gc,stats] Concurrent Class Unloading         2410 us
[5.461s][info][gc,stats]   Unlink Stale                     2275 us
[5.461s][info][gc,stats]     System Dictionary                16 us
[5.461s][info][gc,stats]     Weak Class Links                  0 us
[5.461s][info][gc,stats]     Code Roots                     2256 us
[5.461s][info][gc,stats]   Rendezvous                         57 us
[5.461s][info][gc,stats]   Purge Unlinked                     73 us
[5.461s][info][gc,stats]     Code Roots                       68 us
[5.461s][info][gc,stats]     CLDG                              4 us
[5.461s][info][gc,stats]     Exception Caches                  0 us
[5.461s][info][gc,stats] Pause Final Roots (G)               121 us
[5.461s][info][gc,stats] Pause Final Roots (N)                 5 us
[5.461s][info][gc,stats] Pacing                            12062 us
[5.461s][info][gc,stats]
[5.461s][info][gc,stats] Allocation pacing accrued:
[5.461s][info][gc,stats]      12 of    18 ms ( 68.8%): thread3
[5.461s][info][gc,stats]      12 of    18 ms ( 68.8%): <total>
[5.461s][info][gc,stats]       1 of    18 ms (  3.8%): <average total>
[5.461s][info][gc,stats]      12 of    18 ms ( 68.8%): <average non-zero>
[5.461s][info][gc,stats]
[5.502s][info][gc,stats]
[5.502s][info][gc,stats] All times are wall-clock times, except per-root-class counters, that are sum over
[5.502s][info][gc,stats] all workers. Dividing the <total> over the root stage time estimates parallelism.
[5.502s][info][gc,stats]
[5.502s][info][gc,stats] Pause Degenerated GC (G)          28174 us
[5.502s][info][gc,stats] Pause Degenerated GC (N)          28045 us
[5.502s][info][gc,stats]   Degen STW Mark                   4684 us, parallelism: 2.97x
[5.502s][info][gc,stats]     DSM: <total>                  13910 us
[5.502s][info][gc,stats]     DSM: Thread Roots               112 us, workers (us):  37,  36,  40,
[5.502s][info][gc,stats]     DSM: VM Strong Roots             27 us, workers (us):   1,  15,  11,
[5.502s][info][gc,stats]     DSM: CLDG Roots                 466 us, workers (us): 462,   2,   1,
[5.502s][info][gc,stats]     DSM: Parallel Mark            13306 us, workers (us): 4138, 4583, 4585,
[5.502s][info][gc,stats]     System Purge                   5864 us
[5.502s][info][gc,stats]       Weak References                71 us, parallelism: 0.53x
[5.502s][info][gc,stats]         WRP: <total>                 38 us
[5.502s][info][gc,stats]         WRP: Weak References         38 us, workers (us):  27,  10,   1,
[5.502s][info][gc,stats]       Unload Classes               5491 us, parallelism: 0.54x
[5.502s][info][gc,stats]         DCU: <total>               2964 us
[5.502s][info][gc,stats]         DCU: Unload Code Caches     2964 us, workers (us): 936, 932, 1096,
[5.502s][info][gc,stats]       Weak Roots                    267 us, parallelism: 2.43x
[5.502s][info][gc,stats]         DWR: <total>                648 us
[5.502s][info][gc,stats]         DWR: VM Weak Roots          648 us, workers (us): 222, 214, 212,
[5.502s][info][gc,stats]       CLDG                            1 us
[5.502s][info][gc,stats]   Update Region States                1 us
[5.502s][info][gc,stats]   Manage GC/TLABs                     6 us
[5.502s][info][gc,stats]   Choose Collection Set               3 us
[5.502s][info][gc,stats]   Rebuild Free Set                    2 us
[5.502s][info][gc,stats]   Cleanup                             1 us
[5.502s][info][gc,stats]   Pre Heap Dump                       1 us
[5.502s][info][gc,stats]   Prepare                            70 us
[5.502s][info][gc,stats]   Mark                             9872 us, parallelism: 1.27x
[5.502s][info][gc,stats]     FM: <total>                   12515 us
[5.502s][info][gc,stats]     FM: Thread Roots                145 us, workers (us):  60,  53,  32,
[5.502s][info][gc,stats]     FM: VM Strong Roots              33 us, workers (us):  21,  11,   0,
[5.502s][info][gc,stats]     FM: CLDG Roots                  363 us, workers (us):   2,   6, 355,
[5.502s][info][gc,stats]     FM: Parallel Mark             11975 us, workers (us): 4096, 4103, 3775,
[5.502s][info][gc,stats]     System Purge                   5618 us
[5.502s][info][gc,stats]       Weak References                87 us, parallelism: 0.53x
[5.502s][info][gc,stats]         WRP: <total>                 46 us
[5.502s][info][gc,stats]         WRP: Weak References         46 us, workers (us):  11,   3,  32,
[5.502s][info][gc,stats]       Unload Classes               5262 us, parallelism: 0.41x
[5.502s][info][gc,stats]         CU: <total>                2151 us
[5.502s][info][gc,stats]         CU: Unload Code Caches     2151 us, workers (us): 720, 704, 728,
[5.502s][info][gc,stats]       Weak Roots                    233 us, parallelism: 2.16x
[5.502s][info][gc,stats]         WR: <total>                 503 us
[5.502s][info][gc,stats]         WR: VM Weak Roots           503 us, workers (us): 170, 166, 167,
[5.502s][info][gc,stats]       CLDG                            1 us
[5.502s][info][gc,stats]   Calculate Addresses              2860 us
[5.502s][info][gc,stats]     Regular Objects                2856 us
[5.502s][info][gc,stats]     Humongous Objects                 1 us
[5.502s][info][gc,stats]   Adjust Pointers                  2921 us
[5.502s][info][gc,stats]     FA: <total>                    1207 us
[5.502s][info][gc,stats]     FA: Thread Roots                 75 us, workers (us):   1,  70,   3,
[5.502s][info][gc,stats]     FA: Code Cache Roots            860 us, workers (us): 376,  98, 386,
[5.502s][info][gc,stats]     FA: VM Strong Roots               8 us, workers (us):   5,   2,   1,
[5.502s][info][gc,stats]     FA: VM Weak Roots               212 us, workers (us):  74,  77,  61,
[5.502s][info][gc,stats]     FA: CLDG Roots                   52 us, workers (us):   9,  36,   8,
[5.502s][info][gc,stats]   Copy Objects                     1492 us
[5.502s][info][gc,stats]     Regular Objects                1449 us
[5.502s][info][gc,stats]     Humongous Objects                 0 us
[5.502s][info][gc,stats]     Reset Complete Bitmap            36 us
[5.502s][info][gc,stats]     Rebuild Region Sets               5 us
[5.502s][info][gc,stats]   Post Heap Dump                      1 us
[5.502s][info][gc,stats]
[5.502s][info][gc,stats] Allocation pacing accrued:
[5.502s][info][gc,stats]       0 of    41 ms (  0.0%): <total>
[5.502s][info][gc,stats]       0 of    41 ms (  0.0%): <average total>
[5.502s][info][gc,stats]
[5.520s][info][gc,stats]
[5.520s][info][gc,stats] All times are wall-clock times, except per-root-class counters, that are sum over
[5.520s][info][gc,stats] all workers. Dividing the <total> over the root stage time estimates parallelism.
[5.520s][info][gc,stats]
[5.520s][info][gc,stats] Concurrent Reset                    111 us
[5.520s][info][gc,stats] Pause Init Mark (G)                 241 us
[5.520s][info][gc,stats] Pause Init Mark (N)                  22 us
[5.520s][info][gc,stats]   Update Region States                1 us
[5.520s][info][gc,stats] Concurrent Mark Roots               607 us, parallelism: 0.82x
[5.520s][info][gc,stats]   CMR: <total>                      496 us
[5.520s][info][gc,stats]   CMR: Thread Roots                 217 us, workers (us): 217, ---, ---,
[5.520s][info][gc,stats]   CMR: VM Strong Roots               33 us, workers (us):  33, ---, ---,
[5.520s][info][gc,stats]   CMR: CLDG Roots                   246 us, workers (us): 246, ---, ---,
[5.521s][info][gc,stats] Concurrent Marking                12720 us
[5.521s][info][gc,stats] Pause Final Mark (G)                242 us
[5.521s][info][gc,stats] Pause Final Mark (N)                142 us
[5.521s][info][gc,stats]   Finish Mark                       121 us
[5.521s][info][gc,stats]   Update Region States                1 us
[5.521s][info][gc,stats]   Choose Collection Set               6 us
[5.521s][info][gc,stats]   Rebuild Free Set                    2 us
[5.521s][info][gc,stats] Concurrent Weak References           71 us, parallelism: 0.39x
[5.521s][info][gc,stats]   CWRF: <total>                      28 us
[5.521s][info][gc,stats]   CWRF: Weak References              28 us, workers (us):  28, ---, ---,
[5.521s][info][gc,stats] Concurrent Weak Roots               398 us
[5.521s][info][gc,stats]   Roots                             331 us, parallelism: 0.85x
[5.521s][info][gc,stats]     CWR: <total>                    282 us
[5.521s][info][gc,stats]     CWR: Code Cache Roots           131 us, workers (us): 131, ---, ---,
[5.521s][info][gc,stats]     CWR: VM Weak Roots              142 us, workers (us): 142, ---, ---,
[5.521s][info][gc,stats]     CWR: CLDG Roots                   9 us, workers (us):   9, ---, ---,
[5.521s][info][gc,stats]   Rendezvous                         62 us
[5.521s][info][gc,stats] Concurrent Cleanup                   36 us
[5.521s][info][gc,stats] Concurrent Class Unloading         2182 us
[5.521s][info][gc,stats]   Unlink Stale                     2082 us
[5.521s][info][gc,stats]     System Dictionary                 4 us
[5.521s][info][gc,stats]     Weak Class Links                  0 us
[5.521s][info][gc,stats]     Code Roots                     2077 us
[5.521s][info][gc,stats]   Rendezvous                         51 us
[5.521s][info][gc,stats]   Purge Unlinked                     45 us
[5.521s][info][gc,stats]     Code Roots                       40 us
[5.521s][info][gc,stats]     CLDG                              4 us
[5.521s][info][gc,stats]     Exception Caches                  0 us
[5.521s][info][gc,stats] Pause Final Roots (G)               172 us
[5.521s][info][gc,stats] Pause Final Roots (N)                 5 us
[5.521s][info][gc,stats]
[5.521s][info][gc,stats] Allocation pacing accrued:
[5.521s][info][gc,stats]      15 of    19 ms ( 79.8%): thread3
[5.521s][info][gc,stats]      15 of    19 ms ( 79.8%): <total>
[5.521s][info][gc,stats]       1 of    19 ms (  4.4%): <average total>
[5.521s][info][gc,stats]      15 of    19 ms ( 79.8%): <average non-zero>
[5.521s][info][gc,stats]
[5.539s][info][gc,stats]
[5.539s][info][gc,stats] All times are wall-clock times, except per-root-class counters, that are sum over
[5.540s][info][gc,stats] all workers. Dividing the <total> over the root stage time estimates parallelism.
[5.540s][info][gc,stats]
[5.540s][info][gc,stats] Concurrent Reset                     52 us
[5.540s][info][gc,stats] Pause Init Mark (G)                 162 us
[5.540s][info][gc,stats] Pause Init Mark (N)                  16 us
[5.540s][info][gc,stats]   Update Region States                0 us
[5.540s][info][gc,stats] Concurrent Mark Roots               582 us, parallelism: 0.88x
[5.540s][info][gc,stats]   CMR: <total>                      514 us
[5.540s][info][gc,stats]   CMR: Thread Roots                 250 us, workers (us): 250, ---, ---,
[5.540s][info][gc,stats]   CMR: VM Strong Roots               26 us, workers (us):  26, ---, ---,
[5.540s][info][gc,stats]   CMR: CLDG Roots                   238 us, workers (us): 238, ---, ---,
[5.540s][info][gc,stats] Concurrent Marking                11930 us
[5.540s][info][gc,stats] Pause Final Mark (G)                295 us
[5.540s][info][gc,stats] Pause Final Mark (N)                152 us
[5.540s][info][gc,stats]   Finish Mark                       129 us
[5.540s][info][gc,stats]   Update Region States                1 us
[5.540s][info][gc,stats]   Choose Collection Set               6 us
[5.540s][info][gc,stats]   Rebuild Free Set                    3 us
[5.540s][info][gc,stats] Concurrent Weak References          153 us, parallelism: 0.46x
[5.540s][info][gc,stats]   CWRF: <total>                      71 us
[5.540s][info][gc,stats]   CWRF: Weak References              71 us, workers (us):  71, ---, ---,
[5.540s][info][gc,stats] Concurrent Weak Roots               430 us
[5.540s][info][gc,stats]   Roots                             345 us, parallelism: 0.80x
[5.540s][info][gc,stats]     CWR: <total>                    277 us
[5.540s][info][gc,stats]     CWR: Code Cache Roots           135 us, workers (us): 135, ---, ---,
[5.540s][info][gc,stats]     CWR: VM Weak Roots              137 us, workers (us): 137, ---, ---,
[5.540s][info][gc,stats]     CWR: CLDG Roots                   6 us, workers (us):   6, ---, ---,
[5.540s][info][gc,stats]   Rendezvous                         78 us
[5.540s][info][gc,stats] Concurrent Cleanup                   84 us
[5.540s][info][gc,stats] Concurrent Class Unloading         2951 us
[5.540s][info][gc,stats]   Unlink Stale                     2784 us
[5.540s][info][gc,stats]     System Dictionary                 8 us
[5.540s][info][gc,stats]     Weak Class Links                  0 us
[5.540s][info][gc,stats]     Code Roots                     2773 us
[5.540s][info][gc,stats]   Rendezvous                         93 us
[5.540s][info][gc,stats]   Purge Unlinked                     66 us
[5.540s][info][gc,stats]     Code Roots                       61 us
[5.540s][info][gc,stats]     CLDG                              5 us
[5.540s][info][gc,stats]     Exception Caches                  0 us
[5.540s][info][gc,stats] Pause Final Roots (G)               190 us
[5.540s][info][gc,stats] Pause Final Roots (N)                 6 us
[5.540s][info][gc,stats] Pacing                            13026 us
[5.540s][info][gc,stats]
[5.540s][info][gc,stats] Allocation pacing accrued:
[5.540s][info][gc,stats]      13 of    19 ms ( 70.2%): thread3
[5.540s][info][gc,stats]      13 of    19 ms ( 70.2%): <total>
[5.540s][info][gc,stats]       1 of    19 ms (  3.9%): <average total>
[5.540s][info][gc,stats]      13 of    19 ms ( 70.2%): <average non-zero>
[5.540s][info][gc,stats]
[5.570s][info][gc,stats]
[5.570s][info][gc,stats] All times are wall-clock times, except per-root-class counters, that are sum over
[5.570s][info][gc,stats] all workers. Dividing the <total> over the root stage time estimates parallelism.
[5.570s][info][gc,stats]
[5.570s][info][gc,stats] Concurrent Reset                     38 us
[5.570s][info][gc,stats] Pause Init Mark (G)                 162 us
[5.570s][info][gc,stats] Pause Init Mark (N)                  22 us
[5.570s][info][gc,stats]   Update Region States                1 us
[5.570s][info][gc,stats] Concurrent Mark Roots              1120 us, parallelism: 0.95x
[5.570s][info][gc,stats]   CMR: <total>                     1068 us
[5.570s][info][gc,stats]   CMR: Thread Roots                 542 us, workers (us): 542, ---, ---,
[5.570s][info][gc,stats]   CMR: VM Strong Roots               41 us, workers (us):  41, ---, ---,
[5.570s][info][gc,stats]   CMR: CLDG Roots                   485 us, workers (us): 485, ---, ---,
[5.570s][info][gc,stats] Concurrent Marking                12180 us
[5.570s][info][gc,stats] Pause Final Mark (G)                293 us
[5.570s][info][gc,stats] Pause Final Mark (N)                164 us
[5.570s][info][gc,stats]   Finish Mark                       139 us
[5.570s][info][gc,stats]   Update Region States                2 us
[5.570s][info][gc,stats]   Choose Collection Set               8 us
[5.570s][info][gc,stats]   Rebuild Free Set                    2 us
[5.570s][info][gc,stats] Concurrent Weak References           89 us, parallelism: 0.31x
[5.570s][info][gc,stats]   CWRF: <total>                      27 us
[5.570s][info][gc,stats]   CWRF: Weak References              27 us, workers (us):  27, ---, ---,
[5.570s][info][gc,stats] Concurrent Weak Roots               418 us
[5.570s][info][gc,stats]   Roots                             348 us, parallelism: 0.81x
[5.570s][info][gc,stats]     CWR: <total>                    283 us
[5.570s][info][gc,stats]     CWR: Code Cache Roots           136 us, workers (us): 136, ---, ---,
[5.570s][info][gc,stats]     CWR: VM Weak Roots              139 us, workers (us): 139, ---, ---,
[5.570s][info][gc,stats]     CWR: CLDG Roots                   9 us, workers (us):   9, ---, ---,
[5.570s][info][gc,stats]   Rendezvous                         65 us
[5.570s][info][gc,stats] Concurrent Cleanup                   36 us
[5.570s][info][gc,stats] Concurrent Class Unloading         2334 us
[5.570s][info][gc,stats]   Unlink Stale                     2159 us
[5.570s][info][gc,stats]     System Dictionary                 4 us
[5.570s][info][gc,stats]     Weak Class Links                  0 us
[5.570s][info][gc,stats]     Code Roots                     2152 us
[5.570s][info][gc,stats]   Rendezvous                        101 us
[5.570s][info][gc,stats]   Purge Unlinked                     69 us
[5.570s][info][gc,stats]     Code Roots                       63 us
[5.570s][info][gc,stats]     CLDG                              5 us
[5.570s][info][gc,stats]     Exception Caches                  0 us
[5.570s][info][gc,stats] Pause Final Roots (G)               221 us
[5.570s][info][gc,stats] Pause Final Roots (N)                 8 us
[5.570s][info][gc,stats] Pacing                            26053 us
[5.570s][info][gc,stats]
[5.570s][info][gc,stats] Allocation pacing accrued:
[5.570s][info][gc,stats]      26 of    30 ms ( 86.5%): thread3
[5.570s][info][gc,stats]      26 of    30 ms ( 86.5%): <total>
[5.570s][info][gc,stats]       1 of    30 ms (  4.8%): <average total>
[5.570s][info][gc,stats]      26 of    30 ms ( 86.5%): <average non-zero>
[5.570s][info][gc,stats]
[5.583s][info][gc,stats]
[5.583s][info][gc,stats] All times are wall-clock times, except per-root-class counters, that are sum over
[5.583s][info][gc,stats] all workers. Dividing the <total> over the root stage time estimates parallelism.
[5.583s][info][gc,stats]
[5.583s][info][gc,stats] Concurrent Reset                     54 us
[5.583s][info][gc,stats] Pause Init Mark (G)                 261 us
[5.583s][info][gc,stats] Pause Init Mark (N)                  18 us
[5.583s][info][gc,stats]   Update Region States                0 us
[5.583s][info][gc,stats] Concurrent Mark Roots               718 us, parallelism: 0.91x
[5.583s][info][gc,stats]   CMR: <total>                      652 us
[5.583s][info][gc,stats]   CMR: Thread Roots                 249 us, workers (us): 249, ---, ---,
[5.583s][info][gc,stats]   CMR: VM Strong Roots               34 us, workers (us):  34, ---, ---,
[5.583s][info][gc,stats]   CMR: CLDG Roots                   368 us, workers (us): 368, ---, ---,
[5.583s][info][gc,stats] Concurrent Marking                10191 us
[5.583s][info][gc,stats] Pacing                            12057 us
[5.583s][info][gc,stats]
[5.583s][info][gc,stats] Allocation pacing accrued:
[5.583s][info][gc,stats]      12 of    13 ms ( 91.5%): thread3
[5.583s][info][gc,stats]      12 of    13 ms ( 91.5%): <total>
[5.583s][info][gc,stats]       1 of    13 ms (  5.1%): <average total>
[5.583s][info][gc,stats]      12 of    13 ms ( 91.5%): <average non-zero>
[5.583s][info][gc,stats]
[5.606s][info][gc,stats]
[5.606s][info][gc,stats] All times are wall-clock times, except per-root-class counters, that are sum over
[5.606s][info][gc,stats] all workers. Dividing the <total> over the root stage time estimates parallelism.
[5.606s][info][gc,stats]
[5.606s][info][gc,stats]   Finish Mark                      1273 us
[5.606s][info][gc,stats] Pause Degenerated GC (G)           7787 us
[5.606s][info][gc,stats] Pause Degenerated GC (N)           7562 us
[5.606s][info][gc,stats]     System Purge                   5843 us
[5.606s][info][gc,stats]       Weak References                57 us, parallelism: 0.57x
[5.606s][info][gc,stats]         WRP: <total>                 33 us
[5.606s][info][gc,stats]         WRP: Weak References         33 us, workers (us):  32,   0,   0,
[5.606s][info][gc,stats]       Unload Classes               5502 us, parallelism: 0.50x
[5.606s][info][gc,stats]         DCU: <total>               2774 us
[5.606s][info][gc,stats]         DCU: Unload Code Caches     2774 us, workers (us): 930, 923, 921,
[5.606s][info][gc,stats]       Weak Roots                    247 us, parallelism: 2.64x
[5.606s][info][gc,stats]         DWR: <total>                650 us
[5.606s][info][gc,stats]         DWR: VM Weak Roots          650 us, workers (us): 220, 218, 212,
[5.606s][info][gc,stats]       CLDG                            1 us
[5.606s][info][gc,stats]   Update Region States                2 us
[5.606s][info][gc,stats]   Manage GC/TLABs                     9 us
[5.606s][info][gc,stats]   Choose Collection Set              13 us
[5.606s][info][gc,stats]   Rebuild Free Set                    3 us
[5.606s][info][gc,stats]   Cleanup                             3 us
[5.606s][info][gc,stats]
[5.606s][info][gc,stats] Allocation pacing accrued:
[5.606s][info][gc,stats]       0 of    23 ms (  0.0%): <total>
[5.606s][info][gc,stats]       0 of    23 ms (  0.0%): <average total>
[5.606s][info][gc,stats]
[5.625s][info][gc,stats]
[5.625s][info][gc,stats] All times are wall-clock times, except per-root-class counters, that are sum over
[5.625s][info][gc,stats] all workers. Dividing the <total> over the root stage time estimates parallelism.
[5.625s][info][gc,stats]
[5.625s][info][gc,stats] Concurrent Reset                     91 us
[5.625s][info][gc,stats] Pause Init Mark (G)                 185 us
[5.625s][info][gc,stats] Pause Init Mark (N)                  15 us
[5.625s][info][gc,stats]   Update Region States                0 us
[5.625s][info][gc,stats] Concurrent Mark Roots               618 us, parallelism: 0.85x
[5.625s][info][gc,stats]   CMR: <total>                      527 us
[5.625s][info][gc,stats]   CMR: Thread Roots                 266 us, workers (us): 266, ---, ---,
[5.625s][info][gc,stats]   CMR: VM Strong Roots               29 us, workers (us):  29, ---, ---,
[5.625s][info][gc,stats]   CMR: CLDG Roots                   232 us, workers (us): 232, ---, ---,
[5.625s][info][gc,stats] Concurrent Marking                13147 us
[5.625s][info][gc,stats] Pause Final Mark (G)                236 us
[5.625s][info][gc,stats] Pause Final Mark (N)                 93 us
[5.625s][info][gc,stats]   Finish Mark                        68 us
[5.625s][info][gc,stats]   Update Region States                2 us
[5.625s][info][gc,stats]   Choose Collection Set               7 us
[5.625s][info][gc,stats]   Rebuild Free Set                    2 us
[5.625s][info][gc,stats] Concurrent Weak References           92 us, parallelism: 0.32x
[5.625s][info][gc,stats]   CWRF: <total>                      29 us
[5.625s][info][gc,stats]   CWRF: Weak References              29 us, workers (us):  29, ---, ---,
[5.625s][info][gc,stats] Concurrent Weak Roots               520 us
[5.625s][info][gc,stats]   Roots                             454 us, parallelism: 0.88x
[5.625s][info][gc,stats]     CWR: <total>                    398 us
[5.625s][info][gc,stats]     CWR: Code Cache Roots           137 us, workers (us): 137, ---, ---,
[5.625s][info][gc,stats]     CWR: VM Weak Roots              251 us, workers (us): 251, ---, ---,
[5.625s][info][gc,stats]     CWR: CLDG Roots                   9 us, workers (us):   9, ---, ---,
[5.625s][info][gc,stats]   Rendezvous                         60 us
[5.625s][info][gc,stats] Concurrent Cleanup                   37 us
[5.625s][info][gc,stats] Concurrent Class Unloading         2341 us
[5.625s][info][gc,stats]   Unlink Stale                     2181 us
[5.625s][info][gc,stats]     System Dictionary                 4 us
[5.625s][info][gc,stats]     Weak Class Links                  0 us
[5.625s][info][gc,stats]     Code Roots                     2175 us
[5.625s][info][gc,stats]   Rendezvous                         75 us
[5.625s][info][gc,stats]   Purge Unlinked                     79 us
[5.625s][info][gc,stats]     Code Roots                       71 us
[5.625s][info][gc,stats]     CLDG                              7 us
[5.625s][info][gc,stats]     Exception Caches                  0 us
[5.625s][info][gc,stats] Pause Final Roots (G)               166 us
[5.625s][info][gc,stats] Pause Final Roots (N)                 7 us
[5.625s][info][gc,stats] Pacing                             7327 us
[5.625s][info][gc,stats]
[5.625s][info][gc,stats] Allocation pacing accrued:
[5.625s][info][gc,stats]       7 of    20 ms ( 37.3%): thread3
[5.625s][info][gc,stats]       7 of    20 ms ( 37.3%): <total>
[5.625s][info][gc,stats]       0 of    20 ms (  2.1%): <average total>
[5.625s][info][gc,stats]       7 of    20 ms ( 37.3%): <average non-zero>
[5.625s][info][gc,stats]
[5.647s][info][gc,stats]
[5.647s][info][gc,stats] All times are wall-clock times, except per-root-class counters, that are sum over
[5.647s][info][gc,stats] all workers. Dividing the <total> over the root stage time estimates parallelism.
[5.647s][info][gc,stats]
[5.647s][info][gc,stats] Concurrent Reset                     40 us
[5.647s][info][gc,stats] Pause Init Mark (G)                 117 us
[5.647s][info][gc,stats] Pause Init Mark (N)                  26 us
[5.647s][info][gc,stats]   Update Region States                1 us
[5.647s][info][gc,stats] Concurrent Mark Roots              1045 us, parallelism: 0.93x
[5.647s][info][gc,stats]   CMR: <total>                      972 us
[5.647s][info][gc,stats]   CMR: Thread Roots                 416 us, workers (us): 416, ---, ---,
[5.647s][info][gc,stats]   CMR: VM Strong Roots               40 us, workers (us):  40, ---, ---,
[5.647s][info][gc,stats]   CMR: CLDG Roots                   516 us, workers (us): 516, ---, ---,
[5.647s][info][gc,stats] Concurrent Marking                12609 us
[5.647s][info][gc,stats] Pause Final Mark (G)                203 us
[5.647s][info][gc,stats] Pause Final Mark (N)                 98 us
[5.647s][info][gc,stats]   Finish Mark                        76 us
[5.647s][info][gc,stats]   Update Region States                1 us
[5.647s][info][gc,stats]   Choose Collection Set               6 us
[5.647s][info][gc,stats]   Rebuild Free Set                    2 us
[5.647s][info][gc,stats] Concurrent Weak References           82 us, parallelism: 0.35x
[5.647s][info][gc,stats]   CWRF: <total>                      28 us
[5.647s][info][gc,stats]   CWRF: Weak References              28 us, workers (us):  28, ---, ---,
[5.647s][info][gc,stats] Concurrent Weak Roots               391 us
[5.647s][info][gc,stats]   Roots                             333 us, parallelism: 0.86x
[5.647s][info][gc,stats]     CWR: <total>                    288 us
[5.647s][info][gc,stats]     CWR: Code Cache Roots           144 us, workers (us): 144, ---, ---,
[5.647s][info][gc,stats]     CWR: VM Weak Roots              138 us, workers (us): 138, ---, ---,
[5.647s][info][gc,stats]     CWR: CLDG Roots                   6 us, workers (us):   6, ---, ---,
[5.647s][info][gc,stats]   Rendezvous                         52 us
[5.647s][info][gc,stats] Concurrent Cleanup                   35 us
[5.647s][info][gc,stats] Concurrent Class Unloading         2273 us
[5.647s][info][gc,stats]   Unlink Stale                     2145 us
[5.647s][info][gc,stats]     System Dictionary                 4 us
[5.647s][info][gc,stats]     Weak Class Links                  0 us
[5.647s][info][gc,stats]     Code Roots                     2138 us
[5.647s][info][gc,stats]   Rendezvous                         58 us
[5.647s][info][gc,stats]   Purge Unlinked                     61 us
[5.647s][info][gc,stats]     Code Roots                       53 us
[5.647s][info][gc,stats]     CLDG                              7 us
[5.647s][info][gc,stats]     Exception Caches                  0 us
[5.647s][info][gc,stats] Pause Final Roots (G)               169 us
[5.647s][info][gc,stats] Pause Final Roots (N)                 6 us
[5.647s][info][gc,stats] Pacing                            26241 us
[5.647s][info][gc,stats]
[5.647s][info][gc,stats] Allocation pacing accrued:
[5.647s][info][gc,stats]      26 of    22 ms (122.0%): thread3
[5.647s][info][gc,stats]      26 of    22 ms (122.0%): <total>
[5.647s][info][gc,stats]       1 of    22 ms (  6.8%): <average total>
[5.647s][info][gc,stats]      26 of    22 ms (122.0%): <average non-zero>
[5.647s][info][gc,stats]
[5.662s][info][gc,stats]
[5.662s][info][gc,stats] All times are wall-clock times, except per-root-class counters, that are sum over
[5.662s][info][gc,stats] all workers. Dividing the <total> over the root stage time estimates parallelism.
[5.662s][info][gc,stats]
[5.662s][info][gc,stats] Concurrent Reset                     54 us
[5.662s][info][gc,stats] Pause Init Mark (G)                 125 us
[5.662s][info][gc,stats] Pause Init Mark (N)                  17 us
[5.662s][info][gc,stats]   Update Region States                1 us
[5.662s][info][gc,stats] Concurrent Mark Roots               987 us, parallelism: 0.91x
[5.662s][info][gc,stats]   CMR: <total>                      903 us
[5.662s][info][gc,stats]   CMR: Thread Roots                 450 us, workers (us): 450, ---, ---,
[5.662s][info][gc,stats]   CMR: VM Strong Roots               24 us, workers (us):  24, ---, ---,
[5.662s][info][gc,stats]   CMR: CLDG Roots                   430 us, workers (us): 430, ---, ---,
[5.662s][info][gc,stats] Concurrent Marking                12081 us
[5.662s][info][gc,stats] Pacing                            14056 us
[5.662s][info][gc,stats]
[5.662s][info][gc,stats] Allocation pacing accrued:
[5.662s][info][gc,stats]      14 of    15 ms ( 93.6%): thread3
[5.662s][info][gc,stats]      14 of    15 ms ( 93.6%): <total>
[5.662s][info][gc,stats]       1 of    15 ms (  5.2%): <average total>
[5.662s][info][gc,stats]      14 of    15 ms ( 93.6%): <average non-zero>
[5.662s][info][gc,stats]
[5.685s][info][gc,stats]
[5.685s][info][gc,stats] All times are wall-clock times, except per-root-class counters, that are sum over
[5.685s][info][gc,stats] all workers. Dividing the <total> over the root stage time estimates parallelism.
[5.685s][info][gc,stats]
[5.685s][info][gc,stats]   Finish Mark                       684 us
[5.685s][info][gc,stats] Pause Degenerated GC (G)           7231 us
[5.685s][info][gc,stats] Pause Degenerated GC (N)           7061 us
[5.685s][info][gc,stats]     System Purge                   6114 us
[5.685s][info][gc,stats]       Weak References                90 us, parallelism: 0.72x
[5.685s][info][gc,stats]         WRP: <total>                 64 us
[5.685s][info][gc,stats]         WRP: Weak References         64 us, workers (us):  64,   0,   1,
[5.685s][info][gc,stats]       Unload Classes               5547 us, parallelism: 0.59x
[5.685s][info][gc,stats]         DCU: <total>               3299 us
[5.685s][info][gc,stats]         DCU: Unload Code Caches     3299 us, workers (us): 1117, 1079, 1102,
[5.685s][info][gc,stats]       Weak Roots                    443 us, parallelism: 2.60x
[5.685s][info][gc,stats]         DWR: <total>               1151 us
[5.685s][info][gc,stats]         DWR: VM Weak Roots         1151 us, workers (us): 406, 390, 355,
[5.685s][info][gc,stats]       CLDG                            1 us
[5.685s][info][gc,stats]   Update Region States                1 us
[5.685s][info][gc,stats]   Manage GC/TLABs                     6 us
[5.685s][info][gc,stats]   Choose Collection Set               9 us
[5.685s][info][gc,stats]   Rebuild Free Set                    2 us
[5.685s][info][gc,stats]   Cleanup                             1 us
[5.685s][info][gc,stats]
[5.685s][info][gc,stats] Allocation pacing accrued:
[5.685s][info][gc,stats]       0 of    23 ms (  0.0%): <total>
[5.685s][info][gc,stats]       0 of    23 ms (  0.0%): <average total>
[5.685s][info][gc,stats]
[5.703s][info][gc,stats]
[5.704s][info][gc,stats] All times are wall-clock times, except per-root-class counters, that are sum over
[5.704s][info][gc,stats] all workers. Dividing the <total> over the root stage time estimates parallelism.
[5.704s][info][gc,stats]
[5.704s][info][gc,stats] Concurrent Reset                     31 us
[5.704s][info][gc,stats] Pause Init Mark (G)                 118 us
[5.704s][info][gc,stats] Pause Init Mark (N)                  14 us
[5.704s][info][gc,stats]   Update Region States                0 us
[5.704s][info][gc,stats] Concurrent Mark Roots               588 us, parallelism: 0.90x
[5.704s][info][gc,stats]   CMR: <total>                      527 us
[5.704s][info][gc,stats]   CMR: Thread Roots                 215 us, workers (us): 215, ---, ---,
[5.704s][info][gc,stats]   CMR: VM Strong Roots               21 us, workers (us):  21, ---, ---,
[5.704s][info][gc,stats]   CMR: CLDG Roots                   291 us, workers (us): 291, ---, ---,
[5.704s][info][gc,stats] Concurrent Marking                12778 us
[5.704s][info][gc,stats] Pause Final Mark (G)                214 us
[5.704s][info][gc,stats] Pause Final Mark (N)                114 us
[5.704s][info][gc,stats]   Finish Mark                        88 us
[5.704s][info][gc,stats]   Update Region States                1 us
[5.704s][info][gc,stats]   Choose Collection Set               9 us
[5.704s][info][gc,stats]   Rebuild Free Set                    3 us
[5.704s][info][gc,stats] Concurrent Weak References           81 us, parallelism: 0.35x
[5.704s][info][gc,stats]   CWRF: <total>                      28 us
[5.704s][info][gc,stats]   CWRF: Weak References              28 us, workers (us):  28, ---, ---,
[5.704s][info][gc,stats] Concurrent Weak Roots               627 us
[5.704s][info][gc,stats]   Roots                             573 us, parallelism: 0.85x
[5.704s][info][gc,stats]     CWR: <total>                    487 us
[5.704s][info][gc,stats]     CWR: Code Cache Roots           182 us, workers (us): 182, ---, ---,
[5.704s][info][gc,stats]     CWR: VM Weak Roots              292 us, workers (us): 292, ---, ---,
[5.704s][info][gc,stats]     CWR: CLDG Roots                  14 us, workers (us):  14, ---, ---,
[5.704s][info][gc,stats]   Rendezvous                         50 us
[5.704s][info][gc,stats] Concurrent Cleanup                   36 us
[5.704s][info][gc,stats] Concurrent Class Unloading         2235 us
[5.704s][info][gc,stats]   Unlink Stale                     2134 us
[5.704s][info][gc,stats]     System Dictionary                 8 us
[5.704s][info][gc,stats]     Weak Class Links                  0 us
[5.704s][info][gc,stats]     Code Roots                     2124 us
[5.704s][info][gc,stats]   Rendezvous                         47 us
[5.704s][info][gc,stats]   Purge Unlinked                     49 us
[5.704s][info][gc,stats]     Code Roots                       41 us
[5.704s][info][gc,stats]     CLDG                              6 us
[5.704s][info][gc,stats]     Exception Caches                  0 us
[5.704s][info][gc,stats] Pause Final Roots (G)               146 us
[5.704s][info][gc,stats] Pause Final Roots (N)                 5 us
[5.704s][info][gc,stats]
[5.704s][info][gc,stats] Allocation pacing accrued:
[5.704s][info][gc,stats]       0 of    19 ms (  0.0%): <total>
[5.704s][info][gc,stats]       0 of    19 ms (  0.0%): <average total>
[5.704s][info][gc,stats]
[5.727s][info][gc,stats]
[5.727s][info][gc,stats] All times are wall-clock times, except per-root-class counters, that are sum over
[5.727s][info][gc,stats] all workers. Dividing the <total> over the root stage time estimates parallelism.
[5.727s][info][gc,stats]
[5.727s][info][gc,stats] Concurrent Reset                     43 us
[5.727s][info][gc,stats] Pause Init Mark (G)                 244 us
[5.727s][info][gc,stats] Pause Init Mark (N)                  12 us
[5.727s][info][gc,stats]   Update Region States                0 us
[5.727s][info][gc,stats] Concurrent Mark Roots               994 us, parallelism: 0.94x
[5.727s][info][gc,stats]   CMR: <total>                      934 us
[5.727s][info][gc,stats]   CMR: Thread Roots                 416 us, workers (us): 416, ---, ---,
[5.727s][info][gc,stats]   CMR: VM Strong Roots               39 us, workers (us):  39, ---, ---,
[5.727s][info][gc,stats]   CMR: CLDG Roots                   479 us, workers (us): 479, ---, ---,
[5.727s][info][gc,stats] Concurrent Marking                12604 us
[5.727s][info][gc,stats] Pause Final Mark (G)                185 us
[5.727s][info][gc,stats] Pause Final Mark (N)                 73 us
[5.727s][info][gc,stats]   Finish Mark                        51 us
[5.727s][info][gc,stats]   Update Region States                1 us
[5.727s][info][gc,stats]   Choose Collection Set               3 us
[5.727s][info][gc,stats]   Rebuild Free Set                    3 us
[5.727s][info][gc,stats] Concurrent Weak References           82 us, parallelism: 0.35x
[5.727s][info][gc,stats]   CWRF: <total>                      28 us
[5.727s][info][gc,stats]   CWRF: Weak References              28 us, workers (us):  28, ---, ---,
[5.727s][info][gc,stats] Concurrent Weak Roots               376 us
[5.727s][info][gc,stats]   Roots                             322 us, parallelism: 0.84x
[5.727s][info][gc,stats]     CWR: <total>                    272 us
[5.727s][info][gc,stats]     CWR: Code Cache Roots           132 us, workers (us): 132, ---, ---,
[5.727s][info][gc,stats]     CWR: VM Weak Roots              134 us, workers (us): 134, ---, ---,
[5.727s][info][gc,stats]     CWR: CLDG Roots                   5 us, workers (us):   5, ---, ---,
[5.727s][info][gc,stats]   Rendezvous                         49 us
[5.727s][info][gc,stats] Concurrent Cleanup                    2 us
[5.727s][info][gc,stats] Concurrent Class Unloading         2429 us
[5.727s][info][gc,stats]   Unlink Stale                     2258 us
[5.727s][info][gc,stats]     System Dictionary                 4 us
[5.727s][info][gc,stats]     Weak Class Links                  1 us
[5.727s][info][gc,stats]     Code Roots                     2252 us
[5.727s][info][gc,stats]   Rendezvous                        105 us
[5.727s][info][gc,stats]   Purge Unlinked                     60 us
[5.727s][info][gc,stats]     Code Roots                       51 us
[5.727s][info][gc,stats]     CLDG                              8 us
[5.727s][info][gc,stats]     Exception Caches                  0 us
[5.727s][info][gc,stats] Pause Final Roots (G)               125 us
[5.727s][info][gc,stats] Pause Final Roots (N)                 5 us
[5.727s][info][gc,stats] Pacing                            36251 us
[5.727s][info][gc,stats]
[5.727s][info][gc,stats] Allocation pacing accrued:
[5.727s][info][gc,stats]      36 of    23 ms (156.7%): thread3
[5.727s][info][gc,stats]      36 of    23 ms (156.7%): <total>
[5.727s][info][gc,stats]       2 of    23 ms (  8.7%): <average total>
[5.727s][info][gc,stats]      36 of    23 ms (156.7%): <average non-zero>
[5.727s][info][gc,stats]
[5.729s][info][gc,stats]
[5.729s][info][gc,stats] All times are wall-clock times, except per-root-class counters, that are sum over
[5.729s][info][gc,stats] all workers. Dividing the <total> over the root stage time estimates parallelism.
[5.729s][info][gc,stats]
[5.729s][info][gc,stats] Concurrent Reset                     83 us
[5.729s][info][gc,stats] Pause Init Mark (G)                 101 us
[5.729s][info][gc,stats] Pause Init Mark (N)                  18 us
[5.729s][info][gc,stats]   Update Region States                0 us
[5.729s][info][gc,stats] Concurrent Mark Roots               519 us, parallelism: 0.91x
[5.729s][info][gc,stats]   CMR: <total>                      471 us
[5.729s][info][gc,stats]   CMR: Thread Roots                 221 us, workers (us): 221, ---, ---,
[5.729s][info][gc,stats]   CMR: VM Strong Roots               23 us, workers (us):  23, ---, ---,
[5.729s][info][gc,stats]   CMR: CLDG Roots                   227 us, workers (us): 227, ---, ---,
[5.729s][info][gc,stats]
[5.729s][info][gc,stats] Allocation pacing accrued:
[5.729s][info][gc,stats]       0 of     2 ms (  0.0%): <total>
[5.729s][info][gc,stats]       0 of     2 ms (  0.0%): <average total>
[5.729s][info][gc,stats]
[5.752s][info][gc,stats]
[5.752s][info][gc,stats] All times are wall-clock times, except per-root-class counters, that are sum over
[5.752s][info][gc,stats] all workers. Dividing the <total> over the root stage time estimates parallelism.
[5.752s][info][gc,stats]
[5.752s][info][gc,stats] Pause Degenerated GC (G)          10542 us
[5.752s][info][gc,stats] Pause Degenerated GC (N)          10406 us
[5.752s][info][gc,stats]   Degen STW Mark                   4604 us, parallelism: 2.95x
[5.752s][info][gc,stats]     DSM: <total>                  13565 us
[5.752s][info][gc,stats]     DSM: Thread Roots               103 us, workers (us):  39,  31,  33,
[5.752s][info][gc,stats]     DSM: VM Strong Roots             35 us, workers (us):  18,   0,  17,
[5.752s][info][gc,stats]     DSM: CLDG Roots                 224 us, workers (us):   1, 220,   2,
[5.752s][info][gc,stats]     DSM: Parallel Mark            13202 us, workers (us): 4465, 4271, 4467,
[5.752s][info][gc,stats]     System Purge                   5529 us
[5.752s][info][gc,stats]       Weak References                54 us, parallelism: 0.70x
[5.752s][info][gc,stats]         WRP: <total>                 38 us
[5.752s][info][gc,stats]         WRP: Weak References         38 us, workers (us):   9,  29,   0,
[5.752s][info][gc,stats]       Unload Classes               5219 us, parallelism: 0.45x
[5.752s][info][gc,stats]         DCU: <total>               2323 us
[5.752s][info][gc,stats]         DCU: Unload Code Caches     2323 us, workers (us): 790, 766, 767,
[5.752s][info][gc,stats]       Weak Roots                    222 us, parallelism: 2.42x
[5.752s][info][gc,stats]         DWR: <total>                538 us
[5.752s][info][gc,stats]         DWR: VM Weak Roots          538 us, workers (us): 182, 175, 181,
[5.752s][info][gc,stats]       CLDG                            1 us
[5.752s][info][gc,stats]   Update Region States                1 us
[5.752s][info][gc,stats]   Manage GC/TLABs                     7 us
[5.752s][info][gc,stats]   Choose Collection Set               8 us
[5.752s][info][gc,stats]   Rebuild Free Set                    2 us
[5.752s][info][gc,stats]   Cleanup                             1 us
[5.752s][info][gc,stats]
[5.752s][info][gc,stats] Allocation pacing accrued:
[5.752s][info][gc,stats]       0 of    23 ms (  0.0%): <total>
[5.752s][info][gc,stats]       0 of    23 ms (  0.0%): <average total>
[5.752s][info][gc,stats]
[5.771s][info][gc,stats]
[5.771s][info][gc,stats] All times are wall-clock times, except per-root-class counters, that are sum over
[5.771s][info][gc,stats] all workers. Dividing the <total> over the root stage time estimates parallelism.
[5.771s][info][gc,stats]
[5.771s][info][gc,stats] Concurrent Reset                     78 us
[5.771s][info][gc,stats] Pause Init Mark (G)                 170 us
[5.771s][info][gc,stats] Pause Init Mark (N)                  18 us
[5.771s][info][gc,stats]   Update Region States                0 us
[5.771s][info][gc,stats] Concurrent Mark Roots              1120 us, parallelism: 0.91x
[5.771s][info][gc,stats]   CMR: <total>                     1022 us
[5.771s][info][gc,stats]   CMR: Thread Roots                 498 us, workers (us): 498, ---, ---,
[5.771s][info][gc,stats]   CMR: VM Strong Roots               46 us, workers (us):  46, ---, ---,
[5.771s][info][gc,stats]   CMR: CLDG Roots                   478 us, workers (us): 478, ---, ---,
[5.771s][info][gc,stats] Concurrent Marking                12963 us
[5.771s][info][gc,stats] Pause Final Mark (G)                202 us
[5.771s][info][gc,stats] Pause Final Mark (N)                113 us
[5.771s][info][gc,stats]   Finish Mark                        90 us
[5.771s][info][gc,stats]   Update Region States                1 us
[5.771s][info][gc,stats]   Choose Collection Set               6 us
[5.771s][info][gc,stats]   Rebuild Free Set                    2 us
[5.771s][info][gc,stats] Concurrent Weak References          130 us, parallelism: 0.53x
[5.771s][info][gc,stats]   CWRF: <total>                      69 us
[5.771s][info][gc,stats]   CWRF: Weak References              69 us, workers (us):  69, ---, ---,
[5.771s][info][gc,stats] Concurrent Weak Roots               398 us
[5.771s][info][gc,stats]   Roots                             316 us, parallelism: 0.88x
[5.771s][info][gc,stats]     CWR: <total>                    277 us
[5.771s][info][gc,stats]     CWR: Code Cache Roots           132 us, workers (us): 132, ---, ---,
[5.771s][info][gc,stats]     CWR: VM Weak Roots              137 us, workers (us): 137, ---, ---,
[5.771s][info][gc,stats]     CWR: CLDG Roots                   8 us, workers (us):   8, ---, ---,
[5.771s][info][gc,stats]   Rendezvous                         78 us
[5.771s][info][gc,stats] Concurrent Cleanup                   36 us
[5.771s][info][gc,stats] Concurrent Class Unloading         2365 us
[5.771s][info][gc,stats]   Unlink Stale                     2198 us
[5.771s][info][gc,stats]     System Dictionary                 4 us
[5.771s][info][gc,stats]     Weak Class Links                  0 us
[5.771s][info][gc,stats]     Code Roots                     2192 us
[5.771s][info][gc,stats]   Rendezvous                         53 us
[5.771s][info][gc,stats]   Purge Unlinked                    106 us
[5.772s][info][gc,stats]     Code Roots                       96 us
[5.772s][info][gc,stats]     CLDG                              9 us
[5.772s][info][gc,stats]     Exception Caches                  0 us
[5.772s][info][gc,stats] Pause Final Roots (G)               147 us
[5.772s][info][gc,stats] Pause Final Roots (N)                 8 us
[5.772s][info][gc,stats]
[5.772s][info][gc,stats] Allocation pacing accrued:
[5.772s][info][gc,stats]       0 of    19 ms (  0.0%): <total>
[5.772s][info][gc,stats]       0 of    19 ms (  0.0%): <average total>
[5.772s][info][gc,stats]
[5.791s][info][gc,stats]
[5.791s][info][gc,stats] All times are wall-clock times, except per-root-class counters, that are sum over
[5.791s][info][gc,stats] all workers. Dividing the <total> over the root stage time estimates parallelism.
[5.791s][info][gc,stats]
[5.791s][info][gc,stats] Concurrent Reset                     32 us
[5.791s][info][gc,stats] Pause Init Mark (G)                 120 us
[5.791s][info][gc,stats] Pause Init Mark (N)                  14 us
[5.791s][info][gc,stats]   Update Region States                0 us
[5.791s][info][gc,stats] Concurrent Mark Roots               536 us, parallelism: 0.92x
[5.791s][info][gc,stats]   CMR: <total>                      494 us
[5.791s][info][gc,stats]   CMR: Thread Roots                 207 us, workers (us): 207, ---, ---,
[5.791s][info][gc,stats]   CMR: VM Strong Roots               25 us, workers (us):  25, ---, ---,
[5.791s][info][gc,stats]   CMR: CLDG Roots                   262 us, workers (us): 262, ---, ---,
[5.791s][info][gc,stats] Concurrent Marking                12918 us
[5.791s][info][gc,stats] Pause Final Mark (G)                230 us
[5.791s][info][gc,stats] Pause Final Mark (N)                112 us
[5.791s][info][gc,stats]   Finish Mark                        83 us
[5.791s][info][gc,stats]   Update Region States                2 us
[5.791s][info][gc,stats]   Choose Collection Set               4 us
[5.791s][info][gc,stats]   Rebuild Free Set                    4 us
[5.791s][info][gc,stats] Concurrent Weak References          105 us, parallelism: 0.59x
[5.791s][info][gc,stats]   CWRF: <total>                      62 us
[5.791s][info][gc,stats]   CWRF: Weak References              62 us, workers (us):  62, ---, ---,
[5.791s][info][gc,stats] Concurrent Weak Roots               835 us
[5.791s][info][gc,stats]   Roots                             695 us, parallelism: 0.91x
[5.791s][info][gc,stats]     CWR: <total>                    634 us
[5.791s][info][gc,stats]     CWR: Code Cache Roots           338 us, workers (us): 338, ---, ---,
[5.791s][info][gc,stats]     CWR: VM Weak Roots              284 us, workers (us): 284, ---, ---,
[5.791s][info][gc,stats]     CWR: CLDG Roots                  13 us, workers (us):  13, ---, ---,
[5.791s][info][gc,stats]   Rendezvous                        129 us
[5.791s][info][gc,stats] Concurrent Cleanup                    5 us
[5.791s][info][gc,stats] Concurrent Class Unloading         2486 us
[5.791s][info][gc,stats]   Unlink Stale                     2324 us
[5.791s][info][gc,stats]     System Dictionary                14 us
[5.791s][info][gc,stats]     Weak Class Links                  1 us
[5.791s][info][gc,stats]     Code Roots                     2306 us
[5.791s][info][gc,stats]   Rendezvous                         86 us
[5.791s][info][gc,stats]   Purge Unlinked                     68 us
[5.791s][info][gc,stats]     Code Roots                       64 us
[5.791s][info][gc,stats]     CLDG                              4 us
[5.791s][info][gc,stats]     Exception Caches                  0 us
[5.791s][info][gc,stats] Pause Final Roots (G)               103 us
[5.791s][info][gc,stats] Pause Final Roots (N)                 5 us
[5.791s][info][gc,stats] Pacing                            31982 us
[5.791s][info][gc,stats]
[5.791s][info][gc,stats] Allocation pacing accrued:
[5.791s][info][gc,stats]      32 of    20 ms (161.8%): thread3
[5.791s][info][gc,stats]      32 of    20 ms (161.8%): <total>
[5.791s][info][gc,stats]       2 of    20 ms (  9.0%): <average total>
[5.791s][info][gc,stats]      32 of    20 ms (161.8%): <average non-zero>
[5.791s][info][gc,stats]
[5.793s][info][gc,stats]
[5.793s][info][gc,stats] All times are wall-clock times, except per-root-class counters, that are sum over
[5.793s][info][gc,stats] all workers. Dividing the <total> over the root stage time estimates parallelism.
[5.793s][info][gc,stats]
[5.793s][info][gc,stats] Concurrent Reset                     63 us
[5.793s][info][gc,stats] Pause Init Mark (G)                 146 us
[5.793s][info][gc,stats] Pause Init Mark (N)                  14 us
[5.793s][info][gc,stats]   Update Region States                0 us
[5.793s][info][gc,stats] Concurrent Mark Roots               497 us, parallelism: 0.88x
[5.793s][info][gc,stats]   CMR: <total>                      436 us
[5.793s][info][gc,stats]   CMR: Thread Roots                 236 us, workers (us): 236, ---, ---,
[5.793s][info][gc,stats]   CMR: VM Strong Roots               21 us, workers (us):  21, ---, ---,
[5.793s][info][gc,stats]   CMR: CLDG Roots                   179 us, workers (us): 179, ---, ---,
[5.793s][info][gc,stats]
[5.793s][info][gc,stats] Allocation pacing accrued:
[5.793s][info][gc,stats]       0 of     2 ms (  0.0%): <total>
[5.793s][info][gc,stats]       0 of     2 ms (  0.0%): <average total>
[5.793s][info][gc,stats]
[5.817s][info][gc,stats]
[5.817s][info][gc,stats] All times are wall-clock times, except per-root-class counters, that are sum over
[5.817s][info][gc,stats] all workers. Dividing the <total> over the root stage time estimates parallelism.
[5.817s][info][gc,stats]
[5.817s][info][gc,stats] Pause Degenerated GC (G)          11281 us
[5.817s][info][gc,stats] Pause Degenerated GC (N)          11096 us
[5.817s][info][gc,stats]   Degen STW Mark                   4721 us, parallelism: 2.91x
[5.817s][info][gc,stats]     DSM: <total>                  13758 us
[5.817s][info][gc,stats]     DSM: Thread Roots               125 us, workers (us):  58,  63,   3,
[5.817s][info][gc,stats]     DSM: VM Strong Roots             42 us, workers (us):   0,  41,   1,
[5.817s][info][gc,stats]     DSM: CLDG Roots                 311 us, workers (us): 303,   2,   7,
[5.817s][info][gc,stats]     DSM: Parallel Mark            13280 us, workers (us): 4281, 4536, 4463,
[5.817s][info][gc,stats]     System Purge                   5925 us
[5.817s][info][gc,stats]       Weak References                77 us, parallelism: 0.80x
[5.817s][info][gc,stats]         WRP: <total>                 62 us
[5.817s][info][gc,stats]         WRP: Weak References         62 us, workers (us):  39,   5,  18,
[5.817s][info][gc,stats]       Unload Classes               5552 us, parallelism: 0.51x
[5.817s][info][gc,stats]         DCU: <total>               2817 us
[5.817s][info][gc,stats]         DCU: Unload Code Caches     2817 us, workers (us): 971, 931, 915,
[5.817s][info][gc,stats]       Weak Roots                    260 us, parallelism: 2.43x
[5.817s][info][gc,stats]         DWR: <total>                633 us
[5.817s][info][gc,stats]         DWR: VM Weak Roots          633 us, workers (us): 217, 208, 209,
[5.817s][info][gc,stats]       CLDG                            1 us
[5.817s][info][gc,stats]   Update Region States                2 us
[5.817s][info][gc,stats]   Manage GC/TLABs                     9 us
[5.817s][info][gc,stats]   Choose Collection Set              11 us
[5.817s][info][gc,stats]   Rebuild Free Set                    3 us
[5.817s][info][gc,stats]   Cleanup                             1 us
[5.817s][info][gc,stats]
[5.817s][info][gc,stats] Allocation pacing accrued:
[5.817s][info][gc,stats]       0 of    24 ms (  0.0%): <total>
[5.817s][info][gc,stats]       0 of    24 ms (  0.0%): <average total>
[5.817s][info][gc,stats]
[5.835s][info][gc,stats]
[5.835s][info][gc,stats] All times are wall-clock times, except per-root-class counters, that are sum over
[5.835s][info][gc,stats] all workers. Dividing the <total> over the root stage time estimates parallelism.
[5.836s][info][gc,stats]
[5.836s][info][gc,stats] Concurrent Reset                     98 us
[5.836s][info][gc,stats] Pause Init Mark (G)                 200 us
[5.836s][info][gc,stats] Pause Init Mark (N)                  28 us
[5.836s][info][gc,stats]   Update Region States                1 us
[5.836s][info][gc,stats] Concurrent Mark Roots               702 us, parallelism: 0.89x
[5.836s][info][gc,stats]   CMR: <total>                      621 us
[5.836s][info][gc,stats]   CMR: Thread Roots                 223 us, workers (us): 223, ---, ---,
[5.836s][info][gc,stats]   CMR: VM Strong Roots               38 us, workers (us):  38, ---, ---,
[5.836s][info][gc,stats]   CMR: CLDG Roots                   361 us, workers (us): 361, ---, ---,
[5.836s][info][gc,stats] Concurrent Marking                12180 us
[5.836s][info][gc,stats] Pause Final Mark (G)                241 us
[5.836s][info][gc,stats] Pause Final Mark (N)                105 us
[5.836s][info][gc,stats]   Finish Mark                        80 us
[5.836s][info][gc,stats]   Update Region States                1 us
[5.836s][info][gc,stats]   Choose Collection Set               8 us
[5.836s][info][gc,stats]   Rebuild Free Set                    2 us
[5.836s][info][gc,stats] Concurrent Weak References          154 us, parallelism: 0.45x
[5.836s][info][gc,stats]   CWRF: <total>                      69 us
[5.836s][info][gc,stats]   CWRF: Weak References              69 us, workers (us):  69, ---, ---,
[5.836s][info][gc,stats] Concurrent Weak Roots               484 us
[5.836s][info][gc,stats]   Roots                             370 us, parallelism: 0.79x
[5.836s][info][gc,stats]     CWR: <total>                    293 us
[5.836s][info][gc,stats]     CWR: Code Cache Roots           142 us, workers (us): 142, ---, ---,
[5.836s][info][gc,stats]     CWR: VM Weak Roots              140 us, workers (us): 140, ---, ---,
[5.836s][info][gc,stats]     CWR: CLDG Roots                  12 us, workers (us):  12, ---, ---,
[5.836s][info][gc,stats]   Rendezvous                        106 us
[5.836s][info][gc,stats] Concurrent Cleanup                   91 us
[5.836s][info][gc,stats] Concurrent Class Unloading         2451 us
[5.836s][info][gc,stats]   Unlink Stale                     2177 us
[5.836s][info][gc,stats]     System Dictionary                14 us
[5.836s][info][gc,stats]     Weak Class Links                  0 us
[5.836s][info][gc,stats]     Code Roots                     2161 us
[5.836s][info][gc,stats]   Rendezvous                        110 us
[5.836s][info][gc,stats]   Purge Unlinked                    155 us
[5.836s][info][gc,stats]     Code Roots                      144 us
[5.836s][info][gc,stats]     CLDG                              9 us
[5.836s][info][gc,stats]     Exception Caches                  0 us
[5.836s][info][gc,stats] Pause Final Roots (G)               160 us
[5.836s][info][gc,stats] Pause Final Roots (N)                 6 us
[5.836s][info][gc,stats]
[5.836s][info][gc,stats] Allocation pacing accrued:
[5.836s][info][gc,stats]      14 of    19 ms ( 75.1%): thread3
[5.836s][info][gc,stats]      14 of    19 ms ( 75.1%): <total>
[5.836s][info][gc,stats]       1 of    19 ms (  4.2%): <average total>
[5.836s][info][gc,stats]      14 of    19 ms ( 75.1%): <average non-zero>
[5.836s][info][gc,stats]
[5.854s][info][gc,stats]
[5.854s][info][gc,stats] All times are wall-clock times, except per-root-class counters, that are sum over
[5.854s][info][gc,stats] all workers. Dividing the <total> over the root stage time estimates parallelism.
[5.854s][info][gc,stats]
[5.854s][info][gc,stats] Concurrent Reset                     93 us
[5.854s][info][gc,stats] Pause Init Mark (G)                 227 us
[5.854s][info][gc,stats] Pause Init Mark (N)                  28 us
[5.854s][info][gc,stats]   Update Region States                1 us
[5.854s][info][gc,stats] Concurrent Mark Roots               689 us, parallelism: 0.84x
[5.854s][info][gc,stats]   CMR: <total>                      580 us
[5.854s][info][gc,stats]   CMR: Thread Roots                 241 us, workers (us): 241, ---, ---,
[5.854s][info][gc,stats]   CMR: VM Strong Roots               40 us, workers (us):  40, ---, ---,
[5.854s][info][gc,stats]   CMR: CLDG Roots                   298 us, workers (us): 298, ---, ---,
[5.854s][info][gc,stats] Concurrent Marking                11884 us
[5.854s][info][gc,stats] Pause Final Mark (G)                230 us
[5.854s][info][gc,stats] Pause Final Mark (N)                 99 us
[5.854s][info][gc,stats]   Finish Mark                        61 us
[5.854s][info][gc,stats]   Update Region States                2 us
[5.854s][info][gc,stats]   Choose Collection Set              11 us
[5.854s][info][gc,stats]   Rebuild Free Set                    4 us
[5.854s][info][gc,stats] Concurrent Weak References          112 us, parallelism: 0.59x
[5.854s][info][gc,stats]   CWRF: <total>                      66 us
[5.854s][info][gc,stats]   CWRF: Weak References              66 us, workers (us):  66, ---, ---,
[5.854s][info][gc,stats] Concurrent Weak Roots               429 us
[5.854s][info][gc,stats]   Roots                             340 us, parallelism: 0.85x
[5.854s][info][gc,stats]     CWR: <total>                    288 us
[5.854s][info][gc,stats]     CWR: Code Cache Roots           145 us, workers (us): 145, ---, ---,
[5.854s][info][gc,stats]     CWR: VM Weak Roots              139 us, workers (us): 139, ---, ---,
[5.854s][info][gc,stats]     CWR: CLDG Roots                   5 us, workers (us):   5, ---, ---,
[5.854s][info][gc,stats]   Rendezvous                         85 us
[5.854s][info][gc,stats] Concurrent Cleanup                   37 us
[5.854s][info][gc,stats] Concurrent Class Unloading         2326 us
[5.854s][info][gc,stats]   Unlink Stale                     2183 us
[5.854s][info][gc,stats]     System Dictionary                 8 us
[5.854s][info][gc,stats]     Weak Class Links                  0 us
[5.854s][info][gc,stats]     Code Roots                     2173 us
[5.854s][info][gc,stats]   Rendezvous                         73 us
[5.854s][info][gc,stats]   Purge Unlinked                     65 us
[5.854s][info][gc,stats]     Code Roots                       61 us
[5.854s][info][gc,stats]     CLDG                              4 us
[5.854s][info][gc,stats]     Exception Caches                  0 us
[5.854s][info][gc,stats] Pause Final Roots (G)                98 us
[5.854s][info][gc,stats] Pause Final Roots (N)                 4 us
[5.854s][info][gc,stats] Pacing                            14362 us
[5.854s][info][gc,stats]
[5.854s][info][gc,stats] Allocation pacing accrued:
[5.854s][info][gc,stats]      14 of    18 ms ( 79.4%): thread3
[5.854s][info][gc,stats]      14 of    18 ms ( 79.4%): <total>
[5.854s][info][gc,stats]       1 of    18 ms (  4.4%): <average total>
[5.854s][info][gc,stats]      14 of    18 ms ( 79.4%): <average non-zero>
[5.854s][info][gc,stats]
[5.873s][info][gc,stats]
[5.873s][info][gc,stats] All times are wall-clock times, except per-root-class counters, that are sum over
[5.873s][info][gc,stats] all workers. Dividing the <total> over the root stage time estimates parallelism.
[5.873s][info][gc,stats]
[5.873s][info][gc,stats] Concurrent Reset                     99 us
[5.873s][info][gc,stats] Pause Init Mark (G)                 134 us
[5.873s][info][gc,stats] Pause Init Mark (N)                  14 us
[5.873s][info][gc,stats]   Update Region States                1 us
[5.873s][info][gc,stats] Concurrent Mark Roots               541 us, parallelism: 0.89x
[5.873s][info][gc,stats]   CMR: <total>                      482 us
[5.873s][info][gc,stats]   CMR: Thread Roots                 222 us, workers (us): 222, ---, ---,
[5.873s][info][gc,stats]   CMR: VM Strong Roots               26 us, workers (us):  26, ---, ---,
[5.873s][info][gc,stats]   CMR: CLDG Roots                   234 us, workers (us): 234, ---, ---,
[5.873s][info][gc,stats] Concurrent Marking                12720 us
[5.873s][info][gc,stats] Pause Final Mark (G)                235 us
[5.873s][info][gc,stats] Pause Final Mark (N)                106 us
[5.873s][info][gc,stats]   Finish Mark                        82 us
[5.873s][info][gc,stats]   Update Region States                2 us
[5.873s][info][gc,stats]   Choose Collection Set               7 us
[5.873s][info][gc,stats]   Rebuild Free Set                    3 us
[5.873s][info][gc,stats] Concurrent Weak References           78 us, parallelism: 0.43x
[5.873s][info][gc,stats]   CWRF: <total>                      34 us
[5.873s][info][gc,stats]   CWRF: Weak References              34 us, workers (us):  34, ---, ---,
[5.873s][info][gc,stats] Concurrent Weak Roots               454 us
[5.873s][info][gc,stats]   Roots                             364 us, parallelism: 0.86x
[5.873s][info][gc,stats]     CWR: <total>                    313 us
[5.873s][info][gc,stats]     CWR: Code Cache Roots           155 us, workers (us): 155, ---, ---,
[5.873s][info][gc,stats]     CWR: VM Weak Roots              146 us, workers (us): 146, ---, ---,
[5.873s][info][gc,stats]     CWR: CLDG Roots                  11 us, workers (us):  11, ---, ---,
[5.873s][info][gc,stats]   Rendezvous                         86 us
[5.873s][info][gc,stats] Concurrent Cleanup                   46 us
[5.873s][info][gc,stats] Concurrent Class Unloading         2321 us
[5.873s][info][gc,stats]   Unlink Stale                     2177 us
[5.873s][info][gc,stats]     System Dictionary                 4 us
[5.873s][info][gc,stats]     Weak Class Links                  0 us
[5.873s][info][gc,stats]     Code Roots                     2172 us
[5.873s][info][gc,stats]   Rendezvous                         80 us
[5.873s][info][gc,stats]   Purge Unlinked                     61 us
[5.873s][info][gc,stats]     Code Roots                       56 us
[5.873s][info][gc,stats]     CLDG                              4 us
[5.873s][info][gc,stats]     Exception Caches                  0 us
[5.873s][info][gc,stats] Pause Final Roots (G)               151 us
[5.873s][info][gc,stats] Pause Final Roots (N)                 8 us
[5.873s][info][gc,stats] Pacing                            12571 us
[5.873s][info][gc,stats]
[5.873s][info][gc,stats] Allocation pacing accrued:
[5.873s][info][gc,stats]      13 of    19 ms ( 66.5%): thread3
[5.873s][info][gc,stats]      13 of    19 ms ( 66.5%): <total>
[5.873s][info][gc,stats]       1 of    19 ms (  3.7%): <average total>
[5.873s][info][gc,stats]      13 of    19 ms ( 66.5%): <average non-zero>
[5.873s][info][gc,stats]
[5.899s][info][gc,stats]
[5.899s][info][gc,stats] All times are wall-clock times, except per-root-class counters, that are sum over
[5.899s][info][gc,stats] all workers. Dividing the <total> over the root stage time estimates parallelism.
[5.899s][info][gc,stats]
[5.899s][info][gc,stats] Concurrent Reset                     48 us
[5.899s][info][gc,stats] Pause Init Mark (G)                 155 us
[5.899s][info][gc,stats] Pause Init Mark (N)                  26 us
[5.899s][info][gc,stats]   Update Region States                1 us
[5.899s][info][gc,stats] Concurrent Mark Roots               493 us, parallelism: 0.90x
[5.899s][info][gc,stats]   CMR: <total>                      445 us
[5.899s][info][gc,stats]   CMR: Thread Roots                 187 us, workers (us): 187, ---, ---,
[5.899s][info][gc,stats]   CMR: VM Strong Roots               23 us, workers (us):  23, ---, ---,
[5.899s][info][gc,stats]   CMR: CLDG Roots                   235 us, workers (us): 235, ---, ---,
[5.899s][info][gc,stats] Concurrent Marking                11781 us
[5.899s][info][gc,stats] Pause Final Mark (G)                219 us
[5.899s][info][gc,stats] Pause Final Mark (N)                135 us
[5.899s][info][gc,stats]   Finish Mark                       102 us
[5.899s][info][gc,stats]   Update Region States                2 us
[5.899s][info][gc,stats]   Choose Collection Set               9 us
[5.899s][info][gc,stats]   Rebuild Free Set                    3 us
[5.899s][info][gc,stats] Concurrent Weak References          149 us, parallelism: 0.58x
[5.899s][info][gc,stats]   CWRF: <total>                      86 us
[5.899s][info][gc,stats]   CWRF: Weak References              86 us, workers (us):  86, ---, ---,
[5.899s][info][gc,stats] Concurrent Weak Roots               571 us
[5.899s][info][gc,stats]   Roots                             513 us, parallelism: 0.93x
[5.899s][info][gc,stats]     CWR: <total>                    475 us
[5.899s][info][gc,stats]     CWR: Code Cache Roots           174 us, workers (us): 174, ---, ---,
[5.899s][info][gc,stats]     CWR: VM Weak Roots              293 us, workers (us): 293, ---, ---,
[5.899s][info][gc,stats]     CWR: CLDG Roots                   8 us, workers (us):   8, ---, ---,
[5.899s][info][gc,stats]   Rendezvous                         55 us
[5.899s][info][gc,stats] Concurrent Cleanup                   36 us
[5.899s][info][gc,stats] Concurrent Class Unloading         2974 us
[5.899s][info][gc,stats]   Unlink Stale                     2830 us
[5.899s][info][gc,stats]     System Dictionary                 4 us
[5.899s][info][gc,stats]     Weak Class Links                  0 us
[5.899s][info][gc,stats]     Code Roots                     2824 us
[5.899s][info][gc,stats]   Rendezvous                         61 us
[5.900s][info][gc,stats]   Purge Unlinked                     78 us
[5.900s][info][gc,stats]     Code Roots                       74 us
[5.900s][info][gc,stats]     CLDG                              4 us
[5.900s][info][gc,stats]     Exception Caches                  0 us
[5.900s][info][gc,stats] Pause Final Roots (G)               119 us
[5.900s][info][gc,stats] Pause Final Roots (N)                 4 us
[5.900s][info][gc,stats] Pacing                            26426 us
[5.900s][info][gc,stats]
[5.900s][info][gc,stats] Allocation pacing accrued:
[5.900s][info][gc,stats]      26 of    27 ms ( 99.1%): thread3
[5.900s][info][gc,stats]      26 of    27 ms ( 99.1%): <total>
[5.900s][info][gc,stats]       1 of    27 ms (  5.5%): <average total>
[5.900s][info][gc,stats]      26 of    27 ms ( 99.1%): <average non-zero>
[5.900s][info][gc,stats]
[5.914s][info][gc,stats]
[5.914s][info][gc,stats] All times are wall-clock times, except per-root-class counters, that are sum over
[5.914s][info][gc,stats] all workers. Dividing the <total> over the root stage time estimates parallelism.
[5.914s][info][gc,stats]
[5.914s][info][gc,stats] Concurrent Reset                     38 us
[5.914s][info][gc,stats] Pause Init Mark (G)                 123 us
[5.914s][info][gc,stats] Pause Init Mark (N)                  14 us
[5.914s][info][gc,stats]   Update Region States                0 us
[5.914s][info][gc,stats] Concurrent Mark Roots               470 us, parallelism: 0.92x
[5.914s][info][gc,stats]   CMR: <total>                      431 us
[5.914s][info][gc,stats]   CMR: Thread Roots                 191 us, workers (us): 191, ---, ---,
[5.914s][info][gc,stats]   CMR: VM Strong Roots               23 us, workers (us):  23, ---, ---,
[5.914s][info][gc,stats]   CMR: CLDG Roots                   216 us, workers (us): 216, ---, ---,
[5.914s][info][gc,stats] Pacing                            11917 us
[5.914s][info][gc,stats]
[5.914s][info][gc,stats] Allocation pacing accrued:
[5.914s][info][gc,stats]      12 of    14 ms ( 83.1%): thread3
[5.914s][info][gc,stats]      12 of    14 ms ( 83.1%): <total>
[5.914s][info][gc,stats]       1 of    14 ms (  4.6%): <average total>
[5.914s][info][gc,stats]      12 of    14 ms ( 83.1%): <average non-zero>
[5.914s][info][gc,stats]
[5.941s][info][gc,stats]
[5.941s][info][gc,stats] All times are wall-clock times, except per-root-class counters, that are sum over
[5.941s][info][gc,stats] all workers. Dividing the <total> over the root stage time estimates parallelism.
[5.941s][info][gc,stats]
[5.941s][info][gc,stats] Pause Degenerated GC (G)          11613 us
[5.941s][info][gc,stats] Pause Degenerated GC (N)          11427 us
[5.941s][info][gc,stats]   Degen STW Mark                   4932 us, parallelism: 2.93x
[5.941s][info][gc,stats]     DSM: <total>                  14472 us
[5.941s][info][gc,stats]     DSM: Thread Roots               140 us, workers (us):  38,  46,  55,
[5.941s][info][gc,stats]     DSM: VM Strong Roots             49 us, workers (us):   1,  23,  25,
[5.941s][info][gc,stats]     DSM: CLDG Roots                 241 us, workers (us): 231,   6,   4,
[5.941s][info][gc,stats]     DSM: Parallel Mark            14042 us, workers (us): 4567, 4742, 4733,
[5.941s][info][gc,stats]     System Purge                   6196 us
[5.941s][info][gc,stats]       Weak References                84 us, parallelism: 0.62x
[5.941s][info][gc,stats]         WRP: <total>                 52 us
[5.941s][info][gc,stats]         WRP: Weak References         52 us, workers (us):  39,  14,   0,
[5.941s][info][gc,stats]       Unload Classes               5803 us, parallelism: 0.46x
[5.941s][info][gc,stats]         DCU: <total>               2644 us
[5.941s][info][gc,stats]         DCU: Unload Code Caches     2644 us, workers (us): 890, 875, 879,
[5.941s][info][gc,stats]       Weak Roots                    272 us, parallelism: 2.32x
[5.941s][info][gc,stats]         DWR: <total>                632 us
[5.941s][info][gc,stats]         DWR: VM Weak Roots          632 us, workers (us): 218, 209, 205,
[5.941s][info][gc,stats]       CLDG                            1 us
[5.941s][info][gc,stats]   Update Region States                1 us
[5.941s][info][gc,stats]   Manage GC/TLABs                     7 us
[5.941s][info][gc,stats]   Choose Collection Set               9 us
[5.941s][info][gc,stats]   Rebuild Free Set                    2 us
[5.941s][info][gc,stats]   Cleanup                             1 us
[5.941s][info][gc,stats]
[5.941s][info][gc,stats] Allocation pacing accrued:
[5.941s][info][gc,stats]       0 of    27 ms (  0.0%): <total>
[5.941s][info][gc,stats]       0 of    27 ms (  0.0%): <average total>
[5.941s][info][gc,stats]
[5.960s][info][gc,stats]
[5.960s][info][gc,stats] All times are wall-clock times, except per-root-class counters, that are sum over
[5.961s][info][gc,stats] all workers. Dividing the <total> over the root stage time estimates parallelism.
[5.961s][info][gc,stats]
[5.961s][info][gc,stats] Concurrent Reset                     37 us
[5.961s][info][gc,stats] Pause Init Mark (G)                 121 us
[5.961s][info][gc,stats] Pause Init Mark (N)                  15 us
[5.961s][info][gc,stats]   Update Region States                0 us
[5.961s][info][gc,stats] Concurrent Mark Roots               866 us, parallelism: 0.95x
[5.961s][info][gc,stats]   CMR: <total>                      820 us
[5.961s][info][gc,stats]   CMR: Thread Roots                 443 us, workers (us): 443, ---, ---,
[5.961s][info][gc,stats]   CMR: VM Strong Roots               21 us, workers (us):  21, ---, ---,
[5.961s][info][gc,stats]   CMR: CLDG Roots                   355 us, workers (us): 355, ---, ---,
[5.961s][info][gc,stats] Concurrent Marking                12681 us
[5.961s][info][gc,stats] Pause Final Mark (G)                186 us
[5.961s][info][gc,stats] Pause Final Mark (N)                106 us
[5.961s][info][gc,stats]   Finish Mark                        85 us
[5.961s][info][gc,stats]   Update Region States                1 us
[5.961s][info][gc,stats]   Choose Collection Set               6 us
[5.961s][info][gc,stats]   Rebuild Free Set                    2 us
[5.961s][info][gc,stats] Concurrent Weak References           50 us, parallelism: 0.56x
[5.961s][info][gc,stats]   CWRF: <total>                      28 us
[5.961s][info][gc,stats]   CWRF: Weak References              28 us, workers (us):  28, ---, ---,
[5.961s][info][gc,stats] Concurrent Weak Roots               367 us
[5.961s][info][gc,stats]   Roots                             322 us, parallelism: 0.86x
[5.961s][info][gc,stats]     CWR: <total>                    278 us
[5.961s][info][gc,stats]     CWR: Code Cache Roots           130 us, workers (us): 130, ---, ---,
[5.961s][info][gc,stats]     CWR: VM Weak Roots              139 us, workers (us): 139, ---, ---,
[5.961s][info][gc,stats]     CWR: CLDG Roots                   9 us, workers (us):   9, ---, ---,
[5.961s][info][gc,stats]   Rendezvous                         42 us
[5.961s][info][gc,stats] Concurrent Cleanup                   38 us
[5.961s][info][gc,stats] Concurrent Class Unloading         2864 us
[5.961s][info][gc,stats]   Unlink Stale                     2782 us
[5.961s][info][gc,stats]     System Dictionary                 4 us
[5.961s][info][gc,stats]     Weak Class Links                  0 us
[5.961s][info][gc,stats]     Code Roots                     2777 us
[5.961s][info][gc,stats]   Rendezvous                         43 us
[5.961s][info][gc,stats]   Purge Unlinked                     35 us
[5.961s][info][gc,stats]     Code Roots                       30 us
[5.961s][info][gc,stats]     CLDG                              4 us
[5.961s][info][gc,stats]     Exception Caches                  0 us
[5.961s][info][gc,stats] Pause Final Roots (G)                85 us
[5.961s][info][gc,stats] Pause Final Roots (N)                 4 us
[5.961s][info][gc,stats] Pacing                             2150 us
[5.961s][info][gc,stats]
[5.961s][info][gc,stats] Allocation pacing accrued:
[5.961s][info][gc,stats]       2 of    20 ms ( 10.9%): thread3
[5.961s][info][gc,stats]       2 of    20 ms ( 10.9%): <total>
[5.961s][info][gc,stats]       0 of    20 ms (  0.6%): <average total>
[5.961s][info][gc,stats]       2 of    20 ms ( 10.9%): <average non-zero>
[5.961s][info][gc,stats]
[5.977s][info][gc,stats]
[5.977s][info][gc,stats] All times are wall-clock times, except per-root-class counters, that are sum over
[5.977s][info][gc,stats] all workers. Dividing the <total> over the root stage time estimates parallelism.
[5.977s][info][gc,stats]
[5.977s][info][gc,stats] Pacing                            28050 us
[5.977s][info][gc,stats]
[5.977s][info][gc,stats] Allocation pacing accrued:
[5.977s][info][gc,stats]      28 of    16 ms (170.5%): thread3
[5.977s][info][gc,stats]      28 of    16 ms (170.5%): <total>
[5.977s][info][gc,stats]       2 of    16 ms (  9.5%): <average total>
[5.977s][info][gc,stats]      28 of    16 ms (170.5%): <average non-zero>
[5.977s][info][gc,stats]
[6.006s][info][gc,stats]
[6.006s][info][gc,stats] All times are wall-clock times, except per-root-class counters, that are sum over
[6.006s][info][gc,stats] all workers. Dividing the <total> over the root stage time estimates parallelism.
[6.006s][info][gc,stats]
[6.006s][info][gc,stats] Pause Degenerated GC (G)          12344 us
[6.006s][info][gc,stats] Pause Degenerated GC (N)          12093 us
[6.006s][info][gc,stats]   Degen STW Mark                   5132 us, parallelism: 2.94x
[6.006s][info][gc,stats]     DSM: <total>                  15110 us
[6.006s][info][gc,stats]     DSM: Thread Roots               194 us, workers (us):  58,  52,  85,
[6.006s][info][gc,stats]     DSM: VM Strong Roots             26 us, workers (us):  23,   1,   2,
[6.006s][info][gc,stats]     DSM: CLDG Roots                 542 us, workers (us):   2, 527,  13,
[6.006s][info][gc,stats]     DSM: Parallel Mark            14348 us, workers (us): 4967, 4466, 4915,
[6.006s][info][gc,stats]     System Purge                   6487 us
[6.006s][info][gc,stats]       Weak References                65 us, parallelism: 0.72x
[6.006s][info][gc,stats]         WRP: <total>                 47 us
[6.006s][info][gc,stats]         WRP: Weak References         47 us, workers (us):  37,   9,   0,
[6.006s][info][gc,stats]       Unload Classes               6059 us, parallelism: 0.45x
[6.006s][info][gc,stats]         DCU: <total>               2721 us
[6.006s][info][gc,stats]         DCU: Unload Code Caches     2721 us, workers (us): 905, 922, 893,
[6.006s][info][gc,stats]       Weak Roots                    319 us, parallelism: 2.49x
[6.006s][info][gc,stats]         DWR: <total>                794 us
[6.006s][info][gc,stats]         DWR: VM Weak Roots          794 us, workers (us): 280, 259, 255,
[6.006s][info][gc,stats]       CLDG                            1 us
[6.006s][info][gc,stats]   Update Region States                1 us
[6.006s][info][gc,stats]   Manage GC/TLABs                     7 us
[6.006s][info][gc,stats]   Choose Collection Set              10 us
[6.006s][info][gc,stats]   Rebuild Free Set                    2 us
[6.006s][info][gc,stats]   Cleanup                             1 us
[6.006s][info][gc,stats]
[6.006s][info][gc,stats] Allocation pacing accrued:
[6.006s][info][gc,stats]       0 of    29 ms (  0.0%): <total>
[6.006s][info][gc,stats]       0 of    29 ms (  0.0%): <average total>
[6.006s][info][gc,stats]
[6.024s][info][gc,stats]
[6.024s][info][gc,stats] All times are wall-clock times, except per-root-class counters, that are sum over
[6.024s][info][gc,stats] all workers. Dividing the <total> over the root stage time estimates parallelism.
[6.024s][info][gc,stats]
[6.024s][info][gc,stats] Concurrent Reset                     55 us
[6.024s][info][gc,stats] Pause Init Mark (G)                 153 us
[6.024s][info][gc,stats] Pause Init Mark (N)                  15 us
[6.024s][info][gc,stats]   Update Region States                1 us
[6.024s][info][gc,stats] Concurrent Mark Roots               636 us, parallelism: 0.89x
[6.024s][info][gc,stats]   CMR: <total>                      564 us
[6.024s][info][gc,stats]   CMR: Thread Roots                 211 us, workers (us): 211, ---, ---,
[6.024s][info][gc,stats]   CMR: VM Strong Roots               38 us, workers (us):  38, ---, ---,
[6.024s][info][gc,stats]   CMR: CLDG Roots                   315 us, workers (us): 315, ---, ---,
[6.024s][info][gc,stats] Concurrent Marking                13325 us
[6.024s][info][gc,stats] Pause Final Mark (G)                218 us
[6.024s][info][gc,stats] Pause Final Mark (N)                105 us
[6.024s][info][gc,stats]   Finish Mark                        77 us
[6.024s][info][gc,stats]   Update Region States                2 us
[6.024s][info][gc,stats]   Choose Collection Set               8 us
[6.024s][info][gc,stats]   Rebuild Free Set                    4 us
[6.024s][info][gc,stats] Concurrent Weak References           75 us, parallelism: 0.47x
[6.024s][info][gc,stats]   CWRF: <total>                      35 us
[6.024s][info][gc,stats]   CWRF: Weak References              35 us, workers (us):  35, ---, ---,
[6.025s][info][gc,stats] Concurrent Weak Roots               400 us
[6.025s][info][gc,stats]   Roots                             344 us, parallelism: 0.87x
[6.025s][info][gc,stats]     CWR: <total>                    298 us
[6.025s][info][gc,stats]     CWR: Code Cache Roots           144 us, workers (us): 144, ---, ---,
[6.025s][info][gc,stats]     CWR: VM Weak Roots              142 us, workers (us): 142, ---, ---,
[6.025s][info][gc,stats]     CWR: CLDG Roots                  12 us, workers (us):  12, ---, ---,
[6.025s][info][gc,stats]   Rendezvous                         51 us
[6.025s][info][gc,stats] Concurrent Cleanup                   35 us
[6.025s][info][gc,stats] Concurrent Class Unloading         2199 us
[6.025s][info][gc,stats]   Unlink Stale                     2106 us
[6.025s][info][gc,stats]     System Dictionary                 4 us
[6.025s][info][gc,stats]     Weak Class Links                  0 us
[6.025s][info][gc,stats]     Code Roots                     2101 us
[6.025s][info][gc,stats]   Rendezvous                         45 us
[6.025s][info][gc,stats]   Purge Unlinked                     44 us
[6.025s][info][gc,stats]     Code Roots                       39 us
[6.025s][info][gc,stats]     CLDG                              4 us
[6.025s][info][gc,stats]     Exception Caches                  0 us
[6.025s][info][gc,stats] Pause Final Roots (G)               101 us
[6.025s][info][gc,stats] Pause Final Roots (N)                 5 us
[6.025s][info][gc,stats]
[6.025s][info][gc,stats] Allocation pacing accrued:
[6.025s][info][gc,stats]       0 of    19 ms (  0.0%): <total>
[6.025s][info][gc,stats]       0 of    19 ms (  0.0%): <average total>
[6.025s][info][gc,stats]
[6.058s][info][gc,stats]
[6.058s][info][gc,stats] All times are wall-clock times, except per-root-class counters, that are sum over
[6.058s][info][gc,stats] all workers. Dividing the <total> over the root stage time estimates parallelism.
[6.058s][info][gc,stats]
[6.058s][info][gc,stats] Concurrent Reset                     55 us
[6.058s][info][gc,stats] Pause Init Mark (G)                 142 us
[6.058s][info][gc,stats] Pause Init Mark (N)                  25 us
[6.058s][info][gc,stats]   Update Region States                1 us
[6.058s][info][gc,stats] Concurrent Mark Roots               982 us, parallelism: 0.96x
[6.058s][info][gc,stats]   CMR: <total>                      944 us
[6.058s][info][gc,stats]   CMR: Thread Roots                 434 us, workers (us): 434, ---, ---,
[6.058s][info][gc,stats]   CMR: VM Strong Roots               40 us, workers (us):  40, ---, ---,
[6.058s][info][gc,stats]   CMR: CLDG Roots                   470 us, workers (us): 470, ---, ---,
[6.058s][info][gc,stats] Concurrent Marking                12122 us
[6.058s][info][gc,stats] Pause Final Mark (G)                270 us
[6.058s][info][gc,stats] Pause Final Mark (N)                165 us
[6.058s][info][gc,stats]   Finish Mark                       119 us
[6.058s][info][gc,stats]   Update Region States                2 us
[6.058s][info][gc,stats]   Choose Collection Set              20 us
[6.058s][info][gc,stats]   Rebuild Free Set                    3 us
[6.058s][info][gc,stats] Concurrent Weak References          201 us, parallelism: 0.44x
[6.058s][info][gc,stats]   CWRF: <total>                      88 us
[6.058s][info][gc,stats]   CWRF: Weak References              88 us, workers (us):  88, ---, ---,
[6.058s][info][gc,stats] Concurrent Weak Roots               535 us
[6.058s][info][gc,stats]   Roots                             465 us, parallelism: 0.71x
[6.058s][info][gc,stats]     CWR: <total>                    331 us
[6.058s][info][gc,stats]     CWR: Code Cache Roots           173 us, workers (us): 173, ---, ---,
[6.058s][info][gc,stats]     CWR: VM Weak Roots              148 us, workers (us): 148, ---, ---,
[6.058s][info][gc,stats]     CWR: CLDG Roots                  10 us, workers (us):  10, ---, ---,
[6.058s][info][gc,stats]   Rendezvous                         66 us
[6.058s][info][gc,stats] Concurrent Cleanup                   69 us
[6.058s][info][gc,stats] Concurrent Class Unloading         2287 us
[6.058s][info][gc,stats]   Unlink Stale                     2140 us
[6.058s][info][gc,stats]     System Dictionary                 6 us
[6.058s][info][gc,stats]     Weak Class Links                  0 us
[6.058s][info][gc,stats]     Code Roots                     2132 us
[6.058s][info][gc,stats]   Rendezvous                         51 us
[6.058s][info][gc,stats]   Purge Unlinked                     91 us
[6.058s][info][gc,stats]     Code Roots                       86 us
[6.058s][info][gc,stats]     CLDG                              5 us
[6.058s][info][gc,stats]     Exception Caches                  0 us
[6.058s][info][gc,stats] Pause Final Roots (G)                84 us
[6.058s][info][gc,stats] Pause Final Roots (N)                 4 us
[6.058s][info][gc,stats] Pacing                            44177 us
[6.058s][info][gc,stats]
[6.058s][info][gc,stats] Allocation pacing accrued:
[6.058s][info][gc,stats]      44 of    34 ms (131.6%): thread3
[6.058s][info][gc,stats]      44 of    34 ms (131.6%): <total>
[6.058s][info][gc,stats]       2 of    34 ms (  7.3%): <average total>
[6.058s][info][gc,stats]      44 of    34 ms (131.6%): <average non-zero>
[6.058s][info][gc,stats]
[6.077s][info][gc,stats]
[6.077s][info][gc,stats] All times are wall-clock times, except per-root-class counters, that are sum over
[6.077s][info][gc,stats] all workers. Dividing the <total> over the root stage time estimates parallelism.
[6.077s][info][gc,stats]
[6.077s][info][gc,stats] Concurrent Reset                     34 us
[6.077s][info][gc,stats] Pause Init Mark (G)                  94 us
[6.077s][info][gc,stats] Pause Init Mark (N)                  13 us
[6.077s][info][gc,stats]   Update Region States                0 us
[6.077s][info][gc,stats] Concurrent Mark Roots               570 us, parallelism: 0.90x
[6.077s][info][gc,stats]   CMR: <total>                      515 us
[6.077s][info][gc,stats]   CMR: Thread Roots                 274 us, workers (us): 274, ---, ---,
[6.077s][info][gc,stats]   CMR: VM Strong Roots               22 us, workers (us):  22, ---, ---,
[6.077s][info][gc,stats]   CMR: CLDG Roots                   219 us, workers (us): 219, ---, ---,
[6.077s][info][gc,stats] Concurrent Marking                13467 us
[6.077s][info][gc,stats] Pause Final Mark (G)                183 us
[6.077s][info][gc,stats] Pause Final Mark (N)                 80 us
[6.077s][info][gc,stats]   Finish Mark                        58 us
[6.077s][info][gc,stats]   Update Region States                2 us
[6.077s][info][gc,stats]   Choose Collection Set               6 us
[6.077s][info][gc,stats]   Rebuild Free Set                    2 us
[6.078s][info][gc,stats] Concurrent Weak References           74 us, parallelism: 0.51x
[6.078s][info][gc,stats]   CWRF: <total>                      38 us
[6.078s][info][gc,stats]   CWRF: Weak References              38 us, workers (us):  38, ---, ---,
[6.078s][info][gc,stats] Concurrent Weak Roots               476 us
[6.078s][info][gc,stats]   Roots                             406 us, parallelism: 0.87x
[6.078s][info][gc,stats]     CWR: <total>                    353 us
[6.078s][info][gc,stats]     CWR: Code Cache Roots           203 us, workers (us): 203, ---, ---,
[6.078s][info][gc,stats]     CWR: VM Weak Roots              140 us, workers (us): 140, ---, ---,
[6.078s][info][gc,stats]     CWR: CLDG Roots                  11 us, workers (us):  11, ---, ---,
[6.078s][info][gc,stats]   Rendezvous                         66 us
[6.078s][info][gc,stats] Concurrent Cleanup                   35 us
[6.078s][info][gc,stats] Concurrent Class Unloading         2217 us
[6.078s][info][gc,stats]   Unlink Stale                     2120 us
[6.078s][info][gc,stats]     System Dictionary                 9 us
[6.078s][info][gc,stats]     Weak Class Links                  0 us
[6.078s][info][gc,stats]     Code Roots                     2109 us
[6.078s][info][gc,stats]   Rendezvous                         49 us
[6.078s][info][gc,stats]   Purge Unlinked                     45 us
[6.078s][info][gc,stats]     Code Roots                       40 us
[6.078s][info][gc,stats]     CLDG                              4 us
[6.078s][info][gc,stats]     Exception Caches                  0 us
[6.078s][info][gc,stats] Pause Final Roots (G)               103 us
[6.078s][info][gc,stats] Pause Final Roots (N)                 5 us
[6.078s][info][gc,stats] Pacing                            14062 us
[6.078s][info][gc,stats]
[6.078s][info][gc,stats] Allocation pacing accrued:
[6.078s][info][gc,stats]      14 of    19 ms ( 72.2%): thread3
[6.078s][info][gc,stats]      14 of    19 ms ( 72.2%): <total>
[6.078s][info][gc,stats]       1 of    19 ms (  4.0%): <average total>
[6.078s][info][gc,stats]      14 of    19 ms ( 72.2%): <average non-zero>
[6.078s][info][gc,stats]
[6.101s][info][gc,stats]
[6.101s][info][gc,stats] All times are wall-clock times, except per-root-class counters, that are sum over
[6.101s][info][gc,stats] all workers. Dividing the <total> over the root stage time estimates parallelism.
[6.101s][info][gc,stats]
[6.101s][info][gc,stats] Pause Degenerated GC (G)          11609 us
[6.101s][info][gc,stats] Pause Degenerated GC (N)          11470 us
[6.101s][info][gc,stats]   Degen STW Mark                   4613 us, parallelism: 2.94x
[6.101s][info][gc,stats]     DSM: <total>                  13558 us
[6.101s][info][gc,stats]     DSM: Thread Roots                93 us, workers (us):  32,  30,  32,
[6.101s][info][gc,stats]     DSM: VM Strong Roots             22 us, workers (us):   0,  14,   7,
[6.101s][info][gc,stats]     DSM: CLDG Roots                 227 us, workers (us): 224,   1,   2,
[6.101s][info][gc,stats]     DSM: Parallel Mark            13215 us, workers (us): 4266, 4474, 4475,
[6.101s][info][gc,stats]     System Purge                   6582 us
[6.101s][info][gc,stats]       Weak References                63 us, parallelism: 0.58x
[6.101s][info][gc,stats]         WRP: <total>                 36 us
[6.101s][info][gc,stats]         WRP: Weak References         36 us, workers (us):  26,  10,   0,
[6.101s][info][gc,stats]       Unload Classes               6206 us, parallelism: 0.47x
[6.101s][info][gc,stats]         DCU: <total>               2916 us
[6.101s][info][gc,stats]         DCU: Unload Code Caches     2916 us, workers (us): 933, 899, 1084,
[6.101s][info][gc,stats]       Weak Roots                    278 us, parallelism: 2.31x
[6.101s][info][gc,stats]         DWR: <total>                642 us
[6.101s][info][gc,stats]         DWR: VM Weak Roots          642 us, workers (us): 221, 217, 204,
[6.101s][info][gc,stats]       CLDG                            1 us
[6.101s][info][gc,stats]   Update Region States                1 us
[6.101s][info][gc,stats]   Manage GC/TLABs                     7 us
[6.101s][info][gc,stats]   Choose Collection Set               9 us
[6.101s][info][gc,stats]   Rebuild Free Set                    2 us
[6.101s][info][gc,stats]   Cleanup                             1 us
[6.101s][info][gc,stats] Pacing                            12037 us
[6.101s][info][gc,stats]
[6.101s][info][gc,stats] Allocation pacing accrued:
[6.101s][info][gc,stats]      12 of    24 ms ( 51.2%): thread3
[6.101s][info][gc,stats]      12 of    24 ms ( 51.2%): <total>
[6.101s][info][gc,stats]       1 of    24 ms (  2.8%): <average total>
[6.101s][info][gc,stats]      12 of    24 ms ( 51.2%): <average non-zero>
[6.101s][info][gc,stats]
[6.120s][info][gc,stats]
[6.120s][info][gc,stats] All times are wall-clock times, except per-root-class counters, that are sum over
[6.120s][info][gc,stats] all workers. Dividing the <total> over the root stage time estimates parallelism.
[6.120s][info][gc,stats]
[6.120s][info][gc,stats] Concurrent Reset                     54 us
[6.120s][info][gc,stats] Pause Init Mark (G)                 124 us
[6.120s][info][gc,stats] Pause Init Mark (N)                  15 us
[6.120s][info][gc,stats]   Update Region States                1 us
[6.120s][info][gc,stats] Concurrent Mark Roots               771 us, parallelism: 0.79x
[6.120s][info][gc,stats]   CMR: <total>                      611 us
[6.120s][info][gc,stats]   CMR: Thread Roots                 369 us, workers (us): 369, ---, ---,
[6.120s][info][gc,stats]   CMR: VM Strong Roots               21 us, workers (us):  21, ---, ---,
[6.120s][info][gc,stats]   CMR: CLDG Roots                   221 us, workers (us): 221, ---, ---,
[6.120s][info][gc,stats] Concurrent Marking                12430 us
[6.120s][info][gc,stats] Pause Final Mark (G)                192 us
[6.120s][info][gc,stats] Pause Final Mark (N)                120 us
[6.120s][info][gc,stats]   Finish Mark                       100 us
[6.120s][info][gc,stats]   Update Region States                1 us
[6.120s][info][gc,stats]   Choose Collection Set               6 us
[6.120s][info][gc,stats]   Rebuild Free Set                    2 us
[6.120s][info][gc,stats] Concurrent Weak References           49 us, parallelism: 0.55x
[6.120s][info][gc,stats]   CWRF: <total>                      27 us
[6.120s][info][gc,stats]   CWRF: Weak References              27 us, workers (us):  27, ---, ---,
[6.120s][info][gc,stats] Concurrent Weak Roots               387 us
[6.120s][info][gc,stats]   Roots                             312 us, parallelism: 0.90x
[6.120s][info][gc,stats]     CWR: <total>                    281 us
[6.120s][info][gc,stats]     CWR: Code Cache Roots           133 us, workers (us): 133, ---, ---,
[6.120s][info][gc,stats]     CWR: VM Weak Roots              141 us, workers (us): 141, ---, ---,
[6.120s][info][gc,stats]     CWR: CLDG Roots                   7 us, workers (us):   7, ---, ---,
[6.120s][info][gc,stats]   Rendezvous                         71 us
[6.120s][info][gc,stats] Concurrent Cleanup                   38 us
[6.120s][info][gc,stats] Concurrent Class Unloading         2152 us
[6.120s][info][gc,stats]   Unlink Stale                     2078 us
[6.120s][info][gc,stats]     System Dictionary                 4 us
[6.120s][info][gc,stats]     Weak Class Links                  0 us
[6.120s][info][gc,stats]     Code Roots                     2073 us
[6.120s][info][gc,stats]   Rendezvous                         37 us
[6.120s][info][gc,stats]   Purge Unlinked                     33 us
[6.120s][info][gc,stats]     Code Roots                       28 us
[6.120s][info][gc,stats]     CLDG                              4 us
[6.120s][info][gc,stats]     Exception Caches                  0 us
[6.120s][info][gc,stats] Pause Final Roots (G)               144 us
[6.120s][info][gc,stats] Pause Final Roots (N)                 5 us
[6.120s][info][gc,stats] Pacing                             2056 us
[6.120s][info][gc,stats]
[6.120s][info][gc,stats] Allocation pacing accrued:
[6.120s][info][gc,stats]       2 of    19 ms ( 11.1%): thread3
[6.120s][info][gc,stats]       2 of    19 ms ( 11.1%): <total>
[6.120s][info][gc,stats]       0 of    19 ms (  0.6%): <average total>
[6.120s][info][gc,stats]       2 of    19 ms ( 11.1%): <average non-zero>
[6.120s][info][gc,stats]
[6.139s][info][gc,stats]
[6.139s][info][gc,stats] All times are wall-clock times, except per-root-class counters, that are sum over
[6.139s][info][gc,stats] all workers. Dividing the <total> over the root stage time estimates parallelism.
[6.139s][info][gc,stats]
[6.139s][info][gc,stats] Concurrent Reset                     28 us
[6.139s][info][gc,stats] Pause Init Mark (G)                 160 us
[6.139s][info][gc,stats] Pause Init Mark (N)                  12 us
[6.139s][info][gc,stats]   Update Region States                1 us
[6.139s][info][gc,stats] Concurrent Mark Roots               971 us, parallelism: 0.95x
[6.139s][info][gc,stats]   CMR: <total>                      919 us
[6.139s][info][gc,stats]   CMR: Thread Roots                 507 us, workers (us): 507, ---, ---,
[6.139s][info][gc,stats]   CMR: VM Strong Roots               23 us, workers (us):  23, ---, ---,
[6.139s][info][gc,stats]   CMR: CLDG Roots                   389 us, workers (us): 389, ---, ---,
[6.139s][info][gc,stats] Concurrent Marking                12612 us
[6.139s][info][gc,stats] Pause Final Mark (G)                206 us
[6.139s][info][gc,stats] Pause Final Mark (N)                105 us
[6.139s][info][gc,stats]   Finish Mark                        84 us
[6.139s][info][gc,stats]   Update Region States                1 us
[6.139s][info][gc,stats]   Choose Collection Set               5 us
[6.139s][info][gc,stats]   Rebuild Free Set                    3 us
[6.139s][info][gc,stats] Concurrent Weak References          130 us, parallelism: 0.52x
[6.139s][info][gc,stats]   CWRF: <total>                      68 us
[6.139s][info][gc,stats]   CWRF: Weak References              68 us, workers (us):  68, ---, ---,
[6.139s][info][gc,stats] Concurrent Weak Roots               407 us
[6.139s][info][gc,stats]   Roots                             331 us, parallelism: 0.84x
[6.139s][info][gc,stats]     CWR: <total>                    278 us
[6.139s][info][gc,stats]     CWR: Code Cache Roots           131 us, workers (us): 131, ---, ---,
[6.139s][info][gc,stats]     CWR: VM Weak Roots              138 us, workers (us): 138, ---, ---,
[6.139s][info][gc,stats]     CWR: CLDG Roots                   9 us, workers (us):   9, ---, ---,
[6.139s][info][gc,stats]   Rendezvous                         69 us
[6.139s][info][gc,stats] Concurrent Cleanup                   45 us
[6.139s][info][gc,stats] Concurrent Class Unloading         2576 us
[6.139s][info][gc,stats]   Unlink Stale                     2380 us
[6.139s][info][gc,stats]     System Dictionary                 7 us
[6.139s][info][gc,stats]     Weak Class Links                  0 us
[6.139s][info][gc,stats]     Code Roots                     2371 us
[6.139s][info][gc,stats]   Rendezvous                         96 us
[6.139s][info][gc,stats]   Purge Unlinked                     87 us
[6.139s][info][gc,stats]     Code Roots                       79 us
[6.139s][info][gc,stats]     CLDG                              7 us
[6.139s][info][gc,stats]     Exception Caches                  0 us
[6.139s][info][gc,stats] Pause Final Roots (G)               158 us
[6.139s][info][gc,stats] Pause Final Roots (N)                 6 us
[6.139s][info][gc,stats] Pacing                            28345 us
[6.139s][info][gc,stats]
[6.139s][info][gc,stats] Allocation pacing accrued:
[6.139s][info][gc,stats]      28 of    19 ms (146.9%): thread3
[6.139s][info][gc,stats]      28 of    19 ms (146.9%): <total>
[6.139s][info][gc,stats]       2 of    19 ms (  8.2%): <average total>
[6.139s][info][gc,stats]      28 of    19 ms (146.9%): <average non-zero>
[6.139s][info][gc,stats]
[6.141s][info][gc,stats]
[6.141s][info][gc,stats] All times are wall-clock times, except per-root-class counters, that are sum over
[6.141s][info][gc,stats] all workers. Dividing the <total> over the root stage time estimates parallelism.
[6.141s][info][gc,stats]
[6.141s][info][gc,stats] Concurrent Reset                     55 us
[6.141s][info][gc,stats] Pause Init Mark (G)                 137 us
[6.141s][info][gc,stats] Pause Init Mark (N)                  19 us
[6.141s][info][gc,stats]   Update Region States                1 us
[6.141s][info][gc,stats] Concurrent Mark Roots               483 us, parallelism: 0.87x
[6.141s][info][gc,stats]   CMR: <total>                      422 us
[6.141s][info][gc,stats]   CMR: Thread Roots                 223 us, workers (us): 223, ---, ---,
[6.141s][info][gc,stats]   CMR: VM Strong Roots               20 us, workers (us):  20, ---, ---,
[6.141s][info][gc,stats]   CMR: CLDG Roots                   179 us, workers (us): 179, ---, ---,
[6.141s][info][gc,stats]
[6.141s][info][gc,stats] Allocation pacing accrued:
[6.141s][info][gc,stats]       0 of     2 ms (  0.0%): <total>
[6.141s][info][gc,stats]       0 of     2 ms (  0.0%): <average total>
[6.141s][info][gc,stats]
[6.165s][info][gc,stats]
[6.165s][info][gc,stats] All times are wall-clock times, except per-root-class counters, that are sum over
[6.165s][info][gc,stats] all workers. Dividing the <total> over the root stage time estimates parallelism.
[6.165s][info][gc,stats]
[6.165s][info][gc,stats] Pause Degenerated GC (G)          11777 us
[6.165s][info][gc,stats] Pause Degenerated GC (N)          11631 us
[6.165s][info][gc,stats]   Degen STW Mark                   4839 us, parallelism: 2.94x
[6.165s][info][gc,stats]     DSM: <total>                  14231 us
[6.165s][info][gc,stats]     DSM: Thread Roots                94 us, workers (us):  47,  46,   2,
[6.165s][info][gc,stats]     DSM: VM Strong Roots             39 us, workers (us):   0,  26,  13,
[6.165s][info][gc,stats]     DSM: CLDG Roots                 233 us, workers (us): 229,   2,   2,
[6.165s][info][gc,stats]     DSM: Parallel Mark            13865 us, workers (us): 4490, 4684, 4691,
[6.165s][info][gc,stats]     System Purge                   6500 us
[6.165s][info][gc,stats]       Weak References                63 us, parallelism: 0.63x
[6.165s][info][gc,stats]         WRP: <total>                 40 us
[6.165s][info][gc,stats]         WRP: Weak References         40 us, workers (us):  29,   9,   2,
[6.165s][info][gc,stats]       Unload Classes               6184 us, parallelism: 0.42x
[6.165s][info][gc,stats]         DCU: <total>               2602 us
[6.165s][info][gc,stats]         DCU: Unload Code Caches     2602 us, workers (us): 824, 855, 924,
[6.165s][info][gc,stats]       Weak Roots                    220 us, parallelism: 2.38x
[6.165s][info][gc,stats]         DWR: <total>                523 us
[6.165s][info][gc,stats]         DWR: VM Weak Roots          523 us, workers (us): 174, 177, 172,
[6.165s][info][gc,stats]       CLDG                            1 us
[6.165s][info][gc,stats]   Update Region States                1 us
[6.165s][info][gc,stats]   Manage GC/TLABs                     7 us
[6.165s][info][gc,stats]   Choose Collection Set               9 us
[6.165s][info][gc,stats]   Rebuild Free Set                    2 us
[6.165s][info][gc,stats]   Cleanup                             1 us
[6.165s][info][gc,stats]
[6.165s][info][gc,stats] Allocation pacing accrued:
[6.165s][info][gc,stats]       0 of    24 ms (  0.0%): <total>
[6.165s][info][gc,stats]       0 of    24 ms (  0.0%): <average total>
[6.165s][info][gc,stats]
[6.185s][info][gc,stats]
[6.185s][info][gc,stats] All times are wall-clock times, except per-root-class counters, that are sum over
[6.185s][info][gc,stats] all workers. Dividing the <total> over the root stage time estimates parallelism.
[6.185s][info][gc,stats]
[6.185s][info][gc,stats] Concurrent Reset                     81 us
[6.185s][info][gc,stats] Pause Init Mark (G)                 149 us
[6.185s][info][gc,stats] Pause Init Mark (N)                  18 us
[6.185s][info][gc,stats]   Update Region States                0 us
[6.185s][info][gc,stats] Concurrent Mark Roots               523 us, parallelism: 0.88x
[6.185s][info][gc,stats]   CMR: <total>                      461 us
[6.185s][info][gc,stats]   CMR: Thread Roots                 217 us, workers (us): 217, ---, ---,
[6.185s][info][gc,stats]   CMR: VM Strong Roots               23 us, workers (us):  23, ---, ---,
[6.185s][info][gc,stats]   CMR: CLDG Roots                   221 us, workers (us): 221, ---, ---,
[6.185s][info][gc,stats] Concurrent Marking                12846 us
[6.185s][info][gc,stats] Pause Final Mark (G)                344 us
[6.185s][info][gc,stats] Pause Final Mark (N)                137 us
[6.185s][info][gc,stats]   Finish Mark                        91 us
[6.185s][info][gc,stats]   Update Region States                3 us
[6.185s][info][gc,stats]   Choose Collection Set              17 us
[6.185s][info][gc,stats]   Rebuild Free Set                    4 us
[6.185s][info][gc,stats] Concurrent Weak References          103 us, parallelism: 0.31x
[6.185s][info][gc,stats]   CWRF: <total>                      32 us
[6.185s][info][gc,stats]   CWRF: Weak References              32 us, workers (us):  32, ---, ---,
[6.185s][info][gc,stats] Concurrent Weak Roots               656 us
[6.185s][info][gc,stats]   Roots                             587 us, parallelism: 0.88x
[6.185s][info][gc,stats]     CWR: <total>                    518 us
[6.185s][info][gc,stats]     CWR: Code Cache Roots           211 us, workers (us): 211, ---, ---,
[6.185s][info][gc,stats]     CWR: VM Weak Roots              294 us, workers (us): 294, ---, ---,
[6.185s][info][gc,stats]     CWR: CLDG Roots                  13 us, workers (us):  13, ---, ---,
[6.185s][info][gc,stats]   Rendezvous                         64 us
[6.185s][info][gc,stats] Concurrent Cleanup                   40 us
[6.185s][info][gc,stats] Concurrent Class Unloading         2752 us
[6.185s][info][gc,stats]   Unlink Stale                     2617 us
[6.185s][info][gc,stats]     System Dictionary                 5 us
[6.185s][info][gc,stats]     Weak Class Links                  0 us
[6.185s][info][gc,stats]     Code Roots                     2610 us
[6.185s][info][gc,stats]   Rendezvous                         48 us
[6.185s][info][gc,stats]   Purge Unlinked                     80 us
[6.185s][info][gc,stats]     Code Roots                       73 us
[6.185s][info][gc,stats]     CLDG                              6 us
[6.185s][info][gc,stats]     Exception Caches                  0 us
[6.185s][info][gc,stats] Pause Final Roots (G)               153 us
[6.185s][info][gc,stats] Pause Final Roots (N)                 8 us
[6.185s][info][gc,stats]
[6.185s][info][gc,stats] Allocation pacing accrued:
[6.185s][info][gc,stats]      17 of    20 ms ( 85.0%): thread3
[6.185s][info][gc,stats]      17 of    20 ms ( 85.0%): <total>
[6.185s][info][gc,stats]       1 of    20 ms (  4.7%): <average total>
[6.185s][info][gc,stats]      17 of    20 ms ( 85.0%): <average non-zero>
[6.185s][info][gc,stats]
[6.205s][info][gc,stats]
[6.205s][info][gc,stats] All times are wall-clock times, except per-root-class counters, that are sum over
[6.205s][info][gc,stats] all workers. Dividing the <total> over the root stage time estimates parallelism.
[6.205s][info][gc,stats]
[6.205s][info][gc,stats] Concurrent Reset                     80 us
[6.205s][info][gc,stats] Pause Init Mark (G)                 177 us
[6.205s][info][gc,stats] Pause Init Mark (N)                  19 us
[6.205s][info][gc,stats]   Update Region States                0 us
[6.205s][info][gc,stats] Concurrent Mark Roots               732 us, parallelism: 0.92x
[6.205s][info][gc,stats]   CMR: <total>                      672 us
[6.205s][info][gc,stats]   CMR: Thread Roots                 347 us, workers (us): 347, ---, ---,
[6.205s][info][gc,stats]   CMR: VM Strong Roots               33 us, workers (us):  33, ---, ---,
[6.205s][info][gc,stats]   CMR: CLDG Roots                   292 us, workers (us): 292, ---, ---,
[6.205s][info][gc,stats] Concurrent Marking                12203 us
[6.205s][info][gc,stats] Pause Final Mark (G)                337 us
[6.205s][info][gc,stats] Pause Final Mark (N)                152 us
[6.205s][info][gc,stats]   Finish Mark                       117 us
[6.205s][info][gc,stats]   Update Region States                2 us
[6.205s][info][gc,stats]   Choose Collection Set               9 us
[6.205s][info][gc,stats]   Rebuild Free Set                    4 us
[6.205s][info][gc,stats] Concurrent Weak References          144 us, parallelism: 0.42x
[6.205s][info][gc,stats]   CWRF: <total>                      60 us
[6.205s][info][gc,stats]   CWRF: Weak References              60 us, workers (us):  60, ---, ---,
[6.205s][info][gc,stats] Concurrent Weak Roots               488 us
[6.205s][info][gc,stats]   Roots                             432 us, parallelism: 0.85x
[6.205s][info][gc,stats]     CWR: <total>                    368 us
[6.205s][info][gc,stats]     CWR: Code Cache Roots           152 us, workers (us): 152, ---, ---,
[6.205s][info][gc,stats]     CWR: VM Weak Roots              208 us, workers (us): 208, ---, ---,
[6.205s][info][gc,stats]     CWR: CLDG Roots                   8 us, workers (us):   8, ---, ---,
[6.205s][info][gc,stats]   Rendezvous                         51 us
[6.205s][info][gc,stats] Concurrent Cleanup                   49 us
[6.205s][info][gc,stats] Concurrent Class Unloading         2998 us
[6.205s][info][gc,stats]   Unlink Stale                     2788 us
[6.205s][info][gc,stats]     System Dictionary                 5 us
[6.205s][info][gc,stats]     Weak Class Links                  0 us
[6.205s][info][gc,stats]     Code Roots                     2782 us
[6.205s][info][gc,stats]   Rendezvous                        125 us
[6.205s][info][gc,stats]   Purge Unlinked                     77 us
[6.205s][info][gc,stats]     Code Roots                       70 us
[6.205s][info][gc,stats]     CLDG                              6 us
[6.205s][info][gc,stats]     Exception Caches                  0 us
[6.205s][info][gc,stats] Pause Final Roots (G)               151 us
[6.205s][info][gc,stats] Pause Final Roots (N)                 6 us
[6.205s][info][gc,stats] Pacing                            13021 us
[6.205s][info][gc,stats]
[6.205s][info][gc,stats] Allocation pacing accrued:
[6.205s][info][gc,stats]      13 of    20 ms ( 66.3%): thread3
[6.205s][info][gc,stats]      13 of    20 ms ( 66.3%): <total>
[6.205s][info][gc,stats]       1 of    20 ms (  3.7%): <average total>
[6.205s][info][gc,stats]      13 of    20 ms ( 66.3%): <average non-zero>
[6.205s][info][gc,stats]
[6.234s][info][gc,stats]
[6.234s][info][gc,stats] All times are wall-clock times, except per-root-class counters, that are sum over
[6.234s][info][gc,stats] all workers. Dividing the <total> over the root stage time estimates parallelism.
[6.234s][info][gc,stats]
[6.234s][info][gc,stats] Concurrent Reset                     48 us
[6.234s][info][gc,stats] Pause Init Mark (G)                 143 us
[6.234s][info][gc,stats] Pause Init Mark (N)                  27 us
[6.234s][info][gc,stats]   Update Region States                1 us
[6.234s][info][gc,stats] Concurrent Mark Roots               812 us, parallelism: 0.89x
[6.234s][info][gc,stats]   CMR: <total>                      726 us
[6.234s][info][gc,stats]   CMR: Thread Roots                 445 us, workers (us): 445, ---, ---,
[6.234s][info][gc,stats]   CMR: VM Strong Roots               31 us, workers (us):  31, ---, ---,
[6.234s][info][gc,stats]   CMR: CLDG Roots                   250 us, workers (us): 250, ---, ---,
[6.234s][info][gc,stats] Concurrent Marking                12126 us
[6.234s][info][gc,stats] Pause Final Mark (G)                285 us
[6.234s][info][gc,stats] Pause Final Mark (N)                146 us
[6.234s][info][gc,stats]   Finish Mark                       122 us
[6.234s][info][gc,stats]   Update Region States                1 us
[6.234s][info][gc,stats]   Choose Collection Set               7 us
[6.234s][info][gc,stats]   Rebuild Free Set                    2 us
[6.234s][info][gc,stats] Concurrent Weak References          180 us, parallelism: 0.48x
[6.234s][info][gc,stats]   CWRF: <total>                      87 us
[6.234s][info][gc,stats]   CWRF: Weak References              87 us, workers (us):  87, ---, ---,
[6.234s][info][gc,stats] Concurrent Weak Roots               438 us
[6.234s][info][gc,stats]   Roots                             357 us, parallelism: 0.81x
[6.234s][info][gc,stats]     CWR: <total>                    288 us
[6.234s][info][gc,stats]     CWR: Code Cache Roots           134 us, workers (us): 134, ---, ---,
[6.234s][info][gc,stats]     CWR: VM Weak Roots              147 us, workers (us): 147, ---, ---,
[6.234s][info][gc,stats]     CWR: CLDG Roots                   7 us, workers (us):   7, ---, ---,
[6.234s][info][gc,stats]   Rendezvous                         73 us
[6.234s][info][gc,stats] Concurrent Cleanup                   41 us
[6.234s][info][gc,stats] Concurrent Class Unloading         2238 us
[6.234s][info][gc,stats]   Unlink Stale                     2111 us
[6.234s][info][gc,stats]     System Dictionary                 8 us
[6.234s][info][gc,stats]     Weak Class Links                  0 us
[6.234s][info][gc,stats]     Code Roots                     2102 us
[6.234s][info][gc,stats]   Rendezvous                         57 us
[6.234s][info][gc,stats]   Purge Unlinked                     61 us
[6.234s][info][gc,stats]     Code Roots                       56 us
[6.234s][info][gc,stats]     CLDG                              4 us
[6.234s][info][gc,stats]     Exception Caches                  0 us
[6.234s][info][gc,stats] Pause Final Roots (G)                94 us
[6.234s][info][gc,stats] Pause Final Roots (N)                 5 us
[6.234s][info][gc,stats] Pacing                            27397 us
[6.234s][info][gc,stats]
[6.234s][info][gc,stats] Allocation pacing accrued:
[6.234s][info][gc,stats]      27 of    29 ms ( 93.3%): thread3
[6.234s][info][gc,stats]      27 of    29 ms ( 93.3%): <total>
[6.234s][info][gc,stats]       2 of    29 ms (  5.2%): <average total>
[6.234s][info][gc,stats]      27 of    29 ms ( 93.3%): <average non-zero>
[6.234s][info][gc,stats]
[6.249s][info][gc,stats]
[6.249s][info][gc,stats] All times are wall-clock times, except per-root-class counters, that are sum over
[6.249s][info][gc,stats] all workers. Dividing the <total> over the root stage time estimates parallelism.
[6.249s][info][gc,stats]
[6.249s][info][gc,stats] Concurrent Reset                     65 us
[6.249s][info][gc,stats] Pause Init Mark (G)                 226 us
[6.250s][info][gc,stats] Pause Init Mark (N)                  31 us
[6.250s][info][gc,stats]   Update Region States                1 us
[6.250s][info][gc,stats] Concurrent Mark Roots               847 us, parallelism: 0.90x
[6.250s][info][gc,stats]   CMR: <total>                      760 us
[6.250s][info][gc,stats]   CMR: Thread Roots                 304 us, workers (us): 304, ---, ---,
[6.250s][info][gc,stats]   CMR: VM Strong Roots               28 us, workers (us):  28, ---, ---,
[6.250s][info][gc,stats]   CMR: CLDG Roots                   428 us, workers (us): 428, ---, ---,
[6.250s][info][gc,stats] Concurrent Marking                12075 us
[6.250s][info][gc,stats] Pacing                            14042 us
[6.250s][info][gc,stats]
[6.250s][info][gc,stats] Allocation pacing accrued:
[6.250s][info][gc,stats]      14 of    15 ms ( 91.5%): thread3
[6.250s][info][gc,stats]      14 of    15 ms ( 91.5%): <total>
[6.250s][info][gc,stats]       1 of    15 ms (  5.1%): <average total>
[6.250s][info][gc,stats]      14 of    15 ms ( 91.5%): <average non-zero>
[6.250s][info][gc,stats]
[6.272s][info][gc,stats]
[6.272s][info][gc,stats] All times are wall-clock times, except per-root-class counters, that are sum over
[6.272s][info][gc,stats] all workers. Dividing the <total> over the root stage time estimates parallelism.
[6.272s][info][gc,stats]
[6.272s][info][gc,stats]   Finish Mark                       181 us
[6.272s][info][gc,stats] Pause Degenerated GC (G)           6752 us
[6.272s][info][gc,stats] Pause Degenerated GC (N)           6584 us
[6.272s][info][gc,stats]     System Purge                   6120 us
[6.272s][info][gc,stats]       Weak References                57 us, parallelism: 0.63x
[6.272s][info][gc,stats]         WRP: <total>                 35 us
[6.272s][info][gc,stats]         WRP: Weak References         35 us, workers (us):  35,   0,   0,
[6.272s][info][gc,stats]       Unload Classes               5762 us, parallelism: 0.48x
[6.272s][info][gc,stats]         DCU: <total>               2742 us
[6.272s][info][gc,stats]         DCU: Unload Code Caches     2742 us, workers (us): 982, 859, 901,
[6.272s][info][gc,stats]       Weak Roots                    264 us, parallelism: 2.62x
[6.272s][info][gc,stats]         DWR: <total>                692 us
[6.272s][info][gc,stats]         DWR: VM Weak Roots          692 us, workers (us): 230, 229, 233,
[6.272s][info][gc,stats]       CLDG                            1 us
[6.272s][info][gc,stats]   Update Region States                2 us
[6.272s][info][gc,stats]   Manage GC/TLABs                     8 us
[6.272s][info][gc,stats]   Choose Collection Set              10 us
[6.272s][info][gc,stats]   Rebuild Free Set                    2 us
[6.272s][info][gc,stats]   Cleanup                             1 us
[6.272s][info][gc,stats]
[6.272s][info][gc,stats] Allocation pacing accrued:
[6.272s][info][gc,stats]       0 of    23 ms (  0.0%): <total>
[6.272s][info][gc,stats]       0 of    23 ms (  0.0%): <average total>
[6.272s][info][gc,stats]
[6.290s][info][gc,stats]
[6.290s][info][gc,stats] All times are wall-clock times, except per-root-class counters, that are sum over
[6.290s][info][gc,stats] all workers. Dividing the <total> over the root stage time estimates parallelism.
[6.290s][info][gc,stats]
[6.290s][info][gc,stats] Concurrent Reset                     44 us
[6.290s][info][gc,stats] Pause Init Mark (G)                 126 us
[6.290s][info][gc,stats] Pause Init Mark (N)                  14 us
[6.290s][info][gc,stats]   Update Region States                0 us
[6.290s][info][gc,stats] Concurrent Mark Roots               549 us, parallelism: 0.90x
[6.290s][info][gc,stats]   CMR: <total>                      491 us
[6.290s][info][gc,stats]   CMR: Thread Roots                 231 us, workers (us): 231, ---, ---,
[6.290s][info][gc,stats]   CMR: VM Strong Roots               28 us, workers (us):  28, ---, ---,
[6.290s][info][gc,stats]   CMR: CLDG Roots                   232 us, workers (us): 232, ---, ---,
[6.290s][info][gc,stats] Concurrent Marking                12196 us
[6.290s][info][gc,stats] Pause Final Mark (G)                296 us
[6.290s][info][gc,stats] Pause Final Mark (N)                154 us
[6.290s][info][gc,stats]   Finish Mark                       120 us
[6.290s][info][gc,stats]   Update Region States                2 us
[6.290s][info][gc,stats]   Choose Collection Set               9 us
[6.290s][info][gc,stats]   Rebuild Free Set                    4 us
[6.290s][info][gc,stats] Concurrent Weak References          106 us, parallelism: 0.58x
[6.290s][info][gc,stats]   CWRF: <total>                      61 us
[6.290s][info][gc,stats]   CWRF: Weak References              61 us, workers (us):  61, ---, ---,
[6.290s][info][gc,stats] Concurrent Weak Roots               594 us
[6.290s][info][gc,stats]   Roots                             521 us, parallelism: 0.89x
[6.290s][info][gc,stats]     CWR: <total>                    466 us
[6.290s][info][gc,stats]     CWR: Code Cache Roots           173 us, workers (us): 173, ---, ---,
[6.290s][info][gc,stats]     CWR: VM Weak Roots              280 us, workers (us): 280, ---, ---,
[6.290s][info][gc,stats]     CWR: CLDG Roots                  13 us, workers (us):  13, ---, ---,
[6.290s][info][gc,stats]   Rendezvous                         68 us
[6.290s][info][gc,stats] Concurrent Cleanup                   41 us
[6.290s][info][gc,stats] Concurrent Class Unloading         2632 us
[6.290s][info][gc,stats]   Unlink Stale                     2512 us
[6.290s][info][gc,stats]     System Dictionary                 4 us
[6.290s][info][gc,stats]     Weak Class Links                  0 us
[6.290s][info][gc,stats]     Code Roots                     2506 us
[6.290s][info][gc,stats]   Rendezvous                         65 us
[6.290s][info][gc,stats]   Purge Unlinked                     50 us
[6.290s][info][gc,stats]     Code Roots                       45 us
[6.290s][info][gc,stats]     CLDG                              4 us
[6.290s][info][gc,stats]     Exception Caches                  0 us
[6.290s][info][gc,stats] Pause Final Roots (G)               115 us
[6.290s][info][gc,stats] Pause Final Roots (N)                 5 us
[6.290s][info][gc,stats]
[6.290s][info][gc,stats] Allocation pacing accrued:
[6.290s][info][gc,stats]       0 of    18 ms (  0.0%): <total>
[6.290s][info][gc,stats]       0 of    18 ms (  0.0%): <average total>
[6.290s][info][gc,stats]
[6.316s][info][gc,stats]
[6.316s][info][gc,stats] All times are wall-clock times, except per-root-class counters, that are sum over
[6.316s][info][gc,stats] all workers. Dividing the <total> over the root stage time estimates parallelism.
[6.316s][info][gc,stats]
[6.316s][info][gc,stats] Concurrent Reset                     83 us
[6.316s][info][gc,stats] Pause Init Mark (G)                 114 us
[6.316s][info][gc,stats] Pause Init Mark (N)                  19 us
[6.316s][info][gc,stats]   Update Region States                0 us
[6.316s][info][gc,stats] Concurrent Mark Roots              1150 us, parallelism: 0.95x
[6.316s][info][gc,stats]   CMR: <total>                     1089 us
[6.316s][info][gc,stats]   CMR: Thread Roots                 481 us, workers (us): 481, ---, ---,
[6.316s][info][gc,stats]   CMR: VM Strong Roots               47 us, workers (us):  47, ---, ---,
[6.316s][info][gc,stats]   CMR: CLDG Roots                   562 us, workers (us): 562, ---, ---,
[6.316s][info][gc,stats] Concurrent Marking                13921 us
[6.316s][info][gc,stats] Pause Final Mark (G)                223 us
[6.316s][info][gc,stats] Pause Final Mark (N)                128 us
[6.316s][info][gc,stats]   Finish Mark                        98 us
[6.316s][info][gc,stats]   Update Region States                2 us
[6.316s][info][gc,stats]   Choose Collection Set               8 us
[6.316s][info][gc,stats]   Rebuild Free Set                    3 us
[6.316s][info][gc,stats] Concurrent Weak References           82 us, parallelism: 0.76x
[6.316s][info][gc,stats]   CWRF: <total>                      62 us
[6.316s][info][gc,stats]   CWRF: Weak References              62 us, workers (us):  62, ---, ---,
[6.316s][info][gc,stats] Concurrent Weak Roots               545 us
[6.316s][info][gc,stats]   Roots                             501 us, parallelism: 0.92x
[6.316s][info][gc,stats]     CWR: <total>                    460 us
[6.316s][info][gc,stats]     CWR: Code Cache Roots           163 us, workers (us): 163, ---, ---,
[6.316s][info][gc,stats]     CWR: VM Weak Roots              282 us, workers (us): 282, ---, ---,
[6.316s][info][gc,stats]     CWR: CLDG Roots                  16 us, workers (us):  16, ---, ---,
[6.316s][info][gc,stats]   Rendezvous                         41 us
[6.316s][info][gc,stats] Concurrent Cleanup                   43 us
[6.316s][info][gc,stats] Concurrent Class Unloading         2203 us
[6.316s][info][gc,stats]   Unlink Stale                     2094 us
[6.316s][info][gc,stats]     System Dictionary                 4 us
[6.316s][info][gc,stats]     Weak Class Links                  0 us
[6.316s][info][gc,stats]     Code Roots                     2089 us
[6.316s][info][gc,stats]   Rendezvous                         55 us
[6.316s][info][gc,stats]   Purge Unlinked                     48 us
[6.316s][info][gc,stats]     Code Roots                       41 us
[6.316s][info][gc,stats]     CLDG                              6 us
[6.316s][info][gc,stats]     Exception Caches                  0 us
[6.316s][info][gc,stats] Pause Final Roots (G)               154 us
[6.316s][info][gc,stats] Pause Final Roots (N)                 5 us
[6.316s][info][gc,stats] Pacing                            36262 us
[6.316s][info][gc,stats]
[6.316s][info][gc,stats] Allocation pacing accrued:
[6.316s][info][gc,stats]      36 of    26 ms (139.8%): thread3
[6.316s][info][gc,stats]      36 of    26 ms (139.8%): <total>
[6.316s][info][gc,stats]       2 of    26 ms (  7.8%): <average total>
[6.316s][info][gc,stats]      36 of    26 ms (139.8%): <average non-zero>
[6.316s][info][gc,stats]
[6.345s][info][gc,stats]
[6.345s][info][gc,stats] All times are wall-clock times, except per-root-class counters, that are sum over
[6.345s][info][gc,stats] all workers. Dividing the <total> over the root stage time estimates parallelism.
[6.345s][info][gc,stats]
[6.345s][info][gc,stats] Concurrent Reset                     80 us
[6.345s][info][gc,stats] Pause Init Mark (G)                 187 us
[6.345s][info][gc,stats] Pause Init Mark (N)                  28 us
[6.345s][info][gc,stats]   Update Region States                1 us
[6.345s][info][gc,stats] Concurrent Mark Roots              1032 us, parallelism: 0.92x
[6.345s][info][gc,stats]   CMR: <total>                      948 us
[6.345s][info][gc,stats]   CMR: Thread Roots                 445 us, workers (us): 445, ---, ---,
[6.345s][info][gc,stats]   CMR: VM Strong Roots               38 us, workers (us):  38, ---, ---,
[6.345s][info][gc,stats]   CMR: CLDG Roots                   466 us, workers (us): 466, ---, ---,
[6.345s][info][gc,stats] Concurrent Marking                12565 us
[6.345s][info][gc,stats] Pause Final Mark (G)                227 us
[6.345s][info][gc,stats] Pause Final Mark (N)                141 us
[6.345s][info][gc,stats]   Finish Mark                       108 us
[6.345s][info][gc,stats]   Update Region States                2 us
[6.345s][info][gc,stats]   Choose Collection Set              11 us
[6.345s][info][gc,stats]   Rebuild Free Set                    3 us
[6.345s][info][gc,stats] Concurrent Weak References          149 us, parallelism: 0.58x
[6.345s][info][gc,stats]   CWRF: <total>                      87 us
[6.345s][info][gc,stats]   CWRF: Weak References              87 us, workers (us):  87, ---, ---,
[6.345s][info][gc,stats] Concurrent Weak Roots               499 us
[6.345s][info][gc,stats]   Roots                             454 us, parallelism: 0.89x
[6.345s][info][gc,stats]     CWR: <total>                    404 us
[6.345s][info][gc,stats]     CWR: Code Cache Roots           132 us, workers (us): 132, ---, ---,
[6.345s][info][gc,stats]     CWR: VM Weak Roots              266 us, workers (us): 266, ---, ---,
[6.345s][info][gc,stats]     CWR: CLDG Roots                   6 us, workers (us):   6, ---, ---,
[6.345s][info][gc,stats]   Rendezvous                         41 us
[6.345s][info][gc,stats] Concurrent Cleanup                   72 us
[6.345s][info][gc,stats] Concurrent Class Unloading         2279 us
[6.345s][info][gc,stats]   Unlink Stale                     2134 us
[6.345s][info][gc,stats]     System Dictionary                 4 us
[6.345s][info][gc,stats]     Weak Class Links                  0 us
[6.345s][info][gc,stats]     Code Roots                     2128 us
[6.345s][info][gc,stats]   Rendezvous                         60 us
[6.345s][info][gc,stats]   Purge Unlinked                     81 us
[6.345s][info][gc,stats]     Code Roots                       76 us
[6.345s][info][gc,stats]     CLDG                              4 us
[6.345s][info][gc,stats]     Exception Caches                  0 us
[6.345s][info][gc,stats] Pause Final Roots (G)               152 us
[6.345s][info][gc,stats] Pause Final Roots (N)                10 us
[6.345s][info][gc,stats] Pacing                            27135 us
[6.345s][info][gc,stats]
[6.345s][info][gc,stats] Allocation pacing accrued:
[6.345s][info][gc,stats]      27 of    29 ms ( 93.1%): thread3
[6.345s][info][gc,stats]      27 of    29 ms ( 93.1%): <total>
[6.345s][info][gc,stats]       2 of    29 ms (  5.2%): <average total>
[6.345s][info][gc,stats]      27 of    29 ms ( 93.1%): <average non-zero>
[6.345s][info][gc,stats]
[6.377s][info][gc,stats]
[6.377s][info][gc,stats] All times are wall-clock times, except per-root-class counters, that are sum over
[6.377s][info][gc,stats] all workers. Dividing the <total> over the root stage time estimates parallelism.
[6.377s][info][gc,stats]
[6.377s][info][gc,stats] Concurrent Reset                    454 us
[6.377s][info][gc,stats] Pause Init Mark (G)                 203 us
[6.377s][info][gc,stats] Pause Init Mark (N)                  31 us
[6.377s][info][gc,stats]   Update Region States                1 us
[6.377s][info][gc,stats] Concurrent Mark Roots              1076 us, parallelism: 0.92x
[6.377s][info][gc,stats]   CMR: <total>                      989 us
[6.377s][info][gc,stats]   CMR: Thread Roots                 415 us, workers (us): 415, ---, ---,
[6.377s][info][gc,stats]   CMR: VM Strong Roots               48 us, workers (us):  48, ---, ---,
[6.377s][info][gc,stats]   CMR: CLDG Roots                   526 us, workers (us): 526, ---, ---,
[6.377s][info][gc,stats] Concurrent Marking                12222 us
[6.377s][info][gc,stats] Pause Final Mark (G)                255 us
[6.377s][info][gc,stats] Pause Final Mark (N)                112 us
[6.377s][info][gc,stats]   Finish Mark                        78 us
[6.377s][info][gc,stats]   Update Region States                2 us
[6.377s][info][gc,stats]   Choose Collection Set              10 us
[6.377s][info][gc,stats]   Rebuild Free Set                    3 us
[6.377s][info][gc,stats] Concurrent Weak References          128 us, parallelism: 0.52x
[6.377s][info][gc,stats]   CWRF: <total>                      67 us
[6.377s][info][gc,stats]   CWRF: Weak References              67 us, workers (us):  67, ---, ---,
[6.377s][info][gc,stats] Concurrent Weak Roots               639 us
[6.377s][info][gc,stats]   Roots                             540 us, parallelism: 0.87x
[6.377s][info][gc,stats]     CWR: <total>                    472 us
[6.377s][info][gc,stats]     CWR: Code Cache Roots           180 us, workers (us): 180, ---, ---,
[6.377s][info][gc,stats]     CWR: VM Weak Roots              283 us, workers (us): 283, ---, ---,
[6.377s][info][gc,stats]     CWR: CLDG Roots                   9 us, workers (us):   9, ---, ---,
[6.377s][info][gc,stats]   Rendezvous                         91 us
[6.377s][info][gc,stats] Concurrent Cleanup                   82 us
[6.377s][info][gc,stats] Concurrent Class Unloading         2294 us
[6.377s][info][gc,stats]   Unlink Stale                     2178 us
[6.377s][info][gc,stats]     System Dictionary                 8 us
[6.377s][info][gc,stats]     Weak Class Links                  0 us
[6.377s][info][gc,stats]     Code Roots                     2169 us
[6.377s][info][gc,stats]   Rendezvous                         51 us
[6.377s][info][gc,stats]   Purge Unlinked                     60 us
[6.377s][info][gc,stats]     Code Roots                       55 us
[6.377s][info][gc,stats]     CLDG                              4 us
[6.377s][info][gc,stats]     Exception Caches                  0 us
[6.377s][info][gc,stats] Pause Final Roots (G)               121 us
[6.377s][info][gc,stats] Pause Final Roots (N)                 6 us
[6.377s][info][gc,stats] Pacing                            26064 us
[6.377s][info][gc,stats]
[6.377s][info][gc,stats] Allocation pacing accrued:
[6.377s][info][gc,stats]      26 of    32 ms ( 82.1%): thread3
[6.377s][info][gc,stats]      26 of    32 ms ( 82.1%): <total>
[6.377s][info][gc,stats]       1 of    32 ms (  4.6%): <average total>
[6.377s][info][gc,stats]      26 of    32 ms ( 82.1%): <average non-zero>
[6.377s][info][gc,stats]
[6.395s][info][gc,stats]
[6.395s][info][gc,stats] All times are wall-clock times, except per-root-class counters, that are sum over
[6.395s][info][gc,stats] all workers. Dividing the <total> over the root stage time estimates parallelism.
[6.395s][info][gc,stats]
[6.395s][info][gc,stats] Concurrent Reset                     32 us
[6.395s][info][gc,stats] Pause Init Mark (G)                 116 us
[6.395s][info][gc,stats] Pause Init Mark (N)                  16 us
[6.395s][info][gc,stats]   Update Region States                0 us
[6.395s][info][gc,stats] Concurrent Mark Roots               517 us, parallelism: 0.87x
[6.395s][info][gc,stats]   CMR: <total>                      449 us
[6.395s][info][gc,stats]   CMR: Thread Roots                 206 us, workers (us): 206, ---, ---,
[6.395s][info][gc,stats]   CMR: VM Strong Roots               23 us, workers (us):  23, ---, ---,
[6.395s][info][gc,stats]   CMR: CLDG Roots                   220 us, workers (us): 220, ---, ---,
[6.395s][info][gc,stats] Concurrent Marking                12530 us
[6.395s][info][gc,stats] Pause Final Mark (G)                111 us
[6.395s][info][gc,stats] Pause Final Mark (N)                 43 us
[6.395s][info][gc,stats]   Finish Mark                        25 us
[6.395s][info][gc,stats]   Update Region States                1 us
[6.395s][info][gc,stats]   Choose Collection Set               5 us
[6.395s][info][gc,stats]   Rebuild Free Set                    1 us
[6.395s][info][gc,stats] Concurrent Weak References           84 us, parallelism: 0.73x
[6.395s][info][gc,stats]   CWRF: <total>                      62 us
[6.395s][info][gc,stats]   CWRF: Weak References              62 us, workers (us):  62, ---, ---,
[6.395s][info][gc,stats] Concurrent Weak Roots               595 us
[6.395s][info][gc,stats]   Roots                             523 us, parallelism: 0.95x
[6.395s][info][gc,stats]     CWR: <total>                    495 us
[6.395s][info][gc,stats]     CWR: Code Cache Roots           204 us, workers (us): 204, ---, ---,
[6.395s][info][gc,stats]     CWR: VM Weak Roots              280 us, workers (us): 280, ---, ---,
[6.395s][info][gc,stats]     CWR: CLDG Roots                  12 us, workers (us):  12, ---, ---,
[6.395s][info][gc,stats]   Rendezvous                         69 us
[6.395s][info][gc,stats] Concurrent Cleanup                   43 us
[6.395s][info][gc,stats] Concurrent Class Unloading         2451 us
[6.395s][info][gc,stats]   Unlink Stale                     2336 us
[6.395s][info][gc,stats]     System Dictionary                 4 us
[6.395s][info][gc,stats]     Weak Class Links                  0 us
[6.395s][info][gc,stats]     Code Roots                     2330 us
[6.395s][info][gc,stats]   Rendezvous                         69 us
[6.395s][info][gc,stats]   Purge Unlinked                     43 us
[6.395s][info][gc,stats]     Code Roots                       38 us
[6.395s][info][gc,stats]     CLDG                              4 us
[6.395s][info][gc,stats]     Exception Caches                  0 us
[6.395s][info][gc,stats] Pause Final Roots (G)               150 us
[6.395s][info][gc,stats] Pause Final Roots (N)                 5 us
[6.395s][info][gc,stats] Pacing                            14086 us
[6.395s][info][gc,stats]
[6.395s][info][gc,stats] Allocation pacing accrued:
[6.395s][info][gc,stats]      14 of    18 ms ( 77.7%): thread3
[6.395s][info][gc,stats]      14 of    18 ms ( 77.7%): <total>
[6.395s][info][gc,stats]       1 of    18 ms (  4.3%): <average total>
[6.395s][info][gc,stats]      14 of    18 ms ( 77.7%): <average non-zero>
[6.395s][info][gc,stats]
thread: thread1, costs 1000 ms
Disconnected from the target VM, address: '127.0.0.1:57060', transport: 'socket'
[6.413s][info][gc,stats]
[6.413s][info][gc,stats] All times are wall-clock times, except per-root-class counters, that are sum over
[6.413s][info][gc,stats] all workers. Dividing the <total> over the root stage time estimates parallelism.
[6.413s][info][gc,stats]
[6.413s][info][gc,stats] Concurrent Reset                     53 us
[6.413s][info][gc,stats] Pause Init Mark (G)                 134 us
[6.413s][info][gc,stats] Pause Init Mark (N)                  17 us
[6.413s][info][gc,stats]   Update Region States                0 us
[6.413s][info][gc,stats] Concurrent Mark Roots               693 us, parallelism: 0.88x
[6.413s][info][gc,stats]   CMR: <total>                      607 us
[6.413s][info][gc,stats]   CMR: Thread Roots                 227 us, workers (us): 227, ---, ---,
[6.413s][info][gc,stats]   CMR: VM Strong Roots               43 us, workers (us):  43, ---, ---,
[6.413s][info][gc,stats]   CMR: CLDG Roots                   337 us, workers (us): 337, ---, ---,
[6.413s][info][gc,stats] Concurrent Marking                12429 us
[6.413s][info][gc,stats] Pause Final Mark (G)                164 us
[6.413s][info][gc,stats] Pause Final Mark (N)                 82 us
[6.413s][info][gc,stats]   Finish Mark                        58 us
[6.413s][info][gc,stats]   Update Region States                2 us
[6.413s][info][gc,stats]   Choose Collection Set               7 us
[6.413s][info][gc,stats]   Rebuild Free Set                    2 us
[6.413s][info][gc,stats] Concurrent Weak References           59 us, parallelism: 0.53x
[6.413s][info][gc,stats]   CWRF: <total>                      32 us
[6.413s][info][gc,stats]   CWRF: Weak References              32 us, workers (us):  32, ---, ---,
[6.413s][info][gc,stats] Concurrent Weak Roots               363 us
[6.413s][info][gc,stats]   Roots                             315 us, parallelism: 0.89x
[6.413s][info][gc,stats]     CWR: <total>                    280 us
[6.413s][info][gc,stats]     CWR: Code Cache Roots           135 us, workers (us): 135, ---, ---,
[6.413s][info][gc,stats]     CWR: VM Weak Roots              136 us, workers (us): 136, ---, ---,
[6.413s][info][gc,stats]     CWR: CLDG Roots                   9 us, workers (us):   9, ---, ---,
[6.413s][info][gc,stats]   Rendezvous                         45 us
[6.413s][info][gc,stats] Concurrent Cleanup                   81 us
[6.413s][info][gc,stats] Concurrent Class Unloading         2271 us
[6.413s][info][gc,stats]   Unlink Stale                     2147 us
[6.413s][info][gc,stats]     System Dictionary                11 us
[6.413s][info][gc,stats]     Weak Class Links                  0 us
[6.413s][info][gc,stats]     Code Roots                     2134 us
[6.413s][info][gc,stats]   Rendezvous                         62 us
[6.413s][info][gc,stats]   Purge Unlinked                     55 us
[6.413s][info][gc,stats]     Code Roots                       51 us
[6.413s][info][gc,stats]     CLDG                              4 us
[6.413s][info][gc,stats]     Exception Caches                  0 us
[6.413s][info][gc,stats] Pause Final Roots (G)               122 us
[6.413s][info][gc,stats] Pause Final Roots (N)                 5 us
[6.413s][info][gc,stats]
[6.413s][info][gc,stats] Allocation pacing accrued:
[6.413s][info][gc,stats]       0 of    18 ms (  0.0%): <total>
[6.413s][info][gc,stats]       0 of    18 ms (  0.0%): <average total>
[6.413s][info][gc,stats]
[6.428s][info][gc,stats]
[6.428s][info][gc,stats] All times are wall-clock times, except per-root-class counters, that are sum over
[6.428s][info][gc,stats] all workers. Dividing the <total> over the root stage time estimates parallelism.
[6.428s][info][gc,stats]
[6.428s][info][gc,stats] Concurrent Reset                     60 us
[6.428s][info][gc,stats] Pause Init Mark (G)                 786 us
[6.428s][info][gc,stats] Pause Init Mark (N)                  29 us
[6.428s][info][gc,stats]   Update Region States                1 us
[6.428s][info][gc,stats] Concurrent Mark Roots               546 us, parallelism: 0.91x
[6.428s][info][gc,stats]   CMR: <total>                      499 us
[6.428s][info][gc,stats]   CMR: Thread Roots                 221 us, workers (us): 221, ---, ---,
[6.428s][info][gc,stats]   CMR: VM Strong Roots               23 us, workers (us):  23, ---, ---,
[6.428s][info][gc,stats]   CMR: CLDG Roots                   255 us, workers (us): 255, ---, ---,
[6.428s][info][gc,stats]
[6.428s][info][gc,stats] Allocation pacing accrued:
[6.428s][info][gc,stats]      27 of    15 ms (173.7%): thread3
[6.428s][info][gc,stats]      27 of    15 ms (173.7%): <total>
[6.428s][info][gc,stats]       2 of    15 ms ( 10.2%): <average total>
[6.428s][info][gc,stats]      27 of    15 ms (173.7%): <average non-zero>
[6.428s][info][gc,stats]
[6.441s][info][gc,stats]
[6.441s][info][gc,stats] GC STATISTICS:
[6.441s][info][gc,stats]   "(G)" (gross) pauses include VM time: time to notify and block threads, do the pre-
[6.441s][info][gc,stats]         and post-safepoint housekeeping. Use -Xlog:safepoint+stats to dissect.
[6.441s][info][gc,stats]   "(N)" (net) pauses are the times spent in the actual GC code.
[6.441s][info][gc,stats]   "a" is average time for each phase, look at levels to see if average makes sense.
[6.441s][info][gc,stats]   "lvls" are quantiles: 0% (minimum), 25%, 50% (median), 75%, 100% (maximum).
[6.441s][info][gc,stats]
[6.441s][info][gc,stats]   All times are wall-clock times, except per-root-class counters, that are sum over
[6.441s][info][gc,stats]   all workers. Dividing the <total> over the root stage time estimates parallelism.
[6.441s][info][gc,stats]
[6.441s][info][gc,stats]   Pacing delays are measured from entering the pacing code till exiting it. Therefore,
[6.441s][info][gc,stats]   observed pacing delays may be higher than the threshold when paced thread spent more
[6.441s][info][gc,stats]   time in the pacing code. It usually happens when thread is de-scheduled while paced,
[6.441s][info][gc,stats]   OS takes longer to unblock the thread, or JVM experiences an STW pause.
[6.441s][info][gc,stats]
[6.441s][info][gc,stats]   Higher delay would prevent application outpacing the GC, but it will hide the GC latencies
[6.441s][info][gc,stats]   from the STW pause times. Pacing affects the individual threads, and so it would also be
[6.441s][info][gc,stats]   invisible to the usual profiling tools, but would add up to end-to-end application latency.
[6.441s][info][gc,stats]   Raise max pacing delay with care.
[6.441s][info][gc,stats]
[6.441s][info][gc,stats] Concurrent Reset               =    0.008 s (a =       61 us) (n =   125) (lvls, us =       21,       37,       51,       72,      454)
[6.441s][info][gc,stats] Pause Init Mark (G)            =    0.025 s (a =      199 us) (n =   125) (lvls, us =       66,      119,      146,      191,     1182)
[6.441s][info][gc,stats] Pause Init Mark (N)            =    0.003 s (a =       21 us) (n =   125) (lvls, us =       10,       14,       16,       25,      131)
[6.441s][info][gc,stats]   Update Region States         =    0.000 s (a =        1 us) (n =   125) (lvls, us =        0,        0,        0,        1,        2)
[6.441s][info][gc,stats] Concurrent Mark Roots          =    0.098 s (a =      786 us) (n =   125) (lvls, us =      469,      520,      682,      986,     2263)
[6.441s][info][gc,stats]   CMR: <total>                 =    0.090 s (a =      721 us) (n =   125) (lvls, us =      420,      457,      594,      918,     2172)
[6.441s][info][gc,stats]   CMR: Thread Roots            =    0.049 s (a =      392 us) (n =   125) (lvls, us =      184,      213,      250,      441,     1703)
[6.441s][info][gc,stats]   CMR: VM Strong Roots         =    0.003 s (a =       28 us) (n =   125) (lvls, us =       12,       21,       23,       34,       59)
[6.441s][info][gc,stats]   CMR: CLDG Roots              =    0.038 s (a =      301 us) (n =   125) (lvls, us =      131,      219,      236,      383,      718)
[6.441s][info][gc,stats] Concurrent Marking             =    1.299 s (a =    11704 us) (n =   111) (lvls, us =     2441,    11719,    12305,    12695,    13938)
[6.441s][info][gc,stats] Pause Final Mark (G)           =    0.023 s (a =      236 us) (n =    99) (lvls, us =      107,      186,      223,      254,      615)
[6.441s][info][gc,stats] Pause Final Mark (N)           =    0.012 s (a =      118 us) (n =    99) (lvls, us =       43,       95,      113,      139,      313)
[6.441s][info][gc,stats]   Finish Mark                  =    0.020 s (a =      182 us) (n =   111) (lvls, us =       25,       71,       93,      117,     2337)
[6.441s][info][gc,stats]   Update Region States         =    0.000 s (a =        2 us) (n =    99) (lvls, us =        1,        1,        1,        2,        3)
[6.441s][info][gc,stats]   Choose Collection Set        =    0.001 s (a =        7 us) (n =    99) (lvls, us =        2,        5,        6,        9,       20)
[6.441s][info][gc,stats]   Rebuild Free Set             =    0.000 s (a =        3 us) (n =    99) (lvls, us =        1,        2,        2,        3,        4)
[6.441s][info][gc,stats] Concurrent Thread Roots        =    0.015 s (a =     1086 us) (n =    14) (lvls, us =      295,      635,      916,     1016,     2547)
[6.441s][info][gc,stats]   CTR: <total>                 =    0.014 s (a =     1023 us) (n =    14) (lvls, us =      232,      611,      877,      986,     2460)
[6.441s][info][gc,stats]   CTR: Thread Roots            =    0.014 s (a =     1023 us) (n =    14) (lvls, us =      232,      611,      877,      986,     2460)
[6.441s][info][gc,stats] Concurrent Weak References     =    0.011 s (a =      109 us) (n =    99) (lvls, us =       25,       68,       86,      135,      780)
[6.441s][info][gc,stats]   CWRF: <total>                =    0.005 s (a =       46 us) (n =    99) (lvls, us =       10,       27,       34,       67,       93)
[6.441s][info][gc,stats]   CWRF: Weak References        =    0.005 s (a =       46 us) (n =    99) (lvls, us =       10,       27,       34,       67,       93)
[6.441s][info][gc,stats] Concurrent Weak Roots          =    0.068 s (a =      682 us) (n =    99) (lvls, us =      133,      391,      447,      611,    16603)
[6.441s][info][gc,stats]   Roots                        =    0.042 s (a =      425 us) (n =    99) (lvls, us =      107,      326,      363,      531,      961)
[6.441s][info][gc,stats]     CWR: <total>               =    0.036 s (a =      361 us) (n =    99) (lvls, us =       44,      277,      297,      467,      898)
[6.441s][info][gc,stats]     CWR: Code Cache Roots      =    0.015 s (a =      149 us) (n =    99) (lvls, us =        8,      129,      139,      176,      338)
[6.441s][info][gc,stats]     CWR: VM Weak Roots         =    0.020 s (a =      202 us) (n =    99) (lvls, us =       27,      137,      143,      281,      735)
[6.441s][info][gc,stats]     CWR: CLDG Roots            =    0.001 s (a =        9 us) (n =    99) (lvls, us =        1,        6,        9,       11,       20)
[6.441s][info][gc,stats]   Rendezvous                   =    0.025 s (a =      252 us) (n =    99) (lvls, us =       24,       49,       62,       74,    16000)
[6.441s][info][gc,stats] Concurrent Cleanup             =    0.004 s (a =       40 us) (n =    99) (lvls, us =        1,       15,       37,       46,      160)
[6.441s][info][gc,stats] Concurrent Class Unloading     =    0.227 s (a =     2288 us) (n =    99) (lvls, us =      146,     2188,     2285,     2480,     3335)
[6.442s][info][gc,stats]   Unlink Stale                 =    0.212 s (a =     2142 us) (n =    99) (lvls, us =      104,     2090,     2148,     2344,     3216)
[6.442s][info][gc,stats]     System Dictionary          =    0.001 s (a =        8 us) (n =    99) (lvls, us =        1,        4,        7,       10,      108)
[6.442s][info][gc,stats]     Weak Class Links           =    0.001 s (a =        7 us) (n =    99) (lvls, us =        0,        0,        0,        0,      709)
[6.442s][info][gc,stats]     Code Roots                 =    0.210 s (a =     2125 us) (n =    99) (lvls, us =       92,     2070,     2148,     2324,     3209)
[6.442s][info][gc,stats]   Rendezvous                   =    0.008 s (a =       78 us) (n =    99) (lvls, us =       18,       47,       57,       77,     1135)
[6.442s][info][gc,stats]   Purge Unlinked               =    0.006 s (a =       62 us) (n =    99) (lvls, us =        5,       43,       55,       69,      192)
[6.442s][info][gc,stats]     Code Roots                 =    0.005 s (a =       55 us) (n =    99) (lvls, us =        3,       38,       50,       64,      178)
[6.442s][info][gc,stats]     CLDG                       =    0.001 s (a =        6 us) (n =    99) (lvls, us =        2,        4,        4,        6,       68)
[6.442s][info][gc,stats]     Exception Caches           =    0.000 s (a =        0 us) (n =    99) (lvls, us =        0,        0,        0,        0,        1)
[6.442s][info][gc,stats] Concurrent Strong Roots        =    0.002 s (a =      135 us) (n =    14) (lvls, us =       45,       81,      117,      141,      292)
[6.442s][info][gc,stats]   CSR: <total>                 =    0.001 s (a =       79 us) (n =    14) (lvls, us =       30,       51,       77,       87,      165)
[6.442s][info][gc,stats]   CSR: VM Strong Roots         =    0.000 s (a =       11 us) (n =    14) (lvls, us =        4,        6,       10,       12,       22)
[6.442s][info][gc,stats]   CSR: CLDG Roots              =    0.001 s (a =       67 us) (n =    14) (lvls, us =       26,       42,       66,       75,      143)
[6.442s][info][gc,stats] Concurrent Evacuation          =    0.007 s (a =      474 us) (n =    14) (lvls, us =       49,      326,      396,      529,     1012)
[6.442s][info][gc,stats] Pause Final Roots (G)          =    0.027 s (a =      322 us) (n =    85) (lvls, us =       59,      111,      135,      150,    15457)
[6.442s][info][gc,stats] Pause Final Roots (N)          =    0.000 s (a =        6 us) (n =    85) (lvls, us =        3,        5,        5,        6,       19)
[6.442s][info][gc,stats] Pause Init Update Refs (G)     =    0.002 s (a =      171 us) (n =    13) (lvls, us =       41,       69,       99,      137,      600)
[6.442s][info][gc,stats] Pause Init Update Refs (N)     =    0.000 s (a =       12 us) (n =    13) (lvls, us =        6,        9,       11,       12,       20)
[6.442s][info][gc,stats]   Manage GCLABs                =    0.000 s (a =        5 us) (n =    13) (lvls, us =        3,        4,        5,        6,       10)
[6.442s][info][gc,stats] Concurrent Update Refs         =    0.032 s (a =     2432 us) (n =    13) (lvls, us =      861,     1250,     1953,     3340,     3716)
[6.442s][info][gc,stats] Concurrent Update Thread Roots =    0.017 s (a =     1307 us) (n =    13) (lvls, us =      320,      549,      736,     1055,     5856)
[6.442s][info][gc,stats] Pause Final Update Refs (G)    =    0.017 s (a =     1329 us) (n =    13) (lvls, us =       81,       95,      154,      166,    15287)
[6.442s][info][gc,stats] Pause Final Update Refs (N)    =    0.001 s (a =       40 us) (n =    13) (lvls, us =       23,       30,       35,       37,       67)
[6.442s][info][gc,stats]   Update Region States         =    0.000 s (a =        1 us) (n =    13) (lvls, us =        1,        1,        1,        1,        2)
[6.442s][info][gc,stats]   Trash Collection Set         =    0.000 s (a =        2 us) (n =    13) (lvls, us =        1,        1,        2,        2,        3)
[6.442s][info][gc,stats]   Rebuild Free Set             =    0.000 s (a =        2 us) (n =    13) (lvls, us =        1,        2,        2,        2,        4)
[6.442s][info][gc,stats] Concurrent Cleanup             =    0.001 s (a =       49 us) (n =    13) (lvls, us =       19,       23,       25,       40,      116)
[6.442s][info][gc,stats] Pause Degenerated GC (G)       =    0.507 s (a =    12667 us) (n =    40) (lvls, us =     4121,     8047,    11133,    12305,    33125)
[6.442s][info][gc,stats] Pause Degenerated GC (N)       =    0.498 s (a =    12458 us) (n =    40) (lvls, us =     3965,     7656,    10938,    12109,    32777)
[6.442s][info][gc,stats]   Degen STW Mark               =    0.131 s (a =     4856 us) (n =    27) (lvls, us =     4551,     4648,     4785,     4941,     5730)
[6.442s][info][gc,stats]     DSM: <total>               =    0.387 s (a =    14326 us) (n =    27) (lvls, us =    13477,    13672,    14062,    14648,    16769)
[6.442s][info][gc,stats]     DSM: Thread Roots          =    0.008 s (a =      296 us) (n =    27) (lvls, us =       90,       97,      143,      193,     1569)
[6.442s][info][gc,stats]     DSM: VM Strong Roots       =    0.001 s (a =       37 us) (n =    27) (lvls, us =       18,       26,       35,       38,      110)
[6.442s][info][gc,stats]     DSM: CLDG Roots            =    0.010 s (a =      359 us) (n =    27) (lvls, us =      215,      227,      305,      465,      608)
[6.442s][info][gc,stats]     DSM: Parallel Mark         =    0.368 s (a =    13635 us) (n =    27) (lvls, us =    11523,    13086,    13477,    13867,    15323)
[6.442s][info][gc,stats]     System Purge               =    0.234 s (a =     6001 us) (n =    39) (lvls, us =     5273,     5703,     5918,     6172,     7232)
[6.442s][info][gc,stats]       Weak References          =    0.003 s (a =       68 us) (n =    39) (lvls, us =       45,       54,       66,       78,       95)
[6.442s][info][gc,stats]         WRP: <total>           =    0.002 s (a =       42 us) (n =    39) (lvls, us =       29,       36,       40,       46,       64)
[6.442s][info][gc,stats]         WRP: Weak References   =    0.002 s (a =       42 us) (n =    39) (lvls, us =       29,       36,       40,       46,       64)
[6.442s][info][gc,stats]       Unload Classes           =    0.219 s (a =     5617 us) (n =    39) (lvls, us =     4863,     5371,     5547,     5742,     6710)
[6.442s][info][gc,stats]         DCU: <total>           =    0.108 s (a =     2776 us) (n =    39) (lvls, us =     2168,     2383,     2715,     2910,     3967)
[6.442s][info][gc,stats]         DCU: Unload Code Caches =    0.105 s (a =     2701 us) (n =    39) (lvls, us =     2168,     2383,     2715,     2812,     3332)
[6.442s][info][gc,stats]         DCU: Unlink CLDs       =    0.003 s (a =      976 us) (n =     3) (lvls, us =      859,      859,      859,      959,     1109)
[6.442s][info][gc,stats]       Weak Roots               =    0.011 s (a =      275 us) (n =    39) (lvls, us =      199,      240,      254,      285,      443)
[6.442s][info][gc,stats]         DWR: <total>           =    0.026 s (a =      663 us) (n =    39) (lvls, us =      496,      588,      629,      648,     1151)
[6.442s][info][gc,stats]         DWR: VM Weak Roots     =    0.026 s (a =      663 us) (n =    39) (lvls, us =      496,      588,      629,      648,     1151)
[6.442s][info][gc,stats]       CLDG                     =    0.000 s (a =        7 us) (n =    39) (lvls, us =        0,        0,        1,        1,       91)
[6.442s][info][gc,stats]   Update Region States         =    0.000 s (a =        1 us) (n =    39) (lvls, us =        1,        1,        1,        1,        3)
[6.442s][info][gc,stats]   Manage GC/TLABs              =    0.000 s (a =        7 us) (n =    39) (lvls, us =        5,        6,        7,        9,       11)
[6.442s][info][gc,stats]   Choose Collection Set        =    0.000 s (a =        8 us) (n =    39) (lvls, us =        3,        5,        8,        9,       13)
[6.442s][info][gc,stats]   Rebuild Free Set             =    0.000 s (a =        2 us) (n =    39) (lvls, us =        2,        2,        2,        2,        7)
[6.442s][info][gc,stats]   Evacuation                   =    0.002 s (a =      327 us) (n =     6) (lvls, us =       88,       88,      240,      254,      780)
[6.442s][info][gc,stats]   Manage GCLABs                =    0.000 s (a =        5 us) (n =     6) (lvls, us =        3,        3,        3,        4,        9)
[6.442s][info][gc,stats]   Update References            =    0.010 s (a =     1715 us) (n =     6) (lvls, us =     1406,     1406,     1719,     1777,     1931)
[6.442s][info][gc,stats]   Update Region States         =    0.000 s (a =        2 us) (n =     6) (lvls, us =        1,        1,        1,        2,        2)
[6.442s][info][gc,stats]   Trash Collection Set         =    0.000 s (a =        2 us) (n =     6) (lvls, us =        1,        1,        2,        2,        2)
[6.442s][info][gc,stats]   Rebuild Free Set             =    0.000 s (a =        3 us) (n =     6) (lvls, us =        1,        1,        3,        3,        3)
[6.442s][info][gc,stats]   Degen Update Roots           =    0.007 s (a =     1149 us) (n =     6) (lvls, us =      881,      881,      941,      998,     1668)
[6.442s][info][gc,stats]     DU: <total>                =    0.011 s (a =     1798 us) (n =     6) (lvls, us =     1426,     1426,     1543,     1582,     2819)
[6.442s][info][gc,stats]     DU: Thread Roots           =    0.002 s (a =      321 us) (n =     6) (lvls, us =       71,       71,       92,      109,     1440)
[6.442s][info][gc,stats]     DU: Code Cache Roots       =    0.005 s (a =      907 us) (n =     6) (lvls, us =      770,      770,      805,      842,     1336)
[6.442s][info][gc,stats]     DU: VM Strong Roots        =    0.000 s (a =        7 us) (n =     6) (lvls, us =        6,        6,        6,        7,       12)
[6.442s][info][gc,stats]     DU: VM Weak Roots          =    0.003 s (a =      514 us) (n =     6) (lvls, us =      467,      467,      477,      500,      608)
[6.442s][info][gc,stats]     DU: CLDG Roots             =    0.000 s (a =       48 us) (n =     6) (lvls, us =       35,       35,       46,       48,       61)
[6.442s][info][gc,stats]   Cleanup                      =    0.000 s (a =        4 us) (n =    40) (lvls, us =        1,        1,        1,        1,       21)
[6.442s][info][gc,stats]   Pre Heap Dump                =    0.000 s (a =        1 us) (n =     5) (lvls, us =        0,        0,        1,        1,        1)
[6.442s][info][gc,stats]   Prepare                      =    0.000 s (a =       61 us) (n =     5) (lvls, us =       48,       48,       57,       65,       70)
[6.442s][info][gc,stats]   Mark                         =    0.051 s (a =    10273 us) (n =     5) (lvls, us =     9863,     9863,     9980,    10352,    10594)
[6.442s][info][gc,stats]     FM: <total>                =    0.059 s (a =    11777 us) (n =     5) (lvls, us =    10156,    10156,    11328,    11719,    12822)
[6.442s][info][gc,stats]     FM: Thread Roots           =    0.001 s (a =      142 us) (n =     5) (lvls, us =      105,      105,      111,      139,      207)
[6.442s][info][gc,stats]     FM: VM Strong Roots        =    0.000 s (a =       26 us) (n =     5) (lvls, us =       15,       15,       27,       28,       33)
[6.442s][info][gc,stats]     FM: CLDG Roots             =    0.001 s (a =      232 us) (n =     5) (lvls, us =      170,      170,      176,      178,      363)
[6.442s][info][gc,stats]     FM: Parallel Mark          =    0.057 s (a =    11376 us) (n =     5) (lvls, us =     9805,     9805,    10938,    11328,    12512)
[6.442s][info][gc,stats]     System Purge               =    0.031 s (a =     6263 us) (n =     5) (lvls, us =     5605,     5605,     6191,     6309,     6720)
[6.442s][info][gc,stats]       Weak References          =    0.000 s (a =       71 us) (n =     5) (lvls, us =       64,       64,       64,       66,       87)
[6.442s][info][gc,stats]         WRP: <total>           =    0.000 s (a =       46 us) (n =     5) (lvls, us =       27,       27,       46,       47,       59)
[6.442s][info][gc,stats]         WRP: Weak References   =    0.000 s (a =       46 us) (n =     5) (lvls, us =       27,       27,       46,       47,       59)
[6.442s][info][gc,stats]       Unload Classes           =    0.030 s (a =     5919 us) (n =     5) (lvls, us =     5254,     5254,     5898,     5898,     6405)
[6.442s][info][gc,stats]         CU: <total>            =    0.011 s (a =     2273 us) (n =     5) (lvls, us =     2051,     2051,     2090,     2148,     2692)
[6.442s][info][gc,stats]         CU: Unload Code Caches =    0.011 s (a =     2273 us) (n =     5) (lvls, us =     2051,     2051,     2090,     2148,     2692)
[6.442s][info][gc,stats]       Weak Roots               =    0.001 s (a =      238 us) (n =     5) (lvls, us =      201,      201,      211,      232,      310)
[6.442s][info][gc,stats]         WR: <total>            =    0.003 s (a =      517 us) (n =     5) (lvls, us =      502,      502,      502,      504,      569)
[6.442s][info][gc,stats]         WR: VM Weak Roots      =    0.003 s (a =      517 us) (n =     5) (lvls, us =      502,      502,      502,      504,      569)
[6.442s][info][gc,stats]       CLDG                     =    0.000 s (a =        1 us) (n =     5) (lvls, us =        1,        1,        1,        1,        1)
[6.442s][info][gc,stats]   Calculate Addresses          =    0.014 s (a =     2894 us) (n =     5) (lvls, us =     2422,     2422,     2793,     2852,     3477)
[6.442s][info][gc,stats]     Regular Objects            =    0.014 s (a =     2890 us) (n =     5) (lvls, us =     2422,     2422,     2773,     2852,     3474)
[6.442s][info][gc,stats]     Humongous Objects          =    0.000 s (a =        1 us) (n =     5) (lvls, us =        0,        0,        0,        1,        1)
[6.442s][info][gc,stats]   Adjust Pointers              =    0.014 s (a =     2894 us) (n =     5) (lvls, us =     2539,     2539,     2871,     2910,     3200)
[6.442s][info][gc,stats]     FA: <total>                =    0.006 s (a =     1296 us) (n =     5) (lvls, us =     1133,     1133,     1152,     1191,     1487)
[6.442s][info][gc,stats]     FA: Thread Roots           =    0.000 s (a =       71 us) (n =     5) (lvls, us =       53,       53,       54,       56,      117)
[6.442s][info][gc,stats]     FA: Code Cache Roots       =    0.005 s (a =      930 us) (n =     5) (lvls, us =      766,      766,      838,      859,     1096)
[6.442s][info][gc,stats]     FA: VM Strong Roots        =    0.000 s (a =        8 us) (n =     5) (lvls, us =        6,        6,        7,        8,       11)
[6.442s][info][gc,stats]     FA: VM Weak Roots          =    0.001 s (a =      230 us) (n =     5) (lvls, us =      197,      197,      207,      211,      265)
[6.442s][info][gc,stats]     FA: CLDG Roots             =    0.000 s (a =       57 us) (n =     5) (lvls, us =       52,       52,       55,       57,       62)
[6.442s][info][gc,stats]   Copy Objects                 =    0.008 s (a =     1591 us) (n =     5) (lvls, us =     1484,     1484,     1484,     1562,     1763)
[6.442s][info][gc,stats]     Regular Objects            =    0.007 s (a =     1492 us) (n =     5) (lvls, us =     1445,     1445,     1445,     1465,     1546)
[6.442s][info][gc,stats]     Humongous Objects          =    0.000 s (a =        1 us) (n =     5) (lvls, us =        0,        0,        0,        1,        1)
[6.442s][info][gc,stats]     Reset Complete Bitmap      =    0.000 s (a =       37 us) (n =     5) (lvls, us =       27,       27,       35,       36,       48)
[6.442s][info][gc,stats]     Rebuild Region Sets        =    0.000 s (a =       58 us) (n =     5) (lvls, us =        5,        5,        5,        6,      162)
[6.442s][info][gc,stats]   Post Heap Dump               =    0.000 s (a =        1 us) (n =     5) (lvls, us =        1,        1,        1,        1,        1)
[6.442s][info][gc,stats] Pacing                         =    3.173 s (a =    19233 us) (n =   165) (lvls, us =        0,        0,    12891,    25977,   346509)
[6.442s][info][gc,stats]
[6.442s][info][gc,stats]
[6.442s][info][gc,stats] Under allocation pressure, concurrent cycles may cancel, and either continue cycle
[6.442s][info][gc,stats] under stop-the-world pause or result in stop-the-world Full GC. Increase heap size,
[6.442s][info][gc,stats] tune GC heuristics, set more aggressive pacing delay, or lower allocation rate
[6.442s][info][gc,stats] to avoid Degenerated and Full GC cycles.
[6.442s][info][gc,stats]
[6.442s][info][gc,stats]    98 successful concurrent GCs
[6.442s][info][gc,stats]       0 invoked explicitly
[6.442s][info][gc,stats]       0 invoked implicitly
[6.442s][info][gc,stats]
[6.442s][info][gc,stats]    40 Degenerated GCs
[6.442s][info][gc,stats]      40 caused by allocation failure
[6.442s][info][gc,stats]        27 happened at Outside of Cycle
[6.442s][info][gc,stats]        12 happened at Mark
[6.442s][info][gc,stats]         1 happened at Evacuation
[6.442s][info][gc,stats]       5 upgraded to Full GC
[6.442s][info][gc,stats]
[6.442s][info][gc,stats]     5 Full GCs
[6.442s][info][gc,stats]       0 invoked explicitly
[6.442s][info][gc,stats]       0 invoked implicitly
[6.442s][info][gc,stats]       0 caused by allocation failure
[6.442s][info][gc,stats]       5 upgraded from Degenerated GC
[6.442s][info][gc,stats]
[6.442s][info][gc,stats]

Process finished with exit code 130

 */